[0.049s] Invoking command in '/home/jetson/slash_ws/build/vesc': AMENT_PREFIX_PATH=/home/jetson/slash_ws/install/vesc_driver:/home/jetson/slash_ws/install/vesc_ackermann:/home/jetson/slash_ws/install/vesc_msgs:${AMENT_PREFIX_PATH} CMAKE_PREFIX_PATH=/home/jetson/slash_ws/install/vesc_driver:/home/jetson/slash_ws/install/vesc_ackermann:/home/jetson/slash_ws/install/vesc_msgs:/opt/ros/foxy LD_LIBRARY_PATH=/home/jetson/slash_ws/install/vesc_driver/lib:/home/jetson/slash_ws/install/vesc_ackermann/lib:/home/jetson/slash_ws/install/vesc_msgs/lib:/usr/lib/aarch64-linux-gnu/gazebo-11/plugins:/opt/ros/foxy/opt/yaml_cpp_vendor/lib:/opt/ros/foxy/opt/rviz_ogre_vendor/lib:/opt/ros/foxy/lib/aarch64-linux-gnu:/opt/ros/foxy/lib:/usr/local/cuda-11.4/lib64 PYTHONPATH=/home/jetson/slash_ws/install/vesc_msgs/lib/python3.8/site-packages:${PYTHONPATH} /usr/bin/cmake --build /home/jetson/slash_ws/build/vesc -- -j8 -l8
[0.124s] Invoked command in '/home/jetson/slash_ws/build/vesc' returned '0': AMENT_PREFIX_PATH=/home/jetson/slash_ws/install/vesc_driver:/home/jetson/slash_ws/install/vesc_ackermann:/home/jetson/slash_ws/install/vesc_msgs:${AMENT_PREFIX_PATH} CMAKE_PREFIX_PATH=/home/jetson/slash_ws/install/vesc_driver:/home/jetson/slash_ws/install/vesc_ackermann:/home/jetson/slash_ws/install/vesc_msgs:/opt/ros/foxy LD_LIBRARY_PATH=/home/jetson/slash_ws/install/vesc_driver/lib:/home/jetson/slash_ws/install/vesc_ackermann/lib:/home/jetson/slash_ws/install/vesc_msgs/lib:/usr/lib/aarch64-linux-gnu/gazebo-11/plugins:/opt/ros/foxy/opt/yaml_cpp_vendor/lib:/opt/ros/foxy/opt/rviz_ogre_vendor/lib:/opt/ros/foxy/lib/aarch64-linux-gnu:/opt/ros/foxy/lib:/usr/local/cuda-11.4/lib64 PYTHONPATH=/home/jetson/slash_ws/install/vesc_msgs/lib/python3.8/site-packages:${PYTHONPATH} /usr/bin/cmake --build /home/jetson/slash_ws/build/vesc -- -j8 -l8
[0.179s] Invoking command in '/home/jetson/slash_ws/build/vesc': AMENT_PREFIX_PATH=/home/jetson/slash_ws/install/vesc_driver:/home/jetson/slash_ws/install/vesc_ackermann:/home/jetson/slash_ws/install/vesc_msgs:${AMENT_PREFIX_PATH} CMAKE_PREFIX_PATH=/home/jetson/slash_ws/install/vesc_driver:/home/jetson/slash_ws/install/vesc_ackermann:/home/jetson/slash_ws/install/vesc_msgs:/opt/ros/foxy LD_LIBRARY_PATH=/home/jetson/slash_ws/install/vesc_driver/lib:/home/jetson/slash_ws/install/vesc_ackermann/lib:/home/jetson/slash_ws/install/vesc_msgs/lib:/usr/lib/aarch64-linux-gnu/gazebo-11/plugins:/opt/ros/foxy/opt/yaml_cpp_vendor/lib:/opt/ros/foxy/opt/rviz_ogre_vendor/lib:/opt/ros/foxy/lib/aarch64-linux-gnu:/opt/ros/foxy/lib:/usr/local/cuda-11.4/lib64 PYTHONPATH=/home/jetson/slash_ws/install/vesc_msgs/lib/python3.8/site-packages:${PYTHONPATH} /usr/bin/cmake --install /home/jetson/slash_ws/build/vesc
[0.206s] -- Install configuration: ""
[0.206s] -- Execute custom install script
[0.207s] -- Up-to-date symlink: /home/jetson/slash_ws/install/vesc/share/ament_index/resource_index/package_run_dependencies/vesc
[0.208s] -- Up-to-date symlink: /home/jetson/slash_ws/install/vesc/share/ament_index/resource_index/parent_prefix_path/vesc
[0.208s] -- Up-to-date symlink: /home/jetson/slash_ws/install/vesc/share/vesc/environment/ament_prefix_path.sh
[0.209s] -- Up-to-date symlink: /home/jetson/slash_ws/install/vesc/share/vesc/environment/ament_prefix_path.dsv
[0.209s] -- Up-to-date symlink: /home/jetson/slash_ws/install/vesc/share/vesc/environment/path.sh
[0.209s] -- Up-to-date symlink: /home/jetson/slash_ws/install/vesc/share/vesc/environment/path.dsv
[0.209s] -- Up-to-date symlink: /home/jetson/slash_ws/install/vesc/share/vesc/local_setup.bash
[0.210s] -- Up-to-date symlink: /home/jetson/slash_ws/install/vesc/share/vesc/local_setup.sh
[0.210s] -- Up-to-date symlink: /home/jetson/slash_ws/install/vesc/share/vesc/local_setup.zsh
[0.212s] -- Up-to-date symlink: /home/jetson/slash_ws/install/vesc/share/vesc/local_setup.dsv
[0.213s] -- Symlinking: /home/jetson/slash_ws/install/vesc/share/vesc/package.dsv
[0.230s] -- Up-to-date symlink: /home/jetson/slash_ws/install/vesc/share/ament_index/resource_index/packages/vesc
[0.231s] -- Up-to-date symlink: /home/jetson/slash_ws/install/vesc/share/vesc/cmake/vescConfig.cmake
[0.231s] -- Up-to-date symlink: /home/jetson/slash_ws/install/vesc/share/vesc/cmake/vescConfig-version.cmake
[0.232s] -- Up-to-date symlink: /home/jetson/slash_ws/install/vesc/share/vesc/package.xml
[0.247s] Invoked command in '/home/jetson/slash_ws/build/vesc' returned '0': AMENT_PREFIX_PATH=/home/jetson/slash_ws/install/vesc_driver:/home/jetson/slash_ws/install/vesc_ackermann:/home/jetson/slash_ws/install/vesc_msgs:${AMENT_PREFIX_PATH} CMAKE_PREFIX_PATH=/home/jetson/slash_ws/install/vesc_driver:/home/jetson/slash_ws/install/vesc_ackermann:/home/jetson/slash_ws/install/vesc_msgs:/opt/ros/foxy LD_LIBRARY_PATH=/home/jetson/slash_ws/install/vesc_driver/lib:/home/jetson/slash_ws/install/vesc_ackermann/lib:/home/jetson/slash_ws/install/vesc_msgs/lib:/usr/lib/aarch64-linux-gnu/gazebo-11/plugins:/opt/ros/foxy/opt/yaml_cpp_vendor/lib:/opt/ros/foxy/opt/rviz_ogre_vendor/lib:/opt/ros/foxy/lib/aarch64-linux-gnu:/opt/ros/foxy/lib:/usr/local/cuda-11.4/lib64 PYTHONPATH=/home/jetson/slash_ws/install/vesc_msgs/lib/python3.8/site-packages:${PYTHONPATH} /usr/bin/cmake --install /home/jetson/slash_ws/build/vesc
