[0.293s] Invoking command in '/home/jetson/slash_ws/build/costmap_converter': AMENT_PREFIX_PATH=/home/jetson/slash_ws/install/costmap_converter_msgs:${AMENT_PREFIX_PATH} CMAKE_PREFIX_PATH=/home/jetson/slash_ws/install/costmap_converter_msgs:/opt/ros/foxy LD_LIBRARY_PATH=/home/jetson/slash_ws/install/costmap_converter_msgs/lib:/usr/lib/aarch64-linux-gnu/gazebo-11/plugins:/opt/ros/foxy/opt/yaml_cpp_vendor/lib:/opt/ros/foxy/opt/rviz_ogre_vendor/lib:/opt/ros/foxy/lib/aarch64-linux-gnu:/opt/ros/foxy/lib:/usr/local/cuda-11.4/lib64 PYTHONPATH=/home/jetson/slash_ws/install/costmap_converter_msgs/lib/python3.8/site-packages:${PYTHONPATH} /usr/bin/cmake /home/jetson/slash_ws/src/slash_navigation/costmap_converter/costmap_converter -DAMENT_CMAKE_SYMLINK_INSTALL=1 -DCMAKE_INSTALL_PREFIX=/home/jetson/slash_ws/install/costmap_converter
[0.656s] -- The C compiler identification is GNU 9.4.0
[0.885s] -- The CXX compiler identification is GNU 9.4.0
[0.892s] -- Check for working C compiler: /usr/bin/cc
[1.458s] -- Check for working C compiler: /usr/bin/cc -- works
[1.460s] -- Detecting C compiler ABI info
[1.998s] -- Detecting C compiler ABI info - done
[2.022s] -- Detecting C compile features
[2.024s] -- Detecting C compile features - done
[2.030s] -- Check for working CXX compiler: /usr/bin/c++
[2.565s] -- Check for working CXX compiler: /usr/bin/c++ -- works
[2.571s] -- Detecting CXX compiler ABI info
[3.204s] -- Detecting CXX compiler ABI info - done
[3.233s] -- Detecting CXX compile features
[3.233s] -- Detecting CXX compile features - done
[3.250s] -- Found ament_cmake: 0.9.12 (/opt/ros/foxy/share/ament_cmake/cmake)
[3.359s] -- Found PythonInterp: /usr/bin/python3 (found suitable version "3.8.10", minimum required is "3") 
[3.360s] -- Using PYTHON_EXECUTABLE: /usr/bin/python3
[4.133s] -- Override CMake install command with custom implementation using symlinks instead of copying resources
[4.262s] -- Found class_loader: 2.0.3 (/opt/ros/foxy/share/class_loader/cmake)
[4.320s] -- Found costmap_converter_msgs: 0.1.2 (/home/jetson/slash_ws/install/costmap_converter_msgs/share/costmap_converter_msgs/cmake)
[4.402s] -- Using all available rosidl_typesupport_c: rosidl_typesupport_fastrtps_c;rosidl_typesupport_introspection_c
[4.426s] -- Found rosidl_adapter: 1.3.1 (/opt/ros/foxy/share/rosidl_adapter/cmake)
[5.084s] -- Found OpenSSL: /usr/lib/aarch64-linux-gnu/libcrypto.so (found version "1.1.1f")  
[5.204s] -- Found FastRTPS: /opt/ros/foxy/include  
[5.489s] -- Using all available rosidl_typesupport_cpp: rosidl_typesupport_fastrtps_cpp;rosidl_typesupport_introspection_cpp
[6.126s] -- Found cv_bridge: 3.0.7 (/opt/ros/foxy/share/cv_bridge/cmake)
[6.469s] -- Found nav2_costmap_2d: 0.4.7 (/opt/ros/foxy/share/nav2_costmap_2d/cmake)
[8.388s] -- Found rmw_implementation_cmake: 1.0.4 (/opt/ros/foxy/share/rmw_implementation_cmake/cmake)
[8.390s] -- Using RMW implementation 'rmw_fastrtps_cpp' as default
[8.407s] -- Looking for pthread.h
[8.880s] -- Looking for pthread.h - found
[8.881s] -- Performing Test CMAKE_HAVE_LIBC_PTHREAD
[9.223s] -- Performing Test CMAKE_HAVE_LIBC_PTHREAD - Failed
[9.224s] -- Looking for pthread_create in pthreads
[9.519s] -- Looking for pthread_create in pthreads - not found
[9.519s] -- Looking for pthread_create in pthread
[10.081s] -- Looking for pthread_create in pthread - found
[10.088s] -- Found Threads: TRUE  
[10.956s] -- Found Eigen3: TRUE (found version "3.3.7") 
[12.320s] -- Found OpenCV: /usr (found version "4.5.4") 
[13.935s] -- Found ament_cmake_gtest: 0.9.12 (/opt/ros/foxy/share/ament_cmake_gtest/cmake)
[13.946s] -- Found gtest sources under '/opt/ros/foxy/src/gtest_vendor': C++ tests using 'Google Test' will be built
[13.958s] -- Check if compiler accepts -pthread
[14.323s] -- Check if compiler accepts -pthread - yes
[15.183s] -- Configuring done
[15.459s] -- Generating done
[15.474s] -- Build files have been written to: /home/jetson/slash_ws/build/costmap_converter
[15.571s] Invoked command in '/home/jetson/slash_ws/build/costmap_converter' returned '0': AMENT_PREFIX_PATH=/home/jetson/slash_ws/install/costmap_converter_msgs:${AMENT_PREFIX_PATH} CMAKE_PREFIX_PATH=/home/jetson/slash_ws/install/costmap_converter_msgs:/opt/ros/foxy LD_LIBRARY_PATH=/home/jetson/slash_ws/install/costmap_converter_msgs/lib:/usr/lib/aarch64-linux-gnu/gazebo-11/plugins:/opt/ros/foxy/opt/yaml_cpp_vendor/lib:/opt/ros/foxy/opt/rviz_ogre_vendor/lib:/opt/ros/foxy/lib/aarch64-linux-gnu:/opt/ros/foxy/lib:/usr/local/cuda-11.4/lib64 PYTHONPATH=/home/jetson/slash_ws/install/costmap_converter_msgs/lib/python3.8/site-packages:${PYTHONPATH} /usr/bin/cmake /home/jetson/slash_ws/src/slash_navigation/costmap_converter/costmap_converter -DAMENT_CMAKE_SYMLINK_INSTALL=1 -DCMAKE_INSTALL_PREFIX=/home/jetson/slash_ws/install/costmap_converter
[15.573s] Invoking command in '/home/jetson/slash_ws/build/costmap_converter': AMENT_PREFIX_PATH=/home/jetson/slash_ws/install/costmap_converter_msgs:${AMENT_PREFIX_PATH} CMAKE_PREFIX_PATH=/home/jetson/slash_ws/install/costmap_converter_msgs:/opt/ros/foxy LD_LIBRARY_PATH=/home/jetson/slash_ws/install/costmap_converter_msgs/lib:/usr/lib/aarch64-linux-gnu/gazebo-11/plugins:/opt/ros/foxy/opt/yaml_cpp_vendor/lib:/opt/ros/foxy/opt/rviz_ogre_vendor/lib:/opt/ros/foxy/lib/aarch64-linux-gnu:/opt/ros/foxy/lib:/usr/local/cuda-11.4/lib64 PYTHONPATH=/home/jetson/slash_ws/install/costmap_converter_msgs/lib/python3.8/site-packages:${PYTHONPATH} /usr/bin/cmake --build /home/jetson/slash_ws/build/costmap_converter -- -j8 -l8
[16.727s] [35m[1mScanning dependencies of target costmap_converter[0m
[16.732s] [  5%] [32mBuilding CXX object CMakeFiles/costmap_converter.dir/src/costmap_to_polygons.cpp.o[0m
[31.407s] [ 10%] [32mBuilding CXX object CMakeFiles/costmap_converter.dir/src/costmap_to_dynamic_obstacles/background_subtractor.cpp.o[0m
[33.969s] [ 15%] [32mBuilding CXX object CMakeFiles/costmap_converter.dir/src/costmap_to_dynamic_obstacles/blob_detector.cpp.o[0m
[40.990s] [ 21%] [32mBuilding CXX object CMakeFiles/costmap_converter.dir/src/costmap_to_dynamic_obstacles/multitarget_tracker/Ctracker.cpp.o[0m
[46.408s] [ 26%] [32mBuilding CXX object CMakeFiles/costmap_converter.dir/src/costmap_to_dynamic_obstacles/multitarget_tracker/Kalman.cpp.o[0m
[51.567s] [ 31%] [32mBuilding CXX object CMakeFiles/costmap_converter.dir/src/costmap_to_dynamic_obstacles/multitarget_tracker/HungarianAlg.cpp.o[0m
[56.165s] [ 36%] [32mBuilding CXX object CMakeFiles/costmap_converter.dir/src/costmap_to_dynamic_obstacles/costmap_to_dynamic_obstacles.cpp.o[0m
[90.666s] [ 42%] [32mBuilding CXX object CMakeFiles/costmap_converter.dir/src/costmap_to_lines_ransac.cpp.o[0m
[101.731s] [ 52%] [32mBuilding CXX object CMakeFiles/costmap_converter.dir/src/costmap_to_lines_convex_hull.cpp.o[0m
[101.731s] [ 52%] [32mBuilding CXX object CMakeFiles/costmap_converter.dir/src/costmap_to_polygons_concave.cpp.o[0m
[113.467s] [ 57%] [32m[1mLinking CXX shared library libcostmap_converter.so[0m
[113.984s] [ 57%] Built target costmap_converter
[114.004s] [35m[1mScanning dependencies of target gtest_main[0m
[114.004s] [35m[1mScanning dependencies of target standalone_converter[0m
[114.005s] [35m[1mScanning dependencies of target gtest[0m
[114.041s] [ 63%] [32mBuilding CXX object gtest/CMakeFiles/gtest_main.dir/src/gtest_main.cc.o[0m
[114.042s] [ 68%] [32mBuilding CXX object gtest/CMakeFiles/gtest.dir/src/gtest-all.cc.o[0m
[114.112s] [ 73%] [32mBuilding CXX object CMakeFiles/standalone_converter.dir/src/costmap_converter_node.cpp.o[0m
[115.450s] [ 78%] [32m[1mLinking CXX static library libgtest_main.a[0m
[115.522s] [ 78%] Built target gtest_main
[129.237s] [ 84%] [32m[1mLinking CXX static library libgtest.a[0m
[129.311s] [ 84%] Built target gtest
[129.332s] [35m[1mScanning dependencies of target test_costmap_polygons[0m
[129.454s] [ 89%] [32mBuilding CXX object CMakeFiles/test_costmap_polygons.dir/test/costmap_polygons.cpp.o[0m
[138.016s] [ 94%] [32m[1mLinking CXX executable standalone_converter[0m
[138.565s] [ 94%] Built target standalone_converter
[141.819s] [100%] [32m[1mLinking CXX executable test_costmap_polygons[0m
[142.959s] [100%] Built target test_costmap_polygons
[142.982s] Invoked command in '/home/jetson/slash_ws/build/costmap_converter' returned '0': AMENT_PREFIX_PATH=/home/jetson/slash_ws/install/costmap_converter_msgs:${AMENT_PREFIX_PATH} CMAKE_PREFIX_PATH=/home/jetson/slash_ws/install/costmap_converter_msgs:/opt/ros/foxy LD_LIBRARY_PATH=/home/jetson/slash_ws/install/costmap_converter_msgs/lib:/usr/lib/aarch64-linux-gnu/gazebo-11/plugins:/opt/ros/foxy/opt/yaml_cpp_vendor/lib:/opt/ros/foxy/opt/rviz_ogre_vendor/lib:/opt/ros/foxy/lib/aarch64-linux-gnu:/opt/ros/foxy/lib:/usr/local/cuda-11.4/lib64 PYTHONPATH=/home/jetson/slash_ws/install/costmap_converter_msgs/lib/python3.8/site-packages:${PYTHONPATH} /usr/bin/cmake --build /home/jetson/slash_ws/build/costmap_converter -- -j8 -l8
[143.065s] Invoking command in '/home/jetson/slash_ws/build/costmap_converter': AMENT_PREFIX_PATH=/home/jetson/slash_ws/install/costmap_converter_msgs:${AMENT_PREFIX_PATH} CMAKE_PREFIX_PATH=/home/jetson/slash_ws/install/costmap_converter_msgs:/opt/ros/foxy LD_LIBRARY_PATH=/home/jetson/slash_ws/install/costmap_converter_msgs/lib:/usr/lib/aarch64-linux-gnu/gazebo-11/plugins:/opt/ros/foxy/opt/yaml_cpp_vendor/lib:/opt/ros/foxy/opt/rviz_ogre_vendor/lib:/opt/ros/foxy/lib/aarch64-linux-gnu:/opt/ros/foxy/lib:/usr/local/cuda-11.4/lib64 PYTHONPATH=/home/jetson/slash_ws/install/costmap_converter_msgs/lib/python3.8/site-packages:${PYTHONPATH} /usr/bin/cmake --install /home/jetson/slash_ws/build/costmap_converter
[143.084s] -- Install configuration: "Release"
[143.085s] -- Execute custom install script
[143.085s] -- Symlinking: /home/jetson/slash_ws/install/costmap_converter/lib/libcostmap_converter.so
[143.105s] -- Symlinking: /home/jetson/slash_ws/install/costmap_converter/bin/standalone_converter
[143.127s] -- Symlinking: /home/jetson/slash_ws/install/costmap_converter/include//costmap_converter/costmap_converter_interface.h
[143.144s] -- Symlinking: /home/jetson/slash_ws/install/costmap_converter/include//costmap_converter/costmap_to_dynamic_obstacles/background_subtractor.h
[143.161s] -- Symlinking: /home/jetson/slash_ws/install/costmap_converter/include//costmap_converter/costmap_to_dynamic_obstacles/blob_detector.h
[143.178s] -- Symlinking: /home/jetson/slash_ws/install/costmap_converter/include//costmap_converter/costmap_to_dynamic_obstacles/costmap_to_dynamic_obstacles.h
[143.196s] -- Symlinking: /home/jetson/slash_ws/install/costmap_converter/include//costmap_converter/costmap_to_dynamic_obstacles/multitarget_tracker/Ctracker.h
[143.214s] -- Symlinking: /home/jetson/slash_ws/install/costmap_converter/include//costmap_converter/costmap_to_dynamic_obstacles/multitarget_tracker/HungarianAlg.h
[143.230s] -- Symlinking: /home/jetson/slash_ws/install/costmap_converter/include//costmap_converter/costmap_to_dynamic_obstacles/multitarget_tracker/Kalman.h
[143.247s] -- Symlinking: /home/jetson/slash_ws/install/costmap_converter/include//costmap_converter/costmap_to_dynamic_obstacles/multitarget_tracker/README.md
[143.265s] -- Symlinking: /home/jetson/slash_ws/install/costmap_converter/include//costmap_converter/costmap_to_dynamic_obstacles/multitarget_tracker/defines.h
[143.282s] -- Symlinking: /home/jetson/slash_ws/install/costmap_converter/include//costmap_converter/costmap_to_lines_convex_hull.h
[143.299s] -- Symlinking: /home/jetson/slash_ws/install/costmap_converter/include//costmap_converter/costmap_to_lines_ransac.h
[143.317s] -- Symlinking: /home/jetson/slash_ws/install/costmap_converter/include//costmap_converter/costmap_to_polygons.h
[143.334s] -- Symlinking: /home/jetson/slash_ws/install/costmap_converter/include//costmap_converter/costmap_to_polygons_concave.h
[143.350s] -- Symlinking: /home/jetson/slash_ws/install/costmap_converter/include//costmap_converter/misc.h
[143.369s] -- Symlinking: /home/jetson/slash_ws/install/costmap_converter/share/costmap_converter/environment/library_path.sh
[143.387s] -- Symlinking: /home/jetson/slash_ws/install/costmap_converter/share/costmap_converter/environment/library_path.dsv
[143.407s] -- Symlinking: /home/jetson/slash_ws/install/costmap_converter/share/costmap_converter//costmap_converter_plugins.xml
[143.426s] -- Symlinking: /home/jetson/slash_ws/install/costmap_converter/share/ament_index/resource_index/package_run_dependencies/costmap_converter
[143.445s] -- Symlinking: /home/jetson/slash_ws/install/costmap_converter/share/ament_index/resource_index/parent_prefix_path/costmap_converter
[143.463s] -- Symlinking: /home/jetson/slash_ws/install/costmap_converter/share/costmap_converter/environment/ament_prefix_path.sh
[143.481s] -- Symlinking: /home/jetson/slash_ws/install/costmap_converter/share/costmap_converter/environment/ament_prefix_path.dsv
[143.498s] -- Symlinking: /home/jetson/slash_ws/install/costmap_converter/share/costmap_converter/environment/path.sh
[143.517s] -- Symlinking: /home/jetson/slash_ws/install/costmap_converter/share/costmap_converter/environment/path.dsv
[143.535s] -- Symlinking: /home/jetson/slash_ws/install/costmap_converter/share/costmap_converter/local_setup.bash
[143.552s] -- Symlinking: /home/jetson/slash_ws/install/costmap_converter/share/costmap_converter/local_setup.sh
[143.570s] -- Symlinking: /home/jetson/slash_ws/install/costmap_converter/share/costmap_converter/local_setup.zsh
[143.587s] -- Symlinking: /home/jetson/slash_ws/install/costmap_converter/share/costmap_converter/local_setup.dsv
[143.604s] -- Symlinking: /home/jetson/slash_ws/install/costmap_converter/share/costmap_converter/package.dsv
[143.622s] -- Symlinking: /home/jetson/slash_ws/install/costmap_converter/share/ament_index/resource_index/packages/costmap_converter
[143.641s] -- Symlinking: /home/jetson/slash_ws/install/costmap_converter/share/ament_index/resource_index/costmap_converter__pluginlib__plugin/costmap_converter
[143.661s] -- Symlinking: /home/jetson/slash_ws/install/costmap_converter/share/costmap_converter/cmake/ament_cmake_export_include_directories-extras.cmake
[143.678s] -- Symlinking: /home/jetson/slash_ws/install/costmap_converter/share/costmap_converter/cmake/ament_cmake_export_libraries-extras.cmake
[143.697s] -- Symlinking: /home/jetson/slash_ws/install/costmap_converter/share/costmap_converter/cmake/ament_cmake_export_dependencies-extras.cmake
[143.718s] -- Symlinking: /home/jetson/slash_ws/install/costmap_converter/share/costmap_converter/cmake/costmap_converterConfig.cmake
[143.736s] -- Symlinking: /home/jetson/slash_ws/install/costmap_converter/share/costmap_converter/cmake/costmap_converterConfig-version.cmake
[143.754s] -- Symlinking: /home/jetson/slash_ws/install/costmap_converter/share/costmap_converter/package.xml
[143.777s] Invoked command in '/home/jetson/slash_ws/build/costmap_converter' returned '0': AMENT_PREFIX_PATH=/home/jetson/slash_ws/install/costmap_converter_msgs:${AMENT_PREFIX_PATH} CMAKE_PREFIX_PATH=/home/jetson/slash_ws/install/costmap_converter_msgs:/opt/ros/foxy LD_LIBRARY_PATH=/home/jetson/slash_ws/install/costmap_converter_msgs/lib:/usr/lib/aarch64-linux-gnu/gazebo-11/plugins:/opt/ros/foxy/opt/yaml_cpp_vendor/lib:/opt/ros/foxy/opt/rviz_ogre_vendor/lib:/opt/ros/foxy/lib/aarch64-linux-gnu:/opt/ros/foxy/lib:/usr/local/cuda-11.4/lib64 PYTHONPATH=/home/jetson/slash_ws/install/costmap_converter_msgs/lib/python3.8/site-packages:${PYTHONPATH} /usr/bin/cmake --install /home/jetson/slash_ws/build/costmap_converter
