[0.090s] Invoking command in '/home/jetson/slash_ws/build/slash_nav2': CMAKE_PREFIX_PATH=${CMAKE_PREFIX_PATH}:/home/jetson/slash_ws/install/f1tenth_stack:/home/jetson/slash_ws/install/twist_to_ackermann:/home/jetson/slash_ws/install/joy_teleop:/home/jetson/slash_ws/install/my_converter:/home/jetson/slash_ws/install/mouse_teleop:/home/jetson/slash_ws/install/key_teleop:/opt/ros/foxy /usr/bin/cmake --build /home/jetson/slash_ws/build/slash_nav2 -- -j8 -l8
[0.453s] -- Found ament_cmake_auto: 0.9.12 (/opt/ros/foxy/share/ament_cmake_auto/cmake)
[0.453s] -- Using PYTHON_EXECUTABLE: /usr/bin/python3
[1.384s] -- Override CMake install command with custom implementation using symlinks instead of copying resources
[1.411s] -- Found ament_lint_auto: 0.9.8 (/opt/ros/foxy/share/ament_lint_auto/cmake)
[1.744s] -- Configuring done
[1.750s] -- Generating done
[1.757s] -- Build files have been written to: /home/jetson/slash_ws/build/slash_nav2
[2.026s] Invoked command in '/home/jetson/slash_ws/build/slash_nav2' returned '0': CMAKE_PREFIX_PATH=${CMAKE_PREFIX_PATH}:/home/jetson/slash_ws/install/f1tenth_stack:/home/jetson/slash_ws/install/twist_to_ackermann:/home/jetson/slash_ws/install/joy_teleop:/home/jetson/slash_ws/install/my_converter:/home/jetson/slash_ws/install/mouse_teleop:/home/jetson/slash_ws/install/key_teleop:/opt/ros/foxy /usr/bin/cmake --build /home/jetson/slash_ws/build/slash_nav2 -- -j8 -l8
[3.226s] Invoking command in '/home/jetson/slash_ws/build/slash_nav2': CMAKE_PREFIX_PATH=${CMAKE_PREFIX_PATH}:/home/jetson/slash_ws/install/f1tenth_stack:/home/jetson/slash_ws/install/twist_to_ackermann:/home/jetson/slash_ws/install/joy_teleop:/home/jetson/slash_ws/install/my_converter:/home/jetson/slash_ws/install/mouse_teleop:/home/jetson/slash_ws/install/key_teleop:/opt/ros/foxy /usr/bin/cmake --install /home/jetson/slash_ws/build/slash_nav2
[3.276s] -- Install configuration: ""
[3.284s] -- Execute custom install script
[3.292s] -- Up-to-date symlink: /home/jetson/slash_ws/install/slash_nav2/share/slash_nav2/launch/bringup_real.launch.py
[3.293s] -- Up-to-date symlink: /home/jetson/slash_ws/install/slash_nav2/share/slash_nav2/config/nav2_orin_params.yaml
[3.293s] -- Up-to-date symlink: /home/jetson/slash_ws/install/slash_nav2/share/slash_nav2/config/nav2_params.yaml
[3.293s] -- Up-to-date symlink: /home/jetson/slash_ws/install/slash_nav2/share/slash_nav2/map/RMUC.data
[3.293s] -- Up-to-date symlink: /home/jetson/slash_ws/install/slash_nav2/share/slash_nav2/map/RMUC.pgm
[3.302s] -- Up-to-date symlink: /home/jetson/slash_ws/install/slash_nav2/share/slash_nav2/map/RMUC.posegraph
[3.304s] -- Up-to-date symlink: /home/jetson/slash_ws/install/slash_nav2/share/slash_nav2/map/RMUC.yaml
[3.305s] -- Up-to-date symlink: /home/jetson/slash_ws/install/slash_nav2/share/slash_nav2/map/RMUL.data
[3.306s] -- Up-to-date symlink: /home/jetson/slash_ws/install/slash_nav2/share/slash_nav2/map/RMUL.pgm
[3.306s] -- Up-to-date symlink: /home/jetson/slash_ws/install/slash_nav2/share/slash_nav2/map/RMUL.posegraph
[3.307s] -- Up-to-date symlink: /home/jetson/slash_ws/install/slash_nav2/share/slash_nav2/map/RMUL.yaml
[3.308s] -- Up-to-date symlink: /home/jetson/slash_ws/install/slash_nav2/share/slash_nav2/PCD/RMUC.pcd
[3.309s] -- Up-to-date symlink: /home/jetson/slash_ws/install/slash_nav2/share/slash_nav2/PCD/RMUL.pcd
[3.311s] -- Up-to-date symlink: /home/jetson/slash_ws/install/slash_nav2/share/slash_nav2/rviz/fastlio.rviz
[3.311s] -- Up-to-date symlink: /home/jetson/slash_ws/install/slash_nav2/share/slash_nav2/rviz/nav2.rviz
[3.312s] -- Up-to-date symlink: /home/jetson/slash_ws/install/slash_nav2/share/slash_nav2/rviz/pointlio.rviz
[3.313s] -- Up-to-date symlink: /home/jetson/slash_ws/install/slash_nav2/share/slash_nav2/urdf/sentry_robot_real.xacro
[3.314s] -- Up-to-date symlink: /home/jetson/slash_ws/install/slash_nav2/share/slash_nav2/urdf/sentry_robot_sim.xacro
[3.315s] -- Up-to-date symlink: /home/jetson/slash_ws/install/slash_nav2/share/ament_index/resource_index/package_run_dependencies/slash_nav2
[3.316s] -- Up-to-date symlink: /home/jetson/slash_ws/install/slash_nav2/share/ament_index/resource_index/parent_prefix_path/slash_nav2
[3.317s] -- Up-to-date symlink: /home/jetson/slash_ws/install/slash_nav2/share/slash_nav2/environment/ament_prefix_path.sh
[3.318s] -- Up-to-date symlink: /home/jetson/slash_ws/install/slash_nav2/share/slash_nav2/environment/ament_prefix_path.dsv
[3.318s] -- Up-to-date symlink: /home/jetson/slash_ws/install/slash_nav2/share/slash_nav2/environment/path.sh
[3.318s] -- Up-to-date symlink: /home/jetson/slash_ws/install/slash_nav2/share/slash_nav2/environment/path.dsv
[3.319s] -- Up-to-date symlink: /home/jetson/slash_ws/install/slash_nav2/share/slash_nav2/local_setup.bash
[3.319s] -- Up-to-date symlink: /home/jetson/slash_ws/install/slash_nav2/share/slash_nav2/local_setup.sh
[3.320s] -- Up-to-date symlink: /home/jetson/slash_ws/install/slash_nav2/share/slash_nav2/local_setup.zsh
[3.320s] -- Up-to-date symlink: /home/jetson/slash_ws/install/slash_nav2/share/slash_nav2/local_setup.dsv
[3.320s] -- Symlinking: /home/jetson/slash_ws/install/slash_nav2/share/slash_nav2/package.dsv
[3.394s] -- Up-to-date symlink: /home/jetson/slash_ws/install/slash_nav2/share/ament_index/resource_index/packages/slash_nav2
[3.394s] -- Up-to-date symlink: /home/jetson/slash_ws/install/slash_nav2/share/slash_nav2/cmake/slash_nav2Config.cmake
[3.395s] -- Up-to-date symlink: /home/jetson/slash_ws/install/slash_nav2/share/slash_nav2/cmake/slash_nav2Config-version.cmake
[3.395s] -- Up-to-date symlink: /home/jetson/slash_ws/install/slash_nav2/share/slash_nav2/package.xml
[3.413s] Invoked command in '/home/jetson/slash_ws/build/slash_nav2' returned '0': CMAKE_PREFIX_PATH=${CMAKE_PREFIX_PATH}:/home/jetson/slash_ws/install/f1tenth_stack:/home/jetson/slash_ws/install/twist_to_ackermann:/home/jetson/slash_ws/install/joy_teleop:/home/jetson/slash_ws/install/my_converter:/home/jetson/slash_ws/install/mouse_teleop:/home/jetson/slash_ws/install/key_teleop:/opt/ros/foxy /usr/bin/cmake --install /home/jetson/slash_ws/build/slash_nav2
