[0.119s] Invoking command in '/home/jetson/slash_ws/build/ackermann_mux': CMAKE_PREFIX_PATH=${CMAKE_PREFIX_PATH}:/home/jetson/slash_ws/install/f1tenth_stack:/home/jetson/slash_ws/install/twist_to_ackermann:/home/jetson/slash_ws/install/joy_teleop:/home/jetson/slash_ws/install/my_converter:/home/jetson/slash_ws/install/mouse_teleop:/home/jetson/slash_ws/install/key_teleop:/opt/ros/foxy /usr/bin/cmake /home/jetson/slash_ws/src/slash_hardware/f1tenth_system/ackermann_mux -DCMAKE_INSTALL_PREFIX=/home/jetson/slash_ws/install/ackermann_mux
[1.176s] -- Found ament_cmake: 0.9.12 (/opt/ros/foxy/share/ament_cmake/cmake)
[1.176s] -- Found PythonInterp: /usr/bin/python3 (found suitable version "3.8.10", minimum required is "3") 
[1.176s] -- Using PYTHON_EXECUTABLE: /usr/bin/python3
[1.177s] -- Override CMake install command with custom implementation using symlinks instead of copying resources
[1.177s] -- Found rclcpp: 2.4.3 (/opt/ros/foxy/share/rclcpp/cmake)
[1.177s] -- Using all available rosidl_typesupport_c: rosidl_typesupport_fastrtps_c;rosidl_typesupport_introspection_c
[1.177s] -- Found rosidl_adapter: 1.3.1 (/opt/ros/foxy/share/rosidl_adapter/cmake)
[1.177s] -- Using all available rosidl_typesupport_cpp: rosidl_typesupport_fastrtps_cpp;rosidl_typesupport_introspection_cpp
[1.177s] -- Found rmw_implementation_cmake: 1.0.4 (/opt/ros/foxy/share/rmw_implementation_cmake/cmake)
[1.177s] -- Using RMW implementation 'rmw_fastrtps_cpp' as default
[1.287s] -- Found ackermann_msgs: 2.0.2 (/opt/ros/foxy/share/ackermann_msgs/cmake)
[1.354s] -- Found diagnostic_updater: 3.1.2 (/opt/ros/foxy/share/diagnostic_updater/cmake)
[1.457s] -- Found ament_lint_auto: 0.9.8 (/opt/ros/foxy/share/ament_lint_auto/cmake)
[1.658s] -- Found python_cmake_module: 0.8.1 (/opt/ros/foxy/share/python_cmake_module/cmake)
[1.720s] -- Found PythonInterp: /usr/bin/python3 (found suitable version "3.8.10", minimum required is "3.5") 
[1.725s] -- Using PYTHON_EXECUTABLE: /usr/bin/python3
[1.725s] -- Using PYTHON_INCLUDE_DIRS: /usr/include/python3.8
[1.725s] -- Using PYTHON_LIBRARIES: /usr/lib/aarch64-linux-gnu/libpython3.8.so
[1.765s] -- Added test 'xmllint' to check XML markup files
[1.767s] -- Added test 'copyright' to check source files copyright and LICENSE
[1.771s] -- Added test 'cppcheck' to perform static code analysis on C / C++ code
[1.772s] -- Configured cppcheck include dirs: /home/jetson/slash_ws/src/slash_hardware/f1tenth_system/ackermann_mux/include
[1.772s] -- Configured cppcheck exclude dirs and/or files: 
[1.775s] -- Added test 'cpplint' to check C / C++ code against the Google style
[1.775s] -- Configured cpplint exclude dirs and/or files: 
[1.776s] -- Added test 'flake8' to check Python code syntax and style conventions
[1.779s] -- Added test 'lint_cmake' to check CMake code style
[1.781s] -- Added test 'pep257' to check Python code against some of the style conventions in PEP 257
[1.785s] -- Added test 'uncrustify' to check C / C++ code style
[1.786s] -- Configured uncrustify additional arguments: 
[1.798s] -- Configuring done
[1.820s] -- Generating done
[1.822s] -- Build files have been written to: /home/jetson/slash_ws/build/ackermann_mux
[1.847s] Invoked command in '/home/jetson/slash_ws/build/ackermann_mux' returned '0': CMAKE_PREFIX_PATH=${CMAKE_PREFIX_PATH}:/home/jetson/slash_ws/install/f1tenth_stack:/home/jetson/slash_ws/install/twist_to_ackermann:/home/jetson/slash_ws/install/joy_teleop:/home/jetson/slash_ws/install/my_converter:/home/jetson/slash_ws/install/mouse_teleop:/home/jetson/slash_ws/install/key_teleop:/opt/ros/foxy /usr/bin/cmake /home/jetson/slash_ws/src/slash_hardware/f1tenth_system/ackermann_mux -DCMAKE_INSTALL_PREFIX=/home/jetson/slash_ws/install/ackermann_mux
[1.849s] Invoking command in '/home/jetson/slash_ws/build/ackermann_mux': CMAKE_PREFIX_PATH=${CMAKE_PREFIX_PATH}:/home/jetson/slash_ws/install/f1tenth_stack:/home/jetson/slash_ws/install/twist_to_ackermann:/home/jetson/slash_ws/install/joy_teleop:/home/jetson/slash_ws/install/my_converter:/home/jetson/slash_ws/install/mouse_teleop:/home/jetson/slash_ws/install/key_teleop:/opt/ros/foxy /usr/bin/cmake --build /home/jetson/slash_ws/build/ackermann_mux -- -j8 -l8
[2.013s] [100%] Built target ackermann_mux
[2.056s] Invoked command in '/home/jetson/slash_ws/build/ackermann_mux' returned '0': CMAKE_PREFIX_PATH=${CMAKE_PREFIX_PATH}:/home/jetson/slash_ws/install/f1tenth_stack:/home/jetson/slash_ws/install/twist_to_ackermann:/home/jetson/slash_ws/install/joy_teleop:/home/jetson/slash_ws/install/my_converter:/home/jetson/slash_ws/install/mouse_teleop:/home/jetson/slash_ws/install/key_teleop:/opt/ros/foxy /usr/bin/cmake --build /home/jetson/slash_ws/build/ackermann_mux -- -j8 -l8
[2.258s] Invoking command in '/home/jetson/slash_ws/build/ackermann_mux': CMAKE_PREFIX_PATH=${CMAKE_PREFIX_PATH}:/home/jetson/slash_ws/install/f1tenth_stack:/home/jetson/slash_ws/install/twist_to_ackermann:/home/jetson/slash_ws/install/joy_teleop:/home/jetson/slash_ws/install/my_converter:/home/jetson/slash_ws/install/mouse_teleop:/home/jetson/slash_ws/install/key_teleop:/opt/ros/foxy /usr/bin/cmake --install /home/jetson/slash_ws/build/ackermann_mux
[2.941s] -- Install configuration: ""
[2.941s] -- Execute custom install script
[2.941s] -- Up-to-date symlink: /home/jetson/slash_ws/install/ackermann_mux/lib/ackermann_mux/ackermann_mux
[2.942s] -- Up-to-date symlink: /home/jetson/slash_ws/install/ackermann_mux/share/ackermann_mux/launch/ackermann_mux_launch.py
[2.942s] -- Up-to-date symlink: /home/jetson/slash_ws/install/ackermann_mux/share/ackermann_mux/config/ackermann_mux_locks.yaml
[2.942s] -- Up-to-date symlink: /home/jetson/slash_ws/install/ackermann_mux/share/ackermann_mux/config/ackermann_mux_topics.yaml
[2.942s] -- Up-to-date symlink: /home/jetson/slash_ws/install/ackermann_mux/share/ackermann_mux/config/joystick.yaml
[2.942s] -- Up-to-date symlink: /home/jetson/slash_ws/install/ackermann_mux/include/ackermann_mux/ackermann_mux.hpp
[2.942s] -- Up-to-date symlink: /home/jetson/slash_ws/install/ackermann_mux/include/ackermann_mux/ackermann_mux_diagnostics.hpp
[2.942s] -- Up-to-date symlink: /home/jetson/slash_ws/install/ackermann_mux/include/ackermann_mux/ackermann_mux_diagnostics_status.hpp
[2.942s] -- Up-to-date symlink: /home/jetson/slash_ws/install/ackermann_mux/include/ackermann_mux/params_helpers.hpp
[2.942s] -- Up-to-date symlink: /home/jetson/slash_ws/install/ackermann_mux/include/ackermann_mux/topic_handle.hpp
[2.943s] -- Up-to-date symlink: /home/jetson/slash_ws/install/ackermann_mux/include/ackermann_mux/utils.hpp
[2.943s] -- Up-to-date symlink: /home/jetson/slash_ws/install/ackermann_mux/share/ament_index/resource_index/package_run_dependencies/ackermann_mux
[2.943s] -- Up-to-date symlink: /home/jetson/slash_ws/install/ackermann_mux/share/ament_index/resource_index/parent_prefix_path/ackermann_mux
[2.943s] -- Up-to-date symlink: /home/jetson/slash_ws/install/ackermann_mux/share/ackermann_mux/environment/ament_prefix_path.sh
[2.943s] -- Up-to-date symlink: /home/jetson/slash_ws/install/ackermann_mux/share/ackermann_mux/environment/ament_prefix_path.dsv
[2.943s] -- Up-to-date symlink: /home/jetson/slash_ws/install/ackermann_mux/share/ackermann_mux/environment/path.sh
[2.943s] -- Up-to-date symlink: /home/jetson/slash_ws/install/ackermann_mux/share/ackermann_mux/environment/path.dsv
[2.943s] -- Up-to-date symlink: /home/jetson/slash_ws/install/ackermann_mux/share/ackermann_mux/local_setup.bash
[2.943s] -- Up-to-date symlink: /home/jetson/slash_ws/install/ackermann_mux/share/ackermann_mux/local_setup.sh
[2.943s] -- Up-to-date symlink: /home/jetson/slash_ws/install/ackermann_mux/share/ackermann_mux/local_setup.zsh
[2.944s] -- Up-to-date symlink: /home/jetson/slash_ws/install/ackermann_mux/share/ackermann_mux/local_setup.dsv
[2.944s] -- Symlinking: /home/jetson/slash_ws/install/ackermann_mux/share/ackermann_mux/package.dsv
[2.944s] -- Up-to-date symlink: /home/jetson/slash_ws/install/ackermann_mux/share/ament_index/resource_index/packages/ackermann_mux
[2.944s] -- Up-to-date symlink: /home/jetson/slash_ws/install/ackermann_mux/share/ackermann_mux/cmake/ament_cmake_export_include_directories-extras.cmake
[2.944s] -- Up-to-date symlink: /home/jetson/slash_ws/install/ackermann_mux/share/ackermann_mux/cmake/ament_cmake_export_dependencies-extras.cmake
[2.944s] -- Up-to-date symlink: /home/jetson/slash_ws/install/ackermann_mux/share/ackermann_mux/cmake/ackermann_muxConfig.cmake
[2.944s] -- Up-to-date symlink: /home/jetson/slash_ws/install/ackermann_mux/share/ackermann_mux/cmake/ackermann_muxConfig-version.cmake
[2.944s] -- Up-to-date symlink: /home/jetson/slash_ws/install/ackermann_mux/share/ackermann_mux/package.xml
[2.999s] Invoked command in '/home/jetson/slash_ws/build/ackermann_mux' returned '0': CMAKE_PREFIX_PATH=${CMAKE_PREFIX_PATH}:/home/jetson/slash_ws/install/f1tenth_stack:/home/jetson/slash_ws/install/twist_to_ackermann:/home/jetson/slash_ws/install/joy_teleop:/home/jetson/slash_ws/install/my_converter:/home/jetson/slash_ws/install/mouse_teleop:/home/jetson/slash_ws/install/key_teleop:/opt/ros/foxy /usr/bin/cmake --install /home/jetson/slash_ws/build/ackermann_mux
