[1.768s] Invoking command in '/home/jetson/slash_ws/build/key_teleop': PYTHONPATH=/home/jetson/slash_ws/build/key_teleop/prefix_override:/usr/lib/python3/dist-packages/colcon_core/task/python/colcon_distutils_commands:/home/jetson/slash_ws/install/key_teleop/lib/python3.8/site-packages:${PYTHONPATH} /usr/bin/python3 -W ignore:setup.py install is deprecated setup.py develop --editable --build-directory /home/jetson/slash_ws/build/key_teleop/build --no-deps symlink_data --force
[2.181s] running develop
[2.387s] running egg_info
[2.387s] writing key_teleop.egg-info/PKG-INFO
[2.388s] writing dependency_links to key_teleop.egg-info/dependency_links.txt
[2.388s] writing entry points to key_teleop.egg-info/entry_points.txt
[2.388s] writing requirements to key_teleop.egg-info/requires.txt
[2.388s] writing top-level names to key_teleop.egg-info/top_level.txt
[2.444s] reading manifest file 'key_teleop.egg-info/SOURCES.txt'
[2.448s] writing manifest file 'key_teleop.egg-info/SOURCES.txt'
[2.511s] running build_ext
[2.511s] Creating /home/jetson/slash_ws/install/key_teleop/lib/python3.8/site-packages/site.py
[2.515s] Creating /home/jetson/slash_ws/install/key_teleop/lib/python3.8/site-packages/key-teleop.egg-link (link to .)
[2.517s] Installing key_teleop script to /home/jetson/slash_ws/install/key_teleop/lib/key_teleop
[2.517s] 
[2.517s] Installed /home/jetson/slash_ws/build/key_teleop
[2.517s] running symlink_data
[2.518s] symbolically linking /home/jetson/slash_ws/build/key_teleop/package.xml -> /home/jetson/slash_ws/install/key_teleop/share/key_teleop
[2.518s] symbolically linking /home/jetson/slash_ws/build/key_teleop/config/key_teleop.yaml -> /home/jetson/slash_ws/install/key_teleop/share/key_teleop/config
[2.518s] symbolically linking /home/jetson/slash_ws/build/key_teleop/resource/key_teleop -> /home/jetson/slash_ws/install/key_teleop/share/ament_index/resource_index/packages
[2.829s] Invoked command in '/home/jetson/slash_ws/build/key_teleop' returned '0': PYTHONPATH=/home/jetson/slash_ws/build/key_teleop/prefix_override:/usr/lib/python3/dist-packages/colcon_core/task/python/colcon_distutils_commands:/home/jetson/slash_ws/install/key_teleop/lib/python3.8/site-packages:${PYTHONPATH} /usr/bin/python3 -W ignore:setup.py install is deprecated setup.py develop --editable --build-directory /home/jetson/slash_ws/build/key_teleop/build --no-deps symlink_data --force
