[0.101s] Invoking command in '/home/jetson/slash_ws/build/vesc_msgs': CMAKE_PREFIX_PATH=/opt/ros/foxy /usr/bin/cmake /home/jetson/slash_ws/src/slash_hardware/f1tenth_system/vesc/vesc_msgs -DAMENT_CMAKE_SYMLINK_INSTALL=1 -DCMAKE_INSTALL_PREFIX=/home/jetson/slash_ws/install/vesc_msgs
[1.131s] -- The C compiler identification is GNU 9.4.0
[1.131s] -- The CXX compiler identification is GNU 9.4.0
[1.131s] -- Check for working C compiler: /usr/bin/cc
[1.131s] -- Check for working C compiler: /usr/bin/cc -- works
[1.131s] -- Detecting C compiler ABI info
[1.131s] -- Detecting C compiler ABI info - done
[1.132s] -- Detecting C compile features
[1.132s] -- Detecting C compile features - done
[1.132s] -- Check for working CXX compiler: /usr/bin/c++
[1.132s] -- Check for working CXX compiler: /usr/bin/c++ -- works
[1.132s] -- Detecting CXX compiler ABI info
[1.132s] -- Detecting CXX compiler ABI info - done
[1.132s] -- Detecting CXX compile features
[1.132s] -- Detecting CXX compile features - done
[1.132s] -- Found ament_cmake_auto: 0.9.12 (/opt/ros/foxy/share/ament_cmake_auto/cmake)
[1.173s] -- Found PythonInterp: /usr/bin/python3 (found suitable version "3.8.10", minimum required is "3") 
[1.174s] -- Using PYTHON_EXECUTABLE: /usr/bin/python3
[1.547s] -- Override CMake install command with custom implementation using symlinks instead of copying resources
[1.728s] -- Using all available rosidl_typesupport_c: rosidl_typesupport_fastrtps_c;rosidl_typesupport_introspection_c
[1.740s] -- Found rosidl_adapter: 1.3.1 (/opt/ros/foxy/share/rosidl_adapter/cmake)
[2.163s] -- Found OpenSSL: /usr/lib/aarch64-linux-gnu/libcrypto.so (found version "1.1.1f")  
[2.261s] -- Found FastRTPS: /opt/ros/foxy/include  
[2.427s] -- Using all available rosidl_typesupport_cpp: rosidl_typesupport_fastrtps_cpp;rosidl_typesupport_introspection_cpp
[2.647s] -- Found PythonInterp: /usr/bin/python3 (found version "3.8.10") 
[2.938s] -- Found ament_cmake_ros: 0.9.2 (/opt/ros/foxy/share/ament_cmake_ros/cmake)
[3.471s] -- Using all available rosidl_typesupport_c: rosidl_typesupport_fastrtps_c;rosidl_typesupport_introspection_c
[3.570s] -- Using all available rosidl_typesupport_cpp: rosidl_typesupport_fastrtps_cpp;rosidl_typesupport_introspection_cpp
[3.625s] -- Found PythonInterp: /usr/bin/python3 (found suitable version "3.8.10", minimum required is "3.5") 
[3.625s] -- Found python_cmake_module: 0.8.1 (/opt/ros/foxy/share/python_cmake_module/cmake)
[3.699s] -- Found PythonLibs: /usr/lib/aarch64-linux-gnu/libpython3.8.so (found suitable version "3.8.10", minimum required is "3.5") 
[3.699s] -- Using PYTHON_EXECUTABLE: /usr/bin/python3
[3.699s] -- Using PYTHON_INCLUDE_DIRS: /usr/include/python3.8
[3.699s] -- Using PYTHON_LIBRARIES: /usr/lib/aarch64-linux-gnu/libpython3.8.so
[3.771s] -- Found PythonExtra: .so  
[3.928s] -- Found ament_lint_auto: 0.9.8 (/opt/ros/foxy/share/ament_lint_auto/cmake)
[4.014s] -- Added test 'copyright' to check source files copyright and LICENSE
[4.027s] -- Added test 'lint_cmake' to check CMake code style
[4.029s] -- Added test 'xmllint' to check XML markup files
[4.043s] -- Configuring done
[4.189s] -- Generating done
[4.195s] -- Build files have been written to: /home/jetson/slash_ws/build/vesc_msgs
[4.258s] Invoked command in '/home/jetson/slash_ws/build/vesc_msgs' returned '0': CMAKE_PREFIX_PATH=/opt/ros/foxy /usr/bin/cmake /home/jetson/slash_ws/src/slash_hardware/f1tenth_system/vesc/vesc_msgs -DAMENT_CMAKE_SYMLINK_INSTALL=1 -DCMAKE_INSTALL_PREFIX=/home/jetson/slash_ws/install/vesc_msgs
[4.260s] Invoking command in '/home/jetson/slash_ws/build/vesc_msgs': CMAKE_PREFIX_PATH=/opt/ros/foxy /usr/bin/cmake --build /home/jetson/slash_ws/build/vesc_msgs -- -j8 -l8
[5.044s] [35m[1mScanning dependencies of target vesc_msgs__cpp[0m
[5.045s] [  2%] [34m[1mGenerating C code for ROS interfaces[0m
[5.045s] [  5%] [34m[1mGenerating C++ code for ROS interfaces[0m
[7.109s] [35m[1mScanning dependencies of target vesc_msgs__rosidl_generator_c[0m
[7.182s] [  5%] Built target vesc_msgs__cpp
[7.231s] [  7%] [32mBuilding C object CMakeFiles/vesc_msgs__rosidl_generator_c.dir/rosidl_generator_c/vesc_msgs/msg/detail/vesc_state_stamped__functions.c.o[0m
[7.250s] [ 10%] [32mBuilding C object CMakeFiles/vesc_msgs__rosidl_generator_c.dir/rosidl_generator_c/vesc_msgs/msg/detail/vesc_state__functions.c.o[0m
[7.273s] [ 12%] [34m[1mGenerating C++ type support dispatch for ROS interfaces[0m
[7.331s] [ 15%] [34m[1mGenerating C++ introspection for ROS interfaces[0m
[7.332s] [ 17%] [34m[1mGenerating C++ type support for eProsima Fast-RTPS[0m
[7.846s] [ 20%] [32m[1mLinking C shared library libvesc_msgs__rosidl_generator_c.so[0m
[8.204s] [ 20%] Built target vesc_msgs__rosidl_generator_c
[8.310s] [ 23%] [34m[1mGenerating C introspection for ROS interfaces[0m
[8.361s] [ 25%] [34m[1mGenerating C type support dispatch for ROS interfaces[0m
[10.183s] [35m[1mScanning dependencies of target vesc_msgs__rosidl_typesupport_introspection_cpp[0m
[10.309s] [ 28%] [32mBuilding CXX object CMakeFiles/vesc_msgs__rosidl_typesupport_introspection_cpp.dir/rosidl_typesupport_introspection_cpp/vesc_msgs/msg/detail/vesc_state__type_support.cpp.o[0m
[10.392s] [ 30%] [32mBuilding CXX object CMakeFiles/vesc_msgs__rosidl_typesupport_introspection_cpp.dir/rosidl_typesupport_introspection_cpp/vesc_msgs/msg/detail/vesc_state_stamped__type_support.cpp.o[0m
[10.591s] [35m[1mScanning dependencies of target vesc_msgs__rosidl_typesupport_cpp[0m
[10.812s] [ 33%] [32mBuilding CXX object CMakeFiles/vesc_msgs__rosidl_typesupport_cpp.dir/rosidl_typesupport_cpp/vesc_msgs/msg/vesc_state__type_support.cpp.o[0m
[10.827s] [ 35%] [32mBuilding CXX object CMakeFiles/vesc_msgs__rosidl_typesupport_cpp.dir/rosidl_typesupport_cpp/vesc_msgs/msg/vesc_state_stamped__type_support.cpp.o[0m
[11.130s] [35m[1mScanning dependencies of target vesc_msgs__rosidl_typesupport_fastrtps_cpp[0m
[11.350s] [ 38%] [32mBuilding CXX object CMakeFiles/vesc_msgs__rosidl_typesupport_fastrtps_cpp.dir/rosidl_typesupport_fastrtps_cpp/vesc_msgs/msg/detail/dds_fastrtps/vesc_state__type_support.cpp.o[0m
[11.357s] [ 41%] [32mBuilding CXX object CMakeFiles/vesc_msgs__rosidl_typesupport_fastrtps_cpp.dir/rosidl_typesupport_fastrtps_cpp/vesc_msgs/msg/detail/dds_fastrtps/vesc_state_stamped__type_support.cpp.o[0m
[11.499s] [35m[1mScanning dependencies of target vesc_msgs__rosidl_typesupport_c[0m
[11.670s] [ 43%] [32mBuilding CXX object CMakeFiles/vesc_msgs__rosidl_typesupport_c.dir/rosidl_typesupport_c/vesc_msgs/msg/vesc_state__type_support.cpp.o[0m
[11.955s] [ 46%] [32mBuilding CXX object CMakeFiles/vesc_msgs__rosidl_typesupport_c.dir/rosidl_typesupport_c/vesc_msgs/msg/vesc_state_stamped__type_support.cpp.o[0m
[12.124s] [35m[1mScanning dependencies of target vesc_msgs__rosidl_typesupport_introspection_c[0m
[12.208s] [ 48%] [32m[1mLinking CXX shared library libvesc_msgs__rosidl_typesupport_c.so[0m
[12.248s] [ 51%] [32mBuilding C object CMakeFiles/vesc_msgs__rosidl_typesupport_introspection_c.dir/rosidl_typesupport_introspection_c/vesc_msgs/msg/detail/vesc_state__type_support.c.o[0m
[12.583s] [ 53%] [32mBuilding C object CMakeFiles/vesc_msgs__rosidl_typesupport_introspection_c.dir/rosidl_typesupport_introspection_c/vesc_msgs/msg/detail/vesc_state_stamped__type_support.c.o[0m
[12.717s] [ 53%] Built target vesc_msgs__rosidl_typesupport_c
[12.876s] [ 56%] [32m[1mLinking C shared library libvesc_msgs__rosidl_typesupport_introspection_c.so[0m
[13.134s] [ 56%] Built target vesc_msgs__rosidl_typesupport_introspection_c
[13.343s] [ 58%] [32m[1mLinking CXX shared library libvesc_msgs__rosidl_typesupport_introspection_cpp.so[0m
[13.371s] [ 61%] [32m[1mLinking CXX shared library libvesc_msgs__rosidl_typesupport_cpp.so[0m
[13.698s] [ 61%] Built target vesc_msgs__rosidl_typesupport_cpp
[13.770s] [ 61%] Built target vesc_msgs__rosidl_typesupport_introspection_cpp
[14.213s] [ 64%] [32m[1mLinking CXX shared library libvesc_msgs__rosidl_typesupport_fastrtps_cpp.so[0m
[14.769s] [ 64%] Built target vesc_msgs__rosidl_typesupport_fastrtps_cpp
[14.815s] [ 66%] [34m[1mGenerating C type support for eProsima Fast-RTPS[0m
[16.599s] [35m[1mScanning dependencies of target vesc_msgs__rosidl_typesupport_fastrtps_c[0m
[16.659s] [ 69%] [32mBuilding CXX object CMakeFiles/vesc_msgs__rosidl_typesupport_fastrtps_c.dir/rosidl_typesupport_fastrtps_c/vesc_msgs/msg/detail/vesc_state__type_support_c.cpp.o[0m
[16.712s] [ 71%] [32mBuilding CXX object CMakeFiles/vesc_msgs__rosidl_typesupport_fastrtps_c.dir/rosidl_typesupport_fastrtps_c/vesc_msgs/msg/detail/vesc_state_stamped__type_support_c.cpp.o[0m
[18.368s] [ 74%] [32m[1mLinking CXX shared library libvesc_msgs__rosidl_typesupport_fastrtps_c.so[0m
[19.009s] [ 74%] Built target vesc_msgs__rosidl_typesupport_fastrtps_c
[19.082s] [35m[1mScanning dependencies of target vesc_msgs[0m
[19.220s] [ 74%] Built target vesc_msgs
[19.326s] [35m[1mScanning dependencies of target vesc_msgs__py[0m
[19.461s] [ 76%] [34m[1mGenerating Python code for ROS interfaces[0m
[24.773s] [ 76%] Built target vesc_msgs__py
[24.870s] [35m[1mScanning dependencies of target vesc_msgs__python[0m
[25.033s] [ 79%] [32mBuilding C object CMakeFiles/vesc_msgs__python.dir/rosidl_generator_py/vesc_msgs/msg/_vesc_state_s.c.o[0m
[25.051s] [ 82%] [32mBuilding C object CMakeFiles/vesc_msgs__python.dir/rosidl_generator_py/vesc_msgs/msg/_vesc_state_stamped_s.c.o[0m
[25.659s] [ 84%] [32m[1mLinking C shared library rosidl_generator_py/vesc_msgs/libvesc_msgs__python.so[0m
[25.925s] [ 84%] Built target vesc_msgs__python
[25.951s] [35m[1mScanning dependencies of target vesc_msgs__rosidl_typesupport_c__pyext[0m
[26.065s] [ 87%] [32mBuilding C object CMakeFiles/vesc_msgs__rosidl_typesupport_c__pyext.dir/rosidl_generator_py/vesc_msgs/_vesc_msgs_s.ep.rosidl_typesupport_c.c.o[0m
[26.509s] [ 89%] [32m[1mLinking C shared library rosidl_generator_py/vesc_msgs/vesc_msgs_s__rosidl_typesupport_c.cpython-38-aarch64-linux-gnu.so[0m
[26.697s] [ 89%] Built target vesc_msgs__rosidl_typesupport_c__pyext
[26.801s] [35m[1mScanning dependencies of target vesc_msgs__rosidl_typesupport_fastrtps_c__pyext[0m
[26.944s] [ 92%] [32mBuilding C object CMakeFiles/vesc_msgs__rosidl_typesupport_fastrtps_c__pyext.dir/rosidl_generator_py/vesc_msgs/_vesc_msgs_s.ep.rosidl_typesupport_fastrtps_c.c.o[0m
[27.356s] [ 94%] [32m[1mLinking CXX shared library rosidl_generator_py/vesc_msgs/vesc_msgs_s__rosidl_typesupport_fastrtps_c.cpython-38-aarch64-linux-gnu.so[0m
[27.698s] [ 94%] Built target vesc_msgs__rosidl_typesupport_fastrtps_c__pyext
[27.757s] [35m[1mScanning dependencies of target vesc_msgs__rosidl_typesupport_introspection_c__pyext[0m
[27.862s] [ 97%] [32mBuilding C object CMakeFiles/vesc_msgs__rosidl_typesupport_introspection_c__pyext.dir/rosidl_generator_py/vesc_msgs/_vesc_msgs_s.ep.rosidl_typesupport_introspection_c.c.o[0m
[28.165s] [100%] [32m[1mLinking C shared library rosidl_generator_py/vesc_msgs/vesc_msgs_s__rosidl_typesupport_introspection_c.cpython-38-aarch64-linux-gnu.so[0m
[28.425s] [100%] Built target vesc_msgs__rosidl_typesupport_introspection_c__pyext
[29.207s] Invoked command in '/home/jetson/slash_ws/build/vesc_msgs' returned '0': CMAKE_PREFIX_PATH=/opt/ros/foxy /usr/bin/cmake --build /home/jetson/slash_ws/build/vesc_msgs -- -j8 -l8
[30.616s] Invoking command in '/home/jetson/slash_ws/build/vesc_msgs': CMAKE_PREFIX_PATH=/opt/ros/foxy /usr/bin/cmake --install /home/jetson/slash_ws/build/vesc_msgs
[30.670s] -- Install configuration: ""
[30.685s] -- Execute custom install script
[30.685s] -- Symlinking: /home/jetson/slash_ws/install/vesc_msgs/share/ament_index/resource_index/rosidl_interfaces/vesc_msgs
[30.730s] -- Symlinking: /home/jetson/slash_ws/install/vesc_msgs/include/vesc_msgs/msg/detail/vesc_state__functions.h
[30.791s] -- Symlinking: /home/jetson/slash_ws/install/vesc_msgs/include/vesc_msgs/msg/detail/vesc_state__struct.h
[30.856s] -- Symlinking: /home/jetson/slash_ws/install/vesc_msgs/include/vesc_msgs/msg/detail/vesc_state__type_support.h
[30.898s] -- Symlinking: /home/jetson/slash_ws/install/vesc_msgs/include/vesc_msgs/msg/detail/vesc_state_stamped__functions.h
[30.949s] -- Symlinking: /home/jetson/slash_ws/install/vesc_msgs/include/vesc_msgs/msg/detail/vesc_state_stamped__struct.h
[31.004s] -- Symlinking: /home/jetson/slash_ws/install/vesc_msgs/include/vesc_msgs/msg/detail/vesc_state_stamped__type_support.h
[31.054s] -- Symlinking: /home/jetson/slash_ws/install/vesc_msgs/include/vesc_msgs/msg/rosidl_generator_c__visibility_control.h
[31.116s] -- Symlinking: /home/jetson/slash_ws/install/vesc_msgs/include/vesc_msgs/msg/vesc_state.h
[31.177s] -- Symlinking: /home/jetson/slash_ws/install/vesc_msgs/include/vesc_msgs/msg/vesc_state_stamped.h
[31.261s] -- Symlinking: /home/jetson/slash_ws/install/vesc_msgs/share/vesc_msgs/environment/library_path.sh
[31.318s] -- Symlinking: /home/jetson/slash_ws/install/vesc_msgs/share/vesc_msgs/environment/library_path.dsv
[31.390s] -- Symlinking: /home/jetson/slash_ws/install/vesc_msgs/include/vesc_msgs/msg/detail/vesc_state__rosidl_typesupport_fastrtps_c.h
[31.445s] -- Symlinking: /home/jetson/slash_ws/install/vesc_msgs/include/vesc_msgs/msg/detail/vesc_state_stamped__rosidl_typesupport_fastrtps_c.h
[31.495s] -- Symlinking: /home/jetson/slash_ws/install/vesc_msgs/include/vesc_msgs/msg/rosidl_typesupport_fastrtps_c__visibility_control.h
[31.556s] -- Symlinking: /home/jetson/slash_ws/install/vesc_msgs/lib/libvesc_msgs__rosidl_typesupport_fastrtps_c.so
[31.620s] -- Symlinking: /home/jetson/slash_ws/install/vesc_msgs/include/vesc_msgs/msg/detail/vesc_state__rosidl_typesupport_fastrtps_cpp.hpp
[31.659s] -- Symlinking: /home/jetson/slash_ws/install/vesc_msgs/include/vesc_msgs/msg/detail/vesc_state_stamped__rosidl_typesupport_fastrtps_cpp.hpp
[31.685s] -- Symlinking: /home/jetson/slash_ws/install/vesc_msgs/include/vesc_msgs/msg/rosidl_typesupport_fastrtps_cpp__visibility_control.h
[31.733s] -- Symlinking: /home/jetson/slash_ws/install/vesc_msgs/lib/libvesc_msgs__rosidl_typesupport_fastrtps_cpp.so
[31.803s] -- Symlinking: /home/jetson/slash_ws/install/vesc_msgs/include/vesc_msgs/msg/detail/vesc_state__rosidl_typesupport_introspection_c.h
[31.888s] -- Symlinking: /home/jetson/slash_ws/install/vesc_msgs/include/vesc_msgs/msg/detail/vesc_state_stamped__rosidl_typesupport_introspection_c.h
[31.935s] -- Symlinking: /home/jetson/slash_ws/install/vesc_msgs/include/vesc_msgs/msg/rosidl_typesupport_introspection_c__visibility_control.h
[31.999s] -- Symlinking: /home/jetson/slash_ws/install/vesc_msgs/include/vesc_msgs/msg/detail/vesc_state__builder.hpp
[32.074s] -- Symlinking: /home/jetson/slash_ws/install/vesc_msgs/include/vesc_msgs/msg/detail/vesc_state__struct.hpp
[32.137s] -- Symlinking: /home/jetson/slash_ws/install/vesc_msgs/include/vesc_msgs/msg/detail/vesc_state__traits.hpp
[32.195s] -- Symlinking: /home/jetson/slash_ws/install/vesc_msgs/include/vesc_msgs/msg/detail/vesc_state__type_support.hpp
[32.270s] -- Symlinking: /home/jetson/slash_ws/install/vesc_msgs/include/vesc_msgs/msg/detail/vesc_state_stamped__builder.hpp
[32.308s] -- Symlinking: /home/jetson/slash_ws/install/vesc_msgs/include/vesc_msgs/msg/detail/vesc_state_stamped__struct.hpp
[32.345s] -- Symlinking: /home/jetson/slash_ws/install/vesc_msgs/include/vesc_msgs/msg/detail/vesc_state_stamped__traits.hpp
[32.403s] -- Symlinking: /home/jetson/slash_ws/install/vesc_msgs/include/vesc_msgs/msg/detail/vesc_state_stamped__type_support.hpp
[32.469s] -- Symlinking: /home/jetson/slash_ws/install/vesc_msgs/include/vesc_msgs/msg/rosidl_generator_cpp__visibility_control.hpp
[32.527s] -- Symlinking: /home/jetson/slash_ws/install/vesc_msgs/include/vesc_msgs/msg/vesc_state.hpp
[32.648s] -- Symlinking: /home/jetson/slash_ws/install/vesc_msgs/include/vesc_msgs/msg/vesc_state_stamped.hpp
[32.704s] -- Symlinking: /home/jetson/slash_ws/install/vesc_msgs/include/vesc_msgs/msg/detail/vesc_state__rosidl_typesupport_introspection_cpp.hpp
[32.802s] -- Symlinking: /home/jetson/slash_ws/install/vesc_msgs/include/vesc_msgs/msg/detail/vesc_state_stamped__rosidl_typesupport_introspection_cpp.hpp
[32.834s] -- Symlinking: /home/jetson/slash_ws/install/vesc_msgs/share/vesc_msgs/environment/pythonpath.sh
[32.892s] -- Symlinking: /home/jetson/slash_ws/install/vesc_msgs/share/vesc_msgs/environment/pythonpath.dsv
[32.907s] -- Symlinking: /home/jetson/slash_ws/install/vesc_msgs/lib/python3.8/site-packages/vesc_msgs/__init__.py
[32.935s] -- Symlinking: /home/jetson/slash_ws/install/vesc_msgs/lib/python3.8/site-packages/vesc_msgs/msg/__init__.py
[33.006s] -- Symlinking: /home/jetson/slash_ws/install/vesc_msgs/lib/python3.8/site-packages/vesc_msgs/msg/_vesc_state.py
[33.088s] -- Symlinking: /home/jetson/slash_ws/install/vesc_msgs/lib/python3.8/site-packages/vesc_msgs/msg/_vesc_state_stamped.py
[33.131s] -- Symlinking: /home/jetson/slash_ws/install/vesc_msgs/lib/python3.8/site-packages/vesc_msgs/vesc_msgs_s__rosidl_typesupport_fastrtps_c.cpython-38-aarch64-linux-gnu.so
[33.180s] -- Symlinking: /home/jetson/slash_ws/install/vesc_msgs/lib/python3.8/site-packages/vesc_msgs/vesc_msgs_s__rosidl_typesupport_introspection_c.cpython-38-aarch64-linux-gnu.so
[33.231s] -- Symlinking: /home/jetson/slash_ws/install/vesc_msgs/lib/python3.8/site-packages/vesc_msgs/vesc_msgs_s__rosidl_typesupport_c.cpython-38-aarch64-linux-gnu.so
[33.332s] -- Symlinking: /home/jetson/slash_ws/install/vesc_msgs/lib/libvesc_msgs__python.so
[33.409s] -- Symlinking: /home/jetson/slash_ws/install/vesc_msgs/share/vesc_msgs/msg/VescState.idl
[33.443s] -- Symlinking: /home/jetson/slash_ws/install/vesc_msgs/share/vesc_msgs/msg/VescStateStamped.idl
[33.488s] -- Symlinking: /home/jetson/slash_ws/install/vesc_msgs/share/vesc_msgs/msg/VescState.msg
[33.560s] -- Symlinking: /home/jetson/slash_ws/install/vesc_msgs/share/vesc_msgs/msg/VescStateStamped.msg
[33.621s] -- Symlinking: /home/jetson/slash_ws/install/vesc_msgs/share/ament_index/resource_index/package_run_dependencies/vesc_msgs
[33.696s] -- Symlinking: /home/jetson/slash_ws/install/vesc_msgs/share/ament_index/resource_index/parent_prefix_path/vesc_msgs
[33.739s] -- Symlinking: /home/jetson/slash_ws/install/vesc_msgs/share/vesc_msgs/environment/ament_prefix_path.sh
[33.796s] -- Symlinking: /home/jetson/slash_ws/install/vesc_msgs/share/vesc_msgs/environment/ament_prefix_path.dsv
[33.850s] -- Symlinking: /home/jetson/slash_ws/install/vesc_msgs/share/vesc_msgs/environment/path.sh
[33.932s] -- Symlinking: /home/jetson/slash_ws/install/vesc_msgs/share/vesc_msgs/environment/path.dsv
[34.004s] -- Symlinking: /home/jetson/slash_ws/install/vesc_msgs/share/vesc_msgs/local_setup.bash
[34.079s] -- Symlinking: /home/jetson/slash_ws/install/vesc_msgs/share/vesc_msgs/local_setup.sh
[34.139s] -- Symlinking: /home/jetson/slash_ws/install/vesc_msgs/share/vesc_msgs/local_setup.zsh
[34.207s] -- Symlinking: /home/jetson/slash_ws/install/vesc_msgs/share/vesc_msgs/local_setup.dsv
[34.282s] -- Symlinking: /home/jetson/slash_ws/install/vesc_msgs/share/vesc_msgs/package.dsv
[34.347s] -- Symlinking: /home/jetson/slash_ws/install/vesc_msgs/share/ament_index/resource_index/packages/vesc_msgs
[34.397s] -- Symlinking: /home/jetson/slash_ws/install/vesc_msgs/share/vesc_msgs/cmake/rosidl_cmake-extras.cmake
[34.464s] -- Symlinking: /home/jetson/slash_ws/install/vesc_msgs/share/vesc_msgs/cmake/ament_cmake_export_dependencies-extras.cmake
[34.526s] -- Symlinking: /home/jetson/slash_ws/install/vesc_msgs/share/vesc_msgs/cmake/ament_cmake_export_libraries-extras.cmake
[34.592s] -- Symlinking: /home/jetson/slash_ws/install/vesc_msgs/share/vesc_msgs/cmake/ament_cmake_export_targets-extras.cmake
[34.631s] -- Symlinking: /home/jetson/slash_ws/install/vesc_msgs/share/vesc_msgs/cmake/ament_cmake_export_include_directories-extras.cmake
[34.686s] -- Symlinking: /home/jetson/slash_ws/install/vesc_msgs/share/vesc_msgs/cmake/rosidl_cmake_export_typesupport_libraries-extras.cmake
[34.738s] -- Symlinking: /home/jetson/slash_ws/install/vesc_msgs/share/vesc_msgs/cmake/rosidl_cmake_export_typesupport_targets-extras.cmake
[34.789s] -- Symlinking: /home/jetson/slash_ws/install/vesc_msgs/share/vesc_msgs/cmake/vesc_msgsConfig.cmake
[34.856s] -- Symlinking: /home/jetson/slash_ws/install/vesc_msgs/share/vesc_msgs/cmake/vesc_msgsConfig-version.cmake
[34.923s] -- Symlinking: /home/jetson/slash_ws/install/vesc_msgs/share/vesc_msgs/package.xml
[34.998s] -- Installing: /home/jetson/slash_ws/install/vesc_msgs/lib/libvesc_msgs__rosidl_generator_c.so
[34.999s] -- Set runtime path of "/home/jetson/slash_ws/install/vesc_msgs/lib/libvesc_msgs__rosidl_generator_c.so" to ""
[35.000s] -- Installing: /home/jetson/slash_ws/install/vesc_msgs/lib/libvesc_msgs__rosidl_typesupport_introspection_c.so
[35.002s] -- Set runtime path of "/home/jetson/slash_ws/install/vesc_msgs/lib/libvesc_msgs__rosidl_typesupport_introspection_c.so" to ""
[35.002s] -- Installing: /home/jetson/slash_ws/install/vesc_msgs/lib/libvesc_msgs__rosidl_typesupport_c.so
[35.003s] -- Set runtime path of "/home/jetson/slash_ws/install/vesc_msgs/lib/libvesc_msgs__rosidl_typesupport_c.so" to ""
[35.004s] -- Installing: /home/jetson/slash_ws/install/vesc_msgs/lib/libvesc_msgs__rosidl_typesupport_introspection_cpp.so
[35.006s] -- Set runtime path of "/home/jetson/slash_ws/install/vesc_msgs/lib/libvesc_msgs__rosidl_typesupport_introspection_cpp.so" to ""
[35.008s] -- Installing: /home/jetson/slash_ws/install/vesc_msgs/lib/libvesc_msgs__rosidl_typesupport_cpp.so
[35.009s] -- Set runtime path of "/home/jetson/slash_ws/install/vesc_msgs/lib/libvesc_msgs__rosidl_typesupport_cpp.so" to ""
[35.200s] Compiling '/home/jetson/slash_ws/install/vesc_msgs/lib/python3.8/site-packages/vesc_msgs/__init__.py'...
[35.232s] -- Installing: /home/jetson/slash_ws/install/vesc_msgs/share/vesc_msgs/cmake/vesc_msgs__rosidl_generator_cExport.cmake
[35.233s] -- Installing: /home/jetson/slash_ws/install/vesc_msgs/share/vesc_msgs/cmake/vesc_msgs__rosidl_generator_cExport-noconfig.cmake
[35.233s] -- Installing: /home/jetson/slash_ws/install/vesc_msgs/share/vesc_msgs/cmake/vesc_msgs__rosidl_typesupport_introspection_cExport.cmake
[35.233s] -- Installing: /home/jetson/slash_ws/install/vesc_msgs/share/vesc_msgs/cmake/vesc_msgs__rosidl_typesupport_introspection_cExport-noconfig.cmake
[35.233s] -- Installing: /home/jetson/slash_ws/install/vesc_msgs/share/vesc_msgs/cmake/vesc_msgs__rosidl_typesupport_cExport.cmake
[35.233s] -- Installing: /home/jetson/slash_ws/install/vesc_msgs/share/vesc_msgs/cmake/vesc_msgs__rosidl_typesupport_cExport-noconfig.cmake
[35.234s] -- Installing: /home/jetson/slash_ws/install/vesc_msgs/share/vesc_msgs/cmake/vesc_msgs__rosidl_generator_cppExport.cmake
[35.234s] -- Installing: /home/jetson/slash_ws/install/vesc_msgs/share/vesc_msgs/cmake/vesc_msgs__rosidl_typesupport_introspection_cppExport.cmake
[35.234s] -- Installing: /home/jetson/slash_ws/install/vesc_msgs/share/vesc_msgs/cmake/vesc_msgs__rosidl_typesupport_introspection_cppExport-noconfig.cmake
[35.235s] -- Installing: /home/jetson/slash_ws/install/vesc_msgs/share/vesc_msgs/cmake/vesc_msgs__rosidl_typesupport_cppExport.cmake
[35.235s] -- Installing: /home/jetson/slash_ws/install/vesc_msgs/share/vesc_msgs/cmake/vesc_msgs__rosidl_typesupport_cppExport-noconfig.cmake
[35.245s] Invoked command in '/home/jetson/slash_ws/build/vesc_msgs' returned '0': CMAKE_PREFIX_PATH=/opt/ros/foxy /usr/bin/cmake --install /home/jetson/slash_ws/build/vesc_msgs
