[100%] Built target ackermann_mux
-- Install configuration: ""
-- Execute custom install script
-- Up-to-date symlink: /home/jetson/slash_ws/install/ackermann_mux/lib/ackermann_mux/ackermann_mux
-- Up-to-date symlink: /home/jetson/slash_ws/install/ackermann_mux/share/ackermann_mux/launch/ackermann_mux_launch.py
-- Up-to-date symlink: /home/jetson/slash_ws/install/ackermann_mux/share/ackermann_mux/config/ackermann_mux_locks.yaml
-- Up-to-date symlink: /home/jetson/slash_ws/install/ackermann_mux/share/ackermann_mux/config/ackermann_mux_topics.yaml
-- Up-to-date symlink: /home/jetson/slash_ws/install/ackermann_mux/share/ackermann_mux/config/joystick.yaml
-- Up-to-date symlink: /home/jetson/slash_ws/install/ackermann_mux/include/ackermann_mux/ackermann_mux.hpp
-- Up-to-date symlink: /home/jetson/slash_ws/install/ackermann_mux/include/ackermann_mux/ackermann_mux_diagnostics.hpp
-- Up-to-date symlink: /home/jetson/slash_ws/install/ackermann_mux/include/ackermann_mux/ackermann_mux_diagnostics_status.hpp
-- Up-to-date symlink: /home/jetson/slash_ws/install/ackermann_mux/include/ackermann_mux/params_helpers.hpp
-- Up-to-date symlink: /home/jetson/slash_ws/install/ackermann_mux/include/ackermann_mux/topic_handle.hpp
-- Up-to-date symlink: /home/jetson/slash_ws/install/ackermann_mux/include/ackermann_mux/utils.hpp
-- Up-to-date symlink: /home/jetson/slash_ws/install/ackermann_mux/share/ament_index/resource_index/package_run_dependencies/ackermann_mux
-- Up-to-date symlink: /home/jetson/slash_ws/install/ackermann_mux/share/ament_index/resource_index/parent_prefix_path/ackermann_mux
-- Up-to-date symlink: /home/jetson/slash_ws/install/ackermann_mux/share/ackermann_mux/environment/ament_prefix_path.sh
-- Up-to-date symlink: /home/jetson/slash_ws/install/ackermann_mux/share/ackermann_mux/environment/ament_prefix_path.dsv
-- Up-to-date symlink: /home/jetson/slash_ws/install/ackermann_mux/share/ackermann_mux/environment/path.sh
-- Up-to-date symlink: /home/jetson/slash_ws/install/ackermann_mux/share/ackermann_mux/environment/path.dsv
-- Up-to-date symlink: /home/jetson/slash_ws/install/ackermann_mux/share/ackermann_mux/local_setup.bash
-- Up-to-date symlink: /home/jetson/slash_ws/install/ackermann_mux/share/ackermann_mux/local_setup.sh
-- Up-to-date symlink: /home/jetson/slash_ws/install/ackermann_mux/share/ackermann_mux/local_setup.zsh
-- Up-to-date symlink: /home/jetson/slash_ws/install/ackermann_mux/share/ackermann_mux/local_setup.dsv
-- Symlinking: /home/jetson/slash_ws/install/ackermann_mux/share/ackermann_mux/package.dsv
-- Up-to-date symlink: /home/jetson/slash_ws/install/ackermann_mux/share/ament_index/resource_index/packages/ackermann_mux
-- Up-to-date symlink: /home/jetson/slash_ws/install/ackermann_mux/share/ackermann_mux/cmake/ament_cmake_export_include_directories-extras.cmake
-- Up-to-date symlink: /home/jetson/slash_ws/install/ackermann_mux/share/ackermann_mux/cmake/ament_cmake_export_dependencies-extras.cmake
-- Up-to-date symlink: /home/jetson/slash_ws/install/ackermann_mux/share/ackermann_mux/cmake/ackermann_muxConfig.cmake
-- Up-to-date symlink: /home/jetson/slash_ws/install/ackermann_mux/share/ackermann_mux/cmake/ackermann_muxConfig-version.cmake
-- Up-to-date symlink: /home/jetson/slash_ws/install/ackermann_mux/share/ackermann_mux/package.xml
