[0.185s] Invoking command in '/home/jetson/slash_ws/build/pointcloud_to_laserscan': CMAKE_PREFIX_PATH=${CMAKE_PREFIX_PATH}:/home/jetson/slash_ws/install/f1tenth_stack:/home/jetson/slash_ws/install/twist_to_ackermann:/home/jetson/slash_ws/install/joy_teleop:/home/jetson/slash_ws/install/mouse_teleop:/home/jetson/slash_ws/install/key_teleop:/opt/ros/foxy /usr/bin/cmake --build /home/jetson/slash_ws/build/pointcloud_to_laserscan -- -j8 -l8
[0.361s] [ 20%] Built target laserscan_to_pointcloud_node
[0.388s] [ 40%] Built target laserscan_to_pointcloud
[0.389s] [ 60%] Built target pointcloud_to_laserscan_node
[0.517s] [ 80%] Built target pointcloud_to_laserscan
[0.631s] [100%] Built target dummy_pointcloud_publisher
[1.171s] Invoked command in '/home/jetson/slash_ws/build/pointcloud_to_laserscan' returned '0': CMAKE_PREFIX_PATH=${CMAKE_PREFIX_PATH}:/home/jetson/slash_ws/install/f1tenth_stack:/home/jetson/slash_ws/install/twist_to_ackermann:/home/jetson/slash_ws/install/joy_teleop:/home/jetson/slash_ws/install/mouse_teleop:/home/jetson/slash_ws/install/key_teleop:/opt/ros/foxy /usr/bin/cmake --build /home/jetson/slash_ws/build/pointcloud_to_laserscan -- -j8 -l8
[1.392s] Invoking command in '/home/jetson/slash_ws/build/pointcloud_to_laserscan': CMAKE_PREFIX_PATH=${CMAKE_PREFIX_PATH}:/home/jetson/slash_ws/install/f1tenth_stack:/home/jetson/slash_ws/install/twist_to_ackermann:/home/jetson/slash_ws/install/joy_teleop:/home/jetson/slash_ws/install/mouse_teleop:/home/jetson/slash_ws/install/key_teleop:/opt/ros/foxy /usr/bin/cmake --install /home/jetson/slash_ws/build/pointcloud_to_laserscan
[1.464s] -- Install configuration: ""
[1.465s] -- Execute custom install script
[1.465s] -- Up-to-date symlink: /home/jetson/slash_ws/install/pointcloud_to_laserscan/lib/pointcloud_to_laserscan/laserscan_to_pointcloud_node
[1.465s] -- Up-to-date symlink: /home/jetson/slash_ws/install/pointcloud_to_laserscan/lib/pointcloud_to_laserscan/pointcloud_to_laserscan_node
[1.465s] -- Up-to-date symlink: /home/jetson/slash_ws/install/pointcloud_to_laserscan/include/pointcloud_to_laserscan/laserscan_to_pointcloud_node.hpp
[1.465s] -- Up-to-date symlink: /home/jetson/slash_ws/install/pointcloud_to_laserscan/include/pointcloud_to_laserscan/pointcloud_to_laserscan_node.hpp
[1.465s] -- Up-to-date symlink: /home/jetson/slash_ws/install/pointcloud_to_laserscan/include/pointcloud_to_laserscan/visibility_control.h
[1.465s] -- Up-to-date symlink: /home/jetson/slash_ws/install/pointcloud_to_laserscan/share/pointcloud_to_laserscan/environment/library_path.sh
[1.465s] -- Up-to-date symlink: /home/jetson/slash_ws/install/pointcloud_to_laserscan/share/pointcloud_to_laserscan/environment/library_path.dsv
[1.466s] -- Up-to-date symlink: /home/jetson/slash_ws/install/pointcloud_to_laserscan/lib/liblaserscan_to_pointcloud.so
[1.466s] -- Up-to-date symlink: /home/jetson/slash_ws/install/pointcloud_to_laserscan/lib/libpointcloud_to_laserscan.so
[1.466s] -- Up-to-date symlink: /home/jetson/slash_ws/install/pointcloud_to_laserscan/lib/pointcloud_to_laserscan/dummy_pointcloud_publisher
[1.466s] -- Up-to-date symlink: /home/jetson/slash_ws/install/pointcloud_to_laserscan/share/pointcloud_to_laserscan/launch/pointcloud_to_laserscan_launch.py
[1.466s] -- Up-to-date symlink: /home/jetson/slash_ws/install/pointcloud_to_laserscan/share/pointcloud_to_laserscan/launch/sample_laserscan_to_pointcloud_launch.py
[1.466s] -- Up-to-date symlink: /home/jetson/slash_ws/install/pointcloud_to_laserscan/share/pointcloud_to_laserscan/launch/sample_pointcloud_to_laserscan_launch.py
[1.466s] -- Up-to-date symlink: /home/jetson/slash_ws/install/pointcloud_to_laserscan/share/ament_index/resource_index/package_run_dependencies/pointcloud_to_laserscan
[1.466s] -- Up-to-date symlink: /home/jetson/slash_ws/install/pointcloud_to_laserscan/share/ament_index/resource_index/parent_prefix_path/pointcloud_to_laserscan
[1.466s] -- Up-to-date symlink: /home/jetson/slash_ws/install/pointcloud_to_laserscan/share/pointcloud_to_laserscan/environment/ament_prefix_path.sh
[1.466s] -- Up-to-date symlink: /home/jetson/slash_ws/install/pointcloud_to_laserscan/share/pointcloud_to_laserscan/environment/ament_prefix_path.dsv
[1.467s] -- Up-to-date symlink: /home/jetson/slash_ws/install/pointcloud_to_laserscan/share/pointcloud_to_laserscan/environment/path.sh
[1.467s] -- Up-to-date symlink: /home/jetson/slash_ws/install/pointcloud_to_laserscan/share/pointcloud_to_laserscan/environment/path.dsv
[1.467s] -- Up-to-date symlink: /home/jetson/slash_ws/install/pointcloud_to_laserscan/share/pointcloud_to_laserscan/local_setup.bash
[1.467s] -- Up-to-date symlink: /home/jetson/slash_ws/install/pointcloud_to_laserscan/share/pointcloud_to_laserscan/local_setup.sh
[1.467s] -- Up-to-date symlink: /home/jetson/slash_ws/install/pointcloud_to_laserscan/share/pointcloud_to_laserscan/local_setup.zsh
[1.467s] -- Up-to-date symlink: /home/jetson/slash_ws/install/pointcloud_to_laserscan/share/pointcloud_to_laserscan/local_setup.dsv
[1.467s] -- Symlinking: /home/jetson/slash_ws/install/pointcloud_to_laserscan/share/pointcloud_to_laserscan/package.dsv
[1.520s] -- Up-to-date symlink: /home/jetson/slash_ws/install/pointcloud_to_laserscan/share/ament_index/resource_index/packages/pointcloud_to_laserscan
[1.520s] -- Up-to-date symlink: /home/jetson/slash_ws/install/pointcloud_to_laserscan/share/ament_index/resource_index/rclcpp_components/pointcloud_to_laserscan
[1.521s] -- Up-to-date symlink: /home/jetson/slash_ws/install/pointcloud_to_laserscan/share/pointcloud_to_laserscan/cmake/ament_cmake_export_dependencies-extras.cmake
[1.521s] -- Up-to-date symlink: /home/jetson/slash_ws/install/pointcloud_to_laserscan/share/pointcloud_to_laserscan/cmake/ament_cmake_export_include_directories-extras.cmake
[1.521s] -- Up-to-date symlink: /home/jetson/slash_ws/install/pointcloud_to_laserscan/share/pointcloud_to_laserscan/cmake/ament_cmake_export_libraries-extras.cmake
[1.521s] -- Up-to-date symlink: /home/jetson/slash_ws/install/pointcloud_to_laserscan/share/pointcloud_to_laserscan/cmake/pointcloud_to_laserscanConfig.cmake
[1.522s] -- Up-to-date symlink: /home/jetson/slash_ws/install/pointcloud_to_laserscan/share/pointcloud_to_laserscan/cmake/pointcloud_to_laserscanConfig-version.cmake
[1.522s] -- Up-to-date symlink: /home/jetson/slash_ws/install/pointcloud_to_laserscan/share/pointcloud_to_laserscan/package.xml
[1.560s] Invoked command in '/home/jetson/slash_ws/build/pointcloud_to_laserscan' returned '0': CMAKE_PREFIX_PATH=${CMAKE_PREFIX_PATH}:/home/jetson/slash_ws/install/f1tenth_stack:/home/jetson/slash_ws/install/twist_to_ackermann:/home/jetson/slash_ws/install/joy_teleop:/home/jetson/slash_ws/install/mouse_teleop:/home/jetson/slash_ws/install/key_teleop:/opt/ros/foxy /usr/bin/cmake --install /home/jetson/slash_ws/build/pointcloud_to_laserscan
