[0.127s] Invoking command in '/home/jetson/slash_ws/build/costmap_converter': AMENT_PREFIX_PATH=/home/jetson/slash_ws/install/costmap_converter_msgs:${AMENT_PREFIX_PATH} CMAKE_PREFIX_PATH=/home/jetson/slash_ws/install/costmap_converter_msgs:/opt/ros/foxy LD_LIBRARY_PATH=/home/jetson/slash_ws/install/costmap_converter_msgs/lib:/usr/lib/aarch64-linux-gnu/gazebo-11/plugins:/opt/ros/foxy/opt/yaml_cpp_vendor/lib:/opt/ros/foxy/opt/rviz_ogre_vendor/lib:/opt/ros/foxy/lib/aarch64-linux-gnu:/opt/ros/foxy/lib:/usr/local/cuda-11.4/lib64 PYTHONPATH=/home/jetson/slash_ws/install/costmap_converter_msgs/lib/python3.8/site-packages:${PYTHONPATH} /usr/bin/cmake /home/jetson/slash_ws/src/slash_navigation/costmap_converter/costmap_converter -DAMENT_CMAKE_SYMLINK_INSTALL=1 -DCMAKE_INSTALL_PREFIX=/home/jetson/slash_ws/install/costmap_converter
[0.481s] -- The C compiler identification is GNU 9.4.0
[0.672s] -- The CXX compiler identification is GNU 9.4.0
[0.680s] -- Check for working C compiler: /usr/bin/cc
[1.185s] -- Check for working C compiler: /usr/bin/cc -- works
[1.187s] -- Detecting C compiler ABI info
[1.611s] -- Detecting C compiler ABI info - done
[1.635s] -- Detecting C compile features
[1.635s] -- Detecting C compile features - done
[1.639s] -- Check for working CXX compiler: /usr/bin/c++
[2.213s] -- Check for working CXX compiler: /usr/bin/c++ -- works
[2.215s] -- Detecting CXX compiler ABI info
[2.625s] -- Detecting CXX compiler ABI info - done
[2.642s] -- Detecting CXX compile features
[2.643s] -- Detecting CXX compile features - done
[2.661s] -- Found ament_cmake: 0.9.12 (/opt/ros/foxy/share/ament_cmake/cmake)
[2.779s] -- Found PythonInterp: /usr/bin/python3 (found suitable version "3.8.10", minimum required is "3") 
[2.779s] -- Using PYTHON_EXECUTABLE: /usr/bin/python3
[3.570s] -- Override CMake install command with custom implementation using symlinks instead of copying resources
[3.691s] -- Found class_loader: 2.0.3 (/opt/ros/foxy/share/class_loader/cmake)
[3.788s] -- Found costmap_converter_msgs: 0.1.2 (/home/jetson/slash_ws/install/costmap_converter_msgs/share/costmap_converter_msgs/cmake)
[3.854s] -- Using all available rosidl_typesupport_c: rosidl_typesupport_fastrtps_c;rosidl_typesupport_introspection_c
[3.866s] -- Found rosidl_adapter: 1.3.1 (/opt/ros/foxy/share/rosidl_adapter/cmake)
[4.474s] -- Found OpenSSL: /usr/lib/aarch64-linux-gnu/libcrypto.so (found version "1.1.1f")  
[4.596s] -- Found FastRTPS: /opt/ros/foxy/include  
[4.897s] -- Using all available rosidl_typesupport_cpp: rosidl_typesupport_fastrtps_cpp;rosidl_typesupport_introspection_cpp
[5.462s] -- Found cv_bridge: 3.0.7 (/opt/ros/foxy/share/cv_bridge/cmake)
[5.675s] -- Found nav2_costmap_2d: 0.4.7 (/opt/ros/foxy/share/nav2_costmap_2d/cmake)
[6.928s] -- Found rmw_implementation_cmake: 1.0.4 (/opt/ros/foxy/share/rmw_implementation_cmake/cmake)
[6.931s] -- Using RMW implementation 'rmw_fastrtps_cpp' as default
[6.934s] -- Looking for pthread.h
[7.351s] -- Looking for pthread.h - found
[7.352s] -- Performing Test CMAKE_HAVE_LIBC_PTHREAD
[7.730s] -- Performing Test CMAKE_HAVE_LIBC_PTHREAD - Failed
[7.730s] -- Looking for pthread_create in pthreads
[8.108s] -- Looking for pthread_create in pthreads - not found
[8.108s] -- Looking for pthread_create in pthread
[8.530s] -- Looking for pthread_create in pthread - found
[8.532s] -- Found Threads: TRUE  
[9.952s] -- Found Eigen3: TRUE (found version "3.3.7") 
[11.493s] -- Found OpenCV: /usr (found version "4.5.4") 
[13.084s] -- Found ament_cmake_gtest: 0.9.12 (/opt/ros/foxy/share/ament_cmake_gtest/cmake)
[13.090s] -- Found gtest sources under '/opt/ros/foxy/src/gtest_vendor': C++ tests using 'Google Test' will be built
[13.098s] -- Check if compiler accepts -pthread
[13.334s] -- Check if compiler accepts -pthread - yes
[14.418s] -- Configuring done
[14.831s] -- Generating done
[14.837s] -- Build files have been written to: /home/jetson/slash_ws/build/costmap_converter
[14.889s] Invoked command in '/home/jetson/slash_ws/build/costmap_converter' returned '0': AMENT_PREFIX_PATH=/home/jetson/slash_ws/install/costmap_converter_msgs:${AMENT_PREFIX_PATH} CMAKE_PREFIX_PATH=/home/jetson/slash_ws/install/costmap_converter_msgs:/opt/ros/foxy LD_LIBRARY_PATH=/home/jetson/slash_ws/install/costmap_converter_msgs/lib:/usr/lib/aarch64-linux-gnu/gazebo-11/plugins:/opt/ros/foxy/opt/yaml_cpp_vendor/lib:/opt/ros/foxy/opt/rviz_ogre_vendor/lib:/opt/ros/foxy/lib/aarch64-linux-gnu:/opt/ros/foxy/lib:/usr/local/cuda-11.4/lib64 PYTHONPATH=/home/jetson/slash_ws/install/costmap_converter_msgs/lib/python3.8/site-packages:${PYTHONPATH} /usr/bin/cmake /home/jetson/slash_ws/src/slash_navigation/costmap_converter/costmap_converter -DAMENT_CMAKE_SYMLINK_INSTALL=1 -DCMAKE_INSTALL_PREFIX=/home/jetson/slash_ws/install/costmap_converter
[14.890s] Invoking command in '/home/jetson/slash_ws/build/costmap_converter': AMENT_PREFIX_PATH=/home/jetson/slash_ws/install/costmap_converter_msgs:${AMENT_PREFIX_PATH} CMAKE_PREFIX_PATH=/home/jetson/slash_ws/install/costmap_converter_msgs:/opt/ros/foxy LD_LIBRARY_PATH=/home/jetson/slash_ws/install/costmap_converter_msgs/lib:/usr/lib/aarch64-linux-gnu/gazebo-11/plugins:/opt/ros/foxy/opt/yaml_cpp_vendor/lib:/opt/ros/foxy/opt/rviz_ogre_vendor/lib:/opt/ros/foxy/lib/aarch64-linux-gnu:/opt/ros/foxy/lib:/usr/local/cuda-11.4/lib64 PYTHONPATH=/home/jetson/slash_ws/install/costmap_converter_msgs/lib/python3.8/site-packages:${PYTHONPATH} /usr/bin/cmake --build /home/jetson/slash_ws/build/costmap_converter -- -j8 -l8
[15.718s] [35m[1mScanning dependencies of target costmap_converter[0m
[15.718s] [  5%] [32mBuilding CXX object CMakeFiles/costmap_converter.dir/src/costmap_to_polygons.cpp.o[0m
[28.556s] [ 10%] [32mBuilding CXX object CMakeFiles/costmap_converter.dir/src/costmap_to_dynamic_obstacles/background_subtractor.cpp.o[0m
[30.883s] [ 15%] [32mBuilding CXX object CMakeFiles/costmap_converter.dir/src/costmap_to_dynamic_obstacles/blob_detector.cpp.o[0m
[32.906s] [ 21%] [32mBuilding CXX object CMakeFiles/costmap_converter.dir/src/costmap_to_dynamic_obstacles/multitarget_tracker/Ctracker.cpp.o[0m
[34.952s] [ 26%] [32mBuilding CXX object CMakeFiles/costmap_converter.dir/src/costmap_to_dynamic_obstacles/costmap_to_dynamic_obstacles.cpp.o[0m
[37.040s] [ 31%] [32mBuilding CXX object CMakeFiles/costmap_converter.dir/src/costmap_to_lines_ransac.cpp.o[0m
[37.282s] [ 36%] [32mBuilding CXX object CMakeFiles/costmap_converter.dir/src/costmap_to_lines_convex_hull.cpp.o[0m
[69.398s] [ 52%] [32mBuilding CXX object CMakeFiles/costmap_converter.dir/src/costmap_to_dynamic_obstacles/multitarget_tracker/Kalman.cpp.o[0m
[69.398s] [ 52%] [32mBuilding CXX object CMakeFiles/costmap_converter.dir/src/costmap_to_polygons_concave.cpp.o[0m
[69.398s] [ 52%] [32mBuilding CXX object CMakeFiles/costmap_converter.dir/src/costmap_to_dynamic_obstacles/multitarget_tracker/HungarianAlg.cpp.o[0m
[79.491s] [ 57%] [32m[1mLinking CXX shared library libcostmap_converter.so[0m
[79.982s] [ 57%] Built target costmap_converter
[80.000s] [35m[1mScanning dependencies of target gtest[0m
[80.000s] [35m[1mScanning dependencies of target gtest_main[0m
[80.000s] [35m[1mScanning dependencies of target standalone_converter[0m
[80.029s] [ 68%] [32mBuilding CXX object gtest/CMakeFiles/gtest.dir/src/gtest-all.cc.o[0m
[80.030s] [ 68%] [32mBuilding CXX object gtest/CMakeFiles/gtest_main.dir/src/gtest_main.cc.o[0m
[80.087s] [ 73%] [32mBuilding CXX object CMakeFiles/standalone_converter.dir/src/costmap_converter_node.cpp.o[0m
[81.345s] [ 78%] [32m[1mLinking CXX static library libgtest_main.a[0m
[81.410s] [ 78%] Built target gtest_main
[94.467s] [ 84%] [32m[1mLinking CXX static library libgtest.a[0m
[94.533s] [ 84%] Built target gtest
[94.554s] [35m[1mScanning dependencies of target test_costmap_polygons[0m
[94.666s] [ 89%] [32mBuilding CXX object CMakeFiles/test_costmap_polygons.dir/test/costmap_polygons.cpp.o[0m
[102.102s] [ 94%] [32m[1mLinking CXX executable standalone_converter[0m
[102.555s] [ 94%] Built target standalone_converter
[105.915s] [100%] [32m[1mLinking CXX executable test_costmap_polygons[0m
[106.974s] [100%] Built target test_costmap_polygons
[106.998s] Invoked command in '/home/jetson/slash_ws/build/costmap_converter' returned '0': AMENT_PREFIX_PATH=/home/jetson/slash_ws/install/costmap_converter_msgs:${AMENT_PREFIX_PATH} CMAKE_PREFIX_PATH=/home/jetson/slash_ws/install/costmap_converter_msgs:/opt/ros/foxy LD_LIBRARY_PATH=/home/jetson/slash_ws/install/costmap_converter_msgs/lib:/usr/lib/aarch64-linux-gnu/gazebo-11/plugins:/opt/ros/foxy/opt/yaml_cpp_vendor/lib:/opt/ros/foxy/opt/rviz_ogre_vendor/lib:/opt/ros/foxy/lib/aarch64-linux-gnu:/opt/ros/foxy/lib:/usr/local/cuda-11.4/lib64 PYTHONPATH=/home/jetson/slash_ws/install/costmap_converter_msgs/lib/python3.8/site-packages:${PYTHONPATH} /usr/bin/cmake --build /home/jetson/slash_ws/build/costmap_converter -- -j8 -l8
[107.069s] Invoking command in '/home/jetson/slash_ws/build/costmap_converter': AMENT_PREFIX_PATH=/home/jetson/slash_ws/install/costmap_converter_msgs:${AMENT_PREFIX_PATH} CMAKE_PREFIX_PATH=/home/jetson/slash_ws/install/costmap_converter_msgs:/opt/ros/foxy LD_LIBRARY_PATH=/home/jetson/slash_ws/install/costmap_converter_msgs/lib:/usr/lib/aarch64-linux-gnu/gazebo-11/plugins:/opt/ros/foxy/opt/yaml_cpp_vendor/lib:/opt/ros/foxy/opt/rviz_ogre_vendor/lib:/opt/ros/foxy/lib/aarch64-linux-gnu:/opt/ros/foxy/lib:/usr/local/cuda-11.4/lib64 PYTHONPATH=/home/jetson/slash_ws/install/costmap_converter_msgs/lib/python3.8/site-packages:${PYTHONPATH} /usr/bin/cmake --install /home/jetson/slash_ws/build/costmap_converter
[107.085s] -- Install configuration: "Release"
[107.085s] -- Execute custom install script
[107.086s] -- Symlinking: /home/jetson/slash_ws/install/costmap_converter/lib/libcostmap_converter.so
[107.102s] -- Symlinking: /home/jetson/slash_ws/install/costmap_converter/bin/standalone_converter
[107.119s] -- Symlinking: /home/jetson/slash_ws/install/costmap_converter/include//costmap_converter/costmap_converter_interface.h
[107.135s] -- Symlinking: /home/jetson/slash_ws/install/costmap_converter/include//costmap_converter/costmap_to_dynamic_obstacles/background_subtractor.h
[107.151s] -- Symlinking: /home/jetson/slash_ws/install/costmap_converter/include//costmap_converter/costmap_to_dynamic_obstacles/blob_detector.h
[107.167s] -- Symlinking: /home/jetson/slash_ws/install/costmap_converter/include//costmap_converter/costmap_to_dynamic_obstacles/costmap_to_dynamic_obstacles.h
[107.183s] -- Symlinking: /home/jetson/slash_ws/install/costmap_converter/include//costmap_converter/costmap_to_dynamic_obstacles/multitarget_tracker/Ctracker.h
[107.199s] -- Symlinking: /home/jetson/slash_ws/install/costmap_converter/include//costmap_converter/costmap_to_dynamic_obstacles/multitarget_tracker/HungarianAlg.h
[107.216s] -- Symlinking: /home/jetson/slash_ws/install/costmap_converter/include//costmap_converter/costmap_to_dynamic_obstacles/multitarget_tracker/Kalman.h
[107.231s] -- Symlinking: /home/jetson/slash_ws/install/costmap_converter/include//costmap_converter/costmap_to_dynamic_obstacles/multitarget_tracker/README.md
[107.246s] -- Symlinking: /home/jetson/slash_ws/install/costmap_converter/include//costmap_converter/costmap_to_dynamic_obstacles/multitarget_tracker/defines.h
[107.261s] -- Symlinking: /home/jetson/slash_ws/install/costmap_converter/include//costmap_converter/costmap_to_lines_convex_hull.h
[107.277s] -- Symlinking: /home/jetson/slash_ws/install/costmap_converter/include//costmap_converter/costmap_to_lines_ransac.h
[107.294s] -- Symlinking: /home/jetson/slash_ws/install/costmap_converter/include//costmap_converter/costmap_to_polygons.h
[107.309s] -- Symlinking: /home/jetson/slash_ws/install/costmap_converter/include//costmap_converter/costmap_to_polygons_concave.h
[107.325s] -- Symlinking: /home/jetson/slash_ws/install/costmap_converter/include//costmap_converter/misc.h
[107.342s] -- Symlinking: /home/jetson/slash_ws/install/costmap_converter/share/costmap_converter/environment/library_path.sh
[107.358s] -- Symlinking: /home/jetson/slash_ws/install/costmap_converter/share/costmap_converter/environment/library_path.dsv
[107.373s] -- Symlinking: /home/jetson/slash_ws/install/costmap_converter/share/costmap_converter//costmap_converter_plugins.xml
[107.390s] -- Symlinking: /home/jetson/slash_ws/install/costmap_converter/share/ament_index/resource_index/package_run_dependencies/costmap_converter
[107.405s] -- Symlinking: /home/jetson/slash_ws/install/costmap_converter/share/ament_index/resource_index/parent_prefix_path/costmap_converter
[107.421s] -- Symlinking: /home/jetson/slash_ws/install/costmap_converter/share/costmap_converter/environment/ament_prefix_path.sh
[107.438s] -- Symlinking: /home/jetson/slash_ws/install/costmap_converter/share/costmap_converter/environment/ament_prefix_path.dsv
[107.453s] -- Symlinking: /home/jetson/slash_ws/install/costmap_converter/share/costmap_converter/environment/path.sh
[107.470s] -- Symlinking: /home/jetson/slash_ws/install/costmap_converter/share/costmap_converter/environment/path.dsv
[107.486s] -- Symlinking: /home/jetson/slash_ws/install/costmap_converter/share/costmap_converter/local_setup.bash
[107.502s] -- Symlinking: /home/jetson/slash_ws/install/costmap_converter/share/costmap_converter/local_setup.sh
[107.518s] -- Symlinking: /home/jetson/slash_ws/install/costmap_converter/share/costmap_converter/local_setup.zsh
[107.534s] -- Symlinking: /home/jetson/slash_ws/install/costmap_converter/share/costmap_converter/local_setup.dsv
[107.549s] -- Symlinking: /home/jetson/slash_ws/install/costmap_converter/share/costmap_converter/package.dsv
[107.566s] -- Symlinking: /home/jetson/slash_ws/install/costmap_converter/share/ament_index/resource_index/packages/costmap_converter
[107.582s] -- Symlinking: /home/jetson/slash_ws/install/costmap_converter/share/ament_index/resource_index/costmap_converter__pluginlib__plugin/costmap_converter
[107.598s] -- Symlinking: /home/jetson/slash_ws/install/costmap_converter/share/costmap_converter/cmake/ament_cmake_export_include_directories-extras.cmake
[107.614s] -- Symlinking: /home/jetson/slash_ws/install/costmap_converter/share/costmap_converter/cmake/ament_cmake_export_libraries-extras.cmake
[107.628s] -- Symlinking: /home/jetson/slash_ws/install/costmap_converter/share/costmap_converter/cmake/ament_cmake_export_dependencies-extras.cmake
[107.646s] -- Symlinking: /home/jetson/slash_ws/install/costmap_converter/share/costmap_converter/cmake/costmap_converterConfig.cmake
[107.662s] -- Symlinking: /home/jetson/slash_ws/install/costmap_converter/share/costmap_converter/cmake/costmap_converterConfig-version.cmake
[107.677s] -- Symlinking: /home/jetson/slash_ws/install/costmap_converter/share/costmap_converter/package.xml
[107.702s] Invoked command in '/home/jetson/slash_ws/build/costmap_converter' returned '0': AMENT_PREFIX_PATH=/home/jetson/slash_ws/install/costmap_converter_msgs:${AMENT_PREFIX_PATH} CMAKE_PREFIX_PATH=/home/jetson/slash_ws/install/costmap_converter_msgs:/opt/ros/foxy LD_LIBRARY_PATH=/home/jetson/slash_ws/install/costmap_converter_msgs/lib:/usr/lib/aarch64-linux-gnu/gazebo-11/plugins:/opt/ros/foxy/opt/yaml_cpp_vendor/lib:/opt/ros/foxy/opt/rviz_ogre_vendor/lib:/opt/ros/foxy/lib/aarch64-linux-gnu:/opt/ros/foxy/lib:/usr/local/cuda-11.4/lib64 PYTHONPATH=/home/jetson/slash_ws/install/costmap_converter_msgs/lib/python3.8/site-packages:${PYTHONPATH} /usr/bin/cmake --install /home/jetson/slash_ws/build/costmap_converter
