[0.050s] Invoking command in '/home/jetson/slash_ws/build/vesc_ackermann': AMENT_PREFIX_PATH=/home/jetson/slash_ws/install/vesc_msgs:${AMENT_PREFIX_PATH} CMAKE_PREFIX_PATH=/home/jetson/slash_ws/install/vesc_msgs:/opt/ros/foxy LD_LIBRARY_PATH=/home/jetson/slash_ws/install/vesc_msgs/lib:/usr/lib/aarch64-linux-gnu/gazebo-11/plugins:/opt/ros/foxy/opt/yaml_cpp_vendor/lib:/opt/ros/foxy/opt/rviz_ogre_vendor/lib:/opt/ros/foxy/lib/aarch64-linux-gnu:/opt/ros/foxy/lib:/usr/local/cuda-11.4/lib64 PYTHONPATH=/home/jetson/slash_ws/install/vesc_msgs/lib/python3.8/site-packages:${PYTHONPATH} /usr/bin/cmake /home/jetson/slash_ws/src/slash_hardware/f1tenth_system/vesc/vesc_ackermann -DAMENT_CMAKE_SYMLINK_INSTALL=1 -DCMAKE_INSTALL_PREFIX=/home/jetson/slash_ws/install/vesc_ackermann
[0.088s] -- Found ament_cmake_auto: 0.9.12 (/opt/ros/foxy/share/ament_cmake_auto/cmake)
[0.140s] -- Using PYTHON_EXECUTABLE: /usr/bin/python3
[0.481s] -- Override CMake install command with custom implementation using symlinks instead of copying resources
[0.619s] -- Using all available rosidl_typesupport_c: rosidl_typesupport_fastrtps_c;rosidl_typesupport_introspection_c
[0.624s] -- Found rosidl_adapter: 1.3.1 (/opt/ros/foxy/share/rosidl_adapter/cmake)
[0.815s] -- Using all available rosidl_typesupport_cpp: rosidl_typesupport_fastrtps_cpp;rosidl_typesupport_introspection_cpp
[1.123s] -- Found rmw_implementation_cmake: 1.0.4 (/opt/ros/foxy/share/rmw_implementation_cmake/cmake)
[1.125s] -- Using RMW implementation 'rmw_fastrtps_cpp' as default
[1.882s] -- Found ament_lint_auto: 0.9.8 (/opt/ros/foxy/share/ament_lint_auto/cmake)
[1.904s] -- Added test 'copyright' to check source files copyright and LICENSE
[1.906s] -- Added test 'cppcheck' to perform static code analysis on C / C++ code
[1.907s] -- Configured cppcheck include dirs: /home/jetson/slash_ws/src/slash_hardware/f1tenth_system/vesc/vesc_ackermann/include
[1.907s] -- Configured cppcheck exclude dirs and/or files: 
[1.908s] -- Added test 'cpplint' to check C / C++ code against the Google style
[1.908s] -- Configured cpplint exclude dirs and/or files: 
[1.909s] -- Added test 'lint_cmake' to check CMake code style
[1.911s] -- Added test 'uncrustify' to check C / C++ code style
[1.911s] -- Configured uncrustify additional arguments: 
[1.911s] -- Added test 'xmllint' to check XML markup files
[1.922s] -- Configuring done
[1.961s] -- Generating done
[1.964s] -- Build files have been written to: /home/jetson/slash_ws/build/vesc_ackermann
[1.984s] Invoked command in '/home/jetson/slash_ws/build/vesc_ackermann' returned '0': AMENT_PREFIX_PATH=/home/jetson/slash_ws/install/vesc_msgs:${AMENT_PREFIX_PATH} CMAKE_PREFIX_PATH=/home/jetson/slash_ws/install/vesc_msgs:/opt/ros/foxy LD_LIBRARY_PATH=/home/jetson/slash_ws/install/vesc_msgs/lib:/usr/lib/aarch64-linux-gnu/gazebo-11/plugins:/opt/ros/foxy/opt/yaml_cpp_vendor/lib:/opt/ros/foxy/opt/rviz_ogre_vendor/lib:/opt/ros/foxy/lib/aarch64-linux-gnu:/opt/ros/foxy/lib:/usr/local/cuda-11.4/lib64 PYTHONPATH=/home/jetson/slash_ws/install/vesc_msgs/lib/python3.8/site-packages:${PYTHONPATH} /usr/bin/cmake /home/jetson/slash_ws/src/slash_hardware/f1tenth_system/vesc/vesc_ackermann -DAMENT_CMAKE_SYMLINK_INSTALL=1 -DCMAKE_INSTALL_PREFIX=/home/jetson/slash_ws/install/vesc_ackermann
[1.990s] Invoking command in '/home/jetson/slash_ws/build/vesc_ackermann': AMENT_PREFIX_PATH=/home/jetson/slash_ws/install/vesc_msgs:${AMENT_PREFIX_PATH} CMAKE_PREFIX_PATH=/home/jetson/slash_ws/install/vesc_msgs:/opt/ros/foxy LD_LIBRARY_PATH=/home/jetson/slash_ws/install/vesc_msgs/lib:/usr/lib/aarch64-linux-gnu/gazebo-11/plugins:/opt/ros/foxy/opt/yaml_cpp_vendor/lib:/opt/ros/foxy/opt/rviz_ogre_vendor/lib:/opt/ros/foxy/lib/aarch64-linux-gnu:/opt/ros/foxy/lib:/usr/local/cuda-11.4/lib64 PYTHONPATH=/home/jetson/slash_ws/install/vesc_msgs/lib/python3.8/site-packages:${PYTHONPATH} /usr/bin/cmake --build /home/jetson/slash_ws/build/vesc_ackermann -- -j8 -l8
[2.098s] [ 14%] [32m[1mLinking CXX executable ackermann_to_vesc_node[0m
[2.098s] [ 28%] [32m[1mLinking CXX executable vesc_to_odom_node[0m
[2.103s] [ 42%] [32m[1mLinking CXX shared library libvesc_ackermann.so[0m
[2.373s] [ 57%] Built target ackermann_to_vesc_node
[2.390s] [ 71%] Built target vesc_to_odom_node
[3.236s] [100%] Built target vesc_ackermann
[3.276s] Invoked command in '/home/jetson/slash_ws/build/vesc_ackermann' returned '0': AMENT_PREFIX_PATH=/home/jetson/slash_ws/install/vesc_msgs:${AMENT_PREFIX_PATH} CMAKE_PREFIX_PATH=/home/jetson/slash_ws/install/vesc_msgs:/opt/ros/foxy LD_LIBRARY_PATH=/home/jetson/slash_ws/install/vesc_msgs/lib:/usr/lib/aarch64-linux-gnu/gazebo-11/plugins:/opt/ros/foxy/opt/yaml_cpp_vendor/lib:/opt/ros/foxy/opt/rviz_ogre_vendor/lib:/opt/ros/foxy/lib/aarch64-linux-gnu:/opt/ros/foxy/lib:/usr/local/cuda-11.4/lib64 PYTHONPATH=/home/jetson/slash_ws/install/vesc_msgs/lib/python3.8/site-packages:${PYTHONPATH} /usr/bin/cmake --build /home/jetson/slash_ws/build/vesc_ackermann -- -j8 -l8
[3.340s] Invoking command in '/home/jetson/slash_ws/build/vesc_ackermann': AMENT_PREFIX_PATH=/home/jetson/slash_ws/install/vesc_msgs:${AMENT_PREFIX_PATH} CMAKE_PREFIX_PATH=/home/jetson/slash_ws/install/vesc_msgs:/opt/ros/foxy LD_LIBRARY_PATH=/home/jetson/slash_ws/install/vesc_msgs/lib:/usr/lib/aarch64-linux-gnu/gazebo-11/plugins:/opt/ros/foxy/opt/yaml_cpp_vendor/lib:/opt/ros/foxy/opt/rviz_ogre_vendor/lib:/opt/ros/foxy/lib/aarch64-linux-gnu:/opt/ros/foxy/lib:/usr/local/cuda-11.4/lib64 PYTHONPATH=/home/jetson/slash_ws/install/vesc_msgs/lib/python3.8/site-packages:${PYTHONPATH} /usr/bin/cmake --install /home/jetson/slash_ws/build/vesc_ackermann
[3.354s] -- Install configuration: ""
[3.355s] -- Execute custom install script
[3.356s] -- Symlinking: /home/jetson/slash_ws/install/vesc_ackermann/lib/vesc_ackermann/ackermann_to_vesc_node
[3.374s] -- Symlinking: /home/jetson/slash_ws/install/vesc_ackermann/lib/vesc_ackermann/vesc_to_odom_node
[3.399s] -- Symlinking: /home/jetson/slash_ws/install/vesc_ackermann/include/vesc_ackermann/ackermann_to_vesc.hpp
[3.412s] -- Symlinking: /home/jetson/slash_ws/install/vesc_ackermann/include/vesc_ackermann/vesc_to_odom.hpp
[3.431s] -- Symlinking: /home/jetson/slash_ws/install/vesc_ackermann/share/vesc_ackermann/environment/library_path.sh
[3.451s] -- Symlinking: /home/jetson/slash_ws/install/vesc_ackermann/share/vesc_ackermann/environment/library_path.dsv
[3.472s] -- Symlinking: /home/jetson/slash_ws/install/vesc_ackermann/lib/libvesc_ackermann.so
[3.492s] -- Symlinking: /home/jetson/slash_ws/install/vesc_ackermann/share/vesc_ackermann/launch/ackermann_to_vesc_node.launch.xml
[3.510s] -- Symlinking: /home/jetson/slash_ws/install/vesc_ackermann/share/vesc_ackermann/launch/vesc_to_odom_node.launch.xml
[3.529s] -- Symlinking: /home/jetson/slash_ws/install/vesc_ackermann/share/ament_index/resource_index/package_run_dependencies/vesc_ackermann
[3.548s] -- Symlinking: /home/jetson/slash_ws/install/vesc_ackermann/share/ament_index/resource_index/parent_prefix_path/vesc_ackermann
[3.566s] -- Symlinking: /home/jetson/slash_ws/install/vesc_ackermann/share/vesc_ackermann/environment/ament_prefix_path.sh
[3.584s] -- Symlinking: /home/jetson/slash_ws/install/vesc_ackermann/share/vesc_ackermann/environment/ament_prefix_path.dsv
[3.602s] -- Symlinking: /home/jetson/slash_ws/install/vesc_ackermann/share/vesc_ackermann/environment/path.sh
[3.621s] -- Symlinking: /home/jetson/slash_ws/install/vesc_ackermann/share/vesc_ackermann/environment/path.dsv
[3.640s] -- Symlinking: /home/jetson/slash_ws/install/vesc_ackermann/share/vesc_ackermann/local_setup.bash
[3.658s] -- Symlinking: /home/jetson/slash_ws/install/vesc_ackermann/share/vesc_ackermann/local_setup.sh
[3.674s] -- Symlinking: /home/jetson/slash_ws/install/vesc_ackermann/share/vesc_ackermann/local_setup.zsh
[3.691s] -- Symlinking: /home/jetson/slash_ws/install/vesc_ackermann/share/vesc_ackermann/local_setup.dsv
[3.706s] -- Symlinking: /home/jetson/slash_ws/install/vesc_ackermann/share/vesc_ackermann/package.dsv
[3.723s] -- Symlinking: /home/jetson/slash_ws/install/vesc_ackermann/share/ament_index/resource_index/packages/vesc_ackermann
[3.741s] -- Symlinking: /home/jetson/slash_ws/install/vesc_ackermann/share/ament_index/resource_index/rclcpp_components/vesc_ackermann
[3.759s] -- Symlinking: /home/jetson/slash_ws/install/vesc_ackermann/share/vesc_ackermann/cmake/ament_cmake_export_dependencies-extras.cmake
[3.776s] -- Symlinking: /home/jetson/slash_ws/install/vesc_ackermann/share/vesc_ackermann/cmake/ament_cmake_export_include_directories-extras.cmake
[3.795s] -- Symlinking: /home/jetson/slash_ws/install/vesc_ackermann/share/vesc_ackermann/cmake/ament_cmake_export_libraries-extras.cmake
[3.812s] -- Symlinking: /home/jetson/slash_ws/install/vesc_ackermann/share/vesc_ackermann/cmake/vesc_ackermannConfig.cmake
[3.830s] -- Symlinking: /home/jetson/slash_ws/install/vesc_ackermann/share/vesc_ackermann/cmake/vesc_ackermannConfig-version.cmake
[3.846s] -- Symlinking: /home/jetson/slash_ws/install/vesc_ackermann/share/vesc_ackermann/package.xml
[3.868s] Invoked command in '/home/jetson/slash_ws/build/vesc_ackermann' returned '0': AMENT_PREFIX_PATH=/home/jetson/slash_ws/install/vesc_msgs:${AMENT_PREFIX_PATH} CMAKE_PREFIX_PATH=/home/jetson/slash_ws/install/vesc_msgs:/opt/ros/foxy LD_LIBRARY_PATH=/home/jetson/slash_ws/install/vesc_msgs/lib:/usr/lib/aarch64-linux-gnu/gazebo-11/plugins:/opt/ros/foxy/opt/yaml_cpp_vendor/lib:/opt/ros/foxy/opt/rviz_ogre_vendor/lib:/opt/ros/foxy/lib/aarch64-linux-gnu:/opt/ros/foxy/lib:/usr/local/cuda-11.4/lib64 PYTHONPATH=/home/jetson/slash_ws/install/vesc_msgs/lib/python3.8/site-packages:${PYTHONPATH} /usr/bin/cmake --install /home/jetson/slash_ws/build/vesc_ackermann
