[0.707s] Invoking command in '/home/jetson/slash_ws/build/linefit_ground_segmentation': CMAKE_PREFIX_PATH=${CMAKE_PREFIX_PATH}:/home/jetson/slash_ws/install/f1tenth_stack:/home/jetson/slash_ws/install/twist_to_ackermann:/home/jetson/slash_ws/install/joy_teleop:/home/jetson/slash_ws/install/mouse_teleop:/home/jetson/slash_ws/install/key_teleop:/opt/ros/foxy /usr/bin/cmake --build /home/jetson/slash_ws/build/linefit_ground_segmentation -- -j8 -l8
[1.274s] [100%] Built target linefit_ground_segmentation
[1.295s] Invoked command in '/home/jetson/slash_ws/build/linefit_ground_segmentation' returned '0': CMAKE_PREFIX_PATH=${CMAKE_PREFIX_PATH}:/home/jetson/slash_ws/install/f1tenth_stack:/home/jetson/slash_ws/install/twist_to_ackermann:/home/jetson/slash_ws/install/joy_teleop:/home/jetson/slash_ws/install/mouse_teleop:/home/jetson/slash_ws/install/key_teleop:/opt/ros/foxy /usr/bin/cmake --build /home/jetson/slash_ws/build/linefit_ground_segmentation -- -j8 -l8
[1.410s] Invoking command in '/home/jetson/slash_ws/build/linefit_ground_segmentation': CMAKE_PREFIX_PATH=${CMAKE_PREFIX_PATH}:/home/jetson/slash_ws/install/f1tenth_stack:/home/jetson/slash_ws/install/twist_to_ackermann:/home/jetson/slash_ws/install/joy_teleop:/home/jetson/slash_ws/install/mouse_teleop:/home/jetson/slash_ws/install/key_teleop:/opt/ros/foxy /usr/bin/cmake --install /home/jetson/slash_ws/build/linefit_ground_segmentation
[1.431s] -- Install configuration: ""
[1.432s] -- Execute custom install script
[1.435s] -- Up-to-date symlink: /home/jetson/slash_ws/install/linefit_ground_segmentation/include/ground_segmentation/bin.h
[1.435s] -- Up-to-date symlink: /home/jetson/slash_ws/install/linefit_ground_segmentation/include/ground_segmentation/ground_segmentation.h
[1.435s] -- Up-to-date symlink: /home/jetson/slash_ws/install/linefit_ground_segmentation/include/ground_segmentation/segment.h
[1.436s] -- Up-to-date symlink: /home/jetson/slash_ws/install/linefit_ground_segmentation/include/ground_segmentation/typedefs.h
[1.437s] -- Up-to-date symlink: /home/jetson/slash_ws/install/linefit_ground_segmentation/include/ground_segmentation/viewer.h
[1.437s] -- Up-to-date symlink: /home/jetson/slash_ws/install/linefit_ground_segmentation/share/linefit_ground_segmentation/environment/library_path.sh
[1.437s] -- Up-to-date symlink: /home/jetson/slash_ws/install/linefit_ground_segmentation/share/linefit_ground_segmentation/environment/library_path.dsv
[1.438s] -- Up-to-date symlink: /home/jetson/slash_ws/install/linefit_ground_segmentation/include/ground_segmentation/bin.h
[1.438s] -- Up-to-date symlink: /home/jetson/slash_ws/install/linefit_ground_segmentation/include/ground_segmentation/ground_segmentation.h
[1.439s] -- Up-to-date symlink: /home/jetson/slash_ws/install/linefit_ground_segmentation/include/ground_segmentation/segment.h
[1.440s] -- Up-to-date symlink: /home/jetson/slash_ws/install/linefit_ground_segmentation/include/ground_segmentation/typedefs.h
[1.440s] -- Up-to-date symlink: /home/jetson/slash_ws/install/linefit_ground_segmentation/include/ground_segmentation/viewer.h
[1.449s] -- Up-to-date symlink: /home/jetson/slash_ws/install/linefit_ground_segmentation/share/ament_index/resource_index/package_run_dependencies/linefit_ground_segmentation
[1.449s] -- Up-to-date symlink: /home/jetson/slash_ws/install/linefit_ground_segmentation/share/ament_index/resource_index/parent_prefix_path/linefit_ground_segmentation
[1.450s] -- Up-to-date symlink: /home/jetson/slash_ws/install/linefit_ground_segmentation/share/linefit_ground_segmentation/environment/ament_prefix_path.sh
[1.451s] -- Up-to-date symlink: /home/jetson/slash_ws/install/linefit_ground_segmentation/share/linefit_ground_segmentation/environment/ament_prefix_path.dsv
[1.451s] -- Up-to-date symlink: /home/jetson/slash_ws/install/linefit_ground_segmentation/share/linefit_ground_segmentation/environment/path.sh
[1.451s] -- Up-to-date symlink: /home/jetson/slash_ws/install/linefit_ground_segmentation/share/linefit_ground_segmentation/environment/path.dsv
[1.451s] -- Up-to-date symlink: /home/jetson/slash_ws/install/linefit_ground_segmentation/share/linefit_ground_segmentation/local_setup.bash
[1.451s] -- Up-to-date symlink: /home/jetson/slash_ws/install/linefit_ground_segmentation/share/linefit_ground_segmentation/local_setup.sh
[1.451s] -- Up-to-date symlink: /home/jetson/slash_ws/install/linefit_ground_segmentation/share/linefit_ground_segmentation/local_setup.zsh
[1.452s] -- Up-to-date symlink: /home/jetson/slash_ws/install/linefit_ground_segmentation/share/linefit_ground_segmentation/local_setup.dsv
[1.452s] -- Symlinking: /home/jetson/slash_ws/install/linefit_ground_segmentation/share/linefit_ground_segmentation/package.dsv
[1.468s] -- Up-to-date symlink: /home/jetson/slash_ws/install/linefit_ground_segmentation/share/ament_index/resource_index/packages/linefit_ground_segmentation
[1.468s] -- Up-to-date symlink: /home/jetson/slash_ws/install/linefit_ground_segmentation/share/linefit_ground_segmentation/cmake/ament_cmake_export_targets-extras.cmake
[1.469s] -- Up-to-date symlink: /home/jetson/slash_ws/install/linefit_ground_segmentation/share/linefit_ground_segmentation/cmake/ament_cmake_export_dependencies-extras.cmake
[1.469s] -- Up-to-date symlink: /home/jetson/slash_ws/install/linefit_ground_segmentation/share/linefit_ground_segmentation/cmake/ament_cmake_export_include_directories-extras.cmake
[1.470s] -- Up-to-date symlink: /home/jetson/slash_ws/install/linefit_ground_segmentation/share/linefit_ground_segmentation/cmake/linefit_ground_segmentationConfig.cmake
[1.470s] -- Up-to-date symlink: /home/jetson/slash_ws/install/linefit_ground_segmentation/share/linefit_ground_segmentation/cmake/linefit_ground_segmentationConfig-version.cmake
[1.470s] -- Up-to-date symlink: /home/jetson/slash_ws/install/linefit_ground_segmentation/share/linefit_ground_segmentation/package.xml
[1.471s] -- Up-to-date: /home/jetson/slash_ws/install/linefit_ground_segmentation/lib/liblinefit_ground_segmentation.so
[1.471s] -- Up-to-date: /home/jetson/slash_ws/install/linefit_ground_segmentation/share/linefit_ground_segmentation/cmake/linefit_ground_segmentationExport.cmake
[1.471s] -- Up-to-date: /home/jetson/slash_ws/install/linefit_ground_segmentation/share/linefit_ground_segmentation/cmake/linefit_ground_segmentationExport-noconfig.cmake
[1.528s] Invoked command in '/home/jetson/slash_ws/build/linefit_ground_segmentation' returned '0': CMAKE_PREFIX_PATH=${CMAKE_PREFIX_PATH}:/home/jetson/slash_ws/install/f1tenth_stack:/home/jetson/slash_ws/install/twist_to_ackermann:/home/jetson/slash_ws/install/joy_teleop:/home/jetson/slash_ws/install/mouse_teleop:/home/jetson/slash_ws/install/key_teleop:/opt/ros/foxy /usr/bin/cmake --install /home/jetson/slash_ws/build/linefit_ground_segmentation
