-- The C compiler identification is GNU 9.4.0
-- The CXX compiler identification is GNU 9.4.0
-- Check for working C compiler: /usr/bin/cc
-- Check for working C compiler: /usr/bin/cc -- works
-- Detecting C compiler ABI info
-- Detecting C compiler ABI info - done
-- Detecting C compile features
-- Detecting C compile features - done
-- Check for working CXX compiler: /usr/bin/c++
-- Check for working CXX compiler: /usr/bin/c++ -- works
-- Detecting CXX compiler ABI info
-- Detecting CXX compiler ABI info - done
-- Detecting CXX compile features
-- Detecting CXX compile features - done
-- Found ament_cmake_auto: 0.9.12 (/opt/ros/foxy/share/ament_cmake_auto/cmake)
-- Found PythonInterp: /usr/bin/python3 (found suitable version "3.8.10", minimum required is "3") 
-- Using PYTHON_EXECUTABLE: /usr/bin/python3
-- Using all available rosidl_typesupport_c: rosidl_typesupport_fastrtps_c;rosidl_typesupport_introspection_c
-- Found rosidl_adapter: 1.3.1 (/opt/ros/foxy/share/rosidl_adapter/cmake)
-- Found OpenSSL: /usr/lib/aarch64-linux-gnu/libcrypto.so (found version "1.1.1f")  
-- Found FastRTPS: /opt/ros/foxy/include  
-- Using all available rosidl_typesupport_cpp: rosidl_typesupport_fastrtps_cpp;rosidl_typesupport_introspection_cpp
-- Found rmw_implementation_cmake: 1.0.4 (/opt/ros/foxy/share/rmw_implementation_cmake/cmake)
-- Using RMW implementation 'rmw_fastrtps_cpp' as default
-- Looking for pthread.h
-- Looking for pthread.h - found
-- Performing Test CMAKE_HAVE_LIBC_PTHREAD
-- Performing Test CMAKE_HAVE_LIBC_PTHREAD - Failed
-- Looking for pthread_create in pthreads
-- Looking for pthread_create in pthreads - not found
-- Looking for pthread_create in pthread
-- Looking for pthread_create in pthread - found
-- Found Threads: TRUE  
-- Found ament_lint_auto: 0.9.8 (/opt/ros/foxy/share/ament_lint_auto/cmake)
-- Added test 'copyright' to check source files copyright and LICENSE
-- Added test 'cppcheck' to perform static code analysis on C / C++ code
-- Configured cppcheck include dirs: /home/jetson/slash_ws/src/slash_hardware/f1tenth_system/vesc/vesc_driver/include
-- Configured cppcheck exclude dirs and/or files: 
-- Added test 'cpplint' to check C / C++ code against the Google style
-- Configured cpplint exclude dirs and/or files: 
-- Added test 'flake8' to check Python code syntax and style conventions
-- Added test 'lint_cmake' to check CMake code style
-- Added test 'pep257' to check Python code against some of the style conventions in PEP 257
-- Added test 'uncrustify' to check C / C++ code style
-- Configured uncrustify additional arguments: 
-- Added test 'xmllint' to check XML markup files
-- Configuring done
-- Generating done
-- Build files have been written to: /home/jetson/slash_ws/build/vesc_driver
[35m[1mScanning dependencies of target vesc_driver[0m
[35m[1mScanning dependencies of target vesc_driver_node[0m
[ 10%] [32mBuilding CXX object CMakeFiles/vesc_driver_node.dir/rclcpp_components/node_main_vesc_driver_node.cpp.o[0m
[ 20%] [32mBuilding CXX object CMakeFiles/vesc_driver.dir/src/vesc_driver.cpp.o[0m
[ 30%] [32mBuilding CXX object CMakeFiles/vesc_driver.dir/src/vesc_interface.cpp.o[0m
[ 40%] [32mBuilding CXX object CMakeFiles/vesc_driver.dir/src/vesc_packet_factory.cpp.o[0m
[ 50%] [32mBuilding CXX object CMakeFiles/vesc_driver.dir/src/vesc_packet.cpp.o[0m
[ 60%] [32m[1mLinking CXX executable vesc_driver_node[0m
[ 60%] Built target vesc_driver_node
[ 70%] [32m[1mLinking CXX shared library libvesc_driver.so[0m
[ 70%] Built target vesc_driver
[35m[1mScanning dependencies of target vesc_device_namer[0m
[ 80%] [32mBuilding CXX object CMakeFiles/vesc_device_namer.dir/src/vesc_device_uuid_lookup.cpp.o[0m
[ 90%] [32mBuilding CXX object CMakeFiles/vesc_device_namer.dir/src/vesc_device_namer.cpp.o[0m
[100%] [32m[1mLinking CXX executable vesc_device_namer[0m
[100%] Built target vesc_device_namer
-- Install configuration: ""
-- Installing: /home/jetson/slash_ws/install/vesc_driver/lib/vesc_driver/vesc_driver_node
-- Set runtime path of "/home/jetson/slash_ws/install/vesc_driver/lib/vesc_driver/vesc_driver_node" to ""
-- Installing: /home/jetson/slash_ws/install/vesc_driver/include
-- Installing: /home/jetson/slash_ws/install/vesc_driver/include/vesc_driver
-- Installing: /home/jetson/slash_ws/install/vesc_driver/include/vesc_driver/vesc_packet.hpp
-- Installing: /home/jetson/slash_ws/install/vesc_driver/include/vesc_driver/vesc_interface.hpp
-- Installing: /home/jetson/slash_ws/install/vesc_driver/include/vesc_driver/datatypes.hpp
-- Installing: /home/jetson/slash_ws/install/vesc_driver/include/vesc_driver/vesc_device_uuid_lookup.hpp
-- Installing: /home/jetson/slash_ws/install/vesc_driver/include/vesc_driver/vesc_driver.hpp
-- Installing: /home/jetson/slash_ws/install/vesc_driver/include/vesc_driver/crc.hpp
-- Installing: /home/jetson/slash_ws/install/vesc_driver/include/vesc_driver/vesc_packet_factory.hpp
-- Installing: /home/jetson/slash_ws/install/vesc_driver/share/vesc_driver/environment/library_path.sh
-- Installing: /home/jetson/slash_ws/install/vesc_driver/share/vesc_driver/environment/library_path.dsv
-- Installing: /home/jetson/slash_ws/install/vesc_driver/lib/libvesc_driver.so
-- Set runtime path of "/home/jetson/slash_ws/install/vesc_driver/lib/libvesc_driver.so" to ""
-- Installing: /home/jetson/slash_ws/install/vesc_driver/lib/vesc_driver/vesc_device_namer
-- Set runtime path of "/home/jetson/slash_ws/install/vesc_driver/lib/vesc_driver/vesc_device_namer" to ""
-- Installing: /home/jetson/slash_ws/install/vesc_driver/share/vesc_driver/launch
-- Installing: /home/jetson/slash_ws/install/vesc_driver/share/vesc_driver/launch/vesc_driver_node.launch.py
-- Installing: /home/jetson/slash_ws/install/vesc_driver/share/vesc_driver/params
-- Installing: /home/jetson/slash_ws/install/vesc_driver/share/vesc_driver/params/vesc_config.yaml
-- Installing: /home/jetson/slash_ws/install/vesc_driver/share/ament_index/resource_index/package_run_dependencies/vesc_driver
-- Installing: /home/jetson/slash_ws/install/vesc_driver/share/ament_index/resource_index/parent_prefix_path/vesc_driver
-- Installing: /home/jetson/slash_ws/install/vesc_driver/share/vesc_driver/environment/ament_prefix_path.sh
-- Installing: /home/jetson/slash_ws/install/vesc_driver/share/vesc_driver/environment/ament_prefix_path.dsv
-- Installing: /home/jetson/slash_ws/install/vesc_driver/share/vesc_driver/environment/path.sh
-- Installing: /home/jetson/slash_ws/install/vesc_driver/share/vesc_driver/environment/path.dsv
-- Installing: /home/jetson/slash_ws/install/vesc_driver/share/vesc_driver/local_setup.bash
-- Installing: /home/jetson/slash_ws/install/vesc_driver/share/vesc_driver/local_setup.sh
-- Installing: /home/jetson/slash_ws/install/vesc_driver/share/vesc_driver/local_setup.zsh
-- Installing: /home/jetson/slash_ws/install/vesc_driver/share/vesc_driver/local_setup.dsv
-- Installing: /home/jetson/slash_ws/install/vesc_driver/share/vesc_driver/package.dsv
-- Installing: /home/jetson/slash_ws/install/vesc_driver/share/ament_index/resource_index/packages/vesc_driver
-- Installing: /home/jetson/slash_ws/install/vesc_driver/share/ament_index/resource_index/rclcpp_components/vesc_driver
-- Installing: /home/jetson/slash_ws/install/vesc_driver/share/vesc_driver/cmake/ament_cmake_export_dependencies-extras.cmake
-- Installing: /home/jetson/slash_ws/install/vesc_driver/share/vesc_driver/cmake/ament_cmake_export_include_directories-extras.cmake
-- Installing: /home/jetson/slash_ws/install/vesc_driver/share/vesc_driver/cmake/ament_cmake_export_libraries-extras.cmake
-- Installing: /home/jetson/slash_ws/install/vesc_driver/share/vesc_driver/cmake/vesc_driverConfig.cmake
-- Installing: /home/jetson/slash_ws/install/vesc_driver/share/vesc_driver/cmake/vesc_driverConfig-version.cmake
-- Installing: /home/jetson/slash_ws/install/vesc_driver/share/vesc_driver/package.xml
