[0.141s] Invoking command in '/home/jetson/slash_ws/build/vesc_driver': AMENT_PREFIX_PATH=/home/jetson/slash_ws/install/vesc_msgs:${AMENT_PREFIX_PATH} CMAKE_PREFIX_PATH=/home/jetson/slash_ws/install/vesc_msgs:/opt/ros/foxy LD_LIBRARY_PATH=/home/jetson/slash_ws/install/vesc_msgs/lib:/usr/lib/aarch64-linux-gnu/gazebo-11/plugins:/opt/ros/foxy/opt/yaml_cpp_vendor/lib:/opt/ros/foxy/opt/rviz_ogre_vendor/lib:/opt/ros/foxy/lib/aarch64-linux-gnu:/opt/ros/foxy/lib:/usr/local/cuda-11.4/lib64 PYTHONPATH=/home/jetson/slash_ws/install/vesc_msgs/lib/python3.8/site-packages:${PYTHONPATH} /usr/bin/cmake --build /home/jetson/slash_ws/build/vesc_driver -- -j8 -l8
[0.373s] [ 50%] Built target vesc_driver
[0.403s] [ 70%] Built target vesc_driver_node
[0.441s] [100%] Built target vesc_device_namer
[0.531s] Invoked command in '/home/jetson/slash_ws/build/vesc_driver' returned '0': AMENT_PREFIX_PATH=/home/jetson/slash_ws/install/vesc_msgs:${AMENT_PREFIX_PATH} CMAKE_PREFIX_PATH=/home/jetson/slash_ws/install/vesc_msgs:/opt/ros/foxy LD_LIBRARY_PATH=/home/jetson/slash_ws/install/vesc_msgs/lib:/usr/lib/aarch64-linux-gnu/gazebo-11/plugins:/opt/ros/foxy/opt/yaml_cpp_vendor/lib:/opt/ros/foxy/opt/rviz_ogre_vendor/lib:/opt/ros/foxy/lib/aarch64-linux-gnu:/opt/ros/foxy/lib:/usr/local/cuda-11.4/lib64 PYTHONPATH=/home/jetson/slash_ws/install/vesc_msgs/lib/python3.8/site-packages:${PYTHONPATH} /usr/bin/cmake --build /home/jetson/slash_ws/build/vesc_driver -- -j8 -l8
[1.018s] Invoking command in '/home/jetson/slash_ws/build/vesc_driver': AMENT_PREFIX_PATH=/home/jetson/slash_ws/install/vesc_msgs:${AMENT_PREFIX_PATH} CMAKE_PREFIX_PATH=/home/jetson/slash_ws/install/vesc_msgs:/opt/ros/foxy LD_LIBRARY_PATH=/home/jetson/slash_ws/install/vesc_msgs/lib:/usr/lib/aarch64-linux-gnu/gazebo-11/plugins:/opt/ros/foxy/opt/yaml_cpp_vendor/lib:/opt/ros/foxy/opt/rviz_ogre_vendor/lib:/opt/ros/foxy/lib/aarch64-linux-gnu:/opt/ros/foxy/lib:/usr/local/cuda-11.4/lib64 PYTHONPATH=/home/jetson/slash_ws/install/vesc_msgs/lib/python3.8/site-packages:${PYTHONPATH} /usr/bin/cmake --install /home/jetson/slash_ws/build/vesc_driver
[1.077s] -- Install configuration: ""
[1.077s] -- Execute custom install script
[1.077s] -- Up-to-date symlink: /home/jetson/slash_ws/install/vesc_driver/lib/vesc_driver/vesc_driver_node
[1.077s] -- Up-to-date symlink: /home/jetson/slash_ws/install/vesc_driver/include/vesc_driver/crc.hpp
[1.077s] -- Up-to-date symlink: /home/jetson/slash_ws/install/vesc_driver/include/vesc_driver/datatypes.hpp
[1.078s] -- Up-to-date symlink: /home/jetson/slash_ws/install/vesc_driver/include/vesc_driver/vesc_device_uuid_lookup.hpp
[1.078s] -- Up-to-date symlink: /home/jetson/slash_ws/install/vesc_driver/include/vesc_driver/vesc_driver.hpp
[1.078s] -- Up-to-date symlink: /home/jetson/slash_ws/install/vesc_driver/include/vesc_driver/vesc_interface.hpp
[1.078s] -- Up-to-date symlink: /home/jetson/slash_ws/install/vesc_driver/include/vesc_driver/vesc_packet.hpp
[1.078s] -- Up-to-date symlink: /home/jetson/slash_ws/install/vesc_driver/include/vesc_driver/vesc_packet_factory.hpp
[1.078s] -- Up-to-date symlink: /home/jetson/slash_ws/install/vesc_driver/share/vesc_driver/environment/library_path.sh
[1.078s] -- Up-to-date symlink: /home/jetson/slash_ws/install/vesc_driver/share/vesc_driver/environment/library_path.dsv
[1.079s] -- Up-to-date symlink: /home/jetson/slash_ws/install/vesc_driver/lib/libvesc_driver.so
[1.079s] -- Up-to-date symlink: /home/jetson/slash_ws/install/vesc_driver/lib/vesc_driver/vesc_device_namer
[1.079s] -- Up-to-date symlink: /home/jetson/slash_ws/install/vesc_driver/share/vesc_driver/launch/vesc_driver_node.launch.py
[1.079s] -- Up-to-date symlink: /home/jetson/slash_ws/install/vesc_driver/share/vesc_driver/params/vesc_config.yaml
[1.079s] -- Up-to-date symlink: /home/jetson/slash_ws/install/vesc_driver/share/ament_index/resource_index/package_run_dependencies/vesc_driver
[1.079s] -- Up-to-date symlink: /home/jetson/slash_ws/install/vesc_driver/share/ament_index/resource_index/parent_prefix_path/vesc_driver
[1.079s] -- Up-to-date symlink: /home/jetson/slash_ws/install/vesc_driver/share/vesc_driver/environment/ament_prefix_path.sh
[1.080s] -- Up-to-date symlink: /home/jetson/slash_ws/install/vesc_driver/share/vesc_driver/environment/ament_prefix_path.dsv
[1.080s] -- Up-to-date symlink: /home/jetson/slash_ws/install/vesc_driver/share/vesc_driver/environment/path.sh
[1.081s] -- Up-to-date symlink: /home/jetson/slash_ws/install/vesc_driver/share/vesc_driver/environment/path.dsv
[1.081s] -- Up-to-date symlink: /home/jetson/slash_ws/install/vesc_driver/share/vesc_driver/local_setup.bash
[1.082s] -- Up-to-date symlink: /home/jetson/slash_ws/install/vesc_driver/share/vesc_driver/local_setup.sh
[1.083s] -- Up-to-date symlink: /home/jetson/slash_ws/install/vesc_driver/share/vesc_driver/local_setup.zsh
[1.083s] -- Up-to-date symlink: /home/jetson/slash_ws/install/vesc_driver/share/vesc_driver/local_setup.dsv
[1.083s] -- Symlinking: /home/jetson/slash_ws/install/vesc_driver/share/vesc_driver/package.dsv
[1.083s] -- Up-to-date symlink: /home/jetson/slash_ws/install/vesc_driver/share/ament_index/resource_index/packages/vesc_driver
[1.084s] -- Up-to-date symlink: /home/jetson/slash_ws/install/vesc_driver/share/ament_index/resource_index/rclcpp_components/vesc_driver
[1.084s] -- Up-to-date symlink: /home/jetson/slash_ws/install/vesc_driver/share/vesc_driver/cmake/ament_cmake_export_dependencies-extras.cmake
[1.084s] -- Up-to-date symlink: /home/jetson/slash_ws/install/vesc_driver/share/vesc_driver/cmake/ament_cmake_export_include_directories-extras.cmake
[1.084s] -- Up-to-date symlink: /home/jetson/slash_ws/install/vesc_driver/share/vesc_driver/cmake/ament_cmake_export_libraries-extras.cmake
[1.085s] -- Up-to-date symlink: /home/jetson/slash_ws/install/vesc_driver/share/vesc_driver/cmake/vesc_driverConfig.cmake
[1.085s] -- Up-to-date symlink: /home/jetson/slash_ws/install/vesc_driver/share/vesc_driver/cmake/vesc_driverConfig-version.cmake
[1.085s] -- Up-to-date symlink: /home/jetson/slash_ws/install/vesc_driver/share/vesc_driver/package.xml
[1.156s] Invoked command in '/home/jetson/slash_ws/build/vesc_driver' returned '0': AMENT_PREFIX_PATH=/home/jetson/slash_ws/install/vesc_msgs:${AMENT_PREFIX_PATH} CMAKE_PREFIX_PATH=/home/jetson/slash_ws/install/vesc_msgs:/opt/ros/foxy LD_LIBRARY_PATH=/home/jetson/slash_ws/install/vesc_msgs/lib:/usr/lib/aarch64-linux-gnu/gazebo-11/plugins:/opt/ros/foxy/opt/yaml_cpp_vendor/lib:/opt/ros/foxy/opt/rviz_ogre_vendor/lib:/opt/ros/foxy/lib/aarch64-linux-gnu:/opt/ros/foxy/lib:/usr/local/cuda-11.4/lib64 PYTHONPATH=/home/jetson/slash_ws/install/vesc_msgs/lib/python3.8/site-packages:${PYTHONPATH} /usr/bin/cmake --install /home/jetson/slash_ws/build/vesc_driver
