Performing C SOURCE FILE Test CMAKE_HAVE_LIBC_PTHREAD failed with the following output:
Change Dir: /home/jetson/slash_ws/build/linefit_ground_segmentation/CMakeFiles/CMakeTmp

Run Build Command(s):/usr/bin/make cmTC_59fce/fast && /usr/bin/make -f CMakeFiles/cmTC_59fce.dir/build.make CMakeFiles/cmTC_59fce.dir/build
make[1]: Entering directory '/home/jetson/slash_ws/build/linefit_ground_segmentation/CMakeFiles/CMakeTmp'
Building C object CMakeFiles/cmTC_59fce.dir/src.c.o
/usr/bin/cc   -DCMAKE_HAVE_LIBC_PTHREAD   -o CMakeFiles/cmTC_59fce.dir/src.c.o   -c /home/jetson/slash_ws/build/linefit_ground_segmentation/CMakeFiles/CMakeTmp/src.c
Linking C executable cmTC_59fce
/usr/bin/cmake -E cmake_link_script CMakeFiles/cmTC_59fce.dir/link.txt --verbose=1
/usr/bin/cc   -DCMAKE_HAVE_LIBC_PTHREAD     CMakeFiles/cmTC_59fce.dir/src.c.o  -o cmTC_59fce 
/usr/bin/ld: CMakeFiles/cmTC_59fce.dir/src.c.o: in function `main':
src.c:(.text+0x48): undefined reference to `pthread_create'
/usr/bin/ld: src.c:(.text+0x50): undefined reference to `pthread_detach'
/usr/bin/ld: src.c:(.text+0x5c): undefined reference to `pthread_join'
collect2: error: ld returned 1 exit status
make[1]: *** [CMakeFiles/cmTC_59fce.dir/build.make:87: cmTC_59fce] Error 1
make[1]: Leaving directory '/home/jetson/slash_ws/build/linefit_ground_segmentation/CMakeFiles/CMakeTmp'
make: *** [Makefile:121: cmTC_59fce/fast] Error 2


Source file was:
#include <pthread.h>

void* test_func(void* data)
{
  return data;
}

int main(void)
{
  pthread_t thread;
  pthread_create(&thread, NULL, test_func, NULL);
  pthread_detach(thread);
  pthread_join(thread, NULL);
  pthread_atfork(NULL, NULL, NULL);
  pthread_exit(NULL);

  return 0;
}

Determining if the function pthread_create exists in the pthreads failed with the following output:
Change Dir: /home/jetson/slash_ws/build/linefit_ground_segmentation/CMakeFiles/CMakeTmp

Run Build Command(s):/usr/bin/make cmTC_9df7d/fast && /usr/bin/make -f CMakeFiles/cmTC_9df7d.dir/build.make CMakeFiles/cmTC_9df7d.dir/build
make[1]: Entering directory '/home/jetson/slash_ws/build/linefit_ground_segmentation/CMakeFiles/CMakeTmp'
Building C object CMakeFiles/cmTC_9df7d.dir/CheckFunctionExists.c.o
/usr/bin/cc   -DCHECK_FUNCTION_EXISTS=pthread_create   -o CMakeFiles/cmTC_9df7d.dir/CheckFunctionExists.c.o   -c /usr/share/cmake-3.16/Modules/CheckFunctionExists.c
Linking C executable cmTC_9df7d
/usr/bin/cmake -E cmake_link_script CMakeFiles/cmTC_9df7d.dir/link.txt --verbose=1
/usr/bin/cc   -DCHECK_FUNCTION_EXISTS=pthread_create     CMakeFiles/cmTC_9df7d.dir/CheckFunctionExists.c.o  -o cmTC_9df7d  -lpthreads 
/usr/bin/ld: cannot find -lpthreads
collect2: error: ld returned 1 exit status
make[1]: *** [CMakeFiles/cmTC_9df7d.dir/build.make:87: cmTC_9df7d] Error 1
make[1]: Leaving directory '/home/jetson/slash_ws/build/linefit_ground_segmentation/CMakeFiles/CMakeTmp'
make: *** [Makefile:121: cmTC_9df7d/fast] Error 2



