[0.035s] Invoking command in '/home/jetson/slash_ws/build/teb_local_planner': AMENT_PREFIX_PATH=/home/jetson/slash_ws/install/teb_msgs:/home/jetson/slash_ws/install/costmap_converter:/home/jetson/slash_ws/install/costmap_converter_msgs:${AMENT_PREFIX_PATH} CMAKE_PREFIX_PATH=/home/jetson/slash_ws/install/teb_msgs:/home/jetson/slash_ws/install/costmap_converter:/home/jetson/slash_ws/install/costmap_converter_msgs:/opt/ros/foxy LD_LIBRARY_PATH=/home/jetson/slash_ws/install/teb_msgs/lib:/home/jetson/slash_ws/install/costmap_converter/lib:/home/jetson/slash_ws/install/costmap_converter_msgs/lib:/usr/lib/aarch64-linux-gnu/gazebo-11/plugins:/opt/ros/foxy/opt/yaml_cpp_vendor/lib:/opt/ros/foxy/opt/rviz_ogre_vendor/lib:/opt/ros/foxy/lib/aarch64-linux-gnu:/opt/ros/foxy/lib:/usr/local/cuda-11.4/lib64 PATH=/home/jetson/slash_ws/install/costmap_converter/bin:${PATH} PYTHONPATH=/home/jetson/slash_ws/install/teb_msgs/lib/python3.8/site-packages:/home/jetson/slash_ws/install/costmap_converter_msgs/lib/python3.8/site-packages:${PYTHONPATH} /usr/bin/cmake /home/jetson/slash_ws/src/slash_navigation/teb_local_planner/teb_local_planner -DAMENT_CMAKE_SYMLINK_INSTALL=1 -DCMAKE_INSTALL_PREFIX=/home/jetson/slash_ws/install/teb_local_planner
[0.135s] -- The C compiler identification is GNU 9.4.0
[0.222s] -- The CXX compiler identification is GNU 9.4.0
[0.230s] -- Check for working C compiler: /usr/bin/cc
[0.377s] -- Check for working C compiler: /usr/bin/cc -- works
[0.378s] -- Detecting C compiler ABI info
[0.510s] -- Detecting C compiler ABI info - done
[0.525s] -- Detecting C compile features
[0.526s] -- Detecting C compile features - done
[0.529s] -- Check for working CXX compiler: /usr/bin/c++
[0.672s] -- Check for working CXX compiler: /usr/bin/c++ -- works
[0.673s] -- Detecting CXX compiler ABI info
[0.816s] -- Detecting CXX compiler ABI info - done
[0.831s] -- Detecting CXX compile features
[0.832s] -- Detecting CXX compile features - done
[0.836s] -- Found ament_cmake: 0.9.12 (/opt/ros/foxy/share/ament_cmake/cmake)
[0.878s] -- Found PythonInterp: /usr/bin/python3 (found suitable version "3.8.10", minimum required is "3") 
[0.878s] -- Using PYTHON_EXECUTABLE: /usr/bin/python3
[1.201s] -- Override CMake install command with custom implementation using symlinks instead of copying resources
[1.243s] -- Found costmap_converter: 0.1.2 (/home/jetson/slash_ws/install/costmap_converter/share/costmap_converter/cmake)
[1.312s] -- Using all available rosidl_typesupport_c: rosidl_typesupport_fastrtps_c;rosidl_typesupport_introspection_c
[1.323s] -- Found rosidl_adapter: 1.3.1 (/opt/ros/foxy/share/rosidl_adapter/cmake)
[1.491s] -- Found OpenSSL: /usr/lib/aarch64-linux-gnu/libcrypto.so (found version "1.1.1f")  
[1.551s] -- Found FastRTPS: /opt/ros/foxy/include  
[1.683s] -- Using all available rosidl_typesupport_cpp: rosidl_typesupport_fastrtps_cpp;rosidl_typesupport_introspection_cpp
[3.080s] -- Found rmw_implementation_cmake: 1.0.4 (/opt/ros/foxy/share/rmw_implementation_cmake/cmake)
[3.082s] -- Using RMW implementation 'rmw_fastrtps_cpp' as default
[3.084s] -- Looking for pthread.h
[3.218s] -- Looking for pthread.h - found
[3.218s] -- Performing Test CMAKE_HAVE_LIBC_PTHREAD
[3.350s] -- Performing Test CMAKE_HAVE_LIBC_PTHREAD - Failed
[3.350s] -- Looking for pthread_create in pthreads
[3.462s] -- Looking for pthread_create in pthreads - not found
[3.463s] -- Looking for pthread_create in pthread
[3.595s] -- Looking for pthread_create in pthread - found
[3.597s] -- Found Threads: TRUE  
[4.232s] -- Found Eigen3: TRUE (found version "3.3.7") 
[5.531s] -- Found dwb_critics: 0.4.7 (/opt/ros/foxy/share/dwb_critics/cmake)
[11.097s] -- Found teb_msgs: 0.0.1 (/home/jetson/slash_ws/install/teb_msgs/share/teb_msgs/cmake)
[11.276s] -- Found tf2_eigen: 0.13.14 (/opt/ros/foxy/share/tf2_eigen/cmake)
[11.283s] -- System: Linux-5.10.216-tegra
[11.283s] -- /opt/ros/foxy/share/tinyxml2_vendor/cmake/Modules;/opt/ros/foxy/share/eigen3_cmake_module/cmake/Modules;/opt/ros/foxy/share/fastrtps_cmake_module/cmake/Modules;/home/jetson/slash_ws/src/slash_navigation/teb_local_planner/teb_local_planner/cmake_modules
[11.291s] -- Found SuiteSparse
[11.291s] -- Searching for g2o ...
[11.291s] -- Found g2o headers in: /opt/ros/foxy/include/g2o
[11.293s] -- Found libg2o: /opt/ros/foxy/lib/libg2o_csparse_extension.so;/opt/ros/foxy/lib/libg2o_core.so;/opt/ros/foxy/lib/libg2o_stuff.so;/opt/ros/foxy/lib/libg2o_types_slam2d.so;/opt/ros/foxy/lib/libg2o_types_slam3d.so;/opt/ros/foxy/lib/libg2o_solver_cholmod.so;/opt/ros/foxy/lib/libg2o_solver_pcg.so;/opt/ros/foxy/lib/libg2o_solver_csparse.so;/opt/ros/foxy/lib/libg2o_incremental.so
[11.310s] -- Found Boost: /usr/lib/aarch64-linux-gnu/cmake/Boost-1.71.0/BoostConfig.cmake (found version "1.71.0")  
[26.245s] -- Found ament_cmake_gtest: 0.9.12 (/opt/ros/foxy/share/ament_cmake_gtest/cmake)
[26.378s] -- Configuring done
[26.467s] -- Generating done
[26.471s] -- Build files have been written to: /home/jetson/slash_ws/build/teb_local_planner
[26.503s] Invoked command in '/home/jetson/slash_ws/build/teb_local_planner' returned '0': AMENT_PREFIX_PATH=/home/jetson/slash_ws/install/teb_msgs:/home/jetson/slash_ws/install/costmap_converter:/home/jetson/slash_ws/install/costmap_converter_msgs:${AMENT_PREFIX_PATH} CMAKE_PREFIX_PATH=/home/jetson/slash_ws/install/teb_msgs:/home/jetson/slash_ws/install/costmap_converter:/home/jetson/slash_ws/install/costmap_converter_msgs:/opt/ros/foxy LD_LIBRARY_PATH=/home/jetson/slash_ws/install/teb_msgs/lib:/home/jetson/slash_ws/install/costmap_converter/lib:/home/jetson/slash_ws/install/costmap_converter_msgs/lib:/usr/lib/aarch64-linux-gnu/gazebo-11/plugins:/opt/ros/foxy/opt/yaml_cpp_vendor/lib:/opt/ros/foxy/opt/rviz_ogre_vendor/lib:/opt/ros/foxy/lib/aarch64-linux-gnu:/opt/ros/foxy/lib:/usr/local/cuda-11.4/lib64 PATH=/home/jetson/slash_ws/install/costmap_converter/bin:${PATH} PYTHONPATH=/home/jetson/slash_ws/install/teb_msgs/lib/python3.8/site-packages:/home/jetson/slash_ws/install/costmap_converter_msgs/lib/python3.8/site-packages:${PYTHONPATH} /usr/bin/cmake /home/jetson/slash_ws/src/slash_navigation/teb_local_planner/teb_local_planner -DAMENT_CMAKE_SYMLINK_INSTALL=1 -DCMAKE_INSTALL_PREFIX=/home/jetson/slash_ws/install/teb_local_planner
[26.511s] Invoking command in '/home/jetson/slash_ws/build/teb_local_planner': AMENT_PREFIX_PATH=/home/jetson/slash_ws/install/teb_msgs:/home/jetson/slash_ws/install/costmap_converter:/home/jetson/slash_ws/install/costmap_converter_msgs:${AMENT_PREFIX_PATH} CMAKE_PREFIX_PATH=/home/jetson/slash_ws/install/teb_msgs:/home/jetson/slash_ws/install/costmap_converter:/home/jetson/slash_ws/install/costmap_converter_msgs:/opt/ros/foxy LD_LIBRARY_PATH=/home/jetson/slash_ws/install/teb_msgs/lib:/home/jetson/slash_ws/install/costmap_converter/lib:/home/jetson/slash_ws/install/costmap_converter_msgs/lib:/usr/lib/aarch64-linux-gnu/gazebo-11/plugins:/opt/ros/foxy/opt/yaml_cpp_vendor/lib:/opt/ros/foxy/opt/rviz_ogre_vendor/lib:/opt/ros/foxy/lib/aarch64-linux-gnu:/opt/ros/foxy/lib:/usr/local/cuda-11.4/lib64 PATH=/home/jetson/slash_ws/install/costmap_converter/bin:${PATH} PYTHONPATH=/home/jetson/slash_ws/install/teb_msgs/lib/python3.8/site-packages:/home/jetson/slash_ws/install/costmap_converter_msgs/lib/python3.8/site-packages:${PYTHONPATH} /usr/bin/cmake --build /home/jetson/slash_ws/build/teb_local_planner -- -j8 -l8
[26.599s] [35m[1mScanning dependencies of target teb_local_planner[0m
[26.914s] [ 10%] [32mBuilding CXX object CMakeFiles/teb_local_planner.dir/src/timed_elastic_band.cpp.o[0m
[26.921s] [ 20%] [32mBuilding CXX object CMakeFiles/teb_local_planner.dir/src/optimal_planner.cpp.o[0m
[26.926s] [ 30%] [32mBuilding CXX object CMakeFiles/teb_local_planner.dir/src/obstacles.cpp.o[0m
[26.932s] [ 40%] [32mBuilding CXX object CMakeFiles/teb_local_planner.dir/src/recovery_behaviors.cpp.o[0m
[26.938s] [ 50%] [32mBuilding CXX object CMakeFiles/teb_local_planner.dir/src/visualization.cpp.o[0m
[26.941s] [ 60%] [32mBuilding CXX object CMakeFiles/teb_local_planner.dir/src/teb_config.cpp.o[0m
[26.958s] [ 70%] [32mBuilding CXX object CMakeFiles/teb_local_planner.dir/src/homotopy_class_planner.cpp.o[0m
[27.002s] [ 80%] [32mBuilding CXX object CMakeFiles/teb_local_planner.dir/src/teb_local_planner_ros.cpp.o[0m
[33.745s] [ 90%] [32mBuilding CXX object CMakeFiles/teb_local_planner.dir/src/graph_search.cpp.o[0m
[104.969s] [100%] [32m[1mLinking CXX shared library libteb_local_planner.so[0m
[105.902s] [100%] Built target teb_local_planner
[105.926s] Invoked command in '/home/jetson/slash_ws/build/teb_local_planner' returned '0': AMENT_PREFIX_PATH=/home/jetson/slash_ws/install/teb_msgs:/home/jetson/slash_ws/install/costmap_converter:/home/jetson/slash_ws/install/costmap_converter_msgs:${AMENT_PREFIX_PATH} CMAKE_PREFIX_PATH=/home/jetson/slash_ws/install/teb_msgs:/home/jetson/slash_ws/install/costmap_converter:/home/jetson/slash_ws/install/costmap_converter_msgs:/opt/ros/foxy LD_LIBRARY_PATH=/home/jetson/slash_ws/install/teb_msgs/lib:/home/jetson/slash_ws/install/costmap_converter/lib:/home/jetson/slash_ws/install/costmap_converter_msgs/lib:/usr/lib/aarch64-linux-gnu/gazebo-11/plugins:/opt/ros/foxy/opt/yaml_cpp_vendor/lib:/opt/ros/foxy/opt/rviz_ogre_vendor/lib:/opt/ros/foxy/lib/aarch64-linux-gnu:/opt/ros/foxy/lib:/usr/local/cuda-11.4/lib64 PATH=/home/jetson/slash_ws/install/costmap_converter/bin:${PATH} PYTHONPATH=/home/jetson/slash_ws/install/teb_msgs/lib/python3.8/site-packages:/home/jetson/slash_ws/install/costmap_converter_msgs/lib/python3.8/site-packages:${PYTHONPATH} /usr/bin/cmake --build /home/jetson/slash_ws/build/teb_local_planner -- -j8 -l8
[105.996s] Invoking command in '/home/jetson/slash_ws/build/teb_local_planner': AMENT_PREFIX_PATH=/home/jetson/slash_ws/install/teb_msgs:/home/jetson/slash_ws/install/costmap_converter:/home/jetson/slash_ws/install/costmap_converter_msgs:${AMENT_PREFIX_PATH} CMAKE_PREFIX_PATH=/home/jetson/slash_ws/install/teb_msgs:/home/jetson/slash_ws/install/costmap_converter:/home/jetson/slash_ws/install/costmap_converter_msgs:/opt/ros/foxy LD_LIBRARY_PATH=/home/jetson/slash_ws/install/teb_msgs/lib:/home/jetson/slash_ws/install/costmap_converter/lib:/home/jetson/slash_ws/install/costmap_converter_msgs/lib:/usr/lib/aarch64-linux-gnu/gazebo-11/plugins:/opt/ros/foxy/opt/yaml_cpp_vendor/lib:/opt/ros/foxy/opt/rviz_ogre_vendor/lib:/opt/ros/foxy/lib/aarch64-linux-gnu:/opt/ros/foxy/lib:/usr/local/cuda-11.4/lib64 PATH=/home/jetson/slash_ws/install/costmap_converter/bin:${PATH} PYTHONPATH=/home/jetson/slash_ws/install/teb_msgs/lib/python3.8/site-packages:/home/jetson/slash_ws/install/costmap_converter_msgs/lib/python3.8/site-packages:${PYTHONPATH} /usr/bin/cmake --install /home/jetson/slash_ws/build/teb_local_planner
[106.016s] -- Install configuration: "Release"
[106.017s] -- Execute custom install script
[106.018s] -- Symlinking: /home/jetson/slash_ws/install/teb_local_planner/lib/libteb_local_planner.so
[106.040s] -- Symlinking: /home/jetson/slash_ws/install/teb_local_planner/include//teb_local_planner/distance_calculations.h
[106.059s] -- Symlinking: /home/jetson/slash_ws/install/teb_local_planner/include//teb_local_planner/equivalence_relations.h
[106.078s] -- Symlinking: /home/jetson/slash_ws/install/teb_local_planner/include//teb_local_planner/g2o_types/base_teb_edges.h
[106.096s] -- Symlinking: /home/jetson/slash_ws/install/teb_local_planner/include//teb_local_planner/g2o_types/edge_acceleration.h
[106.114s] -- Symlinking: /home/jetson/slash_ws/install/teb_local_planner/include//teb_local_planner/g2o_types/edge_dynamic_obstacle.h
[106.136s] -- Symlinking: /home/jetson/slash_ws/install/teb_local_planner/include//teb_local_planner/g2o_types/edge_kinematics.h
[106.153s] -- Symlinking: /home/jetson/slash_ws/install/teb_local_planner/include//teb_local_planner/g2o_types/edge_obstacle.h
[106.172s] -- Symlinking: /home/jetson/slash_ws/install/teb_local_planner/include//teb_local_planner/g2o_types/edge_prefer_rotdir.h
[106.190s] -- Symlinking: /home/jetson/slash_ws/install/teb_local_planner/include//teb_local_planner/g2o_types/edge_shortest_path.h
[106.214s] -- Symlinking: /home/jetson/slash_ws/install/teb_local_planner/include//teb_local_planner/g2o_types/edge_time_optimal.h
[106.232s] -- Symlinking: /home/jetson/slash_ws/install/teb_local_planner/include//teb_local_planner/g2o_types/edge_velocity.h
[106.249s] -- Symlinking: /home/jetson/slash_ws/install/teb_local_planner/include//teb_local_planner/g2o_types/edge_via_point.h
[106.266s] -- Symlinking: /home/jetson/slash_ws/install/teb_local_planner/include//teb_local_planner/g2o_types/penalties.h
[106.284s] -- Symlinking: /home/jetson/slash_ws/install/teb_local_planner/include//teb_local_planner/g2o_types/vertex_pose.h
[106.302s] -- Symlinking: /home/jetson/slash_ws/install/teb_local_planner/include//teb_local_planner/g2o_types/vertex_timediff.h
[106.320s] -- Symlinking: /home/jetson/slash_ws/install/teb_local_planner/include//teb_local_planner/graph_search.h
[106.337s] -- Symlinking: /home/jetson/slash_ws/install/teb_local_planner/include//teb_local_planner/h_signature.h
[106.360s] -- Symlinking: /home/jetson/slash_ws/install/teb_local_planner/include//teb_local_planner/homotopy_class_planner.h
[106.378s] -- Symlinking: /home/jetson/slash_ws/install/teb_local_planner/include//teb_local_planner/homotopy_class_planner.hpp
[106.402s] -- Symlinking: /home/jetson/slash_ws/install/teb_local_planner/include//teb_local_planner/misc.h
[106.419s] -- Symlinking: /home/jetson/slash_ws/install/teb_local_planner/include//teb_local_planner/obstacles.h
[106.443s] -- Symlinking: /home/jetson/slash_ws/install/teb_local_planner/include//teb_local_planner/optimal_planner.h
[106.459s] -- Symlinking: /home/jetson/slash_ws/install/teb_local_planner/include//teb_local_planner/planner_interface.h
[106.485s] -- Symlinking: /home/jetson/slash_ws/install/teb_local_planner/include//teb_local_planner/pose_se2.h
[106.503s] -- Symlinking: /home/jetson/slash_ws/install/teb_local_planner/include//teb_local_planner/recovery_behaviors.h
[106.527s] -- Symlinking: /home/jetson/slash_ws/install/teb_local_planner/include//teb_local_planner/robot_footprint_model.h
[106.547s] -- Symlinking: /home/jetson/slash_ws/install/teb_local_planner/include//teb_local_planner/teb_config.h
[106.568s] -- Symlinking: /home/jetson/slash_ws/install/teb_local_planner/include//teb_local_planner/teb_local_planner_ros.h
[106.586s] -- Symlinking: /home/jetson/slash_ws/install/teb_local_planner/include//teb_local_planner/timed_elastic_band.h
[106.602s] -- Symlinking: /home/jetson/slash_ws/install/teb_local_planner/include//teb_local_planner/timed_elastic_band.hpp
[106.621s] -- Symlinking: /home/jetson/slash_ws/install/teb_local_planner/include//teb_local_planner/visualization.h
[106.638s] -- Symlinking: /home/jetson/slash_ws/install/teb_local_planner/include//teb_local_planner/visualization.hpp
[106.655s] -- Symlinking: /home/jetson/slash_ws/install/teb_local_planner/share/teb_local_planner_plugin.xml
[106.674s] -- Symlinking: /home/jetson/slash_ws/install/teb_local_planner/lib/teb_local_planner/cmd_vel_to_ackermann_drive.py
[106.699s] -- Symlinking: /home/jetson/slash_ws/install/teb_local_planner/share/teb_local_planner/launch/teb_nav2_bringup_launch.py
[106.718s] -- Symlinking: /home/jetson/slash_ws/install/teb_local_planner/share/teb_local_planner/launch/teb_params.yaml
[106.735s] -- Symlinking: /home/jetson/slash_ws/install/teb_local_planner/share/teb_local_planner/launch/teb_tb3_simulation_launch.py
[106.756s] -- Symlinking: /home/jetson/slash_ws/install/teb_local_planner/share/teb_local_planner/launch/teb_view.rviz
[106.776s] -- Symlinking: /home/jetson/slash_ws/install/teb_local_planner/share/teb_local_planner/environment/library_path.sh
[106.795s] -- Symlinking: /home/jetson/slash_ws/install/teb_local_planner/share/teb_local_planner/environment/library_path.dsv
[106.816s] -- Symlinking: /home/jetson/slash_ws/install/teb_local_planner/share/teb_local_planner//teb_local_planner_plugin.xml
[106.835s] -- Symlinking: /home/jetson/slash_ws/install/teb_local_planner/share/ament_index/resource_index/package_run_dependencies/teb_local_planner
[106.852s] -- Symlinking: /home/jetson/slash_ws/install/teb_local_planner/share/ament_index/resource_index/parent_prefix_path/teb_local_planner
[106.870s] -- Symlinking: /home/jetson/slash_ws/install/teb_local_planner/share/teb_local_planner/environment/ament_prefix_path.sh
[106.889s] -- Symlinking: /home/jetson/slash_ws/install/teb_local_planner/share/teb_local_planner/environment/ament_prefix_path.dsv
[106.907s] -- Symlinking: /home/jetson/slash_ws/install/teb_local_planner/share/teb_local_planner/environment/path.sh
[106.926s] -- Symlinking: /home/jetson/slash_ws/install/teb_local_planner/share/teb_local_planner/environment/path.dsv
[106.944s] -- Symlinking: /home/jetson/slash_ws/install/teb_local_planner/share/teb_local_planner/local_setup.bash
[106.963s] -- Symlinking: /home/jetson/slash_ws/install/teb_local_planner/share/teb_local_planner/local_setup.sh
[106.981s] -- Symlinking: /home/jetson/slash_ws/install/teb_local_planner/share/teb_local_planner/local_setup.zsh
[106.998s] -- Symlinking: /home/jetson/slash_ws/install/teb_local_planner/share/teb_local_planner/local_setup.dsv
[107.016s] -- Symlinking: /home/jetson/slash_ws/install/teb_local_planner/share/teb_local_planner/package.dsv
[107.034s] -- Symlinking: /home/jetson/slash_ws/install/teb_local_planner/share/ament_index/resource_index/packages/teb_local_planner
[107.051s] -- Symlinking: /home/jetson/slash_ws/install/teb_local_planner/share/ament_index/resource_index/nav2_core__pluginlib__plugin/teb_local_planner
[107.071s] -- Symlinking: /home/jetson/slash_ws/install/teb_local_planner/share/teb_local_planner/cmake/ament_cmake_export_include_directories-extras.cmake
[107.091s] -- Symlinking: /home/jetson/slash_ws/install/teb_local_planner/share/teb_local_planner/cmake/ament_cmake_export_libraries-extras.cmake
[107.111s] -- Symlinking: /home/jetson/slash_ws/install/teb_local_planner/share/teb_local_planner/cmake/ament_cmake_export_dependencies-extras.cmake
[107.131s] -- Symlinking: /home/jetson/slash_ws/install/teb_local_planner/share/teb_local_planner/cmake/teb_local_plannerConfig.cmake
[107.152s] -- Symlinking: /home/jetson/slash_ws/install/teb_local_planner/share/teb_local_planner/cmake/teb_local_plannerConfig-version.cmake
[107.175s] -- Symlinking: /home/jetson/slash_ws/install/teb_local_planner/share/teb_local_planner/package.xml
[107.200s] Invoked command in '/home/jetson/slash_ws/build/teb_local_planner' returned '0': AMENT_PREFIX_PATH=/home/jetson/slash_ws/install/teb_msgs:/home/jetson/slash_ws/install/costmap_converter:/home/jetson/slash_ws/install/costmap_converter_msgs:${AMENT_PREFIX_PATH} CMAKE_PREFIX_PATH=/home/jetson/slash_ws/install/teb_msgs:/home/jetson/slash_ws/install/costmap_converter:/home/jetson/slash_ws/install/costmap_converter_msgs:/opt/ros/foxy LD_LIBRARY_PATH=/home/jetson/slash_ws/install/teb_msgs/lib:/home/jetson/slash_ws/install/costmap_converter/lib:/home/jetson/slash_ws/install/costmap_converter_msgs/lib:/usr/lib/aarch64-linux-gnu/gazebo-11/plugins:/opt/ros/foxy/opt/yaml_cpp_vendor/lib:/opt/ros/foxy/opt/rviz_ogre_vendor/lib:/opt/ros/foxy/lib/aarch64-linux-gnu:/opt/ros/foxy/lib:/usr/local/cuda-11.4/lib64 PATH=/home/jetson/slash_ws/install/costmap_converter/bin:${PATH} PYTHONPATH=/home/jetson/slash_ws/install/teb_msgs/lib/python3.8/site-packages:/home/jetson/slash_ws/install/costmap_converter_msgs/lib/python3.8/site-packages:${PYTHONPATH} /usr/bin/cmake --install /home/jetson/slash_ws/build/teb_local_planner
