[ 20%] Built target pointcloud_to_laserscan_node
[ 40%] Built target laserscan_to_pointcloud_node
[ 60%] Built target laserscan_to_pointcloud
[ 80%] Built target pointcloud_to_laserscan
[100%] Built target dummy_pointcloud_publisher
-- Install configuration: ""
-- Execute custom install script
-- Up-to-date symlink: /home/jetson/slash_ws/install/pointcloud_to_laserscan/lib/pointcloud_to_laserscan/laserscan_to_pointcloud_node
-- Up-to-date symlink: /home/jetson/slash_ws/install/pointcloud_to_laserscan/lib/pointcloud_to_laserscan/pointcloud_to_laserscan_node
-- Up-to-date symlink: /home/jetson/slash_ws/install/pointcloud_to_laserscan/include/pointcloud_to_laserscan/laserscan_to_pointcloud_node.hpp
-- Up-to-date symlink: /home/jetson/slash_ws/install/pointcloud_to_laserscan/include/pointcloud_to_laserscan/pointcloud_to_laserscan_node.hpp
-- Up-to-date symlink: /home/jetson/slash_ws/install/pointcloud_to_laserscan/include/pointcloud_to_laserscan/visibility_control.h
-- Up-to-date symlink: /home/jetson/slash_ws/install/pointcloud_to_laserscan/share/pointcloud_to_laserscan/environment/library_path.sh
-- Up-to-date symlink: /home/jetson/slash_ws/install/pointcloud_to_laserscan/share/pointcloud_to_laserscan/environment/library_path.dsv
-- Up-to-date symlink: /home/jetson/slash_ws/install/pointcloud_to_laserscan/lib/liblaserscan_to_pointcloud.so
-- Up-to-date symlink: /home/jetson/slash_ws/install/pointcloud_to_laserscan/lib/libpointcloud_to_laserscan.so
-- Up-to-date symlink: /home/jetson/slash_ws/install/pointcloud_to_laserscan/lib/pointcloud_to_laserscan/dummy_pointcloud_publisher
-- Up-to-date symlink: /home/jetson/slash_ws/install/pointcloud_to_laserscan/share/pointcloud_to_laserscan/launch/pointcloud_to_laserscan_launch.py
-- Up-to-date symlink: /home/jetson/slash_ws/install/pointcloud_to_laserscan/share/pointcloud_to_laserscan/launch/sample_laserscan_to_pointcloud_launch.py
-- Up-to-date symlink: /home/jetson/slash_ws/install/pointcloud_to_laserscan/share/pointcloud_to_laserscan/launch/sample_pointcloud_to_laserscan_launch.py
-- Up-to-date symlink: /home/jetson/slash_ws/install/pointcloud_to_laserscan/share/ament_index/resource_index/package_run_dependencies/pointcloud_to_laserscan
-- Up-to-date symlink: /home/jetson/slash_ws/install/pointcloud_to_laserscan/share/ament_index/resource_index/parent_prefix_path/pointcloud_to_laserscan
-- Up-to-date symlink: /home/jetson/slash_ws/install/pointcloud_to_laserscan/share/pointcloud_to_laserscan/environment/ament_prefix_path.sh
-- Up-to-date symlink: /home/jetson/slash_ws/install/pointcloud_to_laserscan/share/pointcloud_to_laserscan/environment/ament_prefix_path.dsv
-- Up-to-date symlink: /home/jetson/slash_ws/install/pointcloud_to_laserscan/share/pointcloud_to_laserscan/environment/path.sh
-- Up-to-date symlink: /home/jetson/slash_ws/install/pointcloud_to_laserscan/share/pointcloud_to_laserscan/environment/path.dsv
-- Up-to-date symlink: /home/jetson/slash_ws/install/pointcloud_to_laserscan/share/pointcloud_to_laserscan/local_setup.bash
-- Up-to-date symlink: /home/jetson/slash_ws/install/pointcloud_to_laserscan/share/pointcloud_to_laserscan/local_setup.sh
-- Up-to-date symlink: /home/jetson/slash_ws/install/pointcloud_to_laserscan/share/pointcloud_to_laserscan/local_setup.zsh
-- Up-to-date symlink: /home/jetson/slash_ws/install/pointcloud_to_laserscan/share/pointcloud_to_laserscan/local_setup.dsv
-- Symlinking: /home/jetson/slash_ws/install/pointcloud_to_laserscan/share/pointcloud_to_laserscan/package.dsv
-- Up-to-date symlink: /home/jetson/slash_ws/install/pointcloud_to_laserscan/share/ament_index/resource_index/packages/pointcloud_to_laserscan
-- Up-to-date symlink: /home/jetson/slash_ws/install/pointcloud_to_laserscan/share/ament_index/resource_index/rclcpp_components/pointcloud_to_laserscan
-- Up-to-date symlink: /home/jetson/slash_ws/install/pointcloud_to_laserscan/share/pointcloud_to_laserscan/cmake/ament_cmake_export_dependencies-extras.cmake
-- Up-to-date symlink: /home/jetson/slash_ws/install/pointcloud_to_laserscan/share/pointcloud_to_laserscan/cmake/ament_cmake_export_include_directories-extras.cmake
-- Up-to-date symlink: /home/jetson/slash_ws/install/pointcloud_to_laserscan/share/pointcloud_to_laserscan/cmake/ament_cmake_export_libraries-extras.cmake
-- Up-to-date symlink: /home/jetson/slash_ws/install/pointcloud_to_laserscan/share/pointcloud_to_laserscan/cmake/pointcloud_to_laserscanConfig.cmake
-- Up-to-date symlink: /home/jetson/slash_ws/install/pointcloud_to_laserscan/share/pointcloud_to_laserscan/cmake/pointcloud_to_laserscanConfig-version.cmake
-- Up-to-date symlink: /home/jetson/slash_ws/install/pointcloud_to_laserscan/share/pointcloud_to_laserscan/package.xml
