[1.697s] Invoking command in '/home/jetson/slash_ws/build/mouse_teleop': PYTHONPATH=/home/jetson/slash_ws/build/mouse_teleop/prefix_override:/usr/lib/python3/dist-packages/colcon_core/task/python/colcon_distutils_commands:/home/jetson/slash_ws/install/mouse_teleop/lib/python3.8/site-packages:${PYTHONPATH} /usr/bin/python3 -W ignore:setup.py install is deprecated setup.py develop --editable --build-directory /home/jetson/slash_ws/build/mouse_teleop/build --no-deps symlink_data --force
[2.131s] running develop
[2.383s] running egg_info
[2.384s] writing mouse_teleop.egg-info/PKG-INFO
[2.386s] writing dependency_links to mouse_teleop.egg-info/dependency_links.txt
[2.387s] writing entry points to mouse_teleop.egg-info/entry_points.txt
[2.388s] writing requirements to mouse_teleop.egg-info/requires.txt
[2.389s] writing top-level names to mouse_teleop.egg-info/top_level.txt
[2.448s] reading manifest file 'mouse_teleop.egg-info/SOURCES.txt'
[2.451s] writing manifest file 'mouse_teleop.egg-info/SOURCES.txt'
[2.516s] running build_ext
[2.516s] Creating /home/jetson/slash_ws/install/mouse_teleop/lib/python3.8/site-packages/site.py
[2.520s] Creating /home/jetson/slash_ws/install/mouse_teleop/lib/python3.8/site-packages/mouse-teleop.egg-link (link to .)
[2.522s] Installing mouse_teleop script to /home/jetson/slash_ws/install/mouse_teleop/lib/mouse_teleop
[2.523s] 
[2.523s] Installed /home/jetson/slash_ws/build/mouse_teleop
[2.523s] running symlink_data
[2.523s] symbolically linking /home/jetson/slash_ws/build/mouse_teleop/package.xml -> /home/jetson/slash_ws/install/mouse_teleop/share/mouse_teleop
[2.523s] symbolically linking /home/jetson/slash_ws/build/mouse_teleop/config/mouse_teleop.yaml -> /home/jetson/slash_ws/install/mouse_teleop/share/mouse_teleop/config
[2.523s] symbolically linking /home/jetson/slash_ws/build/mouse_teleop/launch/mouse_teleop.launch.py -> /home/jetson/slash_ws/install/mouse_teleop/share/mouse_teleop/launch
[2.524s] symbolically linking /home/jetson/slash_ws/build/mouse_teleop/resource/mouse_teleop -> /home/jetson/slash_ws/install/mouse_teleop/share/ament_index/resource_index/packages
[2.814s] Invoked command in '/home/jetson/slash_ws/build/mouse_teleop' returned '0': PYTHONPATH=/home/jetson/slash_ws/build/mouse_teleop/prefix_override:/usr/lib/python3/dist-packages/colcon_core/task/python/colcon_distutils_commands:/home/jetson/slash_ws/install/mouse_teleop/lib/python3.8/site-packages:${PYTHONPATH} /usr/bin/python3 -W ignore:setup.py install is deprecated setup.py develop --editable --build-directory /home/jetson/slash_ws/build/mouse_teleop/build --no-deps symlink_data --force
