[1.301s] Invoking command in '/home/jetson/slash_ws/src/slash_hardware/f1tenth_system/f1tenth_stack': AMENT_PREFIX_PATH=/home/jetson/slash_ws/install/joy_teleop:/home/jetson/slash_ws/install/f1tenth_stack:/home/jetson/slash_ws/install/vesc:/home/jetson/slash_ws/install/vesc_driver:/home/jetson/slash_ws/install/vesc_ackermann:/home/jetson/slash_ws/install/vesc_msgs:/home/jetson/slash_ws/install/twist_to_ackermann:/home/jetson/slash_ws/install/teleop_tools:/home/jetson/slash_ws/install/teleop_tools_msgs:/home/jetson/slash_ws/install/teb_local_planner:/home/jetson/slash_ws/install/teb_msgs:/home/jetson/slash_ws/install/slash_nav2:/home/jetson/slash_ws/install/pointcloud_to_laserscan:/home/jetson/slash_ws/install/my_converter:/home/jetson/slash_ws/install/mouse_teleop:/home/jetson/slash_ws/install/fast_lio:/home/jetson/slash_ws/install/livox_ros_driver2:/home/jetson/slash_ws/install/linefit_ground_segmentation_ros:/home/jetson/slash_ws/install/linefit_ground_segmentation:/home/jetson/slash_ws/install/key_teleop:/home/jetson/slash_ws/install/costmap_converter:/home/jetson/slash_ws/install/costmap_converter_msgs:/home/jetson/slash_ws/install/ackermann_mux:/opt/ros/foxy CMAKE_PREFIX_PATH=/home/jetson/slash_ws/install/vesc:/home/jetson/slash_ws/install/vesc_driver:/home/jetson/slash_ws/install/vesc_ackermann:/home/jetson/slash_ws/install/vesc_msgs:/home/jetson/slash_ws/install/teleop_tools_msgs:/home/jetson/slash_ws/install/ackermann_mux:/home/jetson/slash_ws/install/teleop_tools:/home/jetson/slash_ws/install/teb_local_planner:/home/jetson/slash_ws/install/teb_msgs:/home/jetson/slash_ws/install/slash_nav2:/home/jetson/slash_ws/install/pointcloud_to_laserscan:/home/jetson/slash_ws/install/fast_lio:/home/jetson/slash_ws/install/livox_ros_driver2:/home/jetson/slash_ws/install/linefit_ground_segmentation_ros:/home/jetson/slash_ws/install/linefit_ground_segmentation:/home/jetson/slash_ws/install/costmap_converter:/home/jetson/slash_ws/install/costmap_converter_msgs LD_LIBRARY_PATH=/home/jetson/slash_ws/install/vesc_driver/lib:/home/jetson/slash_ws/install/vesc_ackermann/lib:/home/jetson/slash_ws/install/vesc_msgs/lib:/home/jetson/slash_ws/install/teleop_tools_msgs/lib:/home/jetson/slash_ws/install/teb_local_planner/lib:/home/jetson/slash_ws/install/teb_msgs/lib:/home/jetson/slash_ws/install/pointcloud_to_laserscan/lib:/home/jetson/slash_ws/install/fast_lio/lib:/home/jetson/slash_ws/install/livox_ros_driver2/lib:/home/jetson/slash_ws/install/linefit_ground_segmentation/lib:/home/jetson/slash_ws/install/costmap_converter/lib:/home/jetson/slash_ws/install/costmap_converter_msgs/lib:/usr/lib/aarch64-linux-gnu/gazebo-11/plugins:/opt/ros/foxy/opt/yaml_cpp_vendor/lib:/opt/ros/foxy/opt/rviz_ogre_vendor/lib:/opt/ros/foxy/lib/aarch64-linux-gnu:/opt/ros/foxy/lib:/usr/local/cuda-11.4/lib64 PYTHONPATH=/home/jetson/slash_ws/build/f1tenth_stack/prefix_override:/usr/lib/python3/dist-packages/colcon_core/task/python/colcon_distutils_commands:/home/jetson/slash_ws/install/f1tenth_stack/lib/python3.8/site-packages:/home/jetson/slash_ws/install/joy_teleop/lib/python3.8/site-packages:/home/jetson/slash_ws/install/vesc_msgs/lib/python3.8/site-packages:/home/jetson/slash_ws/install/teleop_tools_msgs/lib/python3.8/site-packages:/home/jetson/slash_ws/build/f1tenth_stack:/home/jetson/slash_ws/install/f1tenth_stack/lib/python3.8/site-packages:/home/jetson/slash_ws/build/twist_to_ackermann:/home/jetson/slash_ws/install/twist_to_ackermann/lib/python3.8/site-packages:/home/jetson/slash_ws/build/joy_teleop:/home/jetson/slash_ws/install/teb_msgs/lib/python3.8/site-packages:/home/jetson/slash_ws/build/my_converter:/home/jetson/slash_ws/install/my_converter/lib/python3.8/site-packages:/home/jetson/slash_ws/build/mouse_teleop:/home/jetson/slash_ws/install/mouse_teleop/lib/python3.8/site-packages:/home/jetson/slash_ws/install/fast_lio/lib/python3.8/site-packages:/home/jetson/slash_ws/install/livox_ros_driver2/lib/python3.8/site-packages:/home/jetson/slash_ws/build/key_teleop:/home/jetson/slash_ws/install/key_teleop/lib/python3.8/site-packages:/home/jetson/slash_ws/install/costmap_converter_msgs/lib/python3.8/site-packages:/opt/ros/foxy/lib/python3.8/site-packages /usr/bin/python3 -W ignore:setup.py install is deprecated setup.py egg_info --egg-base ../../../../build/f1tenth_stack build --build-base /home/jetson/slash_ws/build/f1tenth_stack/build install --record /home/jetson/slash_ws/build/f1tenth_stack/install.log --install-scripts $base/lib/f1tenth_stack --single-version-externally-managed install_data
[1.719s] running egg_info
[1.720s] creating ../../../../build/f1tenth_stack/f1tenth_stack.egg-info
[1.720s] writing ../../../../build/f1tenth_stack/f1tenth_stack.egg-info/PKG-INFO
[1.721s] writing dependency_links to ../../../../build/f1tenth_stack/f1tenth_stack.egg-info/dependency_links.txt
[1.721s] writing entry points to ../../../../build/f1tenth_stack/f1tenth_stack.egg-info/entry_points.txt
[1.721s] writing requirements to ../../../../build/f1tenth_stack/f1tenth_stack.egg-info/requires.txt
[1.721s] writing top-level names to ../../../../build/f1tenth_stack/f1tenth_stack.egg-info/top_level.txt
[1.725s] writing manifest file '../../../../build/f1tenth_stack/f1tenth_stack.egg-info/SOURCES.txt'
[1.789s] reading manifest file '../../../../build/f1tenth_stack/f1tenth_stack.egg-info/SOURCES.txt'
[1.790s] writing manifest file '../../../../build/f1tenth_stack/f1tenth_stack.egg-info/SOURCES.txt'
[1.791s] running build
[1.791s] running build_py
[1.791s] creating /home/jetson/slash_ws/build/f1tenth_stack/build
[1.793s] creating /home/jetson/slash_ws/build/f1tenth_stack/build/lib
[1.793s] creating /home/jetson/slash_ws/build/f1tenth_stack/build/lib/f1tenth_stack
[1.793s] copying f1tenth_stack/throttle_interpolator.py -> /home/jetson/slash_ws/build/f1tenth_stack/build/lib/f1tenth_stack
[1.794s] copying f1tenth_stack/tf_publisher.py -> /home/jetson/slash_ws/build/f1tenth_stack/build/lib/f1tenth_stack
[1.794s] copying f1tenth_stack/__init__.py -> /home/jetson/slash_ws/build/f1tenth_stack/build/lib/f1tenth_stack
[1.794s] running install
[1.798s] running install_lib
[1.800s] creating /home/jetson/slash_ws/install/f1tenth_stack/lib/python3.8/site-packages/f1tenth_stack
[1.801s] copying /home/jetson/slash_ws/build/f1tenth_stack/build/lib/f1tenth_stack/throttle_interpolator.py -> /home/jetson/slash_ws/install/f1tenth_stack/lib/python3.8/site-packages/f1tenth_stack
[1.801s] copying /home/jetson/slash_ws/build/f1tenth_stack/build/lib/f1tenth_stack/tf_publisher.py -> /home/jetson/slash_ws/install/f1tenth_stack/lib/python3.8/site-packages/f1tenth_stack
[1.801s] copying /home/jetson/slash_ws/build/f1tenth_stack/build/lib/f1tenth_stack/__init__.py -> /home/jetson/slash_ws/install/f1tenth_stack/lib/python3.8/site-packages/f1tenth_stack
[1.803s] byte-compiling /home/jetson/slash_ws/install/f1tenth_stack/lib/python3.8/site-packages/f1tenth_stack/throttle_interpolator.py to throttle_interpolator.cpython-38.pyc
[1.806s] byte-compiling /home/jetson/slash_ws/install/f1tenth_stack/lib/python3.8/site-packages/f1tenth_stack/tf_publisher.py to tf_publisher.cpython-38.pyc
[1.807s] byte-compiling /home/jetson/slash_ws/install/f1tenth_stack/lib/python3.8/site-packages/f1tenth_stack/__init__.py to __init__.cpython-38.pyc
[1.807s] running install_data
[1.807s] creating /home/jetson/slash_ws/install/f1tenth_stack/share/ament_index
[1.808s] creating /home/jetson/slash_ws/install/f1tenth_stack/share/ament_index/resource_index
[1.808s] creating /home/jetson/slash_ws/install/f1tenth_stack/share/ament_index/resource_index/packages
[1.815s] copying resource/f1tenth_stack -> /home/jetson/slash_ws/install/f1tenth_stack/share/ament_index/resource_index/packages
[1.815s] copying package.xml -> /home/jetson/slash_ws/install/f1tenth_stack/share/f1tenth_stack
[1.816s] creating /home/jetson/slash_ws/install/f1tenth_stack/share/f1tenth_stack/launch
[1.816s] copying launch/bringup_launch.py -> /home/jetson/slash_ws/install/f1tenth_stack/share/f1tenth_stack/launch
[1.816s] creating /home/jetson/slash_ws/install/f1tenth_stack/share/f1tenth_stack/config
[1.816s] copying config/sensors.yaml -> /home/jetson/slash_ws/install/f1tenth_stack/share/f1tenth_stack/config
[1.817s] copying config/joy_teleop.yaml -> /home/jetson/slash_ws/install/f1tenth_stack/share/f1tenth_stack/config
[1.817s] copying config/segmentation_real.yaml -> /home/jetson/slash_ws/install/f1tenth_stack/share/f1tenth_stack/config
[1.817s] copying config/mux.yaml -> /home/jetson/slash_ws/install/f1tenth_stack/share/f1tenth_stack/config
[1.817s] copying config/vesc.yaml -> /home/jetson/slash_ws/install/f1tenth_stack/share/f1tenth_stack/config
[1.818s] copying config/f1tenth_online_async.yaml -> /home/jetson/slash_ws/install/f1tenth_stack/share/f1tenth_stack/config
[1.818s] copying config/MID360_config.json -> /home/jetson/slash_ws/install/f1tenth_stack/share/f1tenth_stack/config
[1.818s] running install_egg_info
[1.823s] Copying ../../../../build/f1tenth_stack/f1tenth_stack.egg-info to /home/jetson/slash_ws/install/f1tenth_stack/lib/python3.8/site-packages/f1tenth_stack-0.0.1-py3.8.egg-info
[1.825s] running install_scripts
[1.874s] Installing tf_publisher script to /home/jetson/slash_ws/install/f1tenth_stack/lib/f1tenth_stack
[1.874s] Installing throttle_interpolator script to /home/jetson/slash_ws/install/f1tenth_stack/lib/f1tenth_stack
[1.874s] writing list of installed files to '/home/jetson/slash_ws/build/f1tenth_stack/install.log'
[1.950s] Invoked command in '/home/jetson/slash_ws/src/slash_hardware/f1tenth_system/f1tenth_stack' returned '0': AMENT_PREFIX_PATH=/home/jetson/slash_ws/install/joy_teleop:/home/jetson/slash_ws/install/f1tenth_stack:/home/jetson/slash_ws/install/vesc:/home/jetson/slash_ws/install/vesc_driver:/home/jetson/slash_ws/install/vesc_ackermann:/home/jetson/slash_ws/install/vesc_msgs:/home/jetson/slash_ws/install/twist_to_ackermann:/home/jetson/slash_ws/install/teleop_tools:/home/jetson/slash_ws/install/teleop_tools_msgs:/home/jetson/slash_ws/install/teb_local_planner:/home/jetson/slash_ws/install/teb_msgs:/home/jetson/slash_ws/install/slash_nav2:/home/jetson/slash_ws/install/pointcloud_to_laserscan:/home/jetson/slash_ws/install/my_converter:/home/jetson/slash_ws/install/mouse_teleop:/home/jetson/slash_ws/install/fast_lio:/home/jetson/slash_ws/install/livox_ros_driver2:/home/jetson/slash_ws/install/linefit_ground_segmentation_ros:/home/jetson/slash_ws/install/linefit_ground_segmentation:/home/jetson/slash_ws/install/key_teleop:/home/jetson/slash_ws/install/costmap_converter:/home/jetson/slash_ws/install/costmap_converter_msgs:/home/jetson/slash_ws/install/ackermann_mux:/opt/ros/foxy CMAKE_PREFIX_PATH=/home/jetson/slash_ws/install/vesc:/home/jetson/slash_ws/install/vesc_driver:/home/jetson/slash_ws/install/vesc_ackermann:/home/jetson/slash_ws/install/vesc_msgs:/home/jetson/slash_ws/install/teleop_tools_msgs:/home/jetson/slash_ws/install/ackermann_mux:/home/jetson/slash_ws/install/teleop_tools:/home/jetson/slash_ws/install/teb_local_planner:/home/jetson/slash_ws/install/teb_msgs:/home/jetson/slash_ws/install/slash_nav2:/home/jetson/slash_ws/install/pointcloud_to_laserscan:/home/jetson/slash_ws/install/fast_lio:/home/jetson/slash_ws/install/livox_ros_driver2:/home/jetson/slash_ws/install/linefit_ground_segmentation_ros:/home/jetson/slash_ws/install/linefit_ground_segmentation:/home/jetson/slash_ws/install/costmap_converter:/home/jetson/slash_ws/install/costmap_converter_msgs LD_LIBRARY_PATH=/home/jetson/slash_ws/install/vesc_driver/lib:/home/jetson/slash_ws/install/vesc_ackermann/lib:/home/jetson/slash_ws/install/vesc_msgs/lib:/home/jetson/slash_ws/install/teleop_tools_msgs/lib:/home/jetson/slash_ws/install/teb_local_planner/lib:/home/jetson/slash_ws/install/teb_msgs/lib:/home/jetson/slash_ws/install/pointcloud_to_laserscan/lib:/home/jetson/slash_ws/install/fast_lio/lib:/home/jetson/slash_ws/install/livox_ros_driver2/lib:/home/jetson/slash_ws/install/linefit_ground_segmentation/lib:/home/jetson/slash_ws/install/costmap_converter/lib:/home/jetson/slash_ws/install/costmap_converter_msgs/lib:/usr/lib/aarch64-linux-gnu/gazebo-11/plugins:/opt/ros/foxy/opt/yaml_cpp_vendor/lib:/opt/ros/foxy/opt/rviz_ogre_vendor/lib:/opt/ros/foxy/lib/aarch64-linux-gnu:/opt/ros/foxy/lib:/usr/local/cuda-11.4/lib64 PYTHONPATH=/home/jetson/slash_ws/build/f1tenth_stack/prefix_override:/usr/lib/python3/dist-packages/colcon_core/task/python/colcon_distutils_commands:/home/jetson/slash_ws/install/f1tenth_stack/lib/python3.8/site-packages:/home/jetson/slash_ws/install/joy_teleop/lib/python3.8/site-packages:/home/jetson/slash_ws/install/vesc_msgs/lib/python3.8/site-packages:/home/jetson/slash_ws/install/teleop_tools_msgs/lib/python3.8/site-packages:/home/jetson/slash_ws/build/f1tenth_stack:/home/jetson/slash_ws/install/f1tenth_stack/lib/python3.8/site-packages:/home/jetson/slash_ws/build/twist_to_ackermann:/home/jetson/slash_ws/install/twist_to_ackermann/lib/python3.8/site-packages:/home/jetson/slash_ws/build/joy_teleop:/home/jetson/slash_ws/install/teb_msgs/lib/python3.8/site-packages:/home/jetson/slash_ws/build/my_converter:/home/jetson/slash_ws/install/my_converter/lib/python3.8/site-packages:/home/jetson/slash_ws/build/mouse_teleop:/home/jetson/slash_ws/install/mouse_teleop/lib/python3.8/site-packages:/home/jetson/slash_ws/install/fast_lio/lib/python3.8/site-packages:/home/jetson/slash_ws/install/livox_ros_driver2/lib/python3.8/site-packages:/home/jetson/slash_ws/build/key_teleop:/home/jetson/slash_ws/install/key_teleop/lib/python3.8/site-packages:/home/jetson/slash_ws/install/costmap_converter_msgs/lib/python3.8/site-packages:/opt/ros/foxy/lib/python3.8/site-packages /usr/bin/python3 -W ignore:setup.py install is deprecated setup.py egg_info --egg-base ../../../../build/f1tenth_stack build --build-base /home/jetson/slash_ws/build/f1tenth_stack/build install --record /home/jetson/slash_ws/build/f1tenth_stack/install.log --install-scripts $base/lib/f1tenth_stack --single-version-externally-managed install_data
