[0.027s] Invoking command in '/home/jetson/slash_ws/build/teleop_tools': AMENT_PREFIX_PATH=/home/jetson/slash_ws/install/joy_teleop:/home/jetson/slash_ws/install/teleop_tools_msgs:/home/jetson/slash_ws/install/key_teleop:${AMENT_PREFIX_PATH} CMAKE_PREFIX_PATH=/home/jetson/slash_ws/install/teleop_tools_msgs:/opt/ros/foxy LD_LIBRARY_PATH=/home/jetson/slash_ws/install/teleop_tools_msgs/lib:/usr/lib/aarch64-linux-gnu/gazebo-11/plugins:/opt/ros/foxy/opt/yaml_cpp_vendor/lib:/opt/ros/foxy/opt/rviz_ogre_vendor/lib:/opt/ros/foxy/lib/aarch64-linux-gnu:/opt/ros/foxy/lib:/usr/local/cuda-11.4/lib64 PYTHONPATH=/home/jetson/slash_ws/build/joy_teleop:/home/jetson/slash_ws/install/joy_teleop/lib/python3.8/site-packages:/home/jetson/slash_ws/install/teleop_tools_msgs/lib/python3.8/site-packages:/home/jetson/slash_ws/build/key_teleop:/home/jetson/slash_ws/install/key_teleop/lib/python3.8/site-packages:${PYTHONPATH} /usr/bin/cmake --build /home/jetson/slash_ws/build/teleop_tools -- -j8 -l8
[0.068s] -- Found ament_cmake: 0.9.12 (/opt/ros/foxy/share/ament_cmake/cmake)
[0.115s] -- Using PYTHON_EXECUTABLE: /usr/bin/python3
[0.442s] -- Override CMake install command with custom implementation using symlinks instead of copying resources
[0.582s] -- Configuring done
[0.590s] -- Generating done
[0.591s] -- Build files have been written to: /home/jetson/slash_ws/build/teleop_tools
[0.638s] Invoked command in '/home/jetson/slash_ws/build/teleop_tools' returned '0': AMENT_PREFIX_PATH=/home/jetson/slash_ws/install/joy_teleop:/home/jetson/slash_ws/install/teleop_tools_msgs:/home/jetson/slash_ws/install/key_teleop:${AMENT_PREFIX_PATH} CMAKE_PREFIX_PATH=/home/jetson/slash_ws/install/teleop_tools_msgs:/opt/ros/foxy LD_LIBRARY_PATH=/home/jetson/slash_ws/install/teleop_tools_msgs/lib:/usr/lib/aarch64-linux-gnu/gazebo-11/plugins:/opt/ros/foxy/opt/yaml_cpp_vendor/lib:/opt/ros/foxy/opt/rviz_ogre_vendor/lib:/opt/ros/foxy/lib/aarch64-linux-gnu:/opt/ros/foxy/lib:/usr/local/cuda-11.4/lib64 PYTHONPATH=/home/jetson/slash_ws/build/joy_teleop:/home/jetson/slash_ws/install/joy_teleop/lib/python3.8/site-packages:/home/jetson/slash_ws/install/teleop_tools_msgs/lib/python3.8/site-packages:/home/jetson/slash_ws/build/key_teleop:/home/jetson/slash_ws/install/key_teleop/lib/python3.8/site-packages:${PYTHONPATH} /usr/bin/cmake --build /home/jetson/slash_ws/build/teleop_tools -- -j8 -l8
[0.687s] Invoking command in '/home/jetson/slash_ws/build/teleop_tools': AMENT_PREFIX_PATH=/home/jetson/slash_ws/install/joy_teleop:/home/jetson/slash_ws/install/teleop_tools_msgs:/home/jetson/slash_ws/install/key_teleop:${AMENT_PREFIX_PATH} CMAKE_PREFIX_PATH=/home/jetson/slash_ws/install/teleop_tools_msgs:/opt/ros/foxy LD_LIBRARY_PATH=/home/jetson/slash_ws/install/teleop_tools_msgs/lib:/usr/lib/aarch64-linux-gnu/gazebo-11/plugins:/opt/ros/foxy/opt/yaml_cpp_vendor/lib:/opt/ros/foxy/opt/rviz_ogre_vendor/lib:/opt/ros/foxy/lib/aarch64-linux-gnu:/opt/ros/foxy/lib:/usr/local/cuda-11.4/lib64 PYTHONPATH=/home/jetson/slash_ws/build/joy_teleop:/home/jetson/slash_ws/install/joy_teleop/lib/python3.8/site-packages:/home/jetson/slash_ws/install/teleop_tools_msgs/lib/python3.8/site-packages:/home/jetson/slash_ws/build/key_teleop:/home/jetson/slash_ws/install/key_teleop/lib/python3.8/site-packages:${PYTHONPATH} /usr/bin/cmake --install /home/jetson/slash_ws/build/teleop_tools
[0.706s] -- Install configuration: ""
[0.706s] -- Execute custom install script
[0.707s] -- Up-to-date symlink: /home/jetson/slash_ws/install/teleop_tools/share/ament_index/resource_index/package_run_dependencies/teleop_tools
[0.708s] -- Up-to-date symlink: /home/jetson/slash_ws/install/teleop_tools/share/ament_index/resource_index/parent_prefix_path/teleop_tools
[0.708s] -- Up-to-date symlink: /home/jetson/slash_ws/install/teleop_tools/share/teleop_tools/environment/ament_prefix_path.sh
[0.709s] -- Up-to-date symlink: /home/jetson/slash_ws/install/teleop_tools/share/teleop_tools/environment/ament_prefix_path.dsv
[0.709s] -- Up-to-date symlink: /home/jetson/slash_ws/install/teleop_tools/share/teleop_tools/environment/path.sh
[0.710s] -- Up-to-date symlink: /home/jetson/slash_ws/install/teleop_tools/share/teleop_tools/environment/path.dsv
[0.710s] -- Up-to-date symlink: /home/jetson/slash_ws/install/teleop_tools/share/teleop_tools/local_setup.bash
[0.711s] -- Up-to-date symlink: /home/jetson/slash_ws/install/teleop_tools/share/teleop_tools/local_setup.sh
[0.711s] -- Up-to-date symlink: /home/jetson/slash_ws/install/teleop_tools/share/teleop_tools/local_setup.zsh
[0.712s] -- Up-to-date symlink: /home/jetson/slash_ws/install/teleop_tools/share/teleop_tools/local_setup.dsv
[0.712s] -- Symlinking: /home/jetson/slash_ws/install/teleop_tools/share/teleop_tools/package.dsv
[0.730s] -- Up-to-date symlink: /home/jetson/slash_ws/install/teleop_tools/share/ament_index/resource_index/packages/teleop_tools
[0.731s] -- Up-to-date symlink: /home/jetson/slash_ws/install/teleop_tools/share/teleop_tools/cmake/teleop_toolsConfig.cmake
[0.731s] -- Up-to-date symlink: /home/jetson/slash_ws/install/teleop_tools/share/teleop_tools/cmake/teleop_toolsConfig-version.cmake
[0.732s] -- Up-to-date symlink: /home/jetson/slash_ws/install/teleop_tools/share/teleop_tools/package.xml
[0.737s] Invoked command in '/home/jetson/slash_ws/build/teleop_tools' returned '0': AMENT_PREFIX_PATH=/home/jetson/slash_ws/install/joy_teleop:/home/jetson/slash_ws/install/teleop_tools_msgs:/home/jetson/slash_ws/install/key_teleop:${AMENT_PREFIX_PATH} CMAKE_PREFIX_PATH=/home/jetson/slash_ws/install/teleop_tools_msgs:/opt/ros/foxy LD_LIBRARY_PATH=/home/jetson/slash_ws/install/teleop_tools_msgs/lib:/usr/lib/aarch64-linux-gnu/gazebo-11/plugins:/opt/ros/foxy/opt/yaml_cpp_vendor/lib:/opt/ros/foxy/opt/rviz_ogre_vendor/lib:/opt/ros/foxy/lib/aarch64-linux-gnu:/opt/ros/foxy/lib:/usr/local/cuda-11.4/lib64 PYTHONPATH=/home/jetson/slash_ws/build/joy_teleop:/home/jetson/slash_ws/install/joy_teleop/lib/python3.8/site-packages:/home/jetson/slash_ws/install/teleop_tools_msgs/lib/python3.8/site-packages:/home/jetson/slash_ws/build/key_teleop:/home/jetson/slash_ws/install/key_teleop/lib/python3.8/site-packages:${PYTHONPATH} /usr/bin/cmake --install /home/jetson/slash_ws/build/teleop_tools
