[0.164s] Invoking command in '/home/jetson/slash_ws/build/fast_lio': CMAKE_PREFIX_PATH=/home/jetson/slash_ws/install/livox_ros_driver2:/home/jetson/slash_ws/install/vesc:/home/jetson/slash_ws/install/vesc_driver:/home/jetson/slash_ws/install/vesc_ackermann:/home/jetson/slash_ws/install/vesc_msgs:/home/jetson/slash_ws/install/teleop_tools:/home/jetson/slash_ws/install/teleop_tools_msgs:/home/jetson/slash_ws/install/teb_local_planner:/home/jetson/slash_ws/install/teb_msgs:/home/jetson/slash_ws/install/slash_nav2:/home/jetson/slash_ws/install/pointcloud_to_laserscan:/home/jetson/slash_ws/install/fast_lio:/home/jetson/slash_ws/install/linefit_ground_segmentation_ros:/home/jetson/slash_ws/install/linefit_ground_segmentation:/home/jetson/slash_ws/install/costmap_converter:/home/jetson/slash_ws/install/costmap_converter_msgs:/home/jetson/slash_ws/install/ackermann_mux:/home/jetson/slash_ws/install/f1tenth_stack:/home/jetson/slash_ws/install/twist_to_ackermann:/home/jetson/slash_ws/install/joy_teleop:/home/jetson/slash_ws/install/mouse_teleop:/home/jetson/slash_ws/install/key_teleop:/opt/ros/foxy LD_LIBRARY_PATH=/home/jetson/slash_ws/install/livox_ros_driver2/lib:/usr/local/cuda-11.4/lib64:/home/jetson/slash_ws/install/vesc_driver/lib:/home/jetson/slash_ws/install/vesc_ackermann/lib:/home/jetson/slash_ws/install/vesc_msgs/lib:/home/jetson/slash_ws/install/teleop_tools_msgs/lib:/home/jetson/slash_ws/install/teb_local_planner/lib:/home/jetson/slash_ws/install/teb_msgs/lib:/home/jetson/slash_ws/install/pointcloud_to_laserscan/lib:/home/jetson/slash_ws/install/fast_lio/lib:/home/jetson/slash_ws/install/linefit_ground_segmentation/lib:/home/jetson/slash_ws/install/costmap_converter/lib:/home/jetson/slash_ws/install/costmap_converter_msgs/lib:/usr/lib/aarch64-linux-gnu/gazebo-11/plugins:/opt/ros/foxy/opt/yaml_cpp_vendor/lib:/opt/ros/foxy/opt/rviz_ogre_vendor/lib:/opt/ros/foxy/lib/aarch64-linux-gnu:/opt/ros/foxy/lib:/usr/local/cuda-11.4/lib64 PYTHONPATH=/home/jetson/slash_ws/install/livox_ros_driver2/lib/python3.8/site-packages:/home/jetson/slash_ws/build/f1tenth_stack:/home/jetson/slash_ws/install/f1tenth_stack/lib/python3.8/site-packages:/home/jetson/slash_ws/install/vesc_msgs/lib/python3.8/site-packages:/home/jetson/slash_ws/build/twist_to_ackermann:/home/jetson/slash_ws/install/twist_to_ackermann/lib/python3.8/site-packages:/home/jetson/slash_ws/build/joy_teleop:/home/jetson/slash_ws/install/joy_teleop/lib/python3.8/site-packages:/home/jetson/slash_ws/install/teleop_tools_msgs/lib/python3.8/site-packages:/home/jetson/slash_ws/install/teb_msgs/lib/python3.8/site-packages:/home/jetson/slash_ws/build/mouse_teleop:/home/jetson/slash_ws/install/mouse_teleop/lib/python3.8/site-packages:/home/jetson/slash_ws/install/fast_lio/lib/python3.8/site-packages:/home/jetson/slash_ws/build/key_teleop:/home/jetson/slash_ws/install/key_teleop/lib/python3.8/site-packages:/home/jetson/slash_ws/install/costmap_converter_msgs/lib/python3.8/site-packages:/opt/ros/foxy/lib/python3.8/site-packages /usr/bin/cmake --build /home/jetson/slash_ws/build/fast_lio -- -j8 -l8
[0.399s] [  2%] Built target fast_lio__cpp
[0.411s] [ 11%] Built target fast_lio__rosidl_generator_c
[0.481s] [ 20%] Built target fast_lio__rosidl_typesupport_introspection_cpp
[0.501s] [ 28%] Built target fast_lio__rosidl_typesupport_cpp
[0.513s] [ 37%] Built target fast_lio__rosidl_typesupport_fastrtps_cpp
[0.539s] [ 45%] Built target fast_lio__rosidl_typesupport_c
[0.540s] [ 54%] Built target fast_lio__rosidl_typesupport_introspection_c
[0.580s] [ 62%] Built target fast_lio__rosidl_typesupport_fastrtps_c
[0.631s] [ 62%] Built target fast_lio
[0.705s] [ 65%] Built target fast_lio__py
[0.791s] [ 77%] Built target fastlio_mapping
[0.809s] [ 82%] Built target fast_lio__python
[0.902s] [ 94%] Built target fast_lio__rosidl_typesupport_c__pyext
[0.902s] [ 94%] Built target fast_lio__rosidl_typesupport_introspection_c__pyext
[0.905s] [100%] Built target fast_lio__rosidl_typesupport_fastrtps_c__pyext
[0.936s] Invoked command in '/home/jetson/slash_ws/build/fast_lio' returned '0': CMAKE_PREFIX_PATH=/home/jetson/slash_ws/install/livox_ros_driver2:/home/jetson/slash_ws/install/vesc:/home/jetson/slash_ws/install/vesc_driver:/home/jetson/slash_ws/install/vesc_ackermann:/home/jetson/slash_ws/install/vesc_msgs:/home/jetson/slash_ws/install/teleop_tools:/home/jetson/slash_ws/install/teleop_tools_msgs:/home/jetson/slash_ws/install/teb_local_planner:/home/jetson/slash_ws/install/teb_msgs:/home/jetson/slash_ws/install/slash_nav2:/home/jetson/slash_ws/install/pointcloud_to_laserscan:/home/jetson/slash_ws/install/fast_lio:/home/jetson/slash_ws/install/linefit_ground_segmentation_ros:/home/jetson/slash_ws/install/linefit_ground_segmentation:/home/jetson/slash_ws/install/costmap_converter:/home/jetson/slash_ws/install/costmap_converter_msgs:/home/jetson/slash_ws/install/ackermann_mux:/home/jetson/slash_ws/install/f1tenth_stack:/home/jetson/slash_ws/install/twist_to_ackermann:/home/jetson/slash_ws/install/joy_teleop:/home/jetson/slash_ws/install/mouse_teleop:/home/jetson/slash_ws/install/key_teleop:/opt/ros/foxy LD_LIBRARY_PATH=/home/jetson/slash_ws/install/livox_ros_driver2/lib:/usr/local/cuda-11.4/lib64:/home/jetson/slash_ws/install/vesc_driver/lib:/home/jetson/slash_ws/install/vesc_ackermann/lib:/home/jetson/slash_ws/install/vesc_msgs/lib:/home/jetson/slash_ws/install/teleop_tools_msgs/lib:/home/jetson/slash_ws/install/teb_local_planner/lib:/home/jetson/slash_ws/install/teb_msgs/lib:/home/jetson/slash_ws/install/pointcloud_to_laserscan/lib:/home/jetson/slash_ws/install/fast_lio/lib:/home/jetson/slash_ws/install/linefit_ground_segmentation/lib:/home/jetson/slash_ws/install/costmap_converter/lib:/home/jetson/slash_ws/install/costmap_converter_msgs/lib:/usr/lib/aarch64-linux-gnu/gazebo-11/plugins:/opt/ros/foxy/opt/yaml_cpp_vendor/lib:/opt/ros/foxy/opt/rviz_ogre_vendor/lib:/opt/ros/foxy/lib/aarch64-linux-gnu:/opt/ros/foxy/lib:/usr/local/cuda-11.4/lib64 PYTHONPATH=/home/jetson/slash_ws/install/livox_ros_driver2/lib/python3.8/site-packages:/home/jetson/slash_ws/build/f1tenth_stack:/home/jetson/slash_ws/install/f1tenth_stack/lib/python3.8/site-packages:/home/jetson/slash_ws/install/vesc_msgs/lib/python3.8/site-packages:/home/jetson/slash_ws/build/twist_to_ackermann:/home/jetson/slash_ws/install/twist_to_ackermann/lib/python3.8/site-packages:/home/jetson/slash_ws/build/joy_teleop:/home/jetson/slash_ws/install/joy_teleop/lib/python3.8/site-packages:/home/jetson/slash_ws/install/teleop_tools_msgs/lib/python3.8/site-packages:/home/jetson/slash_ws/install/teb_msgs/lib/python3.8/site-packages:/home/jetson/slash_ws/build/mouse_teleop:/home/jetson/slash_ws/install/mouse_teleop/lib/python3.8/site-packages:/home/jetson/slash_ws/install/fast_lio/lib/python3.8/site-packages:/home/jetson/slash_ws/build/key_teleop:/home/jetson/slash_ws/install/key_teleop/lib/python3.8/site-packages:/home/jetson/slash_ws/install/costmap_converter_msgs/lib/python3.8/site-packages:/opt/ros/foxy/lib/python3.8/site-packages /usr/bin/cmake --build /home/jetson/slash_ws/build/fast_lio -- -j8 -l8
[1.136s] Invoking command in '/home/jetson/slash_ws/build/fast_lio': CMAKE_PREFIX_PATH=/home/jetson/slash_ws/install/livox_ros_driver2:/home/jetson/slash_ws/install/vesc:/home/jetson/slash_ws/install/vesc_driver:/home/jetson/slash_ws/install/vesc_ackermann:/home/jetson/slash_ws/install/vesc_msgs:/home/jetson/slash_ws/install/teleop_tools:/home/jetson/slash_ws/install/teleop_tools_msgs:/home/jetson/slash_ws/install/teb_local_planner:/home/jetson/slash_ws/install/teb_msgs:/home/jetson/slash_ws/install/slash_nav2:/home/jetson/slash_ws/install/pointcloud_to_laserscan:/home/jetson/slash_ws/install/fast_lio:/home/jetson/slash_ws/install/linefit_ground_segmentation_ros:/home/jetson/slash_ws/install/linefit_ground_segmentation:/home/jetson/slash_ws/install/costmap_converter:/home/jetson/slash_ws/install/costmap_converter_msgs:/home/jetson/slash_ws/install/ackermann_mux:/home/jetson/slash_ws/install/f1tenth_stack:/home/jetson/slash_ws/install/twist_to_ackermann:/home/jetson/slash_ws/install/joy_teleop:/home/jetson/slash_ws/install/mouse_teleop:/home/jetson/slash_ws/install/key_teleop:/opt/ros/foxy LD_LIBRARY_PATH=/home/jetson/slash_ws/install/livox_ros_driver2/lib:/usr/local/cuda-11.4/lib64:/home/jetson/slash_ws/install/vesc_driver/lib:/home/jetson/slash_ws/install/vesc_ackermann/lib:/home/jetson/slash_ws/install/vesc_msgs/lib:/home/jetson/slash_ws/install/teleop_tools_msgs/lib:/home/jetson/slash_ws/install/teb_local_planner/lib:/home/jetson/slash_ws/install/teb_msgs/lib:/home/jetson/slash_ws/install/pointcloud_to_laserscan/lib:/home/jetson/slash_ws/install/fast_lio/lib:/home/jetson/slash_ws/install/linefit_ground_segmentation/lib:/home/jetson/slash_ws/install/costmap_converter/lib:/home/jetson/slash_ws/install/costmap_converter_msgs/lib:/usr/lib/aarch64-linux-gnu/gazebo-11/plugins:/opt/ros/foxy/opt/yaml_cpp_vendor/lib:/opt/ros/foxy/opt/rviz_ogre_vendor/lib:/opt/ros/foxy/lib/aarch64-linux-gnu:/opt/ros/foxy/lib:/usr/local/cuda-11.4/lib64 PYTHONPATH=/home/jetson/slash_ws/install/livox_ros_driver2/lib/python3.8/site-packages:/home/jetson/slash_ws/build/f1tenth_stack:/home/jetson/slash_ws/install/f1tenth_stack/lib/python3.8/site-packages:/home/jetson/slash_ws/install/vesc_msgs/lib/python3.8/site-packages:/home/jetson/slash_ws/build/twist_to_ackermann:/home/jetson/slash_ws/install/twist_to_ackermann/lib/python3.8/site-packages:/home/jetson/slash_ws/build/joy_teleop:/home/jetson/slash_ws/install/joy_teleop/lib/python3.8/site-packages:/home/jetson/slash_ws/install/teleop_tools_msgs/lib/python3.8/site-packages:/home/jetson/slash_ws/install/teb_msgs/lib/python3.8/site-packages:/home/jetson/slash_ws/build/mouse_teleop:/home/jetson/slash_ws/install/mouse_teleop/lib/python3.8/site-packages:/home/jetson/slash_ws/install/fast_lio/lib/python3.8/site-packages:/home/jetson/slash_ws/build/key_teleop:/home/jetson/slash_ws/install/key_teleop/lib/python3.8/site-packages:/home/jetson/slash_ws/install/costmap_converter_msgs/lib/python3.8/site-packages:/opt/ros/foxy/lib/python3.8/site-packages /usr/bin/cmake --install /home/jetson/slash_ws/build/fast_lio
[1.166s] -- Install configuration: "Release"
[1.166s] -- Execute custom install script
[1.167s] -- Up-to-date symlink: /home/jetson/slash_ws/install/fast_lio/share/ament_index/resource_index/rosidl_interfaces/fast_lio
[1.167s] -- Up-to-date symlink: /home/jetson/slash_ws/install/fast_lio/include/fast_lio/msg/detail/pose6_d__functions.h
[1.167s] -- Up-to-date symlink: /home/jetson/slash_ws/install/fast_lio/include/fast_lio/msg/detail/pose6_d__struct.h
[1.167s] -- Up-to-date symlink: /home/jetson/slash_ws/install/fast_lio/include/fast_lio/msg/detail/pose6_d__type_support.h
[1.168s] -- Up-to-date symlink: /home/jetson/slash_ws/install/fast_lio/include/fast_lio/msg/pose6_d.h
[1.168s] -- Up-to-date symlink: /home/jetson/slash_ws/install/fast_lio/include/fast_lio/msg/rosidl_generator_c__visibility_control.h
[1.169s] -- Up-to-date symlink: /home/jetson/slash_ws/install/fast_lio/share/fast_lio/environment/library_path.sh
[1.169s] -- Up-to-date symlink: /home/jetson/slash_ws/install/fast_lio/share/fast_lio/environment/library_path.dsv
[1.170s] -- Up-to-date symlink: /home/jetson/slash_ws/install/fast_lio/include/fast_lio/msg/detail/pose6_d__rosidl_typesupport_fastrtps_c.h
[1.171s] -- Up-to-date symlink: /home/jetson/slash_ws/install/fast_lio/include/fast_lio/msg/rosidl_typesupport_fastrtps_c__visibility_control.h
[1.171s] -- Up-to-date symlink: /home/jetson/slash_ws/install/fast_lio/lib/libfast_lio__rosidl_typesupport_fastrtps_c.so
[1.171s] -- Up-to-date symlink: /home/jetson/slash_ws/install/fast_lio/include/fast_lio/msg/detail/pose6_d__rosidl_typesupport_fastrtps_cpp.hpp
[1.172s] -- Up-to-date symlink: /home/jetson/slash_ws/install/fast_lio/include/fast_lio/msg/rosidl_typesupport_fastrtps_cpp__visibility_control.h
[1.172s] -- Up-to-date symlink: /home/jetson/slash_ws/install/fast_lio/lib/libfast_lio__rosidl_typesupport_fastrtps_cpp.so
[1.172s] -- Up-to-date symlink: /home/jetson/slash_ws/install/fast_lio/include/fast_lio/msg/detail/pose6_d__rosidl_typesupport_introspection_c.h
[1.172s] -- Up-to-date symlink: /home/jetson/slash_ws/install/fast_lio/include/fast_lio/msg/rosidl_typesupport_introspection_c__visibility_control.h
[1.173s] -- Up-to-date symlink: /home/jetson/slash_ws/install/fast_lio/include/fast_lio/msg/detail/pose6_d__builder.hpp
[1.173s] -- Up-to-date symlink: /home/jetson/slash_ws/install/fast_lio/include/fast_lio/msg/detail/pose6_d__struct.hpp
[1.173s] -- Up-to-date symlink: /home/jetson/slash_ws/install/fast_lio/include/fast_lio/msg/detail/pose6_d__traits.hpp
[1.173s] -- Up-to-date symlink: /home/jetson/slash_ws/install/fast_lio/include/fast_lio/msg/detail/pose6_d__type_support.hpp
[1.173s] -- Up-to-date symlink: /home/jetson/slash_ws/install/fast_lio/include/fast_lio/msg/pose6_d.hpp
[1.173s] -- Up-to-date symlink: /home/jetson/slash_ws/install/fast_lio/include/fast_lio/msg/rosidl_generator_cpp__visibility_control.hpp
[1.173s] -- Up-to-date symlink: /home/jetson/slash_ws/install/fast_lio/include/fast_lio/msg/detail/pose6_d__rosidl_typesupport_introspection_cpp.hpp
[1.174s] -- Up-to-date symlink: /home/jetson/slash_ws/install/fast_lio/share/fast_lio/environment/pythonpath.sh
[1.174s] -- Up-to-date symlink: /home/jetson/slash_ws/install/fast_lio/share/fast_lio/environment/pythonpath.dsv
[1.174s] -- Up-to-date symlink: /home/jetson/slash_ws/install/fast_lio/lib/python3.8/site-packages/fast_lio/__init__.py
[1.174s] -- Up-to-date symlink: /home/jetson/slash_ws/install/fast_lio/lib/python3.8/site-packages/fast_lio/msg/__init__.py
[1.175s] -- Up-to-date symlink: /home/jetson/slash_ws/install/fast_lio/lib/python3.8/site-packages/fast_lio/msg/_pose6_d.py
[1.177s] -- Up-to-date symlink: /home/jetson/slash_ws/install/fast_lio/lib/python3.8/site-packages/fast_lio/fast_lio_s__rosidl_typesupport_fastrtps_c.cpython-38-aarch64-linux-gnu.so
[1.177s] -- Up-to-date symlink: /home/jetson/slash_ws/install/fast_lio/lib/python3.8/site-packages/fast_lio/fast_lio_s__rosidl_typesupport_introspection_c.cpython-38-aarch64-linux-gnu.so
[1.178s] -- Up-to-date symlink: /home/jetson/slash_ws/install/fast_lio/lib/python3.8/site-packages/fast_lio/fast_lio_s__rosidl_typesupport_c.cpython-38-aarch64-linux-gnu.so
[1.179s] -- Up-to-date symlink: /home/jetson/slash_ws/install/fast_lio/lib/libfast_lio__python.so
[1.179s] -- Up-to-date symlink: /home/jetson/slash_ws/install/fast_lio/share/fast_lio/msg/Pose6D.idl
[1.179s] -- Up-to-date symlink: /home/jetson/slash_ws/install/fast_lio/share/fast_lio/msg/Pose6D.msg
[1.180s] -- Up-to-date symlink: /home/jetson/slash_ws/install/fast_lio/lib/fast_lio/fastlio_mapping
[1.181s] -- Up-to-date symlink: /home/jetson/slash_ws/install/fast_lio/share/fast_lio/config/avia.yaml
[1.181s] -- Up-to-date symlink: /home/jetson/slash_ws/install/fast_lio/share/fast_lio/config/horizon.yaml
[1.182s] -- Up-to-date symlink: /home/jetson/slash_ws/install/fast_lio/share/fast_lio/config/mid360.yaml
[1.182s] -- Up-to-date symlink: /home/jetson/slash_ws/install/fast_lio/share/fast_lio/config/ouster64.yaml
[1.182s] -- Up-to-date symlink: /home/jetson/slash_ws/install/fast_lio/share/fast_lio/config/velodyne.yaml
[1.184s] -- Up-to-date symlink: /home/jetson/slash_ws/install/fast_lio/share/fast_lio/launch/gdb_debug_example.launch
[1.184s] -- Up-to-date symlink: /home/jetson/slash_ws/install/fast_lio/share/fast_lio/launch/mapping.launch.py
[1.184s] -- Up-to-date symlink: /home/jetson/slash_ws/install/fast_lio/share/fast_lio/rviz/fastlio.rviz
[1.185s] -- Up-to-date symlink: /home/jetson/slash_ws/install/fast_lio/share/ament_index/resource_index/package_run_dependencies/fast_lio
[1.190s] -- Up-to-date symlink: /home/jetson/slash_ws/install/fast_lio/share/ament_index/resource_index/parent_prefix_path/fast_lio
[1.190s] -- Up-to-date symlink: /home/jetson/slash_ws/install/fast_lio/share/fast_lio/environment/ament_prefix_path.sh
[1.190s] -- Up-to-date symlink: /home/jetson/slash_ws/install/fast_lio/share/fast_lio/environment/ament_prefix_path.dsv
[1.191s] -- Up-to-date symlink: /home/jetson/slash_ws/install/fast_lio/share/fast_lio/environment/path.sh
[1.191s] -- Up-to-date symlink: /home/jetson/slash_ws/install/fast_lio/share/fast_lio/environment/path.dsv
[1.191s] -- Up-to-date symlink: /home/jetson/slash_ws/install/fast_lio/share/fast_lio/local_setup.bash
[1.191s] -- Up-to-date symlink: /home/jetson/slash_ws/install/fast_lio/share/fast_lio/local_setup.sh
[1.191s] -- Up-to-date symlink: /home/jetson/slash_ws/install/fast_lio/share/fast_lio/local_setup.zsh
[1.191s] -- Up-to-date symlink: /home/jetson/slash_ws/install/fast_lio/share/fast_lio/local_setup.dsv
[1.191s] -- Symlinking: /home/jetson/slash_ws/install/fast_lio/share/fast_lio/package.dsv
[1.215s] -- Up-to-date symlink: /home/jetson/slash_ws/install/fast_lio/share/ament_index/resource_index/packages/fast_lio
[1.215s] -- Up-to-date symlink: /home/jetson/slash_ws/install/fast_lio/share/fast_lio/cmake/rosidl_cmake-extras.cmake
[1.216s] -- Up-to-date symlink: /home/jetson/slash_ws/install/fast_lio/share/fast_lio/cmake/ament_cmake_export_dependencies-extras.cmake
[1.216s] -- Up-to-date symlink: /home/jetson/slash_ws/install/fast_lio/share/fast_lio/cmake/ament_cmake_export_libraries-extras.cmake
[1.216s] -- Up-to-date symlink: /home/jetson/slash_ws/install/fast_lio/share/fast_lio/cmake/ament_cmake_export_targets-extras.cmake
[1.216s] -- Up-to-date symlink: /home/jetson/slash_ws/install/fast_lio/share/fast_lio/cmake/ament_cmake_export_include_directories-extras.cmake
[1.216s] -- Up-to-date symlink: /home/jetson/slash_ws/install/fast_lio/share/fast_lio/cmake/rosidl_cmake_export_typesupport_libraries-extras.cmake
[1.216s] -- Up-to-date symlink: /home/jetson/slash_ws/install/fast_lio/share/fast_lio/cmake/rosidl_cmake_export_typesupport_targets-extras.cmake
[1.216s] -- Up-to-date symlink: /home/jetson/slash_ws/install/fast_lio/share/fast_lio/cmake/fast_lioConfig.cmake
[1.216s] -- Up-to-date symlink: /home/jetson/slash_ws/install/fast_lio/share/fast_lio/cmake/fast_lioConfig-version.cmake
[1.217s] -- Up-to-date symlink: /home/jetson/slash_ws/install/fast_lio/share/fast_lio/package.xml
[1.219s] -- Up-to-date: /home/jetson/slash_ws/install/fast_lio/lib/libfast_lio__rosidl_generator_c.so
[1.219s] -- Up-to-date: /home/jetson/slash_ws/install/fast_lio/lib/libfast_lio__rosidl_typesupport_introspection_c.so
[1.220s] -- Up-to-date: /home/jetson/slash_ws/install/fast_lio/lib/libfast_lio__rosidl_typesupport_c.so
[1.223s] -- Up-to-date: /home/jetson/slash_ws/install/fast_lio/lib/libfast_lio__rosidl_typesupport_introspection_cpp.so
[1.231s] -- Up-to-date: /home/jetson/slash_ws/install/fast_lio/lib/libfast_lio__rosidl_typesupport_cpp.so
[1.318s] -- Up-to-date: /home/jetson/slash_ws/install/fast_lio/share/fast_lio/cmake/fast_lio__rosidl_generator_cExport.cmake
[1.319s] -- Up-to-date: /home/jetson/slash_ws/install/fast_lio/share/fast_lio/cmake/fast_lio__rosidl_generator_cExport-release.cmake
[1.319s] -- Up-to-date: /home/jetson/slash_ws/install/fast_lio/share/fast_lio/cmake/fast_lio__rosidl_typesupport_introspection_cExport.cmake
[1.319s] -- Up-to-date: /home/jetson/slash_ws/install/fast_lio/share/fast_lio/cmake/fast_lio__rosidl_typesupport_introspection_cExport-release.cmake
[1.320s] -- Up-to-date: /home/jetson/slash_ws/install/fast_lio/share/fast_lio/cmake/fast_lio__rosidl_typesupport_cExport.cmake
[1.320s] -- Up-to-date: /home/jetson/slash_ws/install/fast_lio/share/fast_lio/cmake/fast_lio__rosidl_typesupport_cExport-release.cmake
[1.321s] -- Up-to-date: /home/jetson/slash_ws/install/fast_lio/share/fast_lio/cmake/fast_lio__rosidl_generator_cppExport.cmake
[1.321s] -- Up-to-date: /home/jetson/slash_ws/install/fast_lio/share/fast_lio/cmake/fast_lio__rosidl_typesupport_introspection_cppExport.cmake
[1.322s] -- Up-to-date: /home/jetson/slash_ws/install/fast_lio/share/fast_lio/cmake/fast_lio__rosidl_typesupport_introspection_cppExport-release.cmake
[1.323s] -- Up-to-date: /home/jetson/slash_ws/install/fast_lio/share/fast_lio/cmake/fast_lio__rosidl_typesupport_cppExport.cmake
[1.323s] -- Up-to-date: /home/jetson/slash_ws/install/fast_lio/share/fast_lio/cmake/fast_lio__rosidl_typesupport_cppExport-release.cmake
[1.772s] Invoked command in '/home/jetson/slash_ws/build/fast_lio' returned '0': CMAKE_PREFIX_PATH=/home/jetson/slash_ws/install/livox_ros_driver2:/home/jetson/slash_ws/install/vesc:/home/jetson/slash_ws/install/vesc_driver:/home/jetson/slash_ws/install/vesc_ackermann:/home/jetson/slash_ws/install/vesc_msgs:/home/jetson/slash_ws/install/teleop_tools:/home/jetson/slash_ws/install/teleop_tools_msgs:/home/jetson/slash_ws/install/teb_local_planner:/home/jetson/slash_ws/install/teb_msgs:/home/jetson/slash_ws/install/slash_nav2:/home/jetson/slash_ws/install/pointcloud_to_laserscan:/home/jetson/slash_ws/install/fast_lio:/home/jetson/slash_ws/install/linefit_ground_segmentation_ros:/home/jetson/slash_ws/install/linefit_ground_segmentation:/home/jetson/slash_ws/install/costmap_converter:/home/jetson/slash_ws/install/costmap_converter_msgs:/home/jetson/slash_ws/install/ackermann_mux:/home/jetson/slash_ws/install/f1tenth_stack:/home/jetson/slash_ws/install/twist_to_ackermann:/home/jetson/slash_ws/install/joy_teleop:/home/jetson/slash_ws/install/mouse_teleop:/home/jetson/slash_ws/install/key_teleop:/opt/ros/foxy LD_LIBRARY_PATH=/home/jetson/slash_ws/install/livox_ros_driver2/lib:/usr/local/cuda-11.4/lib64:/home/jetson/slash_ws/install/vesc_driver/lib:/home/jetson/slash_ws/install/vesc_ackermann/lib:/home/jetson/slash_ws/install/vesc_msgs/lib:/home/jetson/slash_ws/install/teleop_tools_msgs/lib:/home/jetson/slash_ws/install/teb_local_planner/lib:/home/jetson/slash_ws/install/teb_msgs/lib:/home/jetson/slash_ws/install/pointcloud_to_laserscan/lib:/home/jetson/slash_ws/install/fast_lio/lib:/home/jetson/slash_ws/install/linefit_ground_segmentation/lib:/home/jetson/slash_ws/install/costmap_converter/lib:/home/jetson/slash_ws/install/costmap_converter_msgs/lib:/usr/lib/aarch64-linux-gnu/gazebo-11/plugins:/opt/ros/foxy/opt/yaml_cpp_vendor/lib:/opt/ros/foxy/opt/rviz_ogre_vendor/lib:/opt/ros/foxy/lib/aarch64-linux-gnu:/opt/ros/foxy/lib:/usr/local/cuda-11.4/lib64 PYTHONPATH=/home/jetson/slash_ws/install/livox_ros_driver2/lib/python3.8/site-packages:/home/jetson/slash_ws/build/f1tenth_stack:/home/jetson/slash_ws/install/f1tenth_stack/lib/python3.8/site-packages:/home/jetson/slash_ws/install/vesc_msgs/lib/python3.8/site-packages:/home/jetson/slash_ws/build/twist_to_ackermann:/home/jetson/slash_ws/install/twist_to_ackermann/lib/python3.8/site-packages:/home/jetson/slash_ws/build/joy_teleop:/home/jetson/slash_ws/install/joy_teleop/lib/python3.8/site-packages:/home/jetson/slash_ws/install/teleop_tools_msgs/lib/python3.8/site-packages:/home/jetson/slash_ws/install/teb_msgs/lib/python3.8/site-packages:/home/jetson/slash_ws/build/mouse_teleop:/home/jetson/slash_ws/install/mouse_teleop/lib/python3.8/site-packages:/home/jetson/slash_ws/install/fast_lio/lib/python3.8/site-packages:/home/jetson/slash_ws/build/key_teleop:/home/jetson/slash_ws/install/key_teleop/lib/python3.8/site-packages:/home/jetson/slash_ws/install/costmap_converter_msgs/lib/python3.8/site-packages:/opt/ros/foxy/lib/python3.8/site-packages /usr/bin/cmake --install /home/jetson/slash_ws/build/fast_lio
