[0.125s] Invoking command in '/home/jetson/slash_ws/build/vesc_driver': AMENT_PREFIX_PATH=/home/jetson/slash_ws/install/vesc_msgs:${AMENT_PREFIX_PATH} CMAKE_PREFIX_PATH=/home/jetson/slash_ws/install/vesc_msgs:/opt/ros/foxy LD_LIBRARY_PATH=/home/jetson/slash_ws/install/vesc_msgs/lib:/usr/lib/aarch64-linux-gnu/gazebo-11/plugins:/opt/ros/foxy/opt/yaml_cpp_vendor/lib:/opt/ros/foxy/opt/rviz_ogre_vendor/lib:/opt/ros/foxy/lib/aarch64-linux-gnu:/opt/ros/foxy/lib:/usr/local/cuda-11.4/lib64 PYTHONPATH=/home/jetson/slash_ws/install/vesc_msgs/lib/python3.8/site-packages:${PYTHONPATH} /usr/bin/cmake /home/jetson/slash_ws/src/slash_hardware/f1tenth_system/vesc/vesc_driver -DAMENT_CMAKE_SYMLINK_INSTALL=1 -DCMAKE_INSTALL_PREFIX=/home/jetson/slash_ws/install/vesc_driver
[6.792s] -- The C compiler identification is GNU 9.4.0
[6.792s] -- The CXX compiler identification is GNU 9.4.0
[6.793s] -- Check for working C compiler: /usr/bin/cc
[6.793s] -- Check for working C compiler: /usr/bin/cc -- works
[6.793s] -- Detecting C compiler ABI info
[6.793s] -- Detecting C compiler ABI info - done
[6.793s] -- Detecting C compile features
[6.793s] -- Detecting C compile features - done
[6.793s] -- Check for working CXX compiler: /usr/bin/c++
[6.793s] -- Check for working CXX compiler: /usr/bin/c++ -- works
[6.793s] -- Detecting CXX compiler ABI info
[6.793s] -- Detecting CXX compiler ABI info - done
[6.794s] -- Detecting CXX compile features
[6.794s] -- Detecting CXX compile features - done
[6.794s] -- Found ament_cmake_auto: 0.9.12 (/opt/ros/foxy/share/ament_cmake_auto/cmake)
[6.794s] -- Found PythonInterp: /usr/bin/python3 (found suitable version "3.8.10", minimum required is "3") 
[6.794s] -- Using PYTHON_EXECUTABLE: /usr/bin/python3
[6.794s] -- Override CMake install command with custom implementation using symlinks instead of copying resources
[6.794s] -- Using all available rosidl_typesupport_c: rosidl_typesupport_fastrtps_c;rosidl_typesupport_introspection_c
[6.794s] -- Found rosidl_adapter: 1.3.1 (/opt/ros/foxy/share/rosidl_adapter/cmake)
[6.794s] -- Found OpenSSL: /usr/lib/aarch64-linux-gnu/libcrypto.so (found version "1.1.1f")  
[6.794s] -- Found FastRTPS: /opt/ros/foxy/include  
[6.794s] -- Using all available rosidl_typesupport_cpp: rosidl_typesupport_fastrtps_cpp;rosidl_typesupport_introspection_cpp
[6.795s] -- Found rmw_implementation_cmake: 1.0.4 (/opt/ros/foxy/share/rmw_implementation_cmake/cmake)
[6.795s] -- Using RMW implementation 'rmw_fastrtps_cpp' as default
[6.795s] -- Looking for pthread.h
[6.795s] -- Looking for pthread.h - found
[6.795s] -- Performing Test CMAKE_HAVE_LIBC_PTHREAD
[6.795s] -- Performing Test CMAKE_HAVE_LIBC_PTHREAD - Failed
[6.795s] -- Looking for pthread_create in pthreads
[6.795s] -- Looking for pthread_create in pthreads - not found
[6.795s] -- Looking for pthread_create in pthread
[6.795s] -- Looking for pthread_create in pthread - found
[6.796s] -- Found Threads: TRUE  
[7.730s] -- Found ament_lint_auto: 0.9.8 (/opt/ros/foxy/share/ament_lint_auto/cmake)
[7.773s] -- Added test 'copyright' to check source files copyright and LICENSE
[7.790s] -- Added test 'cppcheck' to perform static code analysis on C / C++ code
[7.791s] -- Configured cppcheck include dirs: /home/jetson/slash_ws/src/slash_hardware/f1tenth_system/vesc/vesc_driver/include
[7.791s] -- Configured cppcheck exclude dirs and/or files: 
[7.795s] -- Added test 'cpplint' to check C / C++ code against the Google style
[7.795s] -- Configured cpplint exclude dirs and/or files: 
[7.796s] -- Added test 'flake8' to check Python code syntax and style conventions
[7.798s] -- Added test 'lint_cmake' to check CMake code style
[7.799s] -- Added test 'pep257' to check Python code against some of the style conventions in PEP 257
[7.807s] -- Added test 'uncrustify' to check C / C++ code style
[7.808s] -- Configured uncrustify additional arguments: 
[7.808s] -- Added test 'xmllint' to check XML markup files
[7.844s] -- Configuring done
[7.949s] -- Generating done
[7.955s] -- Build files have been written to: /home/jetson/slash_ws/build/vesc_driver
[7.994s] Invoked command in '/home/jetson/slash_ws/build/vesc_driver' returned '0': AMENT_PREFIX_PATH=/home/jetson/slash_ws/install/vesc_msgs:${AMENT_PREFIX_PATH} CMAKE_PREFIX_PATH=/home/jetson/slash_ws/install/vesc_msgs:/opt/ros/foxy LD_LIBRARY_PATH=/home/jetson/slash_ws/install/vesc_msgs/lib:/usr/lib/aarch64-linux-gnu/gazebo-11/plugins:/opt/ros/foxy/opt/yaml_cpp_vendor/lib:/opt/ros/foxy/opt/rviz_ogre_vendor/lib:/opt/ros/foxy/lib/aarch64-linux-gnu:/opt/ros/foxy/lib:/usr/local/cuda-11.4/lib64 PYTHONPATH=/home/jetson/slash_ws/install/vesc_msgs/lib/python3.8/site-packages:${PYTHONPATH} /usr/bin/cmake /home/jetson/slash_ws/src/slash_hardware/f1tenth_system/vesc/vesc_driver -DAMENT_CMAKE_SYMLINK_INSTALL=1 -DCMAKE_INSTALL_PREFIX=/home/jetson/slash_ws/install/vesc_driver
[7.996s] Invoking command in '/home/jetson/slash_ws/build/vesc_driver': AMENT_PREFIX_PATH=/home/jetson/slash_ws/install/vesc_msgs:${AMENT_PREFIX_PATH} CMAKE_PREFIX_PATH=/home/jetson/slash_ws/install/vesc_msgs:/opt/ros/foxy LD_LIBRARY_PATH=/home/jetson/slash_ws/install/vesc_msgs/lib:/usr/lib/aarch64-linux-gnu/gazebo-11/plugins:/opt/ros/foxy/opt/yaml_cpp_vendor/lib:/opt/ros/foxy/opt/rviz_ogre_vendor/lib:/opt/ros/foxy/lib/aarch64-linux-gnu:/opt/ros/foxy/lib:/usr/local/cuda-11.4/lib64 PYTHONPATH=/home/jetson/slash_ws/install/vesc_msgs/lib/python3.8/site-packages:${PYTHONPATH} /usr/bin/cmake --build /home/jetson/slash_ws/build/vesc_driver -- -j8 -l8
[15.348s] [35m[1mScanning dependencies of target vesc_driver[0m
[15.348s] [ 10%] [32mBuilding CXX object CMakeFiles/vesc_driver.dir/src/vesc_driver.cpp.o[0m
[23.449s] [ 20%] [32mBuilding CXX object CMakeFiles/vesc_driver.dir/src/vesc_packet_factory.cpp.o[0m
[24.477s] [ 30%] [32mBuilding CXX object CMakeFiles/vesc_driver.dir/src/vesc_packet.cpp.o[0m
[25.722s] [ 40%] [32mBuilding CXX object CMakeFiles/vesc_driver.dir/src/vesc_interface.cpp.o[0m
[29.570s] [ 50%] [32m[1mLinking CXX shared library libvesc_driver.so[0m
[30.936s] [ 50%] Built target vesc_driver
[30.960s] [35m[1mScanning dependencies of target vesc_device_namer[0m
[30.984s] [35m[1mScanning dependencies of target vesc_driver_node[0m
[31.040s] [ 60%] [32mBuilding CXX object CMakeFiles/vesc_device_namer.dir/src/vesc_device_namer.cpp.o[0m
[31.077s] [ 70%] [32mBuilding CXX object CMakeFiles/vesc_device_namer.dir/src/vesc_device_uuid_lookup.cpp.o[0m
[31.078s] [ 80%] [32mBuilding CXX object CMakeFiles/vesc_driver_node.dir/rclcpp_components/node_main_vesc_driver_node.cpp.o[0m
[32.425s] [ 90%] [32m[1mLinking CXX executable vesc_device_namer[0m
[33.075s] [ 90%] Built target vesc_device_namer
[37.106s] [100%] [32m[1mLinking CXX executable vesc_driver_node[0m
[37.408s] [100%] Built target vesc_driver_node
[37.457s] Invoked command in '/home/jetson/slash_ws/build/vesc_driver' returned '0': AMENT_PREFIX_PATH=/home/jetson/slash_ws/install/vesc_msgs:${AMENT_PREFIX_PATH} CMAKE_PREFIX_PATH=/home/jetson/slash_ws/install/vesc_msgs:/opt/ros/foxy LD_LIBRARY_PATH=/home/jetson/slash_ws/install/vesc_msgs/lib:/usr/lib/aarch64-linux-gnu/gazebo-11/plugins:/opt/ros/foxy/opt/yaml_cpp_vendor/lib:/opt/ros/foxy/opt/rviz_ogre_vendor/lib:/opt/ros/foxy/lib/aarch64-linux-gnu:/opt/ros/foxy/lib:/usr/local/cuda-11.4/lib64 PYTHONPATH=/home/jetson/slash_ws/install/vesc_msgs/lib/python3.8/site-packages:${PYTHONPATH} /usr/bin/cmake --build /home/jetson/slash_ws/build/vesc_driver -- -j8 -l8
[38.050s] Invoking command in '/home/jetson/slash_ws/build/vesc_driver': AMENT_PREFIX_PATH=/home/jetson/slash_ws/install/vesc_msgs:${AMENT_PREFIX_PATH} CMAKE_PREFIX_PATH=/home/jetson/slash_ws/install/vesc_msgs:/opt/ros/foxy LD_LIBRARY_PATH=/home/jetson/slash_ws/install/vesc_msgs/lib:/usr/lib/aarch64-linux-gnu/gazebo-11/plugins:/opt/ros/foxy/opt/yaml_cpp_vendor/lib:/opt/ros/foxy/opt/rviz_ogre_vendor/lib:/opt/ros/foxy/lib/aarch64-linux-gnu:/opt/ros/foxy/lib:/usr/local/cuda-11.4/lib64 PYTHONPATH=/home/jetson/slash_ws/install/vesc_msgs/lib/python3.8/site-packages:${PYTHONPATH} /usr/bin/cmake --install /home/jetson/slash_ws/build/vesc_driver
[38.091s] -- Install configuration: ""
[38.092s] -- Execute custom install script
[38.093s] -- Symlinking: /home/jetson/slash_ws/install/vesc_driver/lib/vesc_driver/vesc_driver_node
[38.139s] -- Symlinking: /home/jetson/slash_ws/install/vesc_driver/include/vesc_driver/crc.hpp
[38.178s] -- Symlinking: /home/jetson/slash_ws/install/vesc_driver/include/vesc_driver/datatypes.hpp
[38.230s] -- Symlinking: /home/jetson/slash_ws/install/vesc_driver/include/vesc_driver/vesc_device_uuid_lookup.hpp
[38.262s] -- Symlinking: /home/jetson/slash_ws/install/vesc_driver/include/vesc_driver/vesc_driver.hpp
[38.306s] -- Symlinking: /home/jetson/slash_ws/install/vesc_driver/include/vesc_driver/vesc_interface.hpp
[38.362s] -- Symlinking: /home/jetson/slash_ws/install/vesc_driver/include/vesc_driver/vesc_packet.hpp
[38.406s] -- Symlinking: /home/jetson/slash_ws/install/vesc_driver/include/vesc_driver/vesc_packet_factory.hpp
[38.450s] -- Symlinking: /home/jetson/slash_ws/install/vesc_driver/share/vesc_driver/environment/library_path.sh
[38.489s] -- Symlinking: /home/jetson/slash_ws/install/vesc_driver/share/vesc_driver/environment/library_path.dsv
[38.534s] -- Symlinking: /home/jetson/slash_ws/install/vesc_driver/lib/libvesc_driver.so
[38.586s] -- Symlinking: /home/jetson/slash_ws/install/vesc_driver/lib/vesc_driver/vesc_device_namer
[38.640s] -- Symlinking: /home/jetson/slash_ws/install/vesc_driver/share/vesc_driver/launch/vesc_driver_node.launch.py
[38.686s] -- Symlinking: /home/jetson/slash_ws/install/vesc_driver/share/vesc_driver/params/vesc_config.yaml
[38.730s] -- Symlinking: /home/jetson/slash_ws/install/vesc_driver/share/ament_index/resource_index/package_run_dependencies/vesc_driver
[38.790s] -- Symlinking: /home/jetson/slash_ws/install/vesc_driver/share/ament_index/resource_index/parent_prefix_path/vesc_driver
[38.846s] -- Symlinking: /home/jetson/slash_ws/install/vesc_driver/share/vesc_driver/environment/ament_prefix_path.sh
[38.895s] -- Symlinking: /home/jetson/slash_ws/install/vesc_driver/share/vesc_driver/environment/ament_prefix_path.dsv
[38.947s] -- Symlinking: /home/jetson/slash_ws/install/vesc_driver/share/vesc_driver/environment/path.sh
[38.997s] -- Symlinking: /home/jetson/slash_ws/install/vesc_driver/share/vesc_driver/environment/path.dsv
[39.042s] -- Symlinking: /home/jetson/slash_ws/install/vesc_driver/share/vesc_driver/local_setup.bash
[39.086s] -- Symlinking: /home/jetson/slash_ws/install/vesc_driver/share/vesc_driver/local_setup.sh
[39.138s] -- Symlinking: /home/jetson/slash_ws/install/vesc_driver/share/vesc_driver/local_setup.zsh
[39.191s] -- Symlinking: /home/jetson/slash_ws/install/vesc_driver/share/vesc_driver/local_setup.dsv
[39.242s] -- Symlinking: /home/jetson/slash_ws/install/vesc_driver/share/vesc_driver/package.dsv
[39.291s] -- Symlinking: /home/jetson/slash_ws/install/vesc_driver/share/ament_index/resource_index/packages/vesc_driver
[39.339s] -- Symlinking: /home/jetson/slash_ws/install/vesc_driver/share/ament_index/resource_index/rclcpp_components/vesc_driver
[39.382s] -- Symlinking: /home/jetson/slash_ws/install/vesc_driver/share/vesc_driver/cmake/ament_cmake_export_dependencies-extras.cmake
[39.428s] -- Symlinking: /home/jetson/slash_ws/install/vesc_driver/share/vesc_driver/cmake/ament_cmake_export_include_directories-extras.cmake
[39.474s] -- Symlinking: /home/jetson/slash_ws/install/vesc_driver/share/vesc_driver/cmake/ament_cmake_export_libraries-extras.cmake
[39.518s] -- Symlinking: /home/jetson/slash_ws/install/vesc_driver/share/vesc_driver/cmake/vesc_driverConfig.cmake
[39.563s] -- Symlinking: /home/jetson/slash_ws/install/vesc_driver/share/vesc_driver/cmake/vesc_driverConfig-version.cmake
[39.606s] -- Symlinking: /home/jetson/slash_ws/install/vesc_driver/share/vesc_driver/package.xml
[39.659s] Invoked command in '/home/jetson/slash_ws/build/vesc_driver' returned '0': AMENT_PREFIX_PATH=/home/jetson/slash_ws/install/vesc_msgs:${AMENT_PREFIX_PATH} CMAKE_PREFIX_PATH=/home/jetson/slash_ws/install/vesc_msgs:/opt/ros/foxy LD_LIBRARY_PATH=/home/jetson/slash_ws/install/vesc_msgs/lib:/usr/lib/aarch64-linux-gnu/gazebo-11/plugins:/opt/ros/foxy/opt/yaml_cpp_vendor/lib:/opt/ros/foxy/opt/rviz_ogre_vendor/lib:/opt/ros/foxy/lib/aarch64-linux-gnu:/opt/ros/foxy/lib:/usr/local/cuda-11.4/lib64 PYTHONPATH=/home/jetson/slash_ws/install/vesc_msgs/lib/python3.8/site-packages:${PYTHONPATH} /usr/bin/cmake --install /home/jetson/slash_ws/build/vesc_driver
