-- The C compiler identification is GNU 9.4.0
-- The CXX compiler identification is GNU 9.4.0
-- Check for working C compiler: /usr/bin/cc
-- Check for working C compiler: /usr/bin/cc -- works
-- Detecting C compiler ABI info
-- Detecting C compiler ABI info - done
-- Detecting C compile features
-- Detecting C compile features - done
-- Check for working CXX compiler: /usr/bin/c++
-- Check for working CXX compiler: /usr/bin/c++ -- works
-- Detecting CXX compiler ABI info
-- Detecting CXX compiler ABI info - done
-- Detecting CXX compile features
-- Detecting CXX compile features - done
-- Current CPU architecture: aarch64
-- Found PythonLibs: /usr/lib/aarch64-linux-gnu/libpython3.8.so (found version "3.8.10") 
-- Found ament_cmake: 0.9.12 (/opt/ros/foxy/share/ament_cmake/cmake)
-- Found PythonInterp: /usr/bin/python3 (found suitable version "3.8.10", minimum required is "3") 
-- Using PYTHON_EXECUTABLE: /usr/bin/python3
-- Override CMake install command with custom implementation using symlinks instead of copying resources
-- Found rclcpp: 2.4.3 (/opt/ros/foxy/share/rclcpp/cmake)
-- Using all available rosidl_typesupport_c: rosidl_typesupport_fastrtps_c;rosidl_typesupport_introspection_c
-- Found rosidl_adapter: 1.3.1 (/opt/ros/foxy/share/rosidl_adapter/cmake)
-- Found OpenSSL: /usr/lib/aarch64-linux-gnu/libcrypto.so (found version "1.1.1f")  
-- Found FastRTPS: /opt/ros/foxy/include  
-- Using all available rosidl_typesupport_cpp: rosidl_typesupport_fastrtps_cpp;rosidl_typesupport_introspection_cpp
-- Found rmw_implementation_cmake: 1.0.4 (/opt/ros/foxy/share/rmw_implementation_cmake/cmake)
-- Using RMW implementation 'rmw_fastrtps_cpp' as default
-- Looking for pthread.h
-- Looking for pthread.h - found
-- Performing Test CMAKE_HAVE_LIBC_PTHREAD
-- Performing Test CMAKE_HAVE_LIBC_PTHREAD - Success
-- Found Threads: TRUE  
-- Found rclcpp_components: 2.4.3 (/opt/ros/foxy/share/rclcpp_components/cmake)
-- Found geometry_msgs: 2.0.5 (/opt/ros/foxy/share/geometry_msgs/cmake)
-- Found nav_msgs: 2.0.5 (/opt/ros/foxy/share/nav_msgs/cmake)
-- Found sensor_msgs: 2.0.5 (/opt/ros/foxy/share/sensor_msgs/cmake)
-- Found std_srvs: 2.0.5 (/opt/ros/foxy/share/std_srvs/cmake)
-- Found visualization_msgs: 2.0.5 (/opt/ros/foxy/share/visualization_msgs/cmake)
-- Found pcl_ros: 2.2.1 (/opt/ros/foxy/share/pcl_ros/cmake)
-- Found eigen3_cmake_module: 0.1.1 (/opt/ros/foxy/share/eigen3_cmake_module/cmake)
-- Found Eigen3: TRUE (found version "3.3.7") 
-- Checking for module 'eigen3'
--   Found eigen3, version 3.3.7
-- Found Eigen: /usr/include/eigen3 (Required is at least version "3.1") 
-- Eigen found (include: /usr/include/eigen3, version: 3.3.7)
-- Checking for module 'flann'
--   Found flann, version 1.9.1
-- Found FLANN: /usr/lib/aarch64-linux-gnu/libflann_cpp.so  
-- The imported target "vtkParseOGLExt" references the file
   "/usr/bin/vtkParseOGLExt-7.1"
but this file does not exist.  Possible reasons include:
* The file was deleted, renamed, or moved to another location.
* An install or uninstall procedure did not complete successfully.
* The installation package was faulty and contained
   "/usr/lib/cmake/vtk-7.1/VTKTargets.cmake"
but not all the files it references.

-- The imported target "vtkRenderingPythonTkWidgets" references the file
   "/usr/lib/aarch64-linux-gnu/libvtkRenderingPythonTkWidgets.so"
but this file does not exist.  Possible reasons include:
* The file was deleted, renamed, or moved to another location.
* An install or uninstall procedure did not complete successfully.
* The installation package was faulty and contained
   "/usr/lib/cmake/vtk-7.1/VTKTargets.cmake"
but not all the files it references.

-- The imported target "vtk" references the file
   "/usr/bin/vtk"
but this file does not exist.  Possible reasons include:
* The file was deleted, renamed, or moved to another location.
* An install or uninstall procedure did not complete successfully.
* The installation package was faulty and contained
   "/usr/lib/cmake/vtk-7.1/VTKTargets.cmake"
but not all the files it references.

-- The imported target "pvtk" references the file
   "/usr/bin/pvtk"
but this file does not exist.  Possible reasons include:
* The file was deleted, renamed, or moved to another location.
* An install or uninstall procedure did not complete successfully.
* The installation package was faulty and contained
   "/usr/lib/cmake/vtk-7.1/VTKTargets.cmake"
but not all the files it references.

-- Checking for module 'libusb-1.0'
--   Found libusb-1.0, version 1.0.23
-- Found USB_10: /usr/lib/aarch64-linux-gnu/libusb-1.0.so  
-- OpenNI found (include: /usr/include/ni, lib: /usr/lib/libOpenNI.so)
-- OpenNI2 found (include: /usr/include/openni2, lib: /usr/lib/libOpenNI2.so)
-- Found libusb-1.0: /usr/include  
-- OpenNI found (include: /usr/include/ni, lib: /usr/lib/libOpenNI.so)
-- OpenNI2 found (include: /usr/include/openni2, lib: /usr/lib/libOpenNI2.so)
-- Found Qhull: optimized;/usr/lib/aarch64-linux-gnu/libqhull.so;debug;/usr/lib/aarch64-linux-gnu/libqhull.so  
-- QHULL found (include: /usr/include, lib: optimized;/usr/lib/aarch64-linux-gnu/libqhull.so;debug;/usr/lib/aarch64-linux-gnu/libqhull.so)
-- OpenNI found (include: /usr/include/ni, lib: /usr/lib/libOpenNI.so)
-- Found PCL_COMMON: /usr/lib/aarch64-linux-gnu/libpcl_common.so  
-- Found PCL_KDTREE: /usr/lib/aarch64-linux-gnu/libpcl_kdtree.so  
-- Found PCL_OCTREE: /usr/lib/aarch64-linux-gnu/libpcl_octree.so  
-- Found PCL_SEARCH: /usr/lib/aarch64-linux-gnu/libpcl_search.so  
-- Found PCL_SAMPLE_CONSENSUS: /usr/lib/aarch64-linux-gnu/libpcl_sample_consensus.so  
-- Found PCL_FILTERS: /usr/lib/aarch64-linux-gnu/libpcl_filters.so  
-- Found PCL_2D: /usr/include/pcl-1.10  
-- Found PCL_GEOMETRY: /usr/include/pcl-1.10  
-- Found PCL_IO: /usr/lib/aarch64-linux-gnu/libpcl_io.so  
-- Found PCL_FEATURES: /usr/lib/aarch64-linux-gnu/libpcl_features.so  
-- Found PCL_ML: /usr/lib/aarch64-linux-gnu/libpcl_ml.so  
-- Found PCL_SEGMENTATION: /usr/lib/aarch64-linux-gnu/libpcl_segmentation.so  
-- Found PCL_VISUALIZATION: /usr/lib/aarch64-linux-gnu/libpcl_visualization.so  
-- Found PCL_SURFACE: /usr/lib/aarch64-linux-gnu/libpcl_surface.so  
-- Found PCL_REGISTRATION: /usr/lib/aarch64-linux-gnu/libpcl_registration.so  
-- Found PCL_KEYPOINTS: /usr/lib/aarch64-linux-gnu/libpcl_keypoints.so  
-- Found PCL_TRACKING: /usr/lib/aarch64-linux-gnu/libpcl_tracking.so  
-- Found PCL_RECOGNITION: /usr/lib/aarch64-linux-gnu/libpcl_recognition.so  
-- Found PCL_STEREO: /usr/lib/aarch64-linux-gnu/libpcl_stereo.so  
-- Found PCL_APPS: /usr/lib/aarch64-linux-gnu/libpcl_apps.so  
-- Found PCL_IN_HAND_SCANNER: /usr/include/pcl-1.10  
-- Found PCL_POINT_CLOUD_EDITOR: /usr/include/pcl-1.10  
-- Found PCL_OUTOFCORE: /usr/lib/aarch64-linux-gnu/libpcl_outofcore.so  
-- Found PCL_PEOPLE: /usr/lib/aarch64-linux-gnu/libpcl_people.so  
-- Found livox_ros_driver2: 1.0.0 (/home/jetson/slash_ws/install/livox_ros_driver2/share/livox_ros_driver2/cmake)
-- Found rosidl_default_generators: 1.0.1 (/opt/ros/foxy/share/rosidl_default_generators/cmake)
-- Eigen path: /usr/include/eigen3
-- PCL: /usr/include/pcl-1.10
-- Found PythonInterp: /usr/bin/python3 (found version "3.8.10") 
-- Found ament_cmake_ros: 0.9.2 (/opt/ros/foxy/share/ament_cmake_ros/cmake)
-- Using all available rosidl_typesupport_c: rosidl_typesupport_fastrtps_c;rosidl_typesupport_introspection_c
-- Using all available rosidl_typesupport_cpp: rosidl_typesupport_fastrtps_cpp;rosidl_typesupport_introspection_cpp
-- Found PythonInterp: /usr/bin/python3 (found suitable version "3.8.10", minimum required is "3.5") 
-- Found python_cmake_module: 0.8.1 (/opt/ros/foxy/share/python_cmake_module/cmake)
-- Found PythonLibs: /usr/lib/aarch64-linux-gnu/libpython3.8.so (found suitable version "3.8.10", minimum required is "3.5") 
-- Using PYTHON_EXECUTABLE: /usr/bin/python3
-- Using PYTHON_INCLUDE_DIRS: /usr/include/python3.8
-- Using PYTHON_LIBRARIES: /usr/lib/aarch64-linux-gnu/libpython3.8.so
-- Found PythonExtra: .so  
-- Configuring done
-- Generating done
-- Build files have been written to: /home/jetson/slash_ws/build/fast_lio
[35m[1mScanning dependencies of target fast_lio__cpp[0m
[  2%] [34m[1mGenerating C++ code for ROS interfaces[0m
[  2%] Built target fast_lio__cpp
[  5%] [34m[1mGenerating C code for ROS interfaces[0m
[35m[1mScanning dependencies of target fast_lio__rosidl_generator_c[0m
[  8%] [32mBuilding C object CMakeFiles/fast_lio__rosidl_generator_c.dir/rosidl_generator_c/fast_lio/msg/detail/pose6_d__functions.c.o[0m
[ 11%] [32m[1mLinking C shared library libfast_lio__rosidl_generator_c.so[0m
[ 11%] Built target fast_lio__rosidl_generator_c
[ 14%] [34m[1mGenerating C++ introspection for ROS interfaces[0m
[35m[1mScanning dependencies of target fast_lio__rosidl_typesupport_introspection_cpp[0m
[ 17%] [32mBuilding CXX object CMakeFiles/fast_lio__rosidl_typesupport_introspection_cpp.dir/rosidl_typesupport_introspection_cpp/fast_lio/msg/detail/pose6_d__type_support.cpp.o[0m
[ 20%] [32m[1mLinking CXX shared library libfast_lio__rosidl_typesupport_introspection_cpp.so[0m
[ 20%] Built target fast_lio__rosidl_typesupport_introspection_cpp
[ 22%] [34m[1mGenerating C introspection for ROS interfaces[0m
[35m[1mScanning dependencies of target fast_lio__rosidl_typesupport_introspection_c[0m
[ 25%] [32mBuilding C object CMakeFiles/fast_lio__rosidl_typesupport_introspection_c.dir/rosidl_typesupport_introspection_c/fast_lio/msg/detail/pose6_d__type_support.c.o[0m
[ 28%] [32m[1mLinking C shared library libfast_lio__rosidl_typesupport_introspection_c.so[0m
[ 28%] Built target fast_lio__rosidl_typesupport_introspection_c
[ 31%] [34m[1mGenerating C type support dispatch for ROS interfaces[0m
[35m[1mScanning dependencies of target fast_lio__rosidl_typesupport_c[0m
[ 34%] [32mBuilding CXX object CMakeFiles/fast_lio__rosidl_typesupport_c.dir/rosidl_typesupport_c/fast_lio/msg/pose6_d__type_support.cpp.o[0m
[ 37%] [32m[1mLinking CXX shared library libfast_lio__rosidl_typesupport_c.so[0m
[ 37%] Built target fast_lio__rosidl_typesupport_c
[ 40%] [34m[1mGenerating C++ type support for eProsima Fast-RTPS[0m
[35m[1mScanning dependencies of target fast_lio__rosidl_typesupport_fastrtps_cpp[0m
[ 42%] [32mBuilding CXX object CMakeFiles/fast_lio__rosidl_typesupport_fastrtps_cpp.dir/rosidl_typesupport_fastrtps_cpp/fast_lio/msg/detail/dds_fastrtps/pose6_d__type_support.cpp.o[0m
[ 45%] [32m[1mLinking CXX shared library libfast_lio__rosidl_typesupport_fastrtps_cpp.so[0m
[ 45%] Built target fast_lio__rosidl_typesupport_fastrtps_cpp
[ 48%] [34m[1mGenerating C++ type support dispatch for ROS interfaces[0m
[35m[1mScanning dependencies of target fast_lio__rosidl_typesupport_cpp[0m
[ 51%] [32mBuilding CXX object CMakeFiles/fast_lio__rosidl_typesupport_cpp.dir/rosidl_typesupport_cpp/fast_lio/msg/pose6_d__type_support.cpp.o[0m
[ 54%] [32m[1mLinking CXX shared library libfast_lio__rosidl_typesupport_cpp.so[0m
[ 54%] Built target fast_lio__rosidl_typesupport_cpp
[ 57%] [34m[1mGenerating C type support for eProsima Fast-RTPS[0m
[35m[1mScanning dependencies of target fast_lio__rosidl_typesupport_fastrtps_c[0m
[ 60%] [32mBuilding CXX object CMakeFiles/fast_lio__rosidl_typesupport_fastrtps_c.dir/rosidl_typesupport_fastrtps_c/fast_lio/msg/detail/pose6_d__type_support_c.cpp.o[0m
[ 62%] [32m[1mLinking CXX shared library libfast_lio__rosidl_typesupport_fastrtps_c.so[0m
[ 62%] Built target fast_lio__rosidl_typesupport_fastrtps_c
[35m[1mScanning dependencies of target fast_lio[0m
[ 62%] Built target fast_lio
[35m[1mScanning dependencies of target fastlio_mapping[0m
[ 65%] [32mBuilding CXX object CMakeFiles/fastlio_mapping.dir/src/laserMapping.cpp.o[0m
In file included from [01m[K/usr/include/boost/preprocessor/tuple/elem.hpp:23[m[K,
                 from [01m[K/usr/include/boost/preprocessor/arithmetic/add.hpp:21[m[K,
                 from [01m[K/usr/include/boost/mpl/aux_/preprocessor/def_params_tail.hpp:66[m[K,
                 from [01m[K/usr/include/boost/mpl/aux_/na_spec.hpp:28[m[K,
                 from [01m[K/usr/include/boost/mpl/not.hpp:20[m[K,
                 from [01m[K/usr/include/boost/mpl/assert.hpp:17[m[K,
                 from [01m[K/usr/include/pcl-1.10/pcl/point_traits.h:48[m[K,
                 from [01m[K/usr/include/pcl-1.10/pcl/register_point_struct.h:56[m[K,
                 from [01m[K/usr/include/pcl-1.10/pcl/point_types.h:44[m[K,
                 from [01m[K/home/jetson/slash_ws/src/slash_localization/FAST_LIO/include/common_lib.h:6[m[K,
                 from [01m[K/home/jetson/slash_ws/src/slash_localization/FAST_LIO/src/IMU_Processing.hpp:10[m[K,
                 from [01m[K/home/jetson/slash_ws/src/slash_localization/FAST_LIO/src/laserMapping.cpp:47[m[K:
[01m[K/home/jetson/slash_ws/src/slash_localization/FAST_LIO/src/preprocess.h:83:105:[m[K [01;35m[Kwarning: [m[K‘[01m[Kusing uint16_t = uint16_t[m[K’ is deprecated: use std::uint16_t instead of pcl::uint16_t [[01;35m[K-Wdeprecated-declarations[m[K]
   83 |                                   intensity)(float, time, time)([01;35m[Kuint16_t[m[K, ring,
      |                                                                 [01;35m[K^~~~~~~~[m[K

In file included from [01m[K/usr/include/pcl-1.10/pcl/point_types.h:42[m[K,
                 from [01m[K/home/jetson/slash_ws/src/slash_localization/FAST_LIO/include/common_lib.h:6[m[K,
                 from [01m[K/home/jetson/slash_ws/src/slash_localization/FAST_LIO/src/IMU_Processing.hpp:10[m[K,
                 from [01m[K/home/jetson/slash_ws/src/slash_localization/FAST_LIO/src/laserMapping.cpp:47[m[K:
[01m[K/usr/include/pcl-1.10/pcl/pcl_macros.h:94:9:[m[K [01;36m[Knote: [m[Kdeclared here
   94 |   using [01;36m[Kuint16_t[m[K [[deprecated("use std::uint16_t instead of pcl::uint16_t")]] = std::uint16_t;
      |         [01;36m[K^~~~~~~~[m[K
In file included from [01m[K/usr/include/boost/preprocessor/tuple/elem.hpp:23[m[K,
                 from [01m[K/usr/include/boost/preprocessor/arithmetic/add.hpp:21[m[K,
                 from [01m[K/usr/include/boost/mpl/aux_/preprocessor/def_params_tail.hpp:66[m[K,
                 from [01m[K/usr/include/boost/mpl/aux_/na_spec.hpp:28[m[K,
                 from [01m[K/usr/include/boost/mpl/not.hpp:20[m[K,
                 from [01m[K/usr/include/boost/mpl/assert.hpp:17[m[K,
                 from [01m[K/usr/include/pcl-1.10/pcl/point_traits.h:48[m[K,
                 from [01m[K/usr/include/pcl-1.10/pcl/register_point_struct.h:56[m[K,
                 from [01m[K/usr/include/pcl-1.10/pcl/point_types.h:44[m[K,
                 from [01m[K/home/jetson/slash_ws/src/slash_localization/FAST_LIO/include/common_lib.h:6[m[K,
                 from [01m[K/home/jetson/slash_ws/src/slash_localization/FAST_LIO/src/IMU_Processing.hpp:10[m[K,
                 from [01m[K/home/jetson/slash_ws/src/slash_localization/FAST_LIO/src/laserMapping.cpp:47[m[K:
[01m[K/home/jetson/slash_ws/src/slash_localization/FAST_LIO/src/preprocess.h:131:6:[m[K [01;35m[Kwarning: [m[K‘[01m[Kusing uint8_t = uint8_t[m[K’ is deprecated: use std::uint8_t instead of pcl::uint8_t [[01;35m[K-Wdeprecated-declarations[m[K]
  131 |     ([01;35m[Kuint8_t[m[K, tag, tag)
      |      [01;35m[K^~~~~~~[m[K
In file included from [01m[K/usr/include/pcl-1.10/pcl/point_types.h:42[m[K,
                 from [01m[K/home/jetson/slash_ws/src/slash_localization/FAST_LIO/include/common_lib.h:6[m[K,
                 from [01m[K/home/jetson/slash_ws/src/slash_localization/FAST_LIO/src/IMU_Processing.hpp:10[m[K,
                 from [01m[K/home/jetson/slash_ws/src/slash_localization/FAST_LIO/src/laserMapping.cpp:47[m[K:
[01m[K/usr/include/pcl-1.10/pcl/pcl_macros.h:92:9:[m[K [01;36m[Knote: [m[Kdeclared here
   92 |   using [01;36m[Kuint8_t[m[K [[deprecated("use std::uint8_t instead of pcl::uint8_t")]] = std::uint8_t;
      |         [01;36m[K^~~~~~~[m[K
In file included from [01m[K/usr/include/boost/preprocessor/tuple/elem.hpp:23[m[K,
                 from [01m[K/usr/include/boost/preprocessor/arithmetic/add.hpp:21[m[K,
                 from [01m[K/usr/include/boost/mpl/aux_/preprocessor/def_params_tail.hpp:66[m[K,
                 from [01m[K/usr/include/boost/mpl/aux_/na_spec.hpp:28[m[K,
                 from [01m[K/usr/include/boost/mpl/not.hpp:20[m[K,
                 from [01m[K/usr/include/boost/mpl/assert.hpp:17[m[K,
                 from [01m[K/usr/include/pcl-1.10/pcl/point_traits.h:48[m[K,
                 from [01m[K/usr/include/pcl-1.10/pcl/register_point_struct.h:56[m[K,
                 from [01m[K/usr/include/pcl-1.10/pcl/point_types.h:44[m[K,
                 from [01m[K/home/jetson/slash_ws/src/slash_localization/FAST_LIO/include/common_lib.h:6[m[K,
                 from [01m[K/home/jetson/slash_ws/src/slash_localization/FAST_LIO/src/IMU_Processing.hpp:10[m[K,
                 from [01m[K/home/jetson/slash_ws/src/slash_localization/FAST_LIO/src/laserMapping.cpp:47[m[K:
[01m[K/home/jetson/slash_ws/src/slash_localization/FAST_LIO/src/preprocess.h:132:6:[m[K [01;35m[Kwarning: [m[K‘[01m[Kusing uint8_t = uint8_t[m[K’ is deprecated: use std::uint8_t instead of pcl::uint8_t [[01;35m[K-Wdeprecated-declarations[m[K]
  132 |     ([01;35m[Kuint8_t[m[K, line, line)
      |      [01;35m[K^~~~~~~[m[K
In file included from [01m[K/usr/include/pcl-1.10/pcl/point_types.h:42[m[K,
                 from [01m[K/home/jetson/slash_ws/src/slash_localization/FAST_LIO/include/common_lib.h:6[m[K,
                 from [01m[K/home/jetson/slash_ws/src/slash_localization/FAST_LIO/src/IMU_Processing.hpp:10[m[K,
                 from [01m[K/home/jetson/slash_ws/src/slash_localization/FAST_LIO/src/laserMapping.cpp:47[m[K:
[01m[K/usr/include/pcl-1.10/pcl/pcl_macros.h:92:9:[m[K [01;36m[Knote: [m[Kdeclared here
   92 |   using [01;36m[Kuint8_t[m[K [[deprecated("use std::uint8_t instead of pcl::uint8_t")]] = std::uint8_t;
      |         [01;36m[K^~~~~~~[m[K
[ 71%] [32mBuilding CXX object CMakeFiles/fastlio_mapping.dir/src/preprocess.cpp.o[0m
[ 71%] [32mBuilding CXX object CMakeFiles/fastlio_mapping.dir/include/ikd-Tree/ikd_Tree.cpp.o[0m
In file included from [01m[K/usr/include/boost/preprocessor/tuple/elem.hpp:23[m[K,
                 from [01m[K/usr/include/boost/preprocessor/arithmetic/add.hpp:21[m[K,
                 from [01m[K/usr/include/boost/mpl/aux_/preprocessor/def_params_tail.hpp:66[m[K,
                 from [01m[K/usr/include/boost/mpl/aux_/na_spec.hpp:28[m[K,
                 from [01m[K/usr/include/boost/mpl/not.hpp:20[m[K,
                 from [01m[K/usr/include/boost/mpl/assert.hpp:17[m[K,
                 from [01m[K/usr/include/pcl-1.10/pcl/point_traits.h:48[m[K,
                 from [01m[K/usr/include/pcl-1.10/pcl/point_cloud.h:50[m[K,
                 from [01m[K/usr/include/pcl-1.10/pcl/conversions.h:49[m[K,
                 from [01m[K/opt/ros/foxy/include/pcl_conversions/pcl_conversions.h:46[m[K,
                 from [01m[K/home/jetson/slash_ws/src/slash_localization/FAST_LIO/src/preprocess.h:3[m[K,
                 from [01m[K/home/jetson/slash_ws/src/slash_localization/FAST_LIO/src/preprocess.cpp:1[m[K:
[01m[K/home/jetson/slash_ws/src/slash_localization/FAST_LIO/src/preprocess.h:83:105:[m[K [01;35m[Kwarning: [m[K‘[01m[Kusing uint16_t = uint16_t[m[K’ is deprecated: use std::uint16_t instead of pcl::uint16_t [[01;35m[K-Wdeprecated-declarations[m[K]
   83 |                                   intensity)(float, time, time)([01;35m[Kuint16_t[m[K, ring,
      |                                                                 [01;35m[K^~~~~~~~[m[K

In file included from [01m[K/usr/include/pcl-1.10/pcl/PCLPointField.h:10[m[K,
                 from [01m[K/usr/include/pcl-1.10/pcl/conversions.h:46[m[K,
                 from [01m[K/opt/ros/foxy/include/pcl_conversions/pcl_conversions.h:46[m[K,
                 from [01m[K/home/jetson/slash_ws/src/slash_localization/FAST_LIO/src/preprocess.h:3[m[K,
                 from [01m[K/home/jetson/slash_ws/src/slash_localization/FAST_LIO/src/preprocess.cpp:1[m[K:
[01m[K/usr/include/pcl-1.10/pcl/pcl_macros.h:94:9:[m[K [01;36m[Knote: [m[Kdeclared here
   94 |   using [01;36m[Kuint16_t[m[K [[deprecated("use std::uint16_t instead of pcl::uint16_t")]] = std::uint16_t;
      |         [01;36m[K^~~~~~~~[m[K
In file included from [01m[K/usr/include/boost/preprocessor/tuple/elem.hpp:23[m[K,
                 from [01m[K/usr/include/boost/preprocessor/arithmetic/add.hpp:21[m[K,
                 from [01m[K/usr/include/boost/mpl/aux_/preprocessor/def_params_tail.hpp:66[m[K,
                 from [01m[K/usr/include/boost/mpl/aux_/na_spec.hpp:28[m[K,
                 from [01m[K/usr/include/boost/mpl/not.hpp:20[m[K,
                 from [01m[K/usr/include/boost/mpl/assert.hpp:17[m[K,
                 from [01m[K/usr/include/pcl-1.10/pcl/point_traits.h:48[m[K,
                 from [01m[K/usr/include/pcl-1.10/pcl/point_cloud.h:50[m[K,
                 from [01m[K/usr/include/pcl-1.10/pcl/conversions.h:49[m[K,
                 from [01m[K/opt/ros/foxy/include/pcl_conversions/pcl_conversions.h:46[m[K,
                 from [01m[K/home/jetson/slash_ws/src/slash_localization/FAST_LIO/src/preprocess.h:3[m[K,
                 from [01m[K/home/jetson/slash_ws/src/slash_localization/FAST_LIO/src/preprocess.cpp:1[m[K:
[01m[K/home/jetson/slash_ws/src/slash_localization/FAST_LIO/src/preprocess.h:131:6:[m[K [01;35m[Kwarning: [m[K‘[01m[Kusing uint8_t = uint8_t[m[K’ is deprecated: use std::uint8_t instead of pcl::uint8_t [[01;35m[K-Wdeprecated-declarations[m[K]
  131 |     ([01;35m[Kuint8_t[m[K, tag, tag)
      |      [01;35m[K^~~~~~~[m[K
In file included from [01m[K/usr/include/pcl-1.10/pcl/PCLPointField.h:10[m[K,
                 from [01m[K/usr/include/pcl-1.10/pcl/conversions.h:46[m[K,
                 from [01m[K/opt/ros/foxy/include/pcl_conversions/pcl_conversions.h:46[m[K,
                 from [01m[K/home/jetson/slash_ws/src/slash_localization/FAST_LIO/src/preprocess.h:3[m[K,
                 from [01m[K/home/jetson/slash_ws/src/slash_localization/FAST_LIO/src/preprocess.cpp:1[m[K:
[01m[K/usr/include/pcl-1.10/pcl/pcl_macros.h:92:9:[m[K [01;36m[Knote: [m[Kdeclared here
   92 |   using [01;36m[Kuint8_t[m[K [[deprecated("use std::uint8_t instead of pcl::uint8_t")]] = std::uint8_t;
      |         [01;36m[K^~~~~~~[m[K
In file included from [01m[K/usr/include/boost/preprocessor/tuple/elem.hpp:23[m[K,
                 from [01m[K/usr/include/boost/preprocessor/arithmetic/add.hpp:21[m[K,
                 from [01m[K/usr/include/boost/mpl/aux_/preprocessor/def_params_tail.hpp:66[m[K,
                 from [01m[K/usr/include/boost/mpl/aux_/na_spec.hpp:28[m[K,
                 from [01m[K/usr/include/boost/mpl/not.hpp:20[m[K,
                 from [01m[K/usr/include/boost/mpl/assert.hpp:17[m[K,
                 from [01m[K/usr/include/pcl-1.10/pcl/point_traits.h:48[m[K,
                 from [01m[K/usr/include/pcl-1.10/pcl/point_cloud.h:50[m[K,
                 from [01m[K/usr/include/pcl-1.10/pcl/conversions.h:49[m[K,
                 from [01m[K/opt/ros/foxy/include/pcl_conversions/pcl_conversions.h:46[m[K,
                 from [01m[K/home/jetson/slash_ws/src/slash_localization/FAST_LIO/src/preprocess.h:3[m[K,
                 from [01m[K/home/jetson/slash_ws/src/slash_localization/FAST_LIO/src/preprocess.cpp:1[m[K:
[01m[K/home/jetson/slash_ws/src/slash_localization/FAST_LIO/src/preprocess.h:132:6:[m[K [01;35m[Kwarning: [m[K‘[01m[Kusing uint8_t = uint8_t[m[K’ is deprecated: use std::uint8_t instead of pcl::uint8_t [[01;35m[K-Wdeprecated-declarations[m[K]
  132 |     ([01;35m[Kuint8_t[m[K, line, line)
      |      [01;35m[K^~~~~~~[m[K
In file included from [01m[K/usr/include/pcl-1.10/pcl/PCLPointField.h:10[m[K,
                 from [01m[K/usr/include/pcl-1.10/pcl/conversions.h:46[m[K,
                 from [01m[K/opt/ros/foxy/include/pcl_conversions/pcl_conversions.h:46[m[K,
                 from [01m[K/home/jetson/slash_ws/src/slash_localization/FAST_LIO/src/preprocess.h:3[m[K,
                 from [01m[K/home/jetson/slash_ws/src/slash_localization/FAST_LIO/src/preprocess.cpp:1[m[K:
[01m[K/usr/include/pcl-1.10/pcl/pcl_macros.h:92:9:[m[K [01;36m[Knote: [m[Kdeclared here
   92 |   using [01;36m[Kuint8_t[m[K [[deprecated("use std::uint8_t instead of pcl::uint8_t")]] = std::uint8_t;
      |         [01;36m[K^~~~~~~[m[K
[ 74%] [32m[1mLinking CXX executable fastlio_mapping[0m
[ 74%] Built target fastlio_mapping
[35m[1mScanning dependencies of target fast_lio__py[0m
[ 77%] [34m[1mGenerating Python code for ROS interfaces[0m
[ 77%] Built target fast_lio__py
[35m[1mScanning dependencies of target fast_lio__python[0m
[ 80%] [32mBuilding C object CMakeFiles/fast_lio__python.dir/rosidl_generator_py/fast_lio/msg/_pose6_d_s.c.o[0m
[ 82%] [32m[1mLinking C shared library rosidl_generator_py/fast_lio/libfast_lio__python.so[0m
[ 82%] Built target fast_lio__python
[35m[1mScanning dependencies of target fast_lio__rosidl_typesupport_c__pyext[0m
[35m[1mScanning dependencies of target fast_lio__rosidl_typesupport_fastrtps_c__pyext[0m
[35m[1mScanning dependencies of target fast_lio__rosidl_typesupport_introspection_c__pyext[0m
[ 85%] [32mBuilding C object CMakeFiles/fast_lio__rosidl_typesupport_c__pyext.dir/rosidl_generator_py/fast_lio/_fast_lio_s.ep.rosidl_typesupport_c.c.o[0m
[ 88%] [32mBuilding C object CMakeFiles/fast_lio__rosidl_typesupport_fastrtps_c__pyext.dir/rosidl_generator_py/fast_lio/_fast_lio_s.ep.rosidl_typesupport_fastrtps_c.c.o[0m
[ 91%] [32mBuilding C object CMakeFiles/fast_lio__rosidl_typesupport_introspection_c__pyext.dir/rosidl_generator_py/fast_lio/_fast_lio_s.ep.rosidl_typesupport_introspection_c.c.o[0m
[ 94%] [32m[1mLinking C shared library rosidl_generator_py/fast_lio/fast_lio_s__rosidl_typesupport_c.cpython-38-aarch64-linux-gnu.so[0m
[ 97%] [32m[1mLinking CXX shared library rosidl_generator_py/fast_lio/fast_lio_s__rosidl_typesupport_fastrtps_c.cpython-38-aarch64-linux-gnu.so[0m
[100%] [32m[1mLinking C shared library rosidl_generator_py/fast_lio/fast_lio_s__rosidl_typesupport_introspection_c.cpython-38-aarch64-linux-gnu.so[0m
[100%] Built target fast_lio__rosidl_typesupport_c__pyext
[100%] Built target fast_lio__rosidl_typesupport_introspection_c__pyext
[100%] Built target fast_lio__rosidl_typesupport_fastrtps_c__pyext
-- Install configuration: "Release"
-- Execute custom install script
-- Symlinking: /home/jetson/slash_ws/install/fast_lio/share/ament_index/resource_index/rosidl_interfaces/fast_lio
-- Symlinking: /home/jetson/slash_ws/install/fast_lio/include/fast_lio/msg/detail/pose6_d__functions.h
-- Symlinking: /home/jetson/slash_ws/install/fast_lio/include/fast_lio/msg/detail/pose6_d__struct.h
-- Symlinking: /home/jetson/slash_ws/install/fast_lio/include/fast_lio/msg/detail/pose6_d__type_support.h
-- Symlinking: /home/jetson/slash_ws/install/fast_lio/include/fast_lio/msg/pose6_d.h
-- Symlinking: /home/jetson/slash_ws/install/fast_lio/include/fast_lio/msg/rosidl_generator_c__visibility_control.h
-- Symlinking: /home/jetson/slash_ws/install/fast_lio/share/fast_lio/environment/library_path.sh
-- Symlinking: /home/jetson/slash_ws/install/fast_lio/share/fast_lio/environment/library_path.dsv
-- Symlinking: /home/jetson/slash_ws/install/fast_lio/include/fast_lio/msg/detail/pose6_d__rosidl_typesupport_fastrtps_c.h
-- Symlinking: /home/jetson/slash_ws/install/fast_lio/include/fast_lio/msg/rosidl_typesupport_fastrtps_c__visibility_control.h
-- Symlinking: /home/jetson/slash_ws/install/fast_lio/lib/libfast_lio__rosidl_typesupport_fastrtps_c.so
-- Symlinking: /home/jetson/slash_ws/install/fast_lio/include/fast_lio/msg/detail/pose6_d__rosidl_typesupport_fastrtps_cpp.hpp
-- Symlinking: /home/jetson/slash_ws/install/fast_lio/include/fast_lio/msg/rosidl_typesupport_fastrtps_cpp__visibility_control.h
-- Symlinking: /home/jetson/slash_ws/install/fast_lio/lib/libfast_lio__rosidl_typesupport_fastrtps_cpp.so
-- Symlinking: /home/jetson/slash_ws/install/fast_lio/include/fast_lio/msg/detail/pose6_d__rosidl_typesupport_introspection_c.h
-- Symlinking: /home/jetson/slash_ws/install/fast_lio/include/fast_lio/msg/rosidl_typesupport_introspection_c__visibility_control.h
-- Symlinking: /home/jetson/slash_ws/install/fast_lio/include/fast_lio/msg/detail/pose6_d__builder.hpp
-- Symlinking: /home/jetson/slash_ws/install/fast_lio/include/fast_lio/msg/detail/pose6_d__struct.hpp
-- Symlinking: /home/jetson/slash_ws/install/fast_lio/include/fast_lio/msg/detail/pose6_d__traits.hpp
-- Symlinking: /home/jetson/slash_ws/install/fast_lio/include/fast_lio/msg/detail/pose6_d__type_support.hpp
-- Symlinking: /home/jetson/slash_ws/install/fast_lio/include/fast_lio/msg/pose6_d.hpp
-- Symlinking: /home/jetson/slash_ws/install/fast_lio/include/fast_lio/msg/rosidl_generator_cpp__visibility_control.hpp
-- Symlinking: /home/jetson/slash_ws/install/fast_lio/include/fast_lio/msg/detail/pose6_d__rosidl_typesupport_introspection_cpp.hpp
-- Symlinking: /home/jetson/slash_ws/install/fast_lio/share/fast_lio/environment/pythonpath.sh
-- Symlinking: /home/jetson/slash_ws/install/fast_lio/share/fast_lio/environment/pythonpath.dsv
-- Symlinking: /home/jetson/slash_ws/install/fast_lio/lib/python3.8/site-packages/fast_lio/__init__.py
-- Symlinking: /home/jetson/slash_ws/install/fast_lio/lib/python3.8/site-packages/fast_lio/msg/__init__.py
-- Symlinking: /home/jetson/slash_ws/install/fast_lio/lib/python3.8/site-packages/fast_lio/msg/_pose6_d.py
-- Symlinking: /home/jetson/slash_ws/install/fast_lio/lib/python3.8/site-packages/fast_lio/fast_lio_s__rosidl_typesupport_fastrtps_c.cpython-38-aarch64-linux-gnu.so
-- Symlinking: /home/jetson/slash_ws/install/fast_lio/lib/python3.8/site-packages/fast_lio/fast_lio_s__rosidl_typesupport_introspection_c.cpython-38-aarch64-linux-gnu.so
-- Symlinking: /home/jetson/slash_ws/install/fast_lio/lib/python3.8/site-packages/fast_lio/fast_lio_s__rosidl_typesupport_c.cpython-38-aarch64-linux-gnu.so
-- Symlinking: /home/jetson/slash_ws/install/fast_lio/lib/libfast_lio__python.so
-- Symlinking: /home/jetson/slash_ws/install/fast_lio/share/fast_lio/msg/Pose6D.idl
-- Symlinking: /home/jetson/slash_ws/install/fast_lio/share/fast_lio/msg/Pose6D.msg
-- Symlinking: /home/jetson/slash_ws/install/fast_lio/lib/fast_lio/fastlio_mapping
-- Symlinking: /home/jetson/slash_ws/install/fast_lio/share/fast_lio/config/avia.yaml
-- Symlinking: /home/jetson/slash_ws/install/fast_lio/share/fast_lio/config/horizon.yaml
-- Symlinking: /home/jetson/slash_ws/install/fast_lio/share/fast_lio/config/mid360.yaml
-- Symlinking: /home/jetson/slash_ws/install/fast_lio/share/fast_lio/config/ouster64.yaml
-- Symlinking: /home/jetson/slash_ws/install/fast_lio/share/fast_lio/config/velodyne.yaml
-- Symlinking: /home/jetson/slash_ws/install/fast_lio/share/fast_lio/launch/gdb_debug_example.launch
-- Symlinking: /home/jetson/slash_ws/install/fast_lio/share/fast_lio/launch/mapping.launch.py
-- Symlinking: /home/jetson/slash_ws/install/fast_lio/share/fast_lio/rviz/fastlio.rviz
-- Symlinking: /home/jetson/slash_ws/install/fast_lio/share/ament_index/resource_index/package_run_dependencies/fast_lio
-- Symlinking: /home/jetson/slash_ws/install/fast_lio/share/ament_index/resource_index/parent_prefix_path/fast_lio
-- Symlinking: /home/jetson/slash_ws/install/fast_lio/share/fast_lio/environment/ament_prefix_path.sh
-- Symlinking: /home/jetson/slash_ws/install/fast_lio/share/fast_lio/environment/ament_prefix_path.dsv
-- Symlinking: /home/jetson/slash_ws/install/fast_lio/share/fast_lio/environment/path.sh
-- Symlinking: /home/jetson/slash_ws/install/fast_lio/share/fast_lio/environment/path.dsv
-- Symlinking: /home/jetson/slash_ws/install/fast_lio/share/fast_lio/local_setup.bash
-- Symlinking: /home/jetson/slash_ws/install/fast_lio/share/fast_lio/local_setup.sh
-- Symlinking: /home/jetson/slash_ws/install/fast_lio/share/fast_lio/local_setup.zsh
-- Symlinking: /home/jetson/slash_ws/install/fast_lio/share/fast_lio/local_setup.dsv
-- Symlinking: /home/jetson/slash_ws/install/fast_lio/share/fast_lio/package.dsv
-- Symlinking: /home/jetson/slash_ws/install/fast_lio/share/ament_index/resource_index/packages/fast_lio
-- Symlinking: /home/jetson/slash_ws/install/fast_lio/share/fast_lio/cmake/rosidl_cmake-extras.cmake
-- Symlinking: /home/jetson/slash_ws/install/fast_lio/share/fast_lio/cmake/ament_cmake_export_dependencies-extras.cmake
-- Symlinking: /home/jetson/slash_ws/install/fast_lio/share/fast_lio/cmake/ament_cmake_export_libraries-extras.cmake
-- Symlinking: /home/jetson/slash_ws/install/fast_lio/share/fast_lio/cmake/ament_cmake_export_targets-extras.cmake
-- Symlinking: /home/jetson/slash_ws/install/fast_lio/share/fast_lio/cmake/ament_cmake_export_include_directories-extras.cmake
-- Symlinking: /home/jetson/slash_ws/install/fast_lio/share/fast_lio/cmake/rosidl_cmake_export_typesupport_libraries-extras.cmake
-- Symlinking: /home/jetson/slash_ws/install/fast_lio/share/fast_lio/cmake/rosidl_cmake_export_typesupport_targets-extras.cmake
-- Symlinking: /home/jetson/slash_ws/install/fast_lio/share/fast_lio/cmake/fast_lioConfig.cmake
-- Symlinking: /home/jetson/slash_ws/install/fast_lio/share/fast_lio/cmake/fast_lioConfig-version.cmake
-- Symlinking: /home/jetson/slash_ws/install/fast_lio/share/fast_lio/package.xml
-- Installing: /home/jetson/slash_ws/install/fast_lio/lib/libfast_lio__rosidl_generator_c.so
-- Set runtime path of "/home/jetson/slash_ws/install/fast_lio/lib/libfast_lio__rosidl_generator_c.so" to ""
-- Installing: /home/jetson/slash_ws/install/fast_lio/lib/libfast_lio__rosidl_typesupport_introspection_c.so
-- Set runtime path of "/home/jetson/slash_ws/install/fast_lio/lib/libfast_lio__rosidl_typesupport_introspection_c.so" to ""
-- Installing: /home/jetson/slash_ws/install/fast_lio/lib/libfast_lio__rosidl_typesupport_c.so
-- Set runtime path of "/home/jetson/slash_ws/install/fast_lio/lib/libfast_lio__rosidl_typesupport_c.so" to ""
-- Installing: /home/jetson/slash_ws/install/fast_lio/lib/libfast_lio__rosidl_typesupport_introspection_cpp.so
-- Set runtime path of "/home/jetson/slash_ws/install/fast_lio/lib/libfast_lio__rosidl_typesupport_introspection_cpp.so" to ""
-- Installing: /home/jetson/slash_ws/install/fast_lio/lib/libfast_lio__rosidl_typesupport_cpp.so
-- Set runtime path of "/home/jetson/slash_ws/install/fast_lio/lib/libfast_lio__rosidl_typesupport_cpp.so" to ""
Compiling '/home/jetson/slash_ws/install/fast_lio/lib/python3.8/site-packages/fast_lio/__init__.py'...
-- Installing: /home/jetson/slash_ws/install/fast_lio/share/fast_lio/cmake/fast_lio__rosidl_generator_cExport.cmake
-- Installing: /home/jetson/slash_ws/install/fast_lio/share/fast_lio/cmake/fast_lio__rosidl_generator_cExport-release.cmake
-- Installing: /home/jetson/slash_ws/install/fast_lio/share/fast_lio/cmake/fast_lio__rosidl_typesupport_introspection_cExport.cmake
-- Installing: /home/jetson/slash_ws/install/fast_lio/share/fast_lio/cmake/fast_lio__rosidl_typesupport_introspection_cExport-release.cmake
-- Installing: /home/jetson/slash_ws/install/fast_lio/share/fast_lio/cmake/fast_lio__rosidl_typesupport_cExport.cmake
-- Installing: /home/jetson/slash_ws/install/fast_lio/share/fast_lio/cmake/fast_lio__rosidl_typesupport_cExport-release.cmake
-- Installing: /home/jetson/slash_ws/install/fast_lio/share/fast_lio/cmake/fast_lio__rosidl_generator_cppExport.cmake
-- Installing: /home/jetson/slash_ws/install/fast_lio/share/fast_lio/cmake/fast_lio__rosidl_typesupport_introspection_cppExport.cmake
-- Installing: /home/jetson/slash_ws/install/fast_lio/share/fast_lio/cmake/fast_lio__rosidl_typesupport_introspection_cppExport-release.cmake
-- Installing: /home/jetson/slash_ws/install/fast_lio/share/fast_lio/cmake/fast_lio__rosidl_typesupport_cppExport.cmake
-- Installing: /home/jetson/slash_ws/install/fast_lio/share/fast_lio/cmake/fast_lio__rosidl_typesupport_cppExport-release.cmake
