[0.047s] Invoking command in '/home/jetson/slash_ws/build/vesc_driver': AMENT_PREFIX_PATH=/home/jetson/slash_ws/install/vesc_msgs:${AMENT_PREFIX_PATH} CMAKE_PREFIX_PATH=/home/jetson/slash_ws/install/vesc_msgs:/opt/ros/foxy LD_LIBRARY_PATH=/home/jetson/slash_ws/install/vesc_msgs/lib:/usr/lib/aarch64-linux-gnu/gazebo-11/plugins:/opt/ros/foxy/opt/yaml_cpp_vendor/lib:/opt/ros/foxy/opt/rviz_ogre_vendor/lib:/opt/ros/foxy/lib/aarch64-linux-gnu:/opt/ros/foxy/lib:/usr/local/cuda-11.4/lib64 PYTHONPATH=/home/jetson/slash_ws/install/vesc_msgs/lib/python3.8/site-packages:${PYTHONPATH} /usr/bin/cmake --build /home/jetson/slash_ws/build/vesc_driver -- -j8 -l8
[0.135s] -- Found ament_cmake_auto: 0.9.12 (/opt/ros/foxy/share/ament_cmake_auto/cmake)
[0.200s] -- Using PYTHON_EXECUTABLE: /usr/bin/python3
[0.531s] -- Override CMake install command with custom implementation using symlinks instead of copying resources
[0.715s] -- Using all available rosidl_typesupport_c: rosidl_typesupport_fastrtps_c;rosidl_typesupport_introspection_c
[0.720s] -- Found rosidl_adapter: 1.3.1 (/opt/ros/foxy/share/rosidl_adapter/cmake)
[0.908s] -- Using all available rosidl_typesupport_cpp: rosidl_typesupport_fastrtps_cpp;rosidl_typesupport_introspection_cpp
[0.978s] -- Found rmw_implementation_cmake: 1.0.4 (/opt/ros/foxy/share/rmw_implementation_cmake/cmake)
[0.980s] -- Using RMW implementation 'rmw_fastrtps_cpp' as default
[2.019s] -- Found ament_lint_auto: 0.9.8 (/opt/ros/foxy/share/ament_lint_auto/cmake)
[2.042s] -- Added test 'copyright' to check source files copyright and LICENSE
[2.044s] -- Added test 'cppcheck' to perform static code analysis on C / C++ code
[2.044s] -- Configured cppcheck include dirs: /home/jetson/slash_ws/src/slash_hardware/f1tenth_system/vesc/vesc_driver/include
[2.045s] -- Configured cppcheck exclude dirs and/or files: 
[2.047s] -- Added test 'cpplint' to check C / C++ code against the Google style
[2.047s] -- Configured cpplint exclude dirs and/or files: 
[2.047s] -- Added test 'flake8' to check Python code syntax and style conventions
[2.048s] -- Added test 'lint_cmake' to check CMake code style
[2.049s] -- Added test 'pep257' to check Python code against some of the style conventions in PEP 257
[2.051s] -- Added test 'uncrustify' to check C / C++ code style
[2.051s] -- Configured uncrustify additional arguments: 
[2.051s] -- Added test 'xmllint' to check XML markup files
[2.064s] -- Configuring done
[2.149s] -- Generating done
[2.152s] -- Build files have been written to: /home/jetson/slash_ws/build/vesc_driver
[2.219s] [35m[1mScanning dependencies of target vesc_driver[0m
[2.256s] [ 20%] Built target vesc_driver_node
[2.273s] [ 30%] [32mBuilding CXX object CMakeFiles/vesc_driver.dir/src/vesc_driver.cpp.o[0m
[2.276s] [ 40%] [32mBuilding CXX object CMakeFiles/vesc_driver.dir/src/vesc_interface.cpp.o[0m
[2.292s] [ 60%] [32mBuilding CXX object CMakeFiles/vesc_driver.dir/src/vesc_packet_factory.cpp.o[0m
[2.293s] [ 60%] [32mBuilding CXX object CMakeFiles/vesc_driver.dir/src/vesc_packet.cpp.o[0m
[15.397s] [ 70%] [32m[1mLinking CXX shared library libvesc_driver.so[0m
[16.264s] [ 70%] Built target vesc_driver
[16.283s] [35m[1mScanning dependencies of target vesc_device_namer[0m
[16.303s] [ 90%] [32mBuilding CXX object CMakeFiles/vesc_device_namer.dir/src/vesc_device_namer.cpp.o[0m
[16.304s] [ 90%] [32mBuilding CXX object CMakeFiles/vesc_device_namer.dir/src/vesc_device_uuid_lookup.cpp.o[0m
[17.283s] [100%] [32m[1mLinking CXX executable vesc_device_namer[0m
[17.666s] [100%] Built target vesc_device_namer
[17.689s] Invoked command in '/home/jetson/slash_ws/build/vesc_driver' returned '0': AMENT_PREFIX_PATH=/home/jetson/slash_ws/install/vesc_msgs:${AMENT_PREFIX_PATH} CMAKE_PREFIX_PATH=/home/jetson/slash_ws/install/vesc_msgs:/opt/ros/foxy LD_LIBRARY_PATH=/home/jetson/slash_ws/install/vesc_msgs/lib:/usr/lib/aarch64-linux-gnu/gazebo-11/plugins:/opt/ros/foxy/opt/yaml_cpp_vendor/lib:/opt/ros/foxy/opt/rviz_ogre_vendor/lib:/opt/ros/foxy/lib/aarch64-linux-gnu:/opt/ros/foxy/lib:/usr/local/cuda-11.4/lib64 PYTHONPATH=/home/jetson/slash_ws/install/vesc_msgs/lib/python3.8/site-packages:${PYTHONPATH} /usr/bin/cmake --build /home/jetson/slash_ws/build/vesc_driver -- -j8 -l8
[17.752s] Invoking command in '/home/jetson/slash_ws/build/vesc_driver': AMENT_PREFIX_PATH=/home/jetson/slash_ws/install/vesc_msgs:${AMENT_PREFIX_PATH} CMAKE_PREFIX_PATH=/home/jetson/slash_ws/install/vesc_msgs:/opt/ros/foxy LD_LIBRARY_PATH=/home/jetson/slash_ws/install/vesc_msgs/lib:/usr/lib/aarch64-linux-gnu/gazebo-11/plugins:/opt/ros/foxy/opt/yaml_cpp_vendor/lib:/opt/ros/foxy/opt/rviz_ogre_vendor/lib:/opt/ros/foxy/lib/aarch64-linux-gnu:/opt/ros/foxy/lib:/usr/local/cuda-11.4/lib64 PYTHONPATH=/home/jetson/slash_ws/install/vesc_msgs/lib/python3.8/site-packages:${PYTHONPATH} /usr/bin/cmake --install /home/jetson/slash_ws/build/vesc_driver
[17.768s] -- Install configuration: ""
[17.769s] -- Execute custom install script
[17.769s] -- Up-to-date symlink: /home/jetson/slash_ws/install/vesc_driver/lib/vesc_driver/vesc_driver_node
[17.771s] -- Up-to-date symlink: /home/jetson/slash_ws/install/vesc_driver/include/vesc_driver/crc.hpp
[17.771s] -- Up-to-date symlink: /home/jetson/slash_ws/install/vesc_driver/include/vesc_driver/datatypes.hpp
[17.771s] -- Up-to-date symlink: /home/jetson/slash_ws/install/vesc_driver/include/vesc_driver/vesc_device_uuid_lookup.hpp
[17.772s] -- Up-to-date symlink: /home/jetson/slash_ws/install/vesc_driver/include/vesc_driver/vesc_driver.hpp
[17.772s] -- Up-to-date symlink: /home/jetson/slash_ws/install/vesc_driver/include/vesc_driver/vesc_interface.hpp
[17.772s] -- Up-to-date symlink: /home/jetson/slash_ws/install/vesc_driver/include/vesc_driver/vesc_packet.hpp
[17.772s] -- Up-to-date symlink: /home/jetson/slash_ws/install/vesc_driver/include/vesc_driver/vesc_packet_factory.hpp
[17.773s] -- Up-to-date symlink: /home/jetson/slash_ws/install/vesc_driver/share/vesc_driver/environment/library_path.sh
[17.773s] -- Up-to-date symlink: /home/jetson/slash_ws/install/vesc_driver/share/vesc_driver/environment/library_path.dsv
[17.774s] -- Up-to-date symlink: /home/jetson/slash_ws/install/vesc_driver/lib/libvesc_driver.so
[17.775s] -- Up-to-date symlink: /home/jetson/slash_ws/install/vesc_driver/lib/vesc_driver/vesc_device_namer
[17.775s] -- Up-to-date symlink: /home/jetson/slash_ws/install/vesc_driver/share/vesc_driver/launch/vesc_driver_node.launch.py
[17.776s] -- Up-to-date symlink: /home/jetson/slash_ws/install/vesc_driver/share/vesc_driver/params/vesc_config.yaml
[17.777s] -- Up-to-date symlink: /home/jetson/slash_ws/install/vesc_driver/share/ament_index/resource_index/package_run_dependencies/vesc_driver
[17.777s] -- Up-to-date symlink: /home/jetson/slash_ws/install/vesc_driver/share/ament_index/resource_index/parent_prefix_path/vesc_driver
[17.778s] -- Up-to-date symlink: /home/jetson/slash_ws/install/vesc_driver/share/vesc_driver/environment/ament_prefix_path.sh
[17.778s] -- Up-to-date symlink: /home/jetson/slash_ws/install/vesc_driver/share/vesc_driver/environment/ament_prefix_path.dsv
[17.778s] -- Up-to-date symlink: /home/jetson/slash_ws/install/vesc_driver/share/vesc_driver/environment/path.sh
[17.779s] -- Up-to-date symlink: /home/jetson/slash_ws/install/vesc_driver/share/vesc_driver/environment/path.dsv
[17.779s] -- Up-to-date symlink: /home/jetson/slash_ws/install/vesc_driver/share/vesc_driver/local_setup.bash
[17.780s] -- Up-to-date symlink: /home/jetson/slash_ws/install/vesc_driver/share/vesc_driver/local_setup.sh
[17.780s] -- Up-to-date symlink: /home/jetson/slash_ws/install/vesc_driver/share/vesc_driver/local_setup.zsh
[17.780s] -- Up-to-date symlink: /home/jetson/slash_ws/install/vesc_driver/share/vesc_driver/local_setup.dsv
[17.781s] -- Symlinking: /home/jetson/slash_ws/install/vesc_driver/share/vesc_driver/package.dsv
[17.797s] -- Up-to-date symlink: /home/jetson/slash_ws/install/vesc_driver/share/ament_index/resource_index/packages/vesc_driver
[17.798s] -- Up-to-date symlink: /home/jetson/slash_ws/install/vesc_driver/share/ament_index/resource_index/rclcpp_components/vesc_driver
[17.798s] -- Up-to-date symlink: /home/jetson/slash_ws/install/vesc_driver/share/vesc_driver/cmake/ament_cmake_export_dependencies-extras.cmake
[17.799s] -- Up-to-date symlink: /home/jetson/slash_ws/install/vesc_driver/share/vesc_driver/cmake/ament_cmake_export_include_directories-extras.cmake
[17.799s] -- Up-to-date symlink: /home/jetson/slash_ws/install/vesc_driver/share/vesc_driver/cmake/ament_cmake_export_libraries-extras.cmake
[17.799s] -- Up-to-date symlink: /home/jetson/slash_ws/install/vesc_driver/share/vesc_driver/cmake/vesc_driverConfig.cmake
[17.800s] -- Up-to-date symlink: /home/jetson/slash_ws/install/vesc_driver/share/vesc_driver/cmake/vesc_driverConfig-version.cmake
[17.800s] -- Up-to-date symlink: /home/jetson/slash_ws/install/vesc_driver/share/vesc_driver/package.xml
[17.806s] Invoked command in '/home/jetson/slash_ws/build/vesc_driver' returned '0': AMENT_PREFIX_PATH=/home/jetson/slash_ws/install/vesc_msgs:${AMENT_PREFIX_PATH} CMAKE_PREFIX_PATH=/home/jetson/slash_ws/install/vesc_msgs:/opt/ros/foxy LD_LIBRARY_PATH=/home/jetson/slash_ws/install/vesc_msgs/lib:/usr/lib/aarch64-linux-gnu/gazebo-11/plugins:/opt/ros/foxy/opt/yaml_cpp_vendor/lib:/opt/ros/foxy/opt/rviz_ogre_vendor/lib:/opt/ros/foxy/lib/aarch64-linux-gnu:/opt/ros/foxy/lib:/usr/local/cuda-11.4/lib64 PYTHONPATH=/home/jetson/slash_ws/install/vesc_msgs/lib/python3.8/site-packages:${PYTHONPATH} /usr/bin/cmake --install /home/jetson/slash_ws/build/vesc_driver
