running egg_info
creating ../../../../../build/mouse_teleop/mouse_teleop.egg-info
writing ../../../../../build/mouse_teleop/mouse_teleop.egg-info/PKG-INFO
writing dependency_links to ../../../../../build/mouse_teleop/mouse_teleop.egg-info/dependency_links.txt
writing entry points to ../../../../../build/mouse_teleop/mouse_teleop.egg-info/entry_points.txt
writing requirements to ../../../../../build/mouse_teleop/mouse_teleop.egg-info/requires.txt
writing top-level names to ../../../../../build/mouse_teleop/mouse_teleop.egg-info/top_level.txt
writing manifest file '../../../../../build/mouse_teleop/mouse_teleop.egg-info/SOURCES.txt'
reading manifest file '../../../../../build/mouse_teleop/mouse_teleop.egg-info/SOURCES.txt'
writing manifest file '../../../../../build/mouse_teleop/mouse_teleop.egg-info/SOURCES.txt'
running build
running build_py
creating /home/jetson/slash_ws/build/mouse_teleop/build
creating /home/jetson/slash_ws/build/mouse_teleop/build/lib
creating /home/jetson/slash_ws/build/mouse_teleop/build/lib/mouse_teleop
copying mouse_teleop/mouse_teleop.py -> /home/jetson/slash_ws/build/mouse_teleop/build/lib/mouse_teleop
copying mouse_teleop/__init__.py -> /home/jetson/slash_ws/build/mouse_teleop/build/lib/mouse_teleop
running install
running install_lib
creating /home/jetson/slash_ws/install/mouse_teleop/lib/python3.8/site-packages/mouse_teleop
copying /home/jetson/slash_ws/build/mouse_teleop/build/lib/mouse_teleop/mouse_teleop.py -> /home/jetson/slash_ws/install/mouse_teleop/lib/python3.8/site-packages/mouse_teleop
copying /home/jetson/slash_ws/build/mouse_teleop/build/lib/mouse_teleop/__init__.py -> /home/jetson/slash_ws/install/mouse_teleop/lib/python3.8/site-packages/mouse_teleop
byte-compiling /home/jetson/slash_ws/install/mouse_teleop/lib/python3.8/site-packages/mouse_teleop/mouse_teleop.py to mouse_teleop.cpython-38.pyc
byte-compiling /home/jetson/slash_ws/install/mouse_teleop/lib/python3.8/site-packages/mouse_teleop/__init__.py to __init__.cpython-38.pyc
running install_data
copying package.xml -> /home/jetson/slash_ws/install/mouse_teleop/share/mouse_teleop
creating /home/jetson/slash_ws/install/mouse_teleop/share/mouse_teleop/config
copying config/mouse_teleop.yaml -> /home/jetson/slash_ws/install/mouse_teleop/share/mouse_teleop/config
creating /home/jetson/slash_ws/install/mouse_teleop/share/mouse_teleop/launch
copying launch/mouse_teleop.launch.py -> /home/jetson/slash_ws/install/mouse_teleop/share/mouse_teleop/launch
creating /home/jetson/slash_ws/install/mouse_teleop/share/ament_index
creating /home/jetson/slash_ws/install/mouse_teleop/share/ament_index/resource_index
creating /home/jetson/slash_ws/install/mouse_teleop/share/ament_index/resource_index/packages
copying resource/mouse_teleop -> /home/jetson/slash_ws/install/mouse_teleop/share/ament_index/resource_index/packages
running install_egg_info
Copying ../../../../../build/mouse_teleop/mouse_teleop.egg-info to /home/jetson/slash_ws/install/mouse_teleop/lib/python3.8/site-packages/mouse_teleop-0.3.0-py3.8.egg-info
running install_scripts
Installing mouse_teleop script to /home/jetson/slash_ws/install/mouse_teleop/lib/mouse_teleop
writing list of installed files to '/home/jetson/slash_ws/build/mouse_teleop/install.log'
