[0.067s] Invoking command in '/home/jetson/slash_ws/build/slash_nav2': CMAKE_PREFIX_PATH=/opt/ros/foxy /usr/bin/cmake /home/jetson/slash_ws/src/slash_navigation/slash_nav2 -DAMENT_CMAKE_SYMLINK_INSTALL=1 -DCMAKE_INSTALL_PREFIX=/home/jetson/slash_ws/install/slash_nav2
[0.095s] -- Found ament_cmake_auto: 0.9.12 (/opt/ros/foxy/share/ament_cmake_auto/cmake)
[0.145s] -- Using PYTHON_EXECUTABLE: /usr/bin/python3
[0.469s] -- Override CMake install command with custom implementation using symlinks instead of copying resources
[0.483s] -- Found ament_lint_auto: 0.9.8 (/opt/ros/foxy/share/ament_lint_auto/cmake)
[0.614s] -- Configuring done
[0.623s] -- Generating done
[0.625s] -- Build files have been written to: /home/jetson/slash_ws/build/slash_nav2
[0.934s] Invoked command in '/home/jetson/slash_ws/build/slash_nav2' returned '0': CMAKE_PREFIX_PATH=/opt/ros/foxy /usr/bin/cmake /home/jetson/slash_ws/src/slash_navigation/slash_nav2 -DAMENT_CMAKE_SYMLINK_INSTALL=1 -DCMAKE_INSTALL_PREFIX=/home/jetson/slash_ws/install/slash_nav2
[0.938s] Invoking command in '/home/jetson/slash_ws/build/slash_nav2': CMAKE_PREFIX_PATH=/opt/ros/foxy /usr/bin/cmake --build /home/jetson/slash_ws/build/slash_nav2 -- -j8 -l8
[1.048s] Invoked command in '/home/jetson/slash_ws/build/slash_nav2' returned '0': CMAKE_PREFIX_PATH=/opt/ros/foxy /usr/bin/cmake --build /home/jetson/slash_ws/build/slash_nav2 -- -j8 -l8
[1.160s] Invoking command in '/home/jetson/slash_ws/build/slash_nav2': CMAKE_PREFIX_PATH=/opt/ros/foxy /usr/bin/cmake --install /home/jetson/slash_ws/build/slash_nav2
[1.185s] -- Install configuration: ""
[1.186s] -- Execute custom install script
[1.189s] -- Up-to-date symlink: /home/jetson/slash_ws/install/slash_nav2/share/slash_nav2/launch/bringup_real.launch.py
[1.190s] -- Up-to-date symlink: /home/jetson/slash_ws/install/slash_nav2/share/slash_nav2/config/nav2_orin_params.yaml
[1.190s] -- Up-to-date symlink: /home/jetson/slash_ws/install/slash_nav2/share/slash_nav2/config/nav2_params.yaml
[1.192s] -- Up-to-date symlink: /home/jetson/slash_ws/install/slash_nav2/share/slash_nav2/map/RMUC.data
[1.192s] -- Up-to-date symlink: /home/jetson/slash_ws/install/slash_nav2/share/slash_nav2/map/RMUC.pgm
[1.193s] -- Up-to-date symlink: /home/jetson/slash_ws/install/slash_nav2/share/slash_nav2/map/RMUC.posegraph
[1.193s] -- Up-to-date symlink: /home/jetson/slash_ws/install/slash_nav2/share/slash_nav2/map/RMUC.yaml
[1.194s] -- Up-to-date symlink: /home/jetson/slash_ws/install/slash_nav2/share/slash_nav2/map/RMUL.data
[1.194s] -- Up-to-date symlink: /home/jetson/slash_ws/install/slash_nav2/share/slash_nav2/map/RMUL.pgm
[1.195s] -- Up-to-date symlink: /home/jetson/slash_ws/install/slash_nav2/share/slash_nav2/map/RMUL.posegraph
[1.196s] -- Up-to-date symlink: /home/jetson/slash_ws/install/slash_nav2/share/slash_nav2/map/RMUL.yaml
[1.197s] -- Up-to-date symlink: /home/jetson/slash_ws/install/slash_nav2/share/slash_nav2/PCD/RMUC.pcd
[1.197s] -- Up-to-date symlink: /home/jetson/slash_ws/install/slash_nav2/share/slash_nav2/PCD/RMUL.pcd
[1.199s] -- Up-to-date symlink: /home/jetson/slash_ws/install/slash_nav2/share/slash_nav2/rviz/fastlio.rviz
[1.199s] -- Up-to-date symlink: /home/jetson/slash_ws/install/slash_nav2/share/slash_nav2/rviz/nav2.rviz
[1.200s] -- Up-to-date symlink: /home/jetson/slash_ws/install/slash_nav2/share/slash_nav2/rviz/pointlio.rviz
[1.201s] -- Up-to-date symlink: /home/jetson/slash_ws/install/slash_nav2/share/slash_nav2/urdf/sentry_robot_real.xacro
[1.201s] -- Up-to-date symlink: /home/jetson/slash_ws/install/slash_nav2/share/slash_nav2/urdf/sentry_robot_sim.xacro
[1.202s] -- Up-to-date symlink: /home/jetson/slash_ws/install/slash_nav2/share/ament_index/resource_index/package_run_dependencies/slash_nav2
[1.203s] -- Up-to-date symlink: /home/jetson/slash_ws/install/slash_nav2/share/ament_index/resource_index/parent_prefix_path/slash_nav2
[1.204s] -- Up-to-date symlink: /home/jetson/slash_ws/install/slash_nav2/share/slash_nav2/environment/ament_prefix_path.sh
[1.204s] -- Up-to-date symlink: /home/jetson/slash_ws/install/slash_nav2/share/slash_nav2/environment/ament_prefix_path.dsv
[1.205s] -- Up-to-date symlink: /home/jetson/slash_ws/install/slash_nav2/share/slash_nav2/environment/path.sh
[1.205s] -- Up-to-date symlink: /home/jetson/slash_ws/install/slash_nav2/share/slash_nav2/environment/path.dsv
[1.206s] -- Up-to-date symlink: /home/jetson/slash_ws/install/slash_nav2/share/slash_nav2/local_setup.bash
[1.207s] -- Up-to-date symlink: /home/jetson/slash_ws/install/slash_nav2/share/slash_nav2/local_setup.sh
[1.208s] -- Up-to-date symlink: /home/jetson/slash_ws/install/slash_nav2/share/slash_nav2/local_setup.zsh
[1.208s] -- Up-to-date symlink: /home/jetson/slash_ws/install/slash_nav2/share/slash_nav2/local_setup.dsv
[1.209s] -- Symlinking: /home/jetson/slash_ws/install/slash_nav2/share/slash_nav2/package.dsv
[1.234s] -- Up-to-date symlink: /home/jetson/slash_ws/install/slash_nav2/share/ament_index/resource_index/packages/slash_nav2
[1.235s] -- Up-to-date symlink: /home/jetson/slash_ws/install/slash_nav2/share/slash_nav2/cmake/slash_nav2Config.cmake
[1.235s] -- Up-to-date symlink: /home/jetson/slash_ws/install/slash_nav2/share/slash_nav2/cmake/slash_nav2Config-version.cmake
[1.236s] -- Up-to-date symlink: /home/jetson/slash_ws/install/slash_nav2/share/slash_nav2/package.xml
[1.247s] Invoked command in '/home/jetson/slash_ws/build/slash_nav2' returned '0': CMAKE_PREFIX_PATH=/opt/ros/foxy /usr/bin/cmake --install /home/jetson/slash_ws/build/slash_nav2
