[0.132s] Invoking command in '/home/jetson/slash_ws/build/ackermann_mux': CMAKE_PREFIX_PATH=${CMAKE_PREFIX_PATH}:/home/jetson/slash_ws/install/f1tenth_stack:/home/jetson/slash_ws/install/twist_to_ackermann:/home/jetson/slash_ws/install/joy_teleop:/home/jetson/slash_ws/install/my_converter:/home/jetson/slash_ws/install/mouse_teleop:/home/jetson/slash_ws/install/key_teleop:/opt/ros/foxy /usr/bin/cmake --build /home/jetson/slash_ws/build/ackermann_mux -- -j8 -l8
[1.250s] -- Found ament_cmake: 0.9.12 (/opt/ros/foxy/share/ament_cmake/cmake)
[1.250s] -- Found PythonInterp: /usr/bin/python3 (found suitable version "3.8.10", minimum required is "3") 
[1.250s] -- Using PYTHON_EXECUTABLE: /usr/bin/python3
[1.250s] -- Override CMake install command with custom implementation using symlinks instead of copying resources
[1.251s] -- Found rclcpp: 2.4.3 (/opt/ros/foxy/share/rclcpp/cmake)
[1.251s] -- Using all available rosidl_typesupport_c: rosidl_typesupport_fastrtps_c;rosidl_typesupport_introspection_c
[1.251s] -- Found rosidl_adapter: 1.3.1 (/opt/ros/foxy/share/rosidl_adapter/cmake)
[1.251s] -- Using all available rosidl_typesupport_cpp: rosidl_typesupport_fastrtps_cpp;rosidl_typesupport_introspection_cpp
[1.251s] -- Found rmw_implementation_cmake: 1.0.4 (/opt/ros/foxy/share/rmw_implementation_cmake/cmake)
[1.251s] -- Using RMW implementation 'rmw_fastrtps_cpp' as default
[1.251s] -- Found ackermann_msgs: 2.0.2 (/opt/ros/foxy/share/ackermann_msgs/cmake)
[1.297s] -- Found diagnostic_updater: 3.1.2 (/opt/ros/foxy/share/diagnostic_updater/cmake)
[1.427s] -- Found ament_lint_auto: 0.9.8 (/opt/ros/foxy/share/ament_lint_auto/cmake)
[1.698s] -- Found python_cmake_module: 0.8.1 (/opt/ros/foxy/share/python_cmake_module/cmake)
[1.777s] -- Found PythonInterp: /usr/bin/python3 (found suitable version "3.8.10", minimum required is "3.5") 
[1.786s] -- Using PYTHON_EXECUTABLE: /usr/bin/python3
[1.786s] -- Using PYTHON_INCLUDE_DIRS: /usr/include/python3.8
[1.786s] -- Using PYTHON_LIBRARIES: /usr/lib/aarch64-linux-gnu/libpython3.8.so
[1.817s] -- Added test 'xmllint' to check XML markup files
[1.818s] -- Added test 'copyright' to check source files copyright and LICENSE
[1.822s] -- Added test 'cppcheck' to perform static code analysis on C / C++ code
[1.823s] -- Configured cppcheck include dirs: /home/jetson/slash_ws/src/slash_hardware/f1tenth_system/ackermann_mux/include
[1.823s] -- Configured cppcheck exclude dirs and/or files: 
[1.826s] -- Added test 'cpplint' to check C / C++ code against the Google style
[1.827s] -- Configured cpplint exclude dirs and/or files: 
[1.828s] -- Added test 'flake8' to check Python code syntax and style conventions
[1.829s] -- Added test 'lint_cmake' to check CMake code style
[1.831s] -- Added test 'pep257' to check Python code against some of the style conventions in PEP 257
[1.833s] -- Added test 'uncrustify' to check C / C++ code style
[1.834s] -- Configured uncrustify additional arguments: 
[1.843s] -- Configuring done
[1.861s] -- Generating done
[1.865s] -- Build files have been written to: /home/jetson/slash_ws/build/ackermann_mux
[1.976s] [35m[1mScanning dependencies of target ackermann_mux[0m
[2.112s] [ 25%] [32mBuilding CXX object CMakeFiles/ackermann_mux.dir/src/ackermann_mux_node.cpp.o[0m
[2.122s] [ 50%] [32mBuilding CXX object CMakeFiles/ackermann_mux.dir/src/ackermann_mux.cpp.o[0m
[2.154s] [ 75%] [32mBuilding CXX object CMakeFiles/ackermann_mux.dir/src/ackermann_mux_diagnostics.cpp.o[0m
[34.878s] [100%] [32m[1mLinking CXX executable ackermann_mux[0m
[36.430s] [100%] Built target ackermann_mux
[36.507s] Invoked command in '/home/jetson/slash_ws/build/ackermann_mux' returned '0': CMAKE_PREFIX_PATH=${CMAKE_PREFIX_PATH}:/home/jetson/slash_ws/install/f1tenth_stack:/home/jetson/slash_ws/install/twist_to_ackermann:/home/jetson/slash_ws/install/joy_teleop:/home/jetson/slash_ws/install/my_converter:/home/jetson/slash_ws/install/mouse_teleop:/home/jetson/slash_ws/install/key_teleop:/opt/ros/foxy /usr/bin/cmake --build /home/jetson/slash_ws/build/ackermann_mux -- -j8 -l8
[36.902s] Invoking command in '/home/jetson/slash_ws/build/ackermann_mux': CMAKE_PREFIX_PATH=${CMAKE_PREFIX_PATH}:/home/jetson/slash_ws/install/f1tenth_stack:/home/jetson/slash_ws/install/twist_to_ackermann:/home/jetson/slash_ws/install/joy_teleop:/home/jetson/slash_ws/install/my_converter:/home/jetson/slash_ws/install/mouse_teleop:/home/jetson/slash_ws/install/key_teleop:/opt/ros/foxy /usr/bin/cmake --install /home/jetson/slash_ws/build/ackermann_mux
[36.951s] -- Install configuration: ""
[36.952s] -- Execute custom install script
[36.953s] -- Up-to-date symlink: /home/jetson/slash_ws/install/ackermann_mux/lib/ackermann_mux/ackermann_mux
[36.965s] -- Up-to-date symlink: /home/jetson/slash_ws/install/ackermann_mux/share/ackermann_mux/launch/ackermann_mux_launch.py
[36.967s] -- Up-to-date symlink: /home/jetson/slash_ws/install/ackermann_mux/share/ackermann_mux/config/ackermann_mux_locks.yaml
[36.967s] -- Up-to-date symlink: /home/jetson/slash_ws/install/ackermann_mux/share/ackermann_mux/config/ackermann_mux_topics.yaml
[36.967s] -- Up-to-date symlink: /home/jetson/slash_ws/install/ackermann_mux/share/ackermann_mux/config/joystick.yaml
[36.968s] -- Up-to-date symlink: /home/jetson/slash_ws/install/ackermann_mux/include/ackermann_mux/ackermann_mux.hpp
[36.969s] -- Up-to-date symlink: /home/jetson/slash_ws/install/ackermann_mux/include/ackermann_mux/ackermann_mux_diagnostics.hpp
[36.969s] -- Up-to-date symlink: /home/jetson/slash_ws/install/ackermann_mux/include/ackermann_mux/ackermann_mux_diagnostics_status.hpp
[36.983s] -- Up-to-date symlink: /home/jetson/slash_ws/install/ackermann_mux/include/ackermann_mux/params_helpers.hpp
[36.984s] -- Up-to-date symlink: /home/jetson/slash_ws/install/ackermann_mux/include/ackermann_mux/topic_handle.hpp
[36.984s] -- Up-to-date symlink: /home/jetson/slash_ws/install/ackermann_mux/include/ackermann_mux/utils.hpp
[36.986s] -- Up-to-date symlink: /home/jetson/slash_ws/install/ackermann_mux/share/ament_index/resource_index/package_run_dependencies/ackermann_mux
[36.987s] -- Up-to-date symlink: /home/jetson/slash_ws/install/ackermann_mux/share/ament_index/resource_index/parent_prefix_path/ackermann_mux
[36.987s] -- Up-to-date symlink: /home/jetson/slash_ws/install/ackermann_mux/share/ackermann_mux/environment/ament_prefix_path.sh
[36.988s] -- Up-to-date symlink: /home/jetson/slash_ws/install/ackermann_mux/share/ackermann_mux/environment/ament_prefix_path.dsv
[36.988s] -- Up-to-date symlink: /home/jetson/slash_ws/install/ackermann_mux/share/ackermann_mux/environment/path.sh
[36.988s] -- Up-to-date symlink: /home/jetson/slash_ws/install/ackermann_mux/share/ackermann_mux/environment/path.dsv
[36.988s] -- Up-to-date symlink: /home/jetson/slash_ws/install/ackermann_mux/share/ackermann_mux/local_setup.bash
[36.988s] -- Up-to-date symlink: /home/jetson/slash_ws/install/ackermann_mux/share/ackermann_mux/local_setup.sh
[36.989s] -- Up-to-date symlink: /home/jetson/slash_ws/install/ackermann_mux/share/ackermann_mux/local_setup.zsh
[36.989s] -- Up-to-date symlink: /home/jetson/slash_ws/install/ackermann_mux/share/ackermann_mux/local_setup.dsv
[36.989s] -- Symlinking: /home/jetson/slash_ws/install/ackermann_mux/share/ackermann_mux/package.dsv
[37.036s] -- Up-to-date symlink: /home/jetson/slash_ws/install/ackermann_mux/share/ament_index/resource_index/packages/ackermann_mux
[37.036s] -- Up-to-date symlink: /home/jetson/slash_ws/install/ackermann_mux/share/ackermann_mux/cmake/ament_cmake_export_include_directories-extras.cmake
[37.038s] -- Up-to-date symlink: /home/jetson/slash_ws/install/ackermann_mux/share/ackermann_mux/cmake/ament_cmake_export_dependencies-extras.cmake
[37.038s] -- Up-to-date symlink: /home/jetson/slash_ws/install/ackermann_mux/share/ackermann_mux/cmake/ackermann_muxConfig.cmake
[37.038s] -- Up-to-date symlink: /home/jetson/slash_ws/install/ackermann_mux/share/ackermann_mux/cmake/ackermann_muxConfig-version.cmake
[37.038s] -- Up-to-date symlink: /home/jetson/slash_ws/install/ackermann_mux/share/ackermann_mux/package.xml
[37.047s] Invoked command in '/home/jetson/slash_ws/build/ackermann_mux' returned '0': CMAKE_PREFIX_PATH=${CMAKE_PREFIX_PATH}:/home/jetson/slash_ws/install/f1tenth_stack:/home/jetson/slash_ws/install/twist_to_ackermann:/home/jetson/slash_ws/install/joy_teleop:/home/jetson/slash_ws/install/my_converter:/home/jetson/slash_ws/install/mouse_teleop:/home/jetson/slash_ws/install/key_teleop:/opt/ros/foxy /usr/bin/cmake --install /home/jetson/slash_ws/build/ackermann_mux
