[0.161s] Invoking command in '/home/jetson/slash_ws/build/fast_lio': CMAKE_PREFIX_PATH=/home/jetson/slash_ws/install/livox_ros_driver2:/home/jetson/slash_ws/install/vesc:/home/jetson/slash_ws/install/vesc_driver:/home/jetson/slash_ws/install/vesc_ackermann:/home/jetson/slash_ws/install/vesc_msgs:/home/jetson/slash_ws/install/teleop_tools:/home/jetson/slash_ws/install/teleop_tools_msgs:/home/jetson/slash_ws/install/teb_local_planner:/home/jetson/slash_ws/install/teb_msgs:/home/jetson/slash_ws/install/slash_nav2:/home/jetson/slash_ws/install/pointcloud_to_laserscan:/home/jetson/slash_ws/install/fast_lio:/home/jetson/slash_ws/install/linefit_ground_segmentation_ros:/home/jetson/slash_ws/install/linefit_ground_segmentation:/home/jetson/slash_ws/install/costmap_converter:/home/jetson/slash_ws/install/costmap_converter_msgs:/home/jetson/slash_ws/install/ackermann_mux:/home/jetson/slash_ws/install/f1tenth_stack:/home/jetson/slash_ws/install/twist_to_ackermann:/home/jetson/slash_ws/install/joy_teleop:/home/jetson/slash_ws/install/my_converter:/home/jetson/slash_ws/install/mouse_teleop:/home/jetson/slash_ws/install/key_teleop:/opt/ros/foxy LD_LIBRARY_PATH=/home/jetson/slash_ws/install/livox_ros_driver2/lib:/home/jetson/slash_ws/install/vesc_driver/lib:/home/jetson/slash_ws/install/vesc_ackermann/lib:/home/jetson/slash_ws/install/vesc_msgs/lib:/home/jetson/slash_ws/install/teleop_tools_msgs/lib:/home/jetson/slash_ws/install/teb_local_planner/lib:/home/jetson/slash_ws/install/teb_msgs/lib:/home/jetson/slash_ws/install/pointcloud_to_laserscan/lib:/home/jetson/slash_ws/install/fast_lio/lib:/home/jetson/slash_ws/install/linefit_ground_segmentation/lib:/home/jetson/slash_ws/install/costmap_converter/lib:/home/jetson/slash_ws/install/costmap_converter_msgs/lib:/usr/lib/aarch64-linux-gnu/gazebo-11/plugins:/opt/ros/foxy/opt/yaml_cpp_vendor/lib:/opt/ros/foxy/opt/rviz_ogre_vendor/lib:/opt/ros/foxy/lib/aarch64-linux-gnu:/opt/ros/foxy/lib:/usr/local/cuda-11.4/lib64 PYTHONPATH=/home/jetson/slash_ws/install/livox_ros_driver2/lib/python3.8/site-packages:/home/jetson/slash_ws/build/f1tenth_stack:/home/jetson/slash_ws/install/f1tenth_stack/lib/python3.8/site-packages:/home/jetson/slash_ws/install/vesc_msgs/lib/python3.8/site-packages:/home/jetson/slash_ws/build/twist_to_ackermann:/home/jetson/slash_ws/install/twist_to_ackermann/lib/python3.8/site-packages:/home/jetson/slash_ws/build/joy_teleop:/home/jetson/slash_ws/install/joy_teleop/lib/python3.8/site-packages:/home/jetson/slash_ws/install/teleop_tools_msgs/lib/python3.8/site-packages:/home/jetson/slash_ws/install/teb_msgs/lib/python3.8/site-packages:/home/jetson/slash_ws/build/my_converter:/home/jetson/slash_ws/install/my_converter/lib/python3.8/site-packages:/home/jetson/slash_ws/build/mouse_teleop:/home/jetson/slash_ws/install/mouse_teleop/lib/python3.8/site-packages:/home/jetson/slash_ws/install/fast_lio/lib/python3.8/site-packages:/home/jetson/slash_ws/build/key_teleop:/home/jetson/slash_ws/install/key_teleop/lib/python3.8/site-packages:/home/jetson/slash_ws/install/costmap_converter_msgs/lib/python3.8/site-packages:/opt/ros/foxy/lib/python3.8/site-packages /usr/bin/cmake --build /home/jetson/slash_ws/build/fast_lio -- -j8 -l8
[0.285s] [  8%] Built target fast_lio__rosidl_generator_c
[0.304s] [ 11%] Built target fast_lio__cpp
[0.361s] [ 20%] Built target fast_lio__rosidl_typesupport_introspection_c
[0.391s] [ 34%] Built target fast_lio__rosidl_typesupport_fastrtps_cpp
[0.391s] [ 37%] Built target fast_lio__rosidl_typesupport_c
[0.399s] [ 45%] Built target fast_lio__rosidl_typesupport_introspection_cpp
[0.414s] [ 54%] Built target fast_lio__rosidl_typesupport_cpp
[0.448s] [ 62%] Built target fast_lio__rosidl_typesupport_fastrtps_c
[0.493s] [ 62%] Built target fast_lio
[0.537s] [ 65%] Built target fast_lio__py
[0.591s] [ 77%] Built target fastlio_mapping
[0.596s] [ 82%] Built target fast_lio__python
[0.657s] [ 88%] Built target fast_lio__rosidl_typesupport_fastrtps_c__pyext
[0.659s] [100%] Built target fast_lio__rosidl_typesupport_introspection_c__pyext
[0.659s] [100%] Built target fast_lio__rosidl_typesupport_c__pyext
[0.715s] Invoked command in '/home/jetson/slash_ws/build/fast_lio' returned '0': CMAKE_PREFIX_PATH=/home/jetson/slash_ws/install/livox_ros_driver2:/home/jetson/slash_ws/install/vesc:/home/jetson/slash_ws/install/vesc_driver:/home/jetson/slash_ws/install/vesc_ackermann:/home/jetson/slash_ws/install/vesc_msgs:/home/jetson/slash_ws/install/teleop_tools:/home/jetson/slash_ws/install/teleop_tools_msgs:/home/jetson/slash_ws/install/teb_local_planner:/home/jetson/slash_ws/install/teb_msgs:/home/jetson/slash_ws/install/slash_nav2:/home/jetson/slash_ws/install/pointcloud_to_laserscan:/home/jetson/slash_ws/install/fast_lio:/home/jetson/slash_ws/install/linefit_ground_segmentation_ros:/home/jetson/slash_ws/install/linefit_ground_segmentation:/home/jetson/slash_ws/install/costmap_converter:/home/jetson/slash_ws/install/costmap_converter_msgs:/home/jetson/slash_ws/install/ackermann_mux:/home/jetson/slash_ws/install/f1tenth_stack:/home/jetson/slash_ws/install/twist_to_ackermann:/home/jetson/slash_ws/install/joy_teleop:/home/jetson/slash_ws/install/my_converter:/home/jetson/slash_ws/install/mouse_teleop:/home/jetson/slash_ws/install/key_teleop:/opt/ros/foxy LD_LIBRARY_PATH=/home/jetson/slash_ws/install/livox_ros_driver2/lib:/home/jetson/slash_ws/install/vesc_driver/lib:/home/jetson/slash_ws/install/vesc_ackermann/lib:/home/jetson/slash_ws/install/vesc_msgs/lib:/home/jetson/slash_ws/install/teleop_tools_msgs/lib:/home/jetson/slash_ws/install/teb_local_planner/lib:/home/jetson/slash_ws/install/teb_msgs/lib:/home/jetson/slash_ws/install/pointcloud_to_laserscan/lib:/home/jetson/slash_ws/install/fast_lio/lib:/home/jetson/slash_ws/install/linefit_ground_segmentation/lib:/home/jetson/slash_ws/install/costmap_converter/lib:/home/jetson/slash_ws/install/costmap_converter_msgs/lib:/usr/lib/aarch64-linux-gnu/gazebo-11/plugins:/opt/ros/foxy/opt/yaml_cpp_vendor/lib:/opt/ros/foxy/opt/rviz_ogre_vendor/lib:/opt/ros/foxy/lib/aarch64-linux-gnu:/opt/ros/foxy/lib:/usr/local/cuda-11.4/lib64 PYTHONPATH=/home/jetson/slash_ws/install/livox_ros_driver2/lib/python3.8/site-packages:/home/jetson/slash_ws/build/f1tenth_stack:/home/jetson/slash_ws/install/f1tenth_stack/lib/python3.8/site-packages:/home/jetson/slash_ws/install/vesc_msgs/lib/python3.8/site-packages:/home/jetson/slash_ws/build/twist_to_ackermann:/home/jetson/slash_ws/install/twist_to_ackermann/lib/python3.8/site-packages:/home/jetson/slash_ws/build/joy_teleop:/home/jetson/slash_ws/install/joy_teleop/lib/python3.8/site-packages:/home/jetson/slash_ws/install/teleop_tools_msgs/lib/python3.8/site-packages:/home/jetson/slash_ws/install/teb_msgs/lib/python3.8/site-packages:/home/jetson/slash_ws/build/my_converter:/home/jetson/slash_ws/install/my_converter/lib/python3.8/site-packages:/home/jetson/slash_ws/build/mouse_teleop:/home/jetson/slash_ws/install/mouse_teleop/lib/python3.8/site-packages:/home/jetson/slash_ws/install/fast_lio/lib/python3.8/site-packages:/home/jetson/slash_ws/build/key_teleop:/home/jetson/slash_ws/install/key_teleop/lib/python3.8/site-packages:/home/jetson/slash_ws/install/costmap_converter_msgs/lib/python3.8/site-packages:/opt/ros/foxy/lib/python3.8/site-packages /usr/bin/cmake --build /home/jetson/slash_ws/build/fast_lio -- -j8 -l8
[0.856s] Invoking command in '/home/jetson/slash_ws/build/fast_lio': CMAKE_PREFIX_PATH=/home/jetson/slash_ws/install/livox_ros_driver2:/home/jetson/slash_ws/install/vesc:/home/jetson/slash_ws/install/vesc_driver:/home/jetson/slash_ws/install/vesc_ackermann:/home/jetson/slash_ws/install/vesc_msgs:/home/jetson/slash_ws/install/teleop_tools:/home/jetson/slash_ws/install/teleop_tools_msgs:/home/jetson/slash_ws/install/teb_local_planner:/home/jetson/slash_ws/install/teb_msgs:/home/jetson/slash_ws/install/slash_nav2:/home/jetson/slash_ws/install/pointcloud_to_laserscan:/home/jetson/slash_ws/install/fast_lio:/home/jetson/slash_ws/install/linefit_ground_segmentation_ros:/home/jetson/slash_ws/install/linefit_ground_segmentation:/home/jetson/slash_ws/install/costmap_converter:/home/jetson/slash_ws/install/costmap_converter_msgs:/home/jetson/slash_ws/install/ackermann_mux:/home/jetson/slash_ws/install/f1tenth_stack:/home/jetson/slash_ws/install/twist_to_ackermann:/home/jetson/slash_ws/install/joy_teleop:/home/jetson/slash_ws/install/my_converter:/home/jetson/slash_ws/install/mouse_teleop:/home/jetson/slash_ws/install/key_teleop:/opt/ros/foxy LD_LIBRARY_PATH=/home/jetson/slash_ws/install/livox_ros_driver2/lib:/home/jetson/slash_ws/install/vesc_driver/lib:/home/jetson/slash_ws/install/vesc_ackermann/lib:/home/jetson/slash_ws/install/vesc_msgs/lib:/home/jetson/slash_ws/install/teleop_tools_msgs/lib:/home/jetson/slash_ws/install/teb_local_planner/lib:/home/jetson/slash_ws/install/teb_msgs/lib:/home/jetson/slash_ws/install/pointcloud_to_laserscan/lib:/home/jetson/slash_ws/install/fast_lio/lib:/home/jetson/slash_ws/install/linefit_ground_segmentation/lib:/home/jetson/slash_ws/install/costmap_converter/lib:/home/jetson/slash_ws/install/costmap_converter_msgs/lib:/usr/lib/aarch64-linux-gnu/gazebo-11/plugins:/opt/ros/foxy/opt/yaml_cpp_vendor/lib:/opt/ros/foxy/opt/rviz_ogre_vendor/lib:/opt/ros/foxy/lib/aarch64-linux-gnu:/opt/ros/foxy/lib:/usr/local/cuda-11.4/lib64 PYTHONPATH=/home/jetson/slash_ws/install/livox_ros_driver2/lib/python3.8/site-packages:/home/jetson/slash_ws/build/f1tenth_stack:/home/jetson/slash_ws/install/f1tenth_stack/lib/python3.8/site-packages:/home/jetson/slash_ws/install/vesc_msgs/lib/python3.8/site-packages:/home/jetson/slash_ws/build/twist_to_ackermann:/home/jetson/slash_ws/install/twist_to_ackermann/lib/python3.8/site-packages:/home/jetson/slash_ws/build/joy_teleop:/home/jetson/slash_ws/install/joy_teleop/lib/python3.8/site-packages:/home/jetson/slash_ws/install/teleop_tools_msgs/lib/python3.8/site-packages:/home/jetson/slash_ws/install/teb_msgs/lib/python3.8/site-packages:/home/jetson/slash_ws/build/my_converter:/home/jetson/slash_ws/install/my_converter/lib/python3.8/site-packages:/home/jetson/slash_ws/build/mouse_teleop:/home/jetson/slash_ws/install/mouse_teleop/lib/python3.8/site-packages:/home/jetson/slash_ws/install/fast_lio/lib/python3.8/site-packages:/home/jetson/slash_ws/build/key_teleop:/home/jetson/slash_ws/install/key_teleop/lib/python3.8/site-packages:/home/jetson/slash_ws/install/costmap_converter_msgs/lib/python3.8/site-packages:/opt/ros/foxy/lib/python3.8/site-packages /usr/bin/cmake --install /home/jetson/slash_ws/build/fast_lio
[0.877s] -- Install configuration: "Release"
[0.878s] -- Execute custom install script
[0.879s] -- Up-to-date symlink: /home/jetson/slash_ws/install/fast_lio/share/ament_index/resource_index/rosidl_interfaces/fast_lio
[0.879s] -- Up-to-date symlink: /home/jetson/slash_ws/install/fast_lio/include/fast_lio/msg/detail/pose6_d__functions.h
[0.879s] -- Up-to-date symlink: /home/jetson/slash_ws/install/fast_lio/include/fast_lio/msg/detail/pose6_d__struct.h
[0.880s] -- Up-to-date symlink: /home/jetson/slash_ws/install/fast_lio/include/fast_lio/msg/detail/pose6_d__type_support.h
[0.880s] -- Up-to-date symlink: /home/jetson/slash_ws/install/fast_lio/include/fast_lio/msg/pose6_d.h
[0.880s] -- Up-to-date symlink: /home/jetson/slash_ws/install/fast_lio/include/fast_lio/msg/rosidl_generator_c__visibility_control.h
[0.881s] -- Up-to-date symlink: /home/jetson/slash_ws/install/fast_lio/share/fast_lio/environment/library_path.sh
[0.881s] -- Up-to-date symlink: /home/jetson/slash_ws/install/fast_lio/share/fast_lio/environment/library_path.dsv
[0.884s] -- Up-to-date symlink: /home/jetson/slash_ws/install/fast_lio/include/fast_lio/msg/detail/pose6_d__rosidl_typesupport_fastrtps_c.h
[0.884s] -- Up-to-date symlink: /home/jetson/slash_ws/install/fast_lio/include/fast_lio/msg/rosidl_typesupport_fastrtps_c__visibility_control.h
[0.884s] -- Up-to-date symlink: /home/jetson/slash_ws/install/fast_lio/lib/libfast_lio__rosidl_typesupport_fastrtps_c.so
[0.884s] -- Up-to-date symlink: /home/jetson/slash_ws/install/fast_lio/include/fast_lio/msg/detail/pose6_d__rosidl_typesupport_fastrtps_cpp.hpp
[0.884s] -- Up-to-date symlink: /home/jetson/slash_ws/install/fast_lio/include/fast_lio/msg/rosidl_typesupport_fastrtps_cpp__visibility_control.h
[0.885s] -- Up-to-date symlink: /home/jetson/slash_ws/install/fast_lio/lib/libfast_lio__rosidl_typesupport_fastrtps_cpp.so
[0.885s] -- Up-to-date symlink: /home/jetson/slash_ws/install/fast_lio/include/fast_lio/msg/detail/pose6_d__rosidl_typesupport_introspection_c.h
[0.886s] -- Up-to-date symlink: /home/jetson/slash_ws/install/fast_lio/include/fast_lio/msg/rosidl_typesupport_introspection_c__visibility_control.h
[0.886s] -- Up-to-date symlink: /home/jetson/slash_ws/install/fast_lio/include/fast_lio/msg/detail/pose6_d__builder.hpp
[0.886s] -- Up-to-date symlink: /home/jetson/slash_ws/install/fast_lio/include/fast_lio/msg/detail/pose6_d__struct.hpp
[0.886s] -- Up-to-date symlink: /home/jetson/slash_ws/install/fast_lio/include/fast_lio/msg/detail/pose6_d__traits.hpp
[0.887s] -- Up-to-date symlink: /home/jetson/slash_ws/install/fast_lio/include/fast_lio/msg/detail/pose6_d__type_support.hpp
[0.887s] -- Up-to-date symlink: /home/jetson/slash_ws/install/fast_lio/include/fast_lio/msg/pose6_d.hpp
[0.887s] -- Up-to-date symlink: /home/jetson/slash_ws/install/fast_lio/include/fast_lio/msg/rosidl_generator_cpp__visibility_control.hpp
[0.888s] -- Up-to-date symlink: /home/jetson/slash_ws/install/fast_lio/include/fast_lio/msg/detail/pose6_d__rosidl_typesupport_introspection_cpp.hpp
[0.888s] -- Up-to-date symlink: /home/jetson/slash_ws/install/fast_lio/share/fast_lio/environment/pythonpath.sh
[0.889s] -- Up-to-date symlink: /home/jetson/slash_ws/install/fast_lio/share/fast_lio/environment/pythonpath.dsv
[0.889s] -- Up-to-date symlink: /home/jetson/slash_ws/install/fast_lio/lib/python3.8/site-packages/fast_lio/__init__.py
[0.890s] -- Up-to-date symlink: /home/jetson/slash_ws/install/fast_lio/lib/python3.8/site-packages/fast_lio/msg/__init__.py
[0.890s] -- Up-to-date symlink: /home/jetson/slash_ws/install/fast_lio/lib/python3.8/site-packages/fast_lio/msg/_pose6_d.py
[0.890s] -- Up-to-date symlink: /home/jetson/slash_ws/install/fast_lio/lib/python3.8/site-packages/fast_lio/fast_lio_s__rosidl_typesupport_fastrtps_c.cpython-38-aarch64-linux-gnu.so
[0.892s] -- Up-to-date symlink: /home/jetson/slash_ws/install/fast_lio/lib/python3.8/site-packages/fast_lio/fast_lio_s__rosidl_typesupport_introspection_c.cpython-38-aarch64-linux-gnu.so
[0.892s] -- Up-to-date symlink: /home/jetson/slash_ws/install/fast_lio/lib/python3.8/site-packages/fast_lio/fast_lio_s__rosidl_typesupport_c.cpython-38-aarch64-linux-gnu.so
[0.892s] -- Up-to-date symlink: /home/jetson/slash_ws/install/fast_lio/lib/libfast_lio__python.so
[0.892s] -- Up-to-date symlink: /home/jetson/slash_ws/install/fast_lio/share/fast_lio/msg/Pose6D.idl
[0.893s] -- Up-to-date symlink: /home/jetson/slash_ws/install/fast_lio/share/fast_lio/msg/Pose6D.msg
[0.894s] -- Up-to-date symlink: /home/jetson/slash_ws/install/fast_lio/lib/fast_lio/fastlio_mapping
[0.895s] -- Up-to-date symlink: /home/jetson/slash_ws/install/fast_lio/share/fast_lio/config/avia.yaml
[0.895s] -- Up-to-date symlink: /home/jetson/slash_ws/install/fast_lio/share/fast_lio/config/horizon.yaml
[0.895s] -- Up-to-date symlink: /home/jetson/slash_ws/install/fast_lio/share/fast_lio/config/mid360.yaml
[0.895s] -- Up-to-date symlink: /home/jetson/slash_ws/install/fast_lio/share/fast_lio/config/ouster64.yaml
[0.896s] -- Up-to-date symlink: /home/jetson/slash_ws/install/fast_lio/share/fast_lio/config/velodyne.yaml
[0.896s] -- Up-to-date symlink: /home/jetson/slash_ws/install/fast_lio/share/fast_lio/launch/gdb_debug_example.launch
[0.896s] -- Up-to-date symlink: /home/jetson/slash_ws/install/fast_lio/share/fast_lio/launch/mapping.launch.py
[0.897s] -- Up-to-date symlink: /home/jetson/slash_ws/install/fast_lio/share/fast_lio/rviz/fastlio.rviz
[0.897s] -- Up-to-date symlink: /home/jetson/slash_ws/install/fast_lio/share/ament_index/resource_index/package_run_dependencies/fast_lio
[0.898s] -- Up-to-date symlink: /home/jetson/slash_ws/install/fast_lio/share/ament_index/resource_index/parent_prefix_path/fast_lio
[0.898s] -- Up-to-date symlink: /home/jetson/slash_ws/install/fast_lio/share/fast_lio/environment/ament_prefix_path.sh
[0.898s] -- Up-to-date symlink: /home/jetson/slash_ws/install/fast_lio/share/fast_lio/environment/ament_prefix_path.dsv
[0.899s] -- Up-to-date symlink: /home/jetson/slash_ws/install/fast_lio/share/fast_lio/environment/path.sh
[0.899s] -- Up-to-date symlink: /home/jetson/slash_ws/install/fast_lio/share/fast_lio/environment/path.dsv
[0.900s] -- Up-to-date symlink: /home/jetson/slash_ws/install/fast_lio/share/fast_lio/local_setup.bash
[0.900s] -- Up-to-date symlink: /home/jetson/slash_ws/install/fast_lio/share/fast_lio/local_setup.sh
[0.900s] -- Up-to-date symlink: /home/jetson/slash_ws/install/fast_lio/share/fast_lio/local_setup.zsh
[0.900s] -- Up-to-date symlink: /home/jetson/slash_ws/install/fast_lio/share/fast_lio/local_setup.dsv
[0.901s] -- Symlinking: /home/jetson/slash_ws/install/fast_lio/share/fast_lio/package.dsv
[0.924s] -- Up-to-date symlink: /home/jetson/slash_ws/install/fast_lio/share/ament_index/resource_index/packages/fast_lio
[0.924s] -- Up-to-date symlink: /home/jetson/slash_ws/install/fast_lio/share/fast_lio/cmake/rosidl_cmake-extras.cmake
[0.924s] -- Up-to-date symlink: /home/jetson/slash_ws/install/fast_lio/share/fast_lio/cmake/ament_cmake_export_dependencies-extras.cmake
[0.924s] -- Up-to-date symlink: /home/jetson/slash_ws/install/fast_lio/share/fast_lio/cmake/ament_cmake_export_libraries-extras.cmake
[0.924s] -- Up-to-date symlink: /home/jetson/slash_ws/install/fast_lio/share/fast_lio/cmake/ament_cmake_export_targets-extras.cmake
[0.925s] -- Up-to-date symlink: /home/jetson/slash_ws/install/fast_lio/share/fast_lio/cmake/ament_cmake_export_include_directories-extras.cmake
[0.925s] -- Up-to-date symlink: /home/jetson/slash_ws/install/fast_lio/share/fast_lio/cmake/rosidl_cmake_export_typesupport_libraries-extras.cmake
[0.925s] -- Up-to-date symlink: /home/jetson/slash_ws/install/fast_lio/share/fast_lio/cmake/rosidl_cmake_export_typesupport_targets-extras.cmake
[0.925s] -- Up-to-date symlink: /home/jetson/slash_ws/install/fast_lio/share/fast_lio/cmake/fast_lioConfig.cmake
[0.926s] -- Up-to-date symlink: /home/jetson/slash_ws/install/fast_lio/share/fast_lio/cmake/fast_lioConfig-version.cmake
[0.926s] -- Up-to-date symlink: /home/jetson/slash_ws/install/fast_lio/share/fast_lio/package.xml
[0.927s] -- Up-to-date: /home/jetson/slash_ws/install/fast_lio/lib/libfast_lio__rosidl_generator_c.so
[0.927s] -- Up-to-date: /home/jetson/slash_ws/install/fast_lio/lib/libfast_lio__rosidl_typesupport_introspection_c.so
[0.928s] -- Up-to-date: /home/jetson/slash_ws/install/fast_lio/lib/libfast_lio__rosidl_typesupport_c.so
[0.928s] -- Up-to-date: /home/jetson/slash_ws/install/fast_lio/lib/libfast_lio__rosidl_typesupport_introspection_cpp.so
[0.928s] -- Up-to-date: /home/jetson/slash_ws/install/fast_lio/lib/libfast_lio__rosidl_typesupport_cpp.so
[1.008s] -- Up-to-date: /home/jetson/slash_ws/install/fast_lio/share/fast_lio/cmake/fast_lio__rosidl_generator_cExport.cmake
[1.010s] -- Up-to-date: /home/jetson/slash_ws/install/fast_lio/share/fast_lio/cmake/fast_lio__rosidl_generator_cExport-release.cmake
[1.010s] -- Up-to-date: /home/jetson/slash_ws/install/fast_lio/share/fast_lio/cmake/fast_lio__rosidl_typesupport_introspection_cExport.cmake
[1.010s] -- Up-to-date: /home/jetson/slash_ws/install/fast_lio/share/fast_lio/cmake/fast_lio__rosidl_typesupport_introspection_cExport-release.cmake
[1.010s] -- Up-to-date: /home/jetson/slash_ws/install/fast_lio/share/fast_lio/cmake/fast_lio__rosidl_typesupport_cExport.cmake
[1.011s] -- Up-to-date: /home/jetson/slash_ws/install/fast_lio/share/fast_lio/cmake/fast_lio__rosidl_typesupport_cExport-release.cmake
[1.011s] -- Up-to-date: /home/jetson/slash_ws/install/fast_lio/share/fast_lio/cmake/fast_lio__rosidl_generator_cppExport.cmake
[1.011s] -- Up-to-date: /home/jetson/slash_ws/install/fast_lio/share/fast_lio/cmake/fast_lio__rosidl_typesupport_introspection_cppExport.cmake
[1.011s] -- Up-to-date: /home/jetson/slash_ws/install/fast_lio/share/fast_lio/cmake/fast_lio__rosidl_typesupport_introspection_cppExport-release.cmake
[1.011s] -- Up-to-date: /home/jetson/slash_ws/install/fast_lio/share/fast_lio/cmake/fast_lio__rosidl_typesupport_cppExport.cmake
[1.011s] -- Up-to-date: /home/jetson/slash_ws/install/fast_lio/share/fast_lio/cmake/fast_lio__rosidl_typesupport_cppExport-release.cmake
[1.406s] Invoked command in '/home/jetson/slash_ws/build/fast_lio' returned '0': CMAKE_PREFIX_PATH=/home/jetson/slash_ws/install/livox_ros_driver2:/home/jetson/slash_ws/install/vesc:/home/jetson/slash_ws/install/vesc_driver:/home/jetson/slash_ws/install/vesc_ackermann:/home/jetson/slash_ws/install/vesc_msgs:/home/jetson/slash_ws/install/teleop_tools:/home/jetson/slash_ws/install/teleop_tools_msgs:/home/jetson/slash_ws/install/teb_local_planner:/home/jetson/slash_ws/install/teb_msgs:/home/jetson/slash_ws/install/slash_nav2:/home/jetson/slash_ws/install/pointcloud_to_laserscan:/home/jetson/slash_ws/install/fast_lio:/home/jetson/slash_ws/install/linefit_ground_segmentation_ros:/home/jetson/slash_ws/install/linefit_ground_segmentation:/home/jetson/slash_ws/install/costmap_converter:/home/jetson/slash_ws/install/costmap_converter_msgs:/home/jetson/slash_ws/install/ackermann_mux:/home/jetson/slash_ws/install/f1tenth_stack:/home/jetson/slash_ws/install/twist_to_ackermann:/home/jetson/slash_ws/install/joy_teleop:/home/jetson/slash_ws/install/my_converter:/home/jetson/slash_ws/install/mouse_teleop:/home/jetson/slash_ws/install/key_teleop:/opt/ros/foxy LD_LIBRARY_PATH=/home/jetson/slash_ws/install/livox_ros_driver2/lib:/home/jetson/slash_ws/install/vesc_driver/lib:/home/jetson/slash_ws/install/vesc_ackermann/lib:/home/jetson/slash_ws/install/vesc_msgs/lib:/home/jetson/slash_ws/install/teleop_tools_msgs/lib:/home/jetson/slash_ws/install/teb_local_planner/lib:/home/jetson/slash_ws/install/teb_msgs/lib:/home/jetson/slash_ws/install/pointcloud_to_laserscan/lib:/home/jetson/slash_ws/install/fast_lio/lib:/home/jetson/slash_ws/install/linefit_ground_segmentation/lib:/home/jetson/slash_ws/install/costmap_converter/lib:/home/jetson/slash_ws/install/costmap_converter_msgs/lib:/usr/lib/aarch64-linux-gnu/gazebo-11/plugins:/opt/ros/foxy/opt/yaml_cpp_vendor/lib:/opt/ros/foxy/opt/rviz_ogre_vendor/lib:/opt/ros/foxy/lib/aarch64-linux-gnu:/opt/ros/foxy/lib:/usr/local/cuda-11.4/lib64 PYTHONPATH=/home/jetson/slash_ws/install/livox_ros_driver2/lib/python3.8/site-packages:/home/jetson/slash_ws/build/f1tenth_stack:/home/jetson/slash_ws/install/f1tenth_stack/lib/python3.8/site-packages:/home/jetson/slash_ws/install/vesc_msgs/lib/python3.8/site-packages:/home/jetson/slash_ws/build/twist_to_ackermann:/home/jetson/slash_ws/install/twist_to_ackermann/lib/python3.8/site-packages:/home/jetson/slash_ws/build/joy_teleop:/home/jetson/slash_ws/install/joy_teleop/lib/python3.8/site-packages:/home/jetson/slash_ws/install/teleop_tools_msgs/lib/python3.8/site-packages:/home/jetson/slash_ws/install/teb_msgs/lib/python3.8/site-packages:/home/jetson/slash_ws/build/my_converter:/home/jetson/slash_ws/install/my_converter/lib/python3.8/site-packages:/home/jetson/slash_ws/build/mouse_teleop:/home/jetson/slash_ws/install/mouse_teleop/lib/python3.8/site-packages:/home/jetson/slash_ws/install/fast_lio/lib/python3.8/site-packages:/home/jetson/slash_ws/build/key_teleop:/home/jetson/slash_ws/install/key_teleop/lib/python3.8/site-packages:/home/jetson/slash_ws/install/costmap_converter_msgs/lib/python3.8/site-packages:/opt/ros/foxy/lib/python3.8/site-packages /usr/bin/cmake --install /home/jetson/slash_ws/build/fast_lio
