[0.045s] Invoking command in '/home/jetson/slash_ws/build/pointcloud_to_laserscan': CMAKE_PREFIX_PATH=/opt/ros/foxy /usr/bin/cmake /home/jetson/slash_ws/src/slash_perception/pointcloud_to_laserscan -DAMENT_CMAKE_SYMLINK_INSTALL=1 -DCMAKE_INSTALL_PREFIX=/home/jetson/slash_ws/install/pointcloud_to_laserscan
[0.249s] -- The C compiler identification is GNU 9.4.0
[0.322s] -- The CXX compiler identification is GNU 9.4.0
[0.329s] -- Check for working C compiler: /usr/bin/cc
[0.618s] -- Check for working C compiler: /usr/bin/cc -- works
[0.620s] -- Detecting C compiler ABI info
[0.884s] -- Detecting C compiler ABI info - done
[0.902s] -- Detecting C compile features
[0.902s] -- Detecting C compile features - done
[0.906s] -- Check for working CXX compiler: /usr/bin/c++
[1.372s] -- Check for working CXX compiler: /usr/bin/c++ -- works
[1.375s] -- Detecting CXX compiler ABI info
[1.822s] -- Detecting CXX compiler ABI info - done
[1.839s] -- Detecting CXX compile features
[1.839s] -- Detecting CXX compile features - done
[1.850s] -- Found ament_cmake_auto: 0.9.12 (/opt/ros/foxy/share/ament_cmake_auto/cmake)
[2.016s] -- Found PythonInterp: /usr/bin/python3 (found suitable version "3.8.10", minimum required is "3") 
[2.016s] -- Using PYTHON_EXECUTABLE: /usr/bin/python3
[2.784s] -- Override CMake install command with custom implementation using symlinks instead of copying resources
[3.708s] -- Using all available rosidl_typesupport_c: rosidl_typesupport_fastrtps_c;rosidl_typesupport_introspection_c
[3.746s] -- Found rosidl_adapter: 1.3.1 (/opt/ros/foxy/share/rosidl_adapter/cmake)
[4.493s] -- Found OpenSSL: /usr/lib/aarch64-linux-gnu/libcrypto.so (found version "1.1.1f")  
[4.637s] -- Found FastRTPS: /opt/ros/foxy/include  
[4.969s] -- Using all available rosidl_typesupport_cpp: rosidl_typesupport_fastrtps_cpp;rosidl_typesupport_introspection_cpp
[5.177s] -- Found rmw_implementation_cmake: 1.0.4 (/opt/ros/foxy/share/rmw_implementation_cmake/cmake)
[5.188s] -- Using RMW implementation 'rmw_fastrtps_cpp' as default
[5.190s] -- Looking for pthread.h
[5.655s] -- Looking for pthread.h - found
[5.655s] -- Performing Test CMAKE_HAVE_LIBC_PTHREAD
[6.099s] -- Performing Test CMAKE_HAVE_LIBC_PTHREAD - Failed
[6.100s] -- Looking for pthread_create in pthreads
[6.544s] -- Looking for pthread_create in pthreads - not found
[6.550s] -- Looking for pthread_create in pthread
[6.922s] -- Looking for pthread_create in pthread - found
[6.924s] -- Found Threads: TRUE  
[8.284s] -- Found ament_lint_auto: 0.9.8 (/opt/ros/foxy/share/ament_lint_auto/cmake)
[8.330s] -- Added test 'cppcheck' to perform static code analysis on C / C++ code
[8.330s] -- Configured cppcheck include dirs: /home/jetson/slash_ws/src/slash_perception/pointcloud_to_laserscan/include
[8.330s] -- Configured cppcheck exclude dirs and/or files: 
[8.332s] -- Added test 'cpplint' to check C / C++ code against the Google style
[8.333s] -- Configured cpplint exclude dirs and/or files: 
[8.333s] -- Added test 'flake8' to check Python code syntax and style conventions
[8.334s] -- Added test 'lint_cmake' to check CMake code style
[8.340s] -- Added test 'pep257' to check Python code against some of the style conventions in PEP 257
[8.341s] -- Added test 'uncrustify' to check C / C++ code style
[8.342s] -- Configured uncrustify additional arguments: 
[8.343s] -- Added test 'xmllint' to check XML markup files
[8.363s] -- Configuring done
[8.482s] -- Generating done
[8.487s] -- Build files have been written to: /home/jetson/slash_ws/build/pointcloud_to_laserscan
[8.553s] Invoked command in '/home/jetson/slash_ws/build/pointcloud_to_laserscan' returned '0': CMAKE_PREFIX_PATH=/opt/ros/foxy /usr/bin/cmake /home/jetson/slash_ws/src/slash_perception/pointcloud_to_laserscan -DAMENT_CMAKE_SYMLINK_INSTALL=1 -DCMAKE_INSTALL_PREFIX=/home/jetson/slash_ws/install/pointcloud_to_laserscan
[8.554s] Invoking command in '/home/jetson/slash_ws/build/pointcloud_to_laserscan': CMAKE_PREFIX_PATH=/opt/ros/foxy /usr/bin/cmake --build /home/jetson/slash_ws/build/pointcloud_to_laserscan -- -j8 -l8
[14.406s] [35m[1mScanning dependencies of target laserscan_to_pointcloud[0m
[14.407s] [35m[1mScanning dependencies of target laserscan_to_pointcloud_node[0m
[14.407s] [35m[1mScanning dependencies of target pointcloud_to_laserscan_node[0m
[14.407s] [ 10%] [32mBuilding CXX object CMakeFiles/laserscan_to_pointcloud_node.dir/rclcpp_components/node_main_laserscan_to_pointcloud_node.cpp.o[0m
[14.407s] [ 20%] [32mBuilding CXX object CMakeFiles/pointcloud_to_laserscan_node.dir/rclcpp_components/node_main_pointcloud_to_laserscan_node.cpp.o[0m
[14.407s] [ 30%] [32mBuilding CXX object CMakeFiles/laserscan_to_pointcloud.dir/src/laserscan_to_pointcloud_node.cpp.o[0m
[20.924s] [ 40%] [32m[1mLinking CXX executable laserscan_to_pointcloud_node[0m
[21.240s] [ 50%] [32m[1mLinking CXX executable pointcloud_to_laserscan_node[0m
[21.380s] [ 50%] Built target laserscan_to_pointcloud_node
[21.784s] [ 50%] Built target pointcloud_to_laserscan_node
[45.567s] [ 60%] [32m[1mLinking CXX shared library liblaserscan_to_pointcloud.so[0m
[45.892s] [ 60%] Built target laserscan_to_pointcloud
[45.913s] [35m[1mScanning dependencies of target pointcloud_to_laserscan[0m
[46.039s] [ 70%] [32mBuilding CXX object CMakeFiles/pointcloud_to_laserscan.dir/src/pointcloud_to_laserscan_node.cpp.o[0m
[71.804s] [ 80%] [32m[1mLinking CXX shared library libpointcloud_to_laserscan.so[0m
[72.178s] [ 80%] Built target pointcloud_to_laserscan
[72.199s] [35m[1mScanning dependencies of target dummy_pointcloud_publisher[0m
[72.277s] [ 90%] [32mBuilding CXX object CMakeFiles/dummy_pointcloud_publisher.dir/src/dummy_pointcloud_publisher.cpp.o[0m
[81.664s] [100%] [32m[1mLinking CXX executable dummy_pointcloud_publisher[0m
[81.925s] [100%] Built target dummy_pointcloud_publisher
[81.949s] Invoked command in '/home/jetson/slash_ws/build/pointcloud_to_laserscan' returned '0': CMAKE_PREFIX_PATH=/opt/ros/foxy /usr/bin/cmake --build /home/jetson/slash_ws/build/pointcloud_to_laserscan -- -j8 -l8
[82.015s] Invoking command in '/home/jetson/slash_ws/build/pointcloud_to_laserscan': CMAKE_PREFIX_PATH=/opt/ros/foxy /usr/bin/cmake --install /home/jetson/slash_ws/build/pointcloud_to_laserscan
[82.033s] -- Install configuration: ""
[82.033s] -- Execute custom install script
[82.034s] -- Symlinking: /home/jetson/slash_ws/install/pointcloud_to_laserscan/lib/pointcloud_to_laserscan/laserscan_to_pointcloud_node
[82.054s] -- Symlinking: /home/jetson/slash_ws/install/pointcloud_to_laserscan/lib/pointcloud_to_laserscan/pointcloud_to_laserscan_node
[82.072s] -- Symlinking: /home/jetson/slash_ws/install/pointcloud_to_laserscan/include/pointcloud_to_laserscan/laserscan_to_pointcloud_node.hpp
[82.091s] -- Symlinking: /home/jetson/slash_ws/install/pointcloud_to_laserscan/include/pointcloud_to_laserscan/pointcloud_to_laserscan_node.hpp
[82.110s] -- Symlinking: /home/jetson/slash_ws/install/pointcloud_to_laserscan/include/pointcloud_to_laserscan/visibility_control.h
[82.129s] -- Symlinking: /home/jetson/slash_ws/install/pointcloud_to_laserscan/share/pointcloud_to_laserscan/environment/library_path.sh
[82.148s] -- Symlinking: /home/jetson/slash_ws/install/pointcloud_to_laserscan/share/pointcloud_to_laserscan/environment/library_path.dsv
[82.167s] -- Symlinking: /home/jetson/slash_ws/install/pointcloud_to_laserscan/lib/liblaserscan_to_pointcloud.so
[82.186s] -- Symlinking: /home/jetson/slash_ws/install/pointcloud_to_laserscan/lib/libpointcloud_to_laserscan.so
[82.205s] -- Symlinking: /home/jetson/slash_ws/install/pointcloud_to_laserscan/lib/pointcloud_to_laserscan/dummy_pointcloud_publisher
[82.223s] -- Symlinking: /home/jetson/slash_ws/install/pointcloud_to_laserscan/share/pointcloud_to_laserscan/launch/pointcloud_to_laserscan_launch.py
[82.241s] -- Symlinking: /home/jetson/slash_ws/install/pointcloud_to_laserscan/share/pointcloud_to_laserscan/launch/sample_laserscan_to_pointcloud_launch.py
[82.260s] -- Symlinking: /home/jetson/slash_ws/install/pointcloud_to_laserscan/share/pointcloud_to_laserscan/launch/sample_pointcloud_to_laserscan_launch.py
[82.281s] -- Symlinking: /home/jetson/slash_ws/install/pointcloud_to_laserscan/share/ament_index/resource_index/package_run_dependencies/pointcloud_to_laserscan
[82.296s] -- Symlinking: /home/jetson/slash_ws/install/pointcloud_to_laserscan/share/ament_index/resource_index/parent_prefix_path/pointcloud_to_laserscan
[82.315s] -- Symlinking: /home/jetson/slash_ws/install/pointcloud_to_laserscan/share/pointcloud_to_laserscan/environment/ament_prefix_path.sh
[82.333s] -- Symlinking: /home/jetson/slash_ws/install/pointcloud_to_laserscan/share/pointcloud_to_laserscan/environment/ament_prefix_path.dsv
[82.350s] -- Symlinking: /home/jetson/slash_ws/install/pointcloud_to_laserscan/share/pointcloud_to_laserscan/environment/path.sh
[82.367s] -- Symlinking: /home/jetson/slash_ws/install/pointcloud_to_laserscan/share/pointcloud_to_laserscan/environment/path.dsv
[82.385s] -- Symlinking: /home/jetson/slash_ws/install/pointcloud_to_laserscan/share/pointcloud_to_laserscan/local_setup.bash
[82.403s] -- Symlinking: /home/jetson/slash_ws/install/pointcloud_to_laserscan/share/pointcloud_to_laserscan/local_setup.sh
[82.421s] -- Symlinking: /home/jetson/slash_ws/install/pointcloud_to_laserscan/share/pointcloud_to_laserscan/local_setup.zsh
[82.438s] -- Symlinking: /home/jetson/slash_ws/install/pointcloud_to_laserscan/share/pointcloud_to_laserscan/local_setup.dsv
[82.456s] -- Symlinking: /home/jetson/slash_ws/install/pointcloud_to_laserscan/share/pointcloud_to_laserscan/package.dsv
[82.474s] -- Symlinking: /home/jetson/slash_ws/install/pointcloud_to_laserscan/share/ament_index/resource_index/packages/pointcloud_to_laserscan
[82.491s] -- Symlinking: /home/jetson/slash_ws/install/pointcloud_to_laserscan/share/ament_index/resource_index/rclcpp_components/pointcloud_to_laserscan
[82.509s] -- Symlinking: /home/jetson/slash_ws/install/pointcloud_to_laserscan/share/pointcloud_to_laserscan/cmake/ament_cmake_export_dependencies-extras.cmake
[82.527s] -- Symlinking: /home/jetson/slash_ws/install/pointcloud_to_laserscan/share/pointcloud_to_laserscan/cmake/ament_cmake_export_include_directories-extras.cmake
[82.545s] -- Symlinking: /home/jetson/slash_ws/install/pointcloud_to_laserscan/share/pointcloud_to_laserscan/cmake/ament_cmake_export_libraries-extras.cmake
[82.562s] -- Symlinking: /home/jetson/slash_ws/install/pointcloud_to_laserscan/share/pointcloud_to_laserscan/cmake/pointcloud_to_laserscanConfig.cmake
[82.580s] -- Symlinking: /home/jetson/slash_ws/install/pointcloud_to_laserscan/share/pointcloud_to_laserscan/cmake/pointcloud_to_laserscanConfig-version.cmake
[82.598s] -- Symlinking: /home/jetson/slash_ws/install/pointcloud_to_laserscan/share/pointcloud_to_laserscan/package.xml
[82.621s] Invoked command in '/home/jetson/slash_ws/build/pointcloud_to_laserscan' returned '0': CMAKE_PREFIX_PATH=/opt/ros/foxy /usr/bin/cmake --install /home/jetson/slash_ws/build/pointcloud_to_laserscan
