[  2%] Built target costmap_converter_msgs__cpp
[ 12%] Built target costmap_converter_msgs__rosidl_generator_c
[ 33%] Built target costmap_converter_msgs__rosidl_typesupport_introspection_cpp
[ 33%] Built target costmap_converter_msgs__rosidl_typesupport_cpp
[ 43%] Built target costmap_converter_msgs__rosidl_typesupport_fastrtps_cpp
[ 53%] Built target costmap_converter_msgs__rosidl_typesupport_introspection_c
[ 64%] Built target costmap_converter_msgs__rosidl_typesupport_c
[ 74%] Built target costmap_converter_msgs__rosidl_typesupport_fastrtps_c
[ 74%] Built target costmap_converter_msgs
[ 76%] Built target costmap_converter_msgs__py
[ 84%] Built target costmap_converter_msgs__python
[ 89%] Built target costmap_converter_msgs__rosidl_typesupport_introspection_c__pyext
[ 94%] Built target costmap_converter_msgs__rosidl_typesupport_fastrtps_c__pyext
[100%] Built target costmap_converter_msgs__rosidl_typesupport_c__pyext
-- Install configuration: ""
-- Execute custom install script
-- Up-to-date symlink: /home/jetson/slash_ws/install/costmap_converter_msgs/share/ament_index/resource_index/rosidl_interfaces/costmap_converter_msgs
-- Up-to-date symlink: /home/jetson/slash_ws/install/costmap_converter_msgs/include/costmap_converter_msgs/msg/detail/obstacle_array_msg__functions.h
-- Up-to-date symlink: /home/jetson/slash_ws/install/costmap_converter_msgs/include/costmap_converter_msgs/msg/detail/obstacle_array_msg__struct.h
-- Up-to-date symlink: /home/jetson/slash_ws/install/costmap_converter_msgs/include/costmap_converter_msgs/msg/detail/obstacle_array_msg__type_support.h
-- Up-to-date symlink: /home/jetson/slash_ws/install/costmap_converter_msgs/include/costmap_converter_msgs/msg/detail/obstacle_msg__functions.h
-- Up-to-date symlink: /home/jetson/slash_ws/install/costmap_converter_msgs/include/costmap_converter_msgs/msg/detail/obstacle_msg__struct.h
-- Up-to-date symlink: /home/jetson/slash_ws/install/costmap_converter_msgs/include/costmap_converter_msgs/msg/detail/obstacle_msg__type_support.h
-- Up-to-date symlink: /home/jetson/slash_ws/install/costmap_converter_msgs/include/costmap_converter_msgs/msg/obstacle_array_msg.h
-- Up-to-date symlink: /home/jetson/slash_ws/install/costmap_converter_msgs/include/costmap_converter_msgs/msg/obstacle_msg.h
-- Up-to-date symlink: /home/jetson/slash_ws/install/costmap_converter_msgs/include/costmap_converter_msgs/msg/rosidl_generator_c__visibility_control.h
-- Up-to-date symlink: /home/jetson/slash_ws/install/costmap_converter_msgs/share/costmap_converter_msgs/environment/library_path.sh
-- Up-to-date symlink: /home/jetson/slash_ws/install/costmap_converter_msgs/share/costmap_converter_msgs/environment/library_path.dsv
-- Up-to-date symlink: /home/jetson/slash_ws/install/costmap_converter_msgs/include/costmap_converter_msgs/msg/detail/obstacle_array_msg__rosidl_typesupport_fastrtps_c.h
-- Up-to-date symlink: /home/jetson/slash_ws/install/costmap_converter_msgs/include/costmap_converter_msgs/msg/detail/obstacle_msg__rosidl_typesupport_fastrtps_c.h
-- Up-to-date symlink: /home/jetson/slash_ws/install/costmap_converter_msgs/include/costmap_converter_msgs/msg/rosidl_typesupport_fastrtps_c__visibility_control.h
-- Up-to-date symlink: /home/jetson/slash_ws/install/costmap_converter_msgs/lib/libcostmap_converter_msgs__rosidl_typesupport_fastrtps_c.so
-- Up-to-date symlink: /home/jetson/slash_ws/install/costmap_converter_msgs/include/costmap_converter_msgs/msg/detail/obstacle_array_msg__rosidl_typesupport_fastrtps_cpp.hpp
-- Up-to-date symlink: /home/jetson/slash_ws/install/costmap_converter_msgs/include/costmap_converter_msgs/msg/detail/obstacle_msg__rosidl_typesupport_fastrtps_cpp.hpp
-- Up-to-date symlink: /home/jetson/slash_ws/install/costmap_converter_msgs/include/costmap_converter_msgs/msg/rosidl_typesupport_fastrtps_cpp__visibility_control.h
-- Up-to-date symlink: /home/jetson/slash_ws/install/costmap_converter_msgs/lib/libcostmap_converter_msgs__rosidl_typesupport_fastrtps_cpp.so
-- Up-to-date symlink: /home/jetson/slash_ws/install/costmap_converter_msgs/include/costmap_converter_msgs/msg/detail/obstacle_array_msg__rosidl_typesupport_introspection_c.h
-- Up-to-date symlink: /home/jetson/slash_ws/install/costmap_converter_msgs/include/costmap_converter_msgs/msg/detail/obstacle_msg__rosidl_typesupport_introspection_c.h
-- Up-to-date symlink: /home/jetson/slash_ws/install/costmap_converter_msgs/include/costmap_converter_msgs/msg/rosidl_typesupport_introspection_c__visibility_control.h
-- Up-to-date symlink: /home/jetson/slash_ws/install/costmap_converter_msgs/include/costmap_converter_msgs/msg/detail/obstacle_array_msg__builder.hpp
-- Up-to-date symlink: /home/jetson/slash_ws/install/costmap_converter_msgs/include/costmap_converter_msgs/msg/detail/obstacle_array_msg__struct.hpp
-- Up-to-date symlink: /home/jetson/slash_ws/install/costmap_converter_msgs/include/costmap_converter_msgs/msg/detail/obstacle_array_msg__traits.hpp
-- Up-to-date symlink: /home/jetson/slash_ws/install/costmap_converter_msgs/include/costmap_converter_msgs/msg/detail/obstacle_array_msg__type_support.hpp
-- Up-to-date symlink: /home/jetson/slash_ws/install/costmap_converter_msgs/include/costmap_converter_msgs/msg/detail/obstacle_msg__builder.hpp
-- Up-to-date symlink: /home/jetson/slash_ws/install/costmap_converter_msgs/include/costmap_converter_msgs/msg/detail/obstacle_msg__struct.hpp
-- Up-to-date symlink: /home/jetson/slash_ws/install/costmap_converter_msgs/include/costmap_converter_msgs/msg/detail/obstacle_msg__traits.hpp
-- Up-to-date symlink: /home/jetson/slash_ws/install/costmap_converter_msgs/include/costmap_converter_msgs/msg/detail/obstacle_msg__type_support.hpp
-- Up-to-date symlink: /home/jetson/slash_ws/install/costmap_converter_msgs/include/costmap_converter_msgs/msg/obstacle_array_msg.hpp
-- Up-to-date symlink: /home/jetson/slash_ws/install/costmap_converter_msgs/include/costmap_converter_msgs/msg/obstacle_msg.hpp
-- Up-to-date symlink: /home/jetson/slash_ws/install/costmap_converter_msgs/include/costmap_converter_msgs/msg/rosidl_generator_cpp__visibility_control.hpp
-- Up-to-date symlink: /home/jetson/slash_ws/install/costmap_converter_msgs/include/costmap_converter_msgs/msg/detail/obstacle_array_msg__rosidl_typesupport_introspection_cpp.hpp
-- Up-to-date symlink: /home/jetson/slash_ws/install/costmap_converter_msgs/include/costmap_converter_msgs/msg/detail/obstacle_msg__rosidl_typesupport_introspection_cpp.hpp
-- Up-to-date symlink: /home/jetson/slash_ws/install/costmap_converter_msgs/share/costmap_converter_msgs/environment/pythonpath.sh
-- Up-to-date symlink: /home/jetson/slash_ws/install/costmap_converter_msgs/share/costmap_converter_msgs/environment/pythonpath.dsv
-- Up-to-date symlink: /home/jetson/slash_ws/install/costmap_converter_msgs/lib/python3.8/site-packages/costmap_converter_msgs/__init__.py
-- Up-to-date symlink: /home/jetson/slash_ws/install/costmap_converter_msgs/lib/python3.8/site-packages/costmap_converter_msgs/msg/__init__.py
-- Up-to-date symlink: /home/jetson/slash_ws/install/costmap_converter_msgs/lib/python3.8/site-packages/costmap_converter_msgs/msg/_obstacle_array_msg.py
-- Up-to-date symlink: /home/jetson/slash_ws/install/costmap_converter_msgs/lib/python3.8/site-packages/costmap_converter_msgs/msg/_obstacle_msg.py
-- Up-to-date symlink: /home/jetson/slash_ws/install/costmap_converter_msgs/lib/python3.8/site-packages/costmap_converter_msgs/costmap_converter_msgs_s__rosidl_typesupport_fastrtps_c.cpython-38-aarch64-linux-gnu.so
-- Up-to-date symlink: /home/jetson/slash_ws/install/costmap_converter_msgs/lib/python3.8/site-packages/costmap_converter_msgs/costmap_converter_msgs_s__rosidl_typesupport_introspection_c.cpython-38-aarch64-linux-gnu.so
-- Up-to-date symlink: /home/jetson/slash_ws/install/costmap_converter_msgs/lib/python3.8/site-packages/costmap_converter_msgs/costmap_converter_msgs_s__rosidl_typesupport_c.cpython-38-aarch64-linux-gnu.so
-- Up-to-date symlink: /home/jetson/slash_ws/install/costmap_converter_msgs/lib/libcostmap_converter_msgs__python.so
-- Up-to-date symlink: /home/jetson/slash_ws/install/costmap_converter_msgs/share/costmap_converter_msgs/msg/ObstacleMsg.idl
-- Up-to-date symlink: /home/jetson/slash_ws/install/costmap_converter_msgs/share/costmap_converter_msgs/msg/ObstacleArrayMsg.idl
-- Up-to-date symlink: /home/jetson/slash_ws/install/costmap_converter_msgs/share/costmap_converter_msgs/msg/ObstacleMsg.msg
-- Up-to-date symlink: /home/jetson/slash_ws/install/costmap_converter_msgs/share/costmap_converter_msgs/msg/ObstacleArrayMsg.msg
-- Up-to-date symlink: /home/jetson/slash_ws/install/costmap_converter_msgs/share/ament_index/resource_index/package_run_dependencies/costmap_converter_msgs
-- Up-to-date symlink: /home/jetson/slash_ws/install/costmap_converter_msgs/share/ament_index/resource_index/parent_prefix_path/costmap_converter_msgs
-- Up-to-date symlink: /home/jetson/slash_ws/install/costmap_converter_msgs/share/costmap_converter_msgs/environment/ament_prefix_path.sh
-- Up-to-date symlink: /home/jetson/slash_ws/install/costmap_converter_msgs/share/costmap_converter_msgs/environment/ament_prefix_path.dsv
-- Up-to-date symlink: /home/jetson/slash_ws/install/costmap_converter_msgs/share/costmap_converter_msgs/environment/path.sh
-- Up-to-date symlink: /home/jetson/slash_ws/install/costmap_converter_msgs/share/costmap_converter_msgs/environment/path.dsv
-- Up-to-date symlink: /home/jetson/slash_ws/install/costmap_converter_msgs/share/costmap_converter_msgs/local_setup.bash
-- Up-to-date symlink: /home/jetson/slash_ws/install/costmap_converter_msgs/share/costmap_converter_msgs/local_setup.sh
-- Up-to-date symlink: /home/jetson/slash_ws/install/costmap_converter_msgs/share/costmap_converter_msgs/local_setup.zsh
-- Up-to-date symlink: /home/jetson/slash_ws/install/costmap_converter_msgs/share/costmap_converter_msgs/local_setup.dsv
-- Symlinking: /home/jetson/slash_ws/install/costmap_converter_msgs/share/costmap_converter_msgs/package.dsv
-- Up-to-date symlink: /home/jetson/slash_ws/install/costmap_converter_msgs/share/ament_index/resource_index/packages/costmap_converter_msgs
-- Up-to-date symlink: /home/jetson/slash_ws/install/costmap_converter_msgs/share/costmap_converter_msgs/cmake/rosidl_cmake-extras.cmake
-- Up-to-date symlink: /home/jetson/slash_ws/install/costmap_converter_msgs/share/costmap_converter_msgs/cmake/ament_cmake_export_dependencies-extras.cmake
-- Up-to-date symlink: /home/jetson/slash_ws/install/costmap_converter_msgs/share/costmap_converter_msgs/cmake/ament_cmake_export_libraries-extras.cmake
-- Up-to-date symlink: /home/jetson/slash_ws/install/costmap_converter_msgs/share/costmap_converter_msgs/cmake/ament_cmake_export_targets-extras.cmake
-- Up-to-date symlink: /home/jetson/slash_ws/install/costmap_converter_msgs/share/costmap_converter_msgs/cmake/ament_cmake_export_include_directories-extras.cmake
-- Up-to-date symlink: /home/jetson/slash_ws/install/costmap_converter_msgs/share/costmap_converter_msgs/cmake/rosidl_cmake_export_typesupport_libraries-extras.cmake
-- Up-to-date symlink: /home/jetson/slash_ws/install/costmap_converter_msgs/share/costmap_converter_msgs/cmake/rosidl_cmake_export_typesupport_targets-extras.cmake
-- Up-to-date symlink: /home/jetson/slash_ws/install/costmap_converter_msgs/share/costmap_converter_msgs/cmake/costmap_converter_msgsConfig.cmake
-- Up-to-date symlink: /home/jetson/slash_ws/install/costmap_converter_msgs/share/costmap_converter_msgs/cmake/costmap_converter_msgsConfig-version.cmake
-- Up-to-date symlink: /home/jetson/slash_ws/install/costmap_converter_msgs/share/costmap_converter_msgs/package.xml
-- Up-to-date: /home/jetson/slash_ws/install/costmap_converter_msgs/lib/libcostmap_converter_msgs__rosidl_generator_c.so
-- Up-to-date: /home/jetson/slash_ws/install/costmap_converter_msgs/lib/libcostmap_converter_msgs__rosidl_typesupport_introspection_c.so
-- Up-to-date: /home/jetson/slash_ws/install/costmap_converter_msgs/lib/libcostmap_converter_msgs__rosidl_typesupport_c.so
-- Up-to-date: /home/jetson/slash_ws/install/costmap_converter_msgs/lib/libcostmap_converter_msgs__rosidl_typesupport_introspection_cpp.so
-- Up-to-date: /home/jetson/slash_ws/install/costmap_converter_msgs/lib/libcostmap_converter_msgs__rosidl_typesupport_cpp.so
-- Up-to-date: /home/jetson/slash_ws/install/costmap_converter_msgs/share/costmap_converter_msgs/cmake/costmap_converter_msgs__rosidl_generator_cExport.cmake
-- Up-to-date: /home/jetson/slash_ws/install/costmap_converter_msgs/share/costmap_converter_msgs/cmake/costmap_converter_msgs__rosidl_generator_cExport-noconfig.cmake
-- Up-to-date: /home/jetson/slash_ws/install/costmap_converter_msgs/share/costmap_converter_msgs/cmake/costmap_converter_msgs__rosidl_typesupport_introspection_cExport.cmake
-- Up-to-date: /home/jetson/slash_ws/install/costmap_converter_msgs/share/costmap_converter_msgs/cmake/costmap_converter_msgs__rosidl_typesupport_introspection_cExport-noconfig.cmake
-- Up-to-date: /home/jetson/slash_ws/install/costmap_converter_msgs/share/costmap_converter_msgs/cmake/costmap_converter_msgs__rosidl_typesupport_cExport.cmake
-- Up-to-date: /home/jetson/slash_ws/install/costmap_converter_msgs/share/costmap_converter_msgs/cmake/costmap_converter_msgs__rosidl_typesupport_cExport-noconfig.cmake
-- Up-to-date: /home/jetson/slash_ws/install/costmap_converter_msgs/share/costmap_converter_msgs/cmake/costmap_converter_msgs__rosidl_generator_cppExport.cmake
-- Up-to-date: /home/jetson/slash_ws/install/costmap_converter_msgs/share/costmap_converter_msgs/cmake/costmap_converter_msgs__rosidl_typesupport_introspection_cppExport.cmake
-- Up-to-date: /home/jetson/slash_ws/install/costmap_converter_msgs/share/costmap_converter_msgs/cmake/costmap_converter_msgs__rosidl_typesupport_introspection_cppExport-noconfig.cmake
-- Up-to-date: /home/jetson/slash_ws/install/costmap_converter_msgs/share/costmap_converter_msgs/cmake/costmap_converter_msgs__rosidl_typesupport_cppExport.cmake
-- Up-to-date: /home/jetson/slash_ws/install/costmap_converter_msgs/share/costmap_converter_msgs/cmake/costmap_converter_msgs__rosidl_typesupport_cppExport-noconfig.cmake
