Performing C SOURCE FILE Test CMAKE_HAVE_LIBC_PTHREAD failed with the following output:
Change Dir: /home/jetson/slash_ws/build/pointcloud_to_laserscan/CMakeFiles/CMakeTmp

Run Build Command(s):/usr/bin/make cmTC_f4bd3/fast && /usr/bin/make -f CMakeFiles/cmTC_f4bd3.dir/build.make CMakeFiles/cmTC_f4bd3.dir/build
make[1]: Entering directory '/home/jetson/slash_ws/build/pointcloud_to_laserscan/CMakeFiles/CMakeTmp'
Building C object CMakeFiles/cmTC_f4bd3.dir/src.c.o
/usr/bin/cc   -DCMAKE_HAVE_LIBC_PTHREAD   -o CMakeFiles/cmTC_f4bd3.dir/src.c.o   -c /home/jetson/slash_ws/build/pointcloud_to_laserscan/CMakeFiles/CMakeTmp/src.c
Linking C executable cmTC_f4bd3
/usr/bin/cmake -E cmake_link_script CMakeFiles/cmTC_f4bd3.dir/link.txt --verbose=1
/usr/bin/cc  -DCMAKE_HAVE_LIBC_PTHREAD    CMakeFiles/cmTC_f4bd3.dir/src.c.o  -o cmTC_f4bd3 
/usr/bin/ld: CMakeFiles/cmTC_f4bd3.dir/src.c.o: in function `main':
src.c:(.text+0x48): undefined reference to `pthread_create'
/usr/bin/ld: src.c:(.text+0x50): undefined reference to `pthread_detach'
/usr/bin/ld: src.c:(.text+0x5c): undefined reference to `pthread_join'
collect2: error: ld returned 1 exit status
make[1]: *** [CMakeFiles/cmTC_f4bd3.dir/build.make:87: cmTC_f4bd3] Error 1
make[1]: Leaving directory '/home/jetson/slash_ws/build/pointcloud_to_laserscan/CMakeFiles/CMakeTmp'
make: *** [Makefile:121: cmTC_f4bd3/fast] Error 2


Source file was:
#include <pthread.h>

void* test_func(void* data)
{
  return data;
}

int main(void)
{
  pthread_t thread;
  pthread_create(&thread, NULL, test_func, NULL);
  pthread_detach(thread);
  pthread_join(thread, NULL);
  pthread_atfork(NULL, NULL, NULL);
  pthread_exit(NULL);

  return 0;
}

Determining if the function pthread_create exists in the pthreads failed with the following output:
Change Dir: /home/jetson/slash_ws/build/pointcloud_to_laserscan/CMakeFiles/CMakeTmp

Run Build Command(s):/usr/bin/make cmTC_876c2/fast && /usr/bin/make -f CMakeFiles/cmTC_876c2.dir/build.make CMakeFiles/cmTC_876c2.dir/build
make[1]: Entering directory '/home/jetson/slash_ws/build/pointcloud_to_laserscan/CMakeFiles/CMakeTmp'
Building C object CMakeFiles/cmTC_876c2.dir/CheckFunctionExists.c.o
/usr/bin/cc   -DCHECK_FUNCTION_EXISTS=pthread_create   -o CMakeFiles/cmTC_876c2.dir/CheckFunctionExists.c.o   -c /usr/share/cmake-3.16/Modules/CheckFunctionExists.c
Linking C executable cmTC_876c2
/usr/bin/cmake -E cmake_link_script CMakeFiles/cmTC_876c2.dir/link.txt --verbose=1
/usr/bin/cc  -DCHECK_FUNCTION_EXISTS=pthread_create    CMakeFiles/cmTC_876c2.dir/CheckFunctionExists.c.o  -o cmTC_876c2  -lpthreads 
/usr/bin/ld: cannot find -lpthreads
collect2: error: ld returned 1 exit status
make[1]: *** [CMakeFiles/cmTC_876c2.dir/build.make:87: cmTC_876c2] Error 1
make[1]: Leaving directory '/home/jetson/slash_ws/build/pointcloud_to_laserscan/CMakeFiles/CMakeTmp'
make: *** [Makefile:121: cmTC_876c2/fast] Error 2



