[1.960s] Invoking command in '/home/jetson/slash_ws/build/mouse_teleop': PYTHONPATH=/home/jetson/slash_ws/build/mouse_teleop/prefix_override:/usr/lib/python3/dist-packages/colcon_core/task/python/colcon_distutils_commands:/home/jetson/slash_ws/install/mouse_teleop/lib/python3.8/site-packages:${PYTHONPATH} /usr/bin/python3 -W ignore:setup.py install is deprecated setup.py develop --editable --build-directory /home/jetson/slash_ws/build/mouse_teleop/build --no-deps symlink_data
[3.984s] running develop
[3.985s] running egg_info
[3.985s] creating mouse_teleop.egg-info
[3.985s] writing mouse_teleop.egg-info/PKG-INFO
[3.985s] writing dependency_links to mouse_teleop.egg-info/dependency_links.txt
[3.985s] writing entry points to mouse_teleop.egg-info/entry_points.txt
[3.985s] writing requirements to mouse_teleop.egg-info/requires.txt
[3.985s] writing top-level names to mouse_teleop.egg-info/top_level.txt
[3.985s] writing manifest file 'mouse_teleop.egg-info/SOURCES.txt'
[3.985s] reading manifest file 'mouse_teleop.egg-info/SOURCES.txt'
[3.985s] writing manifest file 'mouse_teleop.egg-info/SOURCES.txt'
[3.986s] running build_ext
[3.986s] Creating /home/jetson/slash_ws/install/mouse_teleop/lib/python3.8/site-packages/site.py
[3.986s] Creating /home/jetson/slash_ws/install/mouse_teleop/lib/python3.8/site-packages/mouse-teleop.egg-link (link to .)
[3.986s] Installing mouse_teleop script to /home/jetson/slash_ws/install/mouse_teleop/lib/mouse_teleop
[3.986s] 
[3.986s] Installed /home/jetson/slash_ws/build/mouse_teleop
[3.986s] running symlink_data
[3.986s] symbolically linking /home/jetson/slash_ws/build/mouse_teleop/package.xml -> /home/jetson/slash_ws/install/mouse_teleop/share/mouse_teleop
[3.986s] creating /home/jetson/slash_ws/install/mouse_teleop/share/mouse_teleop/config
[3.986s] symbolically linking /home/jetson/slash_ws/build/mouse_teleop/config/mouse_teleop.yaml -> /home/jetson/slash_ws/install/mouse_teleop/share/mouse_teleop/config
[3.986s] creating /home/jetson/slash_ws/install/mouse_teleop/share/mouse_teleop/launch
[3.987s] symbolically linking /home/jetson/slash_ws/build/mouse_teleop/launch/mouse_teleop.launch.py -> /home/jetson/slash_ws/install/mouse_teleop/share/mouse_teleop/launch
[3.987s] creating /home/jetson/slash_ws/install/mouse_teleop/share/ament_index
[3.987s] creating /home/jetson/slash_ws/install/mouse_teleop/share/ament_index/resource_index
[3.987s] creating /home/jetson/slash_ws/install/mouse_teleop/share/ament_index/resource_index/packages
[3.987s] symbolically linking /home/jetson/slash_ws/build/mouse_teleop/resource/mouse_teleop -> /home/jetson/slash_ws/install/mouse_teleop/share/ament_index/resource_index/packages
[4.012s] Invoked command in '/home/jetson/slash_ws/build/mouse_teleop' returned '0': PYTHONPATH=/home/jetson/slash_ws/build/mouse_teleop/prefix_override:/usr/lib/python3/dist-packages/colcon_core/task/python/colcon_distutils_commands:/home/jetson/slash_ws/install/mouse_teleop/lib/python3.8/site-packages:${PYTHONPATH} /usr/bin/python3 -W ignore:setup.py install is deprecated setup.py develop --editable --build-directory /home/jetson/slash_ws/build/mouse_teleop/build --no-deps symlink_data
