[0.041s] Invoking command in '/home/jetson/slash_ws/build/teb_local_planner': CMAKE_PREFIX_PATH=/home/jetson/slash_ws/install/teb_msgs:/home/jetson/slash_ws/install/costmap_converter:/home/jetson/slash_ws/install/costmap_converter_msgs:/home/jetson/slash_ws/install/vesc:/home/jetson/slash_ws/install/vesc_driver:/home/jetson/slash_ws/install/vesc_ackermann:/home/jetson/slash_ws/install/vesc_msgs:/home/jetson/slash_ws/install/teleop_tools:/home/jetson/slash_ws/install/teleop_tools_msgs:/home/jetson/slash_ws/install/teb_local_planner:/home/jetson/slash_ws/install/slash_nav2:/home/jetson/slash_ws/install/pointcloud_to_laserscan:/home/jetson/slash_ws/install/fast_lio:/home/jetson/slash_ws/install/livox_ros_driver2:/home/jetson/slash_ws/install/linefit_ground_segmentation_ros:/home/jetson/slash_ws/install/linefit_ground_segmentation:/home/jetson/slash_ws/install/ackermann_mux:/home/jetson/slash_ws/install/f1tenth_stack:/home/jetson/slash_ws/install/twist_to_ackermann:/home/jetson/slash_ws/install/joy_teleop:/home/jetson/slash_ws/install/my_converter:/home/jetson/slash_ws/install/mouse_teleop:/home/jetson/slash_ws/install/key_teleop:/opt/ros/foxy LD_LIBRARY_PATH=/home/jetson/slash_ws/install/teb_msgs/lib:/home/jetson/slash_ws/install/costmap_converter/lib:/home/jetson/slash_ws/install/costmap_converter_msgs/lib:/home/jetson/slash_ws/install/vesc_driver/lib:/home/jetson/slash_ws/install/vesc_ackermann/lib:/home/jetson/slash_ws/install/vesc_msgs/lib:/home/jetson/slash_ws/install/teleop_tools_msgs/lib:/home/jetson/slash_ws/install/teb_local_planner/lib:/home/jetson/slash_ws/install/pointcloud_to_laserscan/lib:/home/jetson/slash_ws/install/fast_lio/lib:/home/jetson/slash_ws/install/livox_ros_driver2/lib:/home/jetson/slash_ws/install/linefit_ground_segmentation/lib:/usr/lib/aarch64-linux-gnu/gazebo-11/plugins:/opt/ros/foxy/opt/yaml_cpp_vendor/lib:/opt/ros/foxy/opt/rviz_ogre_vendor/lib:/opt/ros/foxy/lib/aarch64-linux-gnu:/opt/ros/foxy/lib:/usr/local/cuda-11.4/lib64 PYTHONPATH=/home/jetson/slash_ws/install/teb_msgs/lib/python3.8/site-packages:/home/jetson/slash_ws/install/costmap_converter_msgs/lib/python3.8/site-packages:/home/jetson/slash_ws/build/f1tenth_stack:/home/jetson/slash_ws/install/f1tenth_stack/lib/python3.8/site-packages:/home/jetson/slash_ws/install/vesc_msgs/lib/python3.8/site-packages:/home/jetson/slash_ws/build/twist_to_ackermann:/home/jetson/slash_ws/install/twist_to_ackermann/lib/python3.8/site-packages:/home/jetson/slash_ws/build/joy_teleop:/home/jetson/slash_ws/install/joy_teleop/lib/python3.8/site-packages:/home/jetson/slash_ws/install/teleop_tools_msgs/lib/python3.8/site-packages:/home/jetson/slash_ws/build/my_converter:/home/jetson/slash_ws/install/my_converter/lib/python3.8/site-packages:/home/jetson/slash_ws/build/mouse_teleop:/home/jetson/slash_ws/install/mouse_teleop/lib/python3.8/site-packages:/home/jetson/slash_ws/install/fast_lio/lib/python3.8/site-packages:/home/jetson/slash_ws/install/livox_ros_driver2/lib/python3.8/site-packages:/home/jetson/slash_ws/build/key_teleop:/home/jetson/slash_ws/install/key_teleop/lib/python3.8/site-packages:/opt/ros/foxy/lib/python3.8/site-packages /usr/bin/cmake --build /home/jetson/slash_ws/build/teb_local_planner -- -j8 -l8
[0.100s] -- Found ament_cmake: 0.9.12 (/opt/ros/foxy/share/ament_cmake/cmake)
[0.162s] -- Using PYTHON_EXECUTABLE: /usr/bin/python3
[0.495s] -- Override CMake install command with custom implementation using symlinks instead of copying resources
[0.507s] -- Found costmap_converter: 0.1.2 (/home/jetson/slash_ws/install/costmap_converter/share/costmap_converter/cmake)
[0.557s] -- Using all available rosidl_typesupport_c: rosidl_typesupport_fastrtps_c;rosidl_typesupport_introspection_c
[0.562s] -- Found rosidl_adapter: 1.3.1 (/opt/ros/foxy/share/rosidl_adapter/cmake)
[0.772s] -- Using all available rosidl_typesupport_cpp: rosidl_typesupport_fastrtps_cpp;rosidl_typesupport_introspection_cpp
[2.088s] -- Found rmw_implementation_cmake: 1.0.4 (/opt/ros/foxy/share/rmw_implementation_cmake/cmake)
[2.091s] -- Using RMW implementation 'rmw_fastrtps_cpp' as default
[3.939s] -- Found dwb_critics: 0.4.7 (/opt/ros/foxy/share/dwb_critics/cmake)
[9.421s] -- Found teb_msgs: 0.0.1 (/home/jetson/slash_ws/install/teb_msgs/share/teb_msgs/cmake)
[9.592s] -- Found tf2_eigen: 0.13.14 (/opt/ros/foxy/share/tf2_eigen/cmake)
[9.598s] -- System: Linux-5.10.216-tegra
[9.598s] -- /opt/ros/foxy/share/tinyxml2_vendor/cmake/Modules;/opt/ros/foxy/share/eigen3_cmake_module/cmake/Modules;/opt/ros/foxy/share/fastrtps_cmake_module/cmake/Modules;/home/jetson/slash_ws/src/slash_navigation/teb_local_planner/teb_local_planner/cmake_modules
[9.603s] -- Found SuiteSparse
[9.603s] -- Searching for g2o ...
[9.604s] -- Found g2o headers in: /opt/ros/foxy/include/g2o
[9.604s] -- Found libg2o: /opt/ros/foxy/lib/libg2o_csparse_extension.so;/opt/ros/foxy/lib/libg2o_core.so;/opt/ros/foxy/lib/libg2o_stuff.so;/opt/ros/foxy/lib/libg2o_types_slam2d.so;/opt/ros/foxy/lib/libg2o_types_slam3d.so;/opt/ros/foxy/lib/libg2o_solver_cholmod.so;/opt/ros/foxy/lib/libg2o_solver_pcg.so;/opt/ros/foxy/lib/libg2o_solver_csparse.so;/opt/ros/foxy/lib/libg2o_incremental.so
[24.316s] -- Found ament_cmake_gtest: 0.9.12 (/opt/ros/foxy/share/ament_cmake_gtest/cmake)
[24.456s] -- Configuring done
[24.546s] -- Generating done
[24.549s] -- Build files have been written to: /home/jetson/slash_ws/build/teb_local_planner
[24.649s] [35m[1mScanning dependencies of target teb_local_planner[0m
[24.860s] [ 10%] [32mBuilding CXX object CMakeFiles/teb_local_planner.dir/src/visualization.cpp.o[0m
[24.865s] [ 30%] [32mBuilding CXX object CMakeFiles/teb_local_planner.dir/src/optimal_planner.cpp.o[0m
[24.865s] [ 30%] [32mBuilding CXX object CMakeFiles/teb_local_planner.dir/src/homotopy_class_planner.cpp.o[0m
[24.880s] [ 40%] [32mBuilding CXX object CMakeFiles/teb_local_planner.dir/src/teb_local_planner_ros.cpp.o[0m
[24.880s] [ 50%] [32mBuilding CXX object CMakeFiles/teb_local_planner.dir/src/graph_search.cpp.o[0m
[94.846s] [ 60%] [32m[1mLinking CXX shared library libteb_local_planner.so[0m
[95.753s] [100%] Built target teb_local_planner
[95.777s] Invoked command in '/home/jetson/slash_ws/build/teb_local_planner' returned '0': CMAKE_PREFIX_PATH=/home/jetson/slash_ws/install/teb_msgs:/home/jetson/slash_ws/install/costmap_converter:/home/jetson/slash_ws/install/costmap_converter_msgs:/home/jetson/slash_ws/install/vesc:/home/jetson/slash_ws/install/vesc_driver:/home/jetson/slash_ws/install/vesc_ackermann:/home/jetson/slash_ws/install/vesc_msgs:/home/jetson/slash_ws/install/teleop_tools:/home/jetson/slash_ws/install/teleop_tools_msgs:/home/jetson/slash_ws/install/teb_local_planner:/home/jetson/slash_ws/install/slash_nav2:/home/jetson/slash_ws/install/pointcloud_to_laserscan:/home/jetson/slash_ws/install/fast_lio:/home/jetson/slash_ws/install/livox_ros_driver2:/home/jetson/slash_ws/install/linefit_ground_segmentation_ros:/home/jetson/slash_ws/install/linefit_ground_segmentation:/home/jetson/slash_ws/install/ackermann_mux:/home/jetson/slash_ws/install/f1tenth_stack:/home/jetson/slash_ws/install/twist_to_ackermann:/home/jetson/slash_ws/install/joy_teleop:/home/jetson/slash_ws/install/my_converter:/home/jetson/slash_ws/install/mouse_teleop:/home/jetson/slash_ws/install/key_teleop:/opt/ros/foxy LD_LIBRARY_PATH=/home/jetson/slash_ws/install/teb_msgs/lib:/home/jetson/slash_ws/install/costmap_converter/lib:/home/jetson/slash_ws/install/costmap_converter_msgs/lib:/home/jetson/slash_ws/install/vesc_driver/lib:/home/jetson/slash_ws/install/vesc_ackermann/lib:/home/jetson/slash_ws/install/vesc_msgs/lib:/home/jetson/slash_ws/install/teleop_tools_msgs/lib:/home/jetson/slash_ws/install/teb_local_planner/lib:/home/jetson/slash_ws/install/pointcloud_to_laserscan/lib:/home/jetson/slash_ws/install/fast_lio/lib:/home/jetson/slash_ws/install/livox_ros_driver2/lib:/home/jetson/slash_ws/install/linefit_ground_segmentation/lib:/usr/lib/aarch64-linux-gnu/gazebo-11/plugins:/opt/ros/foxy/opt/yaml_cpp_vendor/lib:/opt/ros/foxy/opt/rviz_ogre_vendor/lib:/opt/ros/foxy/lib/aarch64-linux-gnu:/opt/ros/foxy/lib:/usr/local/cuda-11.4/lib64 PYTHONPATH=/home/jetson/slash_ws/install/teb_msgs/lib/python3.8/site-packages:/home/jetson/slash_ws/install/costmap_converter_msgs/lib/python3.8/site-packages:/home/jetson/slash_ws/build/f1tenth_stack:/home/jetson/slash_ws/install/f1tenth_stack/lib/python3.8/site-packages:/home/jetson/slash_ws/install/vesc_msgs/lib/python3.8/site-packages:/home/jetson/slash_ws/build/twist_to_ackermann:/home/jetson/slash_ws/install/twist_to_ackermann/lib/python3.8/site-packages:/home/jetson/slash_ws/build/joy_teleop:/home/jetson/slash_ws/install/joy_teleop/lib/python3.8/site-packages:/home/jetson/slash_ws/install/teleop_tools_msgs/lib/python3.8/site-packages:/home/jetson/slash_ws/build/my_converter:/home/jetson/slash_ws/install/my_converter/lib/python3.8/site-packages:/home/jetson/slash_ws/build/mouse_teleop:/home/jetson/slash_ws/install/mouse_teleop/lib/python3.8/site-packages:/home/jetson/slash_ws/install/fast_lio/lib/python3.8/site-packages:/home/jetson/slash_ws/install/livox_ros_driver2/lib/python3.8/site-packages:/home/jetson/slash_ws/build/key_teleop:/home/jetson/slash_ws/install/key_teleop/lib/python3.8/site-packages:/opt/ros/foxy/lib/python3.8/site-packages /usr/bin/cmake --build /home/jetson/slash_ws/build/teb_local_planner -- -j8 -l8
[95.875s] Invoking command in '/home/jetson/slash_ws/build/teb_local_planner': CMAKE_PREFIX_PATH=/home/jetson/slash_ws/install/teb_msgs:/home/jetson/slash_ws/install/costmap_converter:/home/jetson/slash_ws/install/costmap_converter_msgs:/home/jetson/slash_ws/install/vesc:/home/jetson/slash_ws/install/vesc_driver:/home/jetson/slash_ws/install/vesc_ackermann:/home/jetson/slash_ws/install/vesc_msgs:/home/jetson/slash_ws/install/teleop_tools:/home/jetson/slash_ws/install/teleop_tools_msgs:/home/jetson/slash_ws/install/teb_local_planner:/home/jetson/slash_ws/install/slash_nav2:/home/jetson/slash_ws/install/pointcloud_to_laserscan:/home/jetson/slash_ws/install/fast_lio:/home/jetson/slash_ws/install/livox_ros_driver2:/home/jetson/slash_ws/install/linefit_ground_segmentation_ros:/home/jetson/slash_ws/install/linefit_ground_segmentation:/home/jetson/slash_ws/install/ackermann_mux:/home/jetson/slash_ws/install/f1tenth_stack:/home/jetson/slash_ws/install/twist_to_ackermann:/home/jetson/slash_ws/install/joy_teleop:/home/jetson/slash_ws/install/my_converter:/home/jetson/slash_ws/install/mouse_teleop:/home/jetson/slash_ws/install/key_teleop:/opt/ros/foxy LD_LIBRARY_PATH=/home/jetson/slash_ws/install/teb_msgs/lib:/home/jetson/slash_ws/install/costmap_converter/lib:/home/jetson/slash_ws/install/costmap_converter_msgs/lib:/home/jetson/slash_ws/install/vesc_driver/lib:/home/jetson/slash_ws/install/vesc_ackermann/lib:/home/jetson/slash_ws/install/vesc_msgs/lib:/home/jetson/slash_ws/install/teleop_tools_msgs/lib:/home/jetson/slash_ws/install/teb_local_planner/lib:/home/jetson/slash_ws/install/pointcloud_to_laserscan/lib:/home/jetson/slash_ws/install/fast_lio/lib:/home/jetson/slash_ws/install/livox_ros_driver2/lib:/home/jetson/slash_ws/install/linefit_ground_segmentation/lib:/usr/lib/aarch64-linux-gnu/gazebo-11/plugins:/opt/ros/foxy/opt/yaml_cpp_vendor/lib:/opt/ros/foxy/opt/rviz_ogre_vendor/lib:/opt/ros/foxy/lib/aarch64-linux-gnu:/opt/ros/foxy/lib:/usr/local/cuda-11.4/lib64 PYTHONPATH=/home/jetson/slash_ws/install/teb_msgs/lib/python3.8/site-packages:/home/jetson/slash_ws/install/costmap_converter_msgs/lib/python3.8/site-packages:/home/jetson/slash_ws/build/f1tenth_stack:/home/jetson/slash_ws/install/f1tenth_stack/lib/python3.8/site-packages:/home/jetson/slash_ws/install/vesc_msgs/lib/python3.8/site-packages:/home/jetson/slash_ws/build/twist_to_ackermann:/home/jetson/slash_ws/install/twist_to_ackermann/lib/python3.8/site-packages:/home/jetson/slash_ws/build/joy_teleop:/home/jetson/slash_ws/install/joy_teleop/lib/python3.8/site-packages:/home/jetson/slash_ws/install/teleop_tools_msgs/lib/python3.8/site-packages:/home/jetson/slash_ws/build/my_converter:/home/jetson/slash_ws/install/my_converter/lib/python3.8/site-packages:/home/jetson/slash_ws/build/mouse_teleop:/home/jetson/slash_ws/install/mouse_teleop/lib/python3.8/site-packages:/home/jetson/slash_ws/install/fast_lio/lib/python3.8/site-packages:/home/jetson/slash_ws/install/livox_ros_driver2/lib/python3.8/site-packages:/home/jetson/slash_ws/build/key_teleop:/home/jetson/slash_ws/install/key_teleop/lib/python3.8/site-packages:/opt/ros/foxy/lib/python3.8/site-packages /usr/bin/cmake --install /home/jetson/slash_ws/build/teb_local_planner
[95.898s] -- Install configuration: "Release"
[95.898s] -- Execute custom install script
[95.899s] -- Up-to-date symlink: /home/jetson/slash_ws/install/teb_local_planner/lib/libteb_local_planner.so
[95.900s] -- Up-to-date symlink: /home/jetson/slash_ws/install/teb_local_planner/include//teb_local_planner/distance_calculations.h
[95.900s] -- Up-to-date symlink: /home/jetson/slash_ws/install/teb_local_planner/include//teb_local_planner/equivalence_relations.h
[95.901s] -- Up-to-date symlink: /home/jetson/slash_ws/install/teb_local_planner/include//teb_local_planner/g2o_types/base_teb_edges.h
[95.901s] -- Up-to-date symlink: /home/jetson/slash_ws/install/teb_local_planner/include//teb_local_planner/g2o_types/edge_acceleration.h
[95.901s] -- Up-to-date symlink: /home/jetson/slash_ws/install/teb_local_planner/include//teb_local_planner/g2o_types/edge_dynamic_obstacle.h
[95.901s] -- Up-to-date symlink: /home/jetson/slash_ws/install/teb_local_planner/include//teb_local_planner/g2o_types/edge_kinematics.h
[95.902s] -- Up-to-date symlink: /home/jetson/slash_ws/install/teb_local_planner/include//teb_local_planner/g2o_types/edge_obstacle.h
[95.902s] -- Up-to-date symlink: /home/jetson/slash_ws/install/teb_local_planner/include//teb_local_planner/g2o_types/edge_prefer_rotdir.h
[95.902s] -- Up-to-date symlink: /home/jetson/slash_ws/install/teb_local_planner/include//teb_local_planner/g2o_types/edge_shortest_path.h
[95.902s] -- Up-to-date symlink: /home/jetson/slash_ws/install/teb_local_planner/include//teb_local_planner/g2o_types/edge_time_optimal.h
[95.903s] -- Up-to-date symlink: /home/jetson/slash_ws/install/teb_local_planner/include//teb_local_planner/g2o_types/edge_velocity.h
[95.903s] -- Up-to-date symlink: /home/jetson/slash_ws/install/teb_local_planner/include//teb_local_planner/g2o_types/edge_via_point.h
[95.903s] -- Up-to-date symlink: /home/jetson/slash_ws/install/teb_local_planner/include//teb_local_planner/g2o_types/penalties.h
[95.904s] -- Up-to-date symlink: /home/jetson/slash_ws/install/teb_local_planner/include//teb_local_planner/g2o_types/vertex_pose.h
[95.904s] -- Up-to-date symlink: /home/jetson/slash_ws/install/teb_local_planner/include//teb_local_planner/g2o_types/vertex_timediff.h
[95.904s] -- Up-to-date symlink: /home/jetson/slash_ws/install/teb_local_planner/include//teb_local_planner/graph_search.h
[95.905s] -- Up-to-date symlink: /home/jetson/slash_ws/install/teb_local_planner/include//teb_local_planner/h_signature.h
[95.907s] -- Up-to-date symlink: /home/jetson/slash_ws/install/teb_local_planner/include//teb_local_planner/homotopy_class_planner.h
[95.908s] -- Up-to-date symlink: /home/jetson/slash_ws/install/teb_local_planner/include//teb_local_planner/homotopy_class_planner.hpp
[95.908s] -- Up-to-date symlink: /home/jetson/slash_ws/install/teb_local_planner/include//teb_local_planner/misc.h
[95.908s] -- Up-to-date symlink: /home/jetson/slash_ws/install/teb_local_planner/include//teb_local_planner/obstacles.h
[95.908s] -- Up-to-date symlink: /home/jetson/slash_ws/install/teb_local_planner/include//teb_local_planner/optimal_planner.h
[95.908s] -- Up-to-date symlink: /home/jetson/slash_ws/install/teb_local_planner/include//teb_local_planner/planner_interface.h
[95.908s] -- Up-to-date symlink: /home/jetson/slash_ws/install/teb_local_planner/include//teb_local_planner/pose_se2.h
[95.908s] -- Up-to-date symlink: /home/jetson/slash_ws/install/teb_local_planner/include//teb_local_planner/recovery_behaviors.h
[95.908s] -- Up-to-date symlink: /home/jetson/slash_ws/install/teb_local_planner/include//teb_local_planner/robot_footprint_model.h
[95.909s] -- Up-to-date symlink: /home/jetson/slash_ws/install/teb_local_planner/include//teb_local_planner/teb_config.h
[95.909s] -- Up-to-date symlink: /home/jetson/slash_ws/install/teb_local_planner/include//teb_local_planner/teb_local_planner_ros.h
[95.909s] -- Up-to-date symlink: /home/jetson/slash_ws/install/teb_local_planner/include//teb_local_planner/timed_elastic_band.h
[95.909s] -- Up-to-date symlink: /home/jetson/slash_ws/install/teb_local_planner/include//teb_local_planner/timed_elastic_band.hpp
[95.909s] -- Up-to-date symlink: /home/jetson/slash_ws/install/teb_local_planner/include//teb_local_planner/visualization.h
[95.909s] -- Up-to-date symlink: /home/jetson/slash_ws/install/teb_local_planner/include//teb_local_planner/visualization.hpp
[95.909s] -- Up-to-date symlink: /home/jetson/slash_ws/install/teb_local_planner/share/teb_local_planner_plugin.xml
[95.909s] -- Up-to-date symlink: /home/jetson/slash_ws/install/teb_local_planner/lib/teb_local_planner/cmd_vel_to_ackermann_drive.py
[95.909s] -- Up-to-date symlink: /home/jetson/slash_ws/install/teb_local_planner/share/teb_local_planner/launch/teb_nav2_bringup_launch.py
[95.910s] -- Up-to-date symlink: /home/jetson/slash_ws/install/teb_local_planner/share/teb_local_planner/launch/teb_params.yaml
[95.910s] -- Up-to-date symlink: /home/jetson/slash_ws/install/teb_local_planner/share/teb_local_planner/launch/teb_tb3_simulation_launch.py
[95.910s] -- Up-to-date symlink: /home/jetson/slash_ws/install/teb_local_planner/share/teb_local_planner/launch/teb_view.rviz
[95.911s] -- Up-to-date symlink: /home/jetson/slash_ws/install/teb_local_planner/share/teb_local_planner/environment/library_path.sh
[95.911s] -- Up-to-date symlink: /home/jetson/slash_ws/install/teb_local_planner/share/teb_local_planner/environment/library_path.dsv
[95.911s] -- Up-to-date symlink: /home/jetson/slash_ws/install/teb_local_planner/share/teb_local_planner//teb_local_planner_plugin.xml
[95.912s] -- Up-to-date symlink: /home/jetson/slash_ws/install/teb_local_planner/share/ament_index/resource_index/package_run_dependencies/teb_local_planner
[95.912s] -- Up-to-date symlink: /home/jetson/slash_ws/install/teb_local_planner/share/ament_index/resource_index/parent_prefix_path/teb_local_planner
[95.912s] -- Up-to-date symlink: /home/jetson/slash_ws/install/teb_local_planner/share/teb_local_planner/environment/ament_prefix_path.sh
[95.913s] -- Up-to-date symlink: /home/jetson/slash_ws/install/teb_local_planner/share/teb_local_planner/environment/ament_prefix_path.dsv
[95.913s] -- Up-to-date symlink: /home/jetson/slash_ws/install/teb_local_planner/share/teb_local_planner/environment/path.sh
[95.914s] -- Up-to-date symlink: /home/jetson/slash_ws/install/teb_local_planner/share/teb_local_planner/environment/path.dsv
[95.914s] -- Up-to-date symlink: /home/jetson/slash_ws/install/teb_local_planner/share/teb_local_planner/local_setup.bash
[95.914s] -- Up-to-date symlink: /home/jetson/slash_ws/install/teb_local_planner/share/teb_local_planner/local_setup.sh
[95.915s] -- Up-to-date symlink: /home/jetson/slash_ws/install/teb_local_planner/share/teb_local_planner/local_setup.zsh
[95.915s] -- Up-to-date symlink: /home/jetson/slash_ws/install/teb_local_planner/share/teb_local_planner/local_setup.dsv
[95.915s] -- Symlinking: /home/jetson/slash_ws/install/teb_local_planner/share/teb_local_planner/package.dsv
[95.935s] -- Up-to-date symlink: /home/jetson/slash_ws/install/teb_local_planner/share/ament_index/resource_index/packages/teb_local_planner
[95.936s] -- Up-to-date symlink: /home/jetson/slash_ws/install/teb_local_planner/share/ament_index/resource_index/nav2_core__pluginlib__plugin/teb_local_planner
[95.936s] -- Up-to-date symlink: /home/jetson/slash_ws/install/teb_local_planner/share/teb_local_planner/cmake/ament_cmake_export_include_directories-extras.cmake
[95.936s] -- Up-to-date symlink: /home/jetson/slash_ws/install/teb_local_planner/share/teb_local_planner/cmake/ament_cmake_export_libraries-extras.cmake
[95.937s] -- Up-to-date symlink: /home/jetson/slash_ws/install/teb_local_planner/share/teb_local_planner/cmake/ament_cmake_export_dependencies-extras.cmake
[95.938s] -- Up-to-date symlink: /home/jetson/slash_ws/install/teb_local_planner/share/teb_local_planner/cmake/teb_local_plannerConfig.cmake
[95.938s] -- Up-to-date symlink: /home/jetson/slash_ws/install/teb_local_planner/share/teb_local_planner/cmake/teb_local_plannerConfig-version.cmake
[95.938s] -- Up-to-date symlink: /home/jetson/slash_ws/install/teb_local_planner/share/teb_local_planner/package.xml
[95.944s] Invoked command in '/home/jetson/slash_ws/build/teb_local_planner' returned '0': CMAKE_PREFIX_PATH=/home/jetson/slash_ws/install/teb_msgs:/home/jetson/slash_ws/install/costmap_converter:/home/jetson/slash_ws/install/costmap_converter_msgs:/home/jetson/slash_ws/install/vesc:/home/jetson/slash_ws/install/vesc_driver:/home/jetson/slash_ws/install/vesc_ackermann:/home/jetson/slash_ws/install/vesc_msgs:/home/jetson/slash_ws/install/teleop_tools:/home/jetson/slash_ws/install/teleop_tools_msgs:/home/jetson/slash_ws/install/teb_local_planner:/home/jetson/slash_ws/install/slash_nav2:/home/jetson/slash_ws/install/pointcloud_to_laserscan:/home/jetson/slash_ws/install/fast_lio:/home/jetson/slash_ws/install/livox_ros_driver2:/home/jetson/slash_ws/install/linefit_ground_segmentation_ros:/home/jetson/slash_ws/install/linefit_ground_segmentation:/home/jetson/slash_ws/install/ackermann_mux:/home/jetson/slash_ws/install/f1tenth_stack:/home/jetson/slash_ws/install/twist_to_ackermann:/home/jetson/slash_ws/install/joy_teleop:/home/jetson/slash_ws/install/my_converter:/home/jetson/slash_ws/install/mouse_teleop:/home/jetson/slash_ws/install/key_teleop:/opt/ros/foxy LD_LIBRARY_PATH=/home/jetson/slash_ws/install/teb_msgs/lib:/home/jetson/slash_ws/install/costmap_converter/lib:/home/jetson/slash_ws/install/costmap_converter_msgs/lib:/home/jetson/slash_ws/install/vesc_driver/lib:/home/jetson/slash_ws/install/vesc_ackermann/lib:/home/jetson/slash_ws/install/vesc_msgs/lib:/home/jetson/slash_ws/install/teleop_tools_msgs/lib:/home/jetson/slash_ws/install/teb_local_planner/lib:/home/jetson/slash_ws/install/pointcloud_to_laserscan/lib:/home/jetson/slash_ws/install/fast_lio/lib:/home/jetson/slash_ws/install/livox_ros_driver2/lib:/home/jetson/slash_ws/install/linefit_ground_segmentation/lib:/usr/lib/aarch64-linux-gnu/gazebo-11/plugins:/opt/ros/foxy/opt/yaml_cpp_vendor/lib:/opt/ros/foxy/opt/rviz_ogre_vendor/lib:/opt/ros/foxy/lib/aarch64-linux-gnu:/opt/ros/foxy/lib:/usr/local/cuda-11.4/lib64 PYTHONPATH=/home/jetson/slash_ws/install/teb_msgs/lib/python3.8/site-packages:/home/jetson/slash_ws/install/costmap_converter_msgs/lib/python3.8/site-packages:/home/jetson/slash_ws/build/f1tenth_stack:/home/jetson/slash_ws/install/f1tenth_stack/lib/python3.8/site-packages:/home/jetson/slash_ws/install/vesc_msgs/lib/python3.8/site-packages:/home/jetson/slash_ws/build/twist_to_ackermann:/home/jetson/slash_ws/install/twist_to_ackermann/lib/python3.8/site-packages:/home/jetson/slash_ws/build/joy_teleop:/home/jetson/slash_ws/install/joy_teleop/lib/python3.8/site-packages:/home/jetson/slash_ws/install/teleop_tools_msgs/lib/python3.8/site-packages:/home/jetson/slash_ws/build/my_converter:/home/jetson/slash_ws/install/my_converter/lib/python3.8/site-packages:/home/jetson/slash_ws/build/mouse_teleop:/home/jetson/slash_ws/install/mouse_teleop/lib/python3.8/site-packages:/home/jetson/slash_ws/install/fast_lio/lib/python3.8/site-packages:/home/jetson/slash_ws/install/livox_ros_driver2/lib/python3.8/site-packages:/home/jetson/slash_ws/build/key_teleop:/home/jetson/slash_ws/install/key_teleop/lib/python3.8/site-packages:/opt/ros/foxy/lib/python3.8/site-packages /usr/bin/cmake --install /home/jetson/slash_ws/build/teb_local_planner
