[0.130s] Invoking command in '/home/jetson/slash_ws/build/vesc_msgs': CMAKE_PREFIX_PATH=${CMAKE_PREFIX_PATH}:/home/jetson/slash_ws/install/f1tenth_stack:/home/jetson/slash_ws/install/twist_to_ackermann:/home/jetson/slash_ws/install/joy_teleop:/home/jetson/slash_ws/install/my_converter:/home/jetson/slash_ws/install/mouse_teleop:/home/jetson/slash_ws/install/key_teleop:/opt/ros/foxy /usr/bin/cmake /home/jetson/slash_ws/src/slash_hardware/f1tenth_system/vesc/vesc_msgs -DCMAKE_INSTALL_PREFIX=/home/jetson/slash_ws/install/vesc_msgs
[1.203s] -- The C compiler identification is GNU 9.4.0
[1.205s] -- The CXX compiler identification is GNU 9.4.0
[1.205s] -- Check for working C compiler: /usr/bin/cc
[1.205s] -- Check for working C compiler: /usr/bin/cc -- works
[1.205s] -- Detecting C compiler ABI info
[1.205s] -- Detecting C compiler ABI info - done
[1.206s] -- Detecting C compile features
[1.206s] -- Detecting C compile features - done
[1.206s] -- Check for working CXX compiler: /usr/bin/c++
[1.206s] -- Check for working CXX compiler: /usr/bin/c++ -- works
[1.206s] -- Detecting CXX compiler ABI info
[1.206s] -- Detecting CXX compiler ABI info - done
[1.206s] -- Detecting CXX compile features
[1.206s] -- Detecting CXX compile features - done
[1.206s] -- Found ament_cmake_auto: 0.9.12 (/opt/ros/foxy/share/ament_cmake_auto/cmake)
[1.244s] -- Found PythonInterp: /usr/bin/python3 (found suitable version "3.8.10", minimum required is "3") 
[1.244s] -- Using PYTHON_EXECUTABLE: /usr/bin/python3
[1.897s] -- Using all available rosidl_typesupport_c: rosidl_typesupport_fastrtps_c;rosidl_typesupport_introspection_c
[1.911s] -- Found rosidl_adapter: 1.3.1 (/opt/ros/foxy/share/rosidl_adapter/cmake)
[2.292s] -- Found OpenSSL: /usr/lib/aarch64-linux-gnu/libcrypto.so (found version "1.1.1f")  
[2.358s] -- Found FastRTPS: /opt/ros/foxy/include  
[2.644s] -- Using all available rosidl_typesupport_cpp: rosidl_typesupport_fastrtps_cpp;rosidl_typesupport_introspection_cpp
[2.935s] -- Found PythonInterp: /usr/bin/python3 (found version "3.8.10") 
[3.212s] -- Found ament_cmake_ros: 0.9.2 (/opt/ros/foxy/share/ament_cmake_ros/cmake)
[3.680s] -- Using all available rosidl_typesupport_c: rosidl_typesupport_fastrtps_c;rosidl_typesupport_introspection_c
[3.900s] -- Using all available rosidl_typesupport_cpp: rosidl_typesupport_fastrtps_cpp;rosidl_typesupport_introspection_cpp
[3.975s] -- Found PythonInterp: /usr/bin/python3 (found suitable version "3.8.10", minimum required is "3.5") 
[3.980s] -- Found python_cmake_module: 0.8.1 (/opt/ros/foxy/share/python_cmake_module/cmake)
[4.107s] -- Found PythonLibs: /usr/lib/aarch64-linux-gnu/libpython3.8.so (found suitable version "3.8.10", minimum required is "3.5") 
[4.108s] -- Using PYTHON_EXECUTABLE: /usr/bin/python3
[4.108s] -- Using PYTHON_INCLUDE_DIRS: /usr/include/python3.8
[4.108s] -- Using PYTHON_LIBRARIES: /usr/lib/aarch64-linux-gnu/libpython3.8.so
[4.215s] -- Found PythonExtra: .so  
[4.541s] -- Found ament_lint_auto: 0.9.8 (/opt/ros/foxy/share/ament_lint_auto/cmake)
[4.622s] -- Added test 'copyright' to check source files copyright and LICENSE
[4.623s] -- Added test 'lint_cmake' to check CMake code style
[4.626s] -- Added test 'xmllint' to check XML markup files
[4.638s] -- Configuring done
[4.771s] -- Generating done
[4.776s] -- Build files have been written to: /home/jetson/slash_ws/build/vesc_msgs
[4.952s] Invoked command in '/home/jetson/slash_ws/build/vesc_msgs' returned '0': CMAKE_PREFIX_PATH=${CMAKE_PREFIX_PATH}:/home/jetson/slash_ws/install/f1tenth_stack:/home/jetson/slash_ws/install/twist_to_ackermann:/home/jetson/slash_ws/install/joy_teleop:/home/jetson/slash_ws/install/my_converter:/home/jetson/slash_ws/install/mouse_teleop:/home/jetson/slash_ws/install/key_teleop:/opt/ros/foxy /usr/bin/cmake /home/jetson/slash_ws/src/slash_hardware/f1tenth_system/vesc/vesc_msgs -DCMAKE_INSTALL_PREFIX=/home/jetson/slash_ws/install/vesc_msgs
[4.954s] Invoking command in '/home/jetson/slash_ws/build/vesc_msgs': CMAKE_PREFIX_PATH=${CMAKE_PREFIX_PATH}:/home/jetson/slash_ws/install/f1tenth_stack:/home/jetson/slash_ws/install/twist_to_ackermann:/home/jetson/slash_ws/install/joy_teleop:/home/jetson/slash_ws/install/my_converter:/home/jetson/slash_ws/install/mouse_teleop:/home/jetson/slash_ws/install/key_teleop:/opt/ros/foxy /usr/bin/cmake --build /home/jetson/slash_ws/build/vesc_msgs -- -j8 -l8
[5.168s] [35m[1mScanning dependencies of target vesc_msgs__cpp[0m
[5.222s] [  1%] [34m[1mGenerating C code for ROS interfaces[0m
[5.257s] [  3%] [34m[1mGenerating C++ code for ROS interfaces[0m
[6.820s] [35m[1mScanning dependencies of target vesc_msgs__rosidl_generator_c[0m
[6.917s] [  7%] [32mBuilding C object CMakeFiles/vesc_msgs__rosidl_generator_c.dir/rosidl_generator_c/vesc_msgs/msg/detail/vesc_imu__functions.c.o[0m
[6.917s] [  7%] [32mBuilding C object CMakeFiles/vesc_msgs__rosidl_generator_c.dir/rosidl_generator_c/vesc_msgs/msg/detail/vesc_state__functions.c.o[0m
[6.947s] [  9%] [32mBuilding C object CMakeFiles/vesc_msgs__rosidl_generator_c.dir/rosidl_generator_c/vesc_msgs/msg/detail/vesc_imu_stamped__functions.c.o[0m
[6.954s] [ 10%] [32mBuilding C object CMakeFiles/vesc_msgs__rosidl_generator_c.dir/rosidl_generator_c/vesc_msgs/msg/detail/vesc_state_stamped__functions.c.o[0m
[7.246s] [ 12%] [32m[1mLinking C shared library libvesc_msgs__rosidl_generator_c.so[0m
[7.273s] [ 12%] Built target vesc_msgs__cpp
[7.320s] [ 14%] [34m[1mGenerating C++ type support dispatch for ROS interfaces[0m
[7.336s] [ 16%] [34m[1mGenerating C++ introspection for ROS interfaces[0m
[7.345s] [ 18%] [34m[1mGenerating C++ type support for eProsima Fast-RTPS[0m
[7.492s] [ 18%] Built target vesc_msgs__rosidl_generator_c
[7.546s] [ 20%] [34m[1mGenerating C type support dispatch for ROS interfaces[0m
[7.565s] [ 21%] [34m[1mGenerating C introspection for ROS interfaces[0m
[8.337s] [35m[1mScanning dependencies of target vesc_msgs__rosidl_typesupport_cpp[0m
[8.469s] [ 23%] [32mBuilding CXX object CMakeFiles/vesc_msgs__rosidl_typesupport_cpp.dir/rosidl_typesupport_cpp/vesc_msgs/msg/vesc_state__type_support.cpp.o[0m
[8.485s] [ 25%] [32mBuilding CXX object CMakeFiles/vesc_msgs__rosidl_typesupport_cpp.dir/rosidl_typesupport_cpp/vesc_msgs/msg/vesc_state_stamped__type_support.cpp.o[0m
[8.564s] [ 27%] [32mBuilding CXX object CMakeFiles/vesc_msgs__rosidl_typesupport_cpp.dir/rosidl_typesupport_cpp/vesc_msgs/msg/vesc_imu__type_support.cpp.o[0m
[8.572s] [ 29%] [32mBuilding CXX object CMakeFiles/vesc_msgs__rosidl_typesupport_cpp.dir/rosidl_typesupport_cpp/vesc_msgs/msg/vesc_imu_stamped__type_support.cpp.o[0m
[8.629s] [35m[1mScanning dependencies of target vesc_msgs__rosidl_typesupport_fastrtps_cpp[0m
[8.783s] [ 30%] [32mBuilding CXX object CMakeFiles/vesc_msgs__rosidl_typesupport_fastrtps_cpp.dir/rosidl_typesupport_fastrtps_cpp/vesc_msgs/msg/detail/dds_fastrtps/vesc_state__type_support.cpp.o[0m
[9.298s] [35m[1mScanning dependencies of target vesc_msgs__rosidl_typesupport_introspection_cpp[0m
[9.433s] [35m[1mScanning dependencies of target vesc_msgs__rosidl_typesupport_introspection_c[0m
[9.444s] [35m[1mScanning dependencies of target vesc_msgs__rosidl_typesupport_c[0m
[9.469s] [ 32%] [32mBuilding CXX object CMakeFiles/vesc_msgs__rosidl_typesupport_introspection_cpp.dir/rosidl_typesupport_introspection_cpp/vesc_msgs/msg/detail/vesc_state__type_support.cpp.o[0m
[9.616s] [ 34%] [32mBuilding CXX object CMakeFiles/vesc_msgs__rosidl_typesupport_c.dir/rosidl_typesupport_c/vesc_msgs/msg/vesc_state__type_support.cpp.o[0m
[9.619s] [ 36%] [32mBuilding C object CMakeFiles/vesc_msgs__rosidl_typesupport_introspection_c.dir/rosidl_typesupport_introspection_c/vesc_msgs/msg/detail/vesc_state__type_support.c.o[0m
[9.809s] [ 38%] [32mBuilding C object CMakeFiles/vesc_msgs__rosidl_typesupport_introspection_c.dir/rosidl_typesupport_introspection_c/vesc_msgs/msg/detail/vesc_imu__type_support.c.o[0m
[9.854s] [ 40%] [32mBuilding CXX object CMakeFiles/vesc_msgs__rosidl_typesupport_c.dir/rosidl_typesupport_c/vesc_msgs/msg/vesc_state_stamped__type_support.cpp.o[0m
[9.856s] [ 41%] [32mBuilding C object CMakeFiles/vesc_msgs__rosidl_typesupport_introspection_c.dir/rosidl_typesupport_introspection_c/vesc_msgs/msg/detail/vesc_state_stamped__type_support.c.o[0m
[9.997s] [ 43%] [32mBuilding C object CMakeFiles/vesc_msgs__rosidl_typesupport_introspection_c.dir/rosidl_typesupport_introspection_c/vesc_msgs/msg/detail/vesc_imu_stamped__type_support.c.o[0m
[10.089s] [ 45%] [32mBuilding CXX object CMakeFiles/vesc_msgs__rosidl_typesupport_c.dir/rosidl_typesupport_c/vesc_msgs/msg/vesc_imu__type_support.cpp.o[0m
[10.112s] [ 47%] [32mBuilding CXX object CMakeFiles/vesc_msgs__rosidl_typesupport_introspection_cpp.dir/rosidl_typesupport_introspection_cpp/vesc_msgs/msg/detail/vesc_state_stamped__type_support.cpp.o[0m
[10.139s] [ 49%] [32mBuilding CXX object CMakeFiles/vesc_msgs__rosidl_typesupport_c.dir/rosidl_typesupport_c/vesc_msgs/msg/vesc_imu_stamped__type_support.cpp.o[0m
[10.221s] [ 50%] [32m[1mLinking C shared library libvesc_msgs__rosidl_typesupport_introspection_c.so[0m
[10.301s] [ 52%] [32mBuilding CXX object CMakeFiles/vesc_msgs__rosidl_typesupport_fastrtps_cpp.dir/rosidl_typesupport_fastrtps_cpp/vesc_msgs/msg/detail/dds_fastrtps/vesc_state_stamped__type_support.cpp.o[0m
[10.361s] [ 54%] [32m[1mLinking CXX shared library libvesc_msgs__rosidl_typesupport_c.so[0m
[10.416s] [ 56%] [32mBuilding CXX object CMakeFiles/vesc_msgs__rosidl_typesupport_fastrtps_cpp.dir/rosidl_typesupport_fastrtps_cpp/vesc_msgs/msg/detail/dds_fastrtps/vesc_imu__type_support.cpp.o[0m
[10.472s] [ 56%] Built target vesc_msgs__rosidl_typesupport_introspection_c
[10.549s] [ 58%] [32m[1mLinking CXX shared library libvesc_msgs__rosidl_typesupport_cpp.so[0m
[10.560s] [ 60%] [32mBuilding CXX object CMakeFiles/vesc_msgs__rosidl_typesupport_fastrtps_cpp.dir/rosidl_typesupport_fastrtps_cpp/vesc_msgs/msg/detail/dds_fastrtps/vesc_imu_stamped__type_support.cpp.o[0m
[10.607s] [ 60%] Built target vesc_msgs__rosidl_typesupport_c
[10.682s] [ 61%] [32mBuilding CXX object CMakeFiles/vesc_msgs__rosidl_typesupport_introspection_cpp.dir/rosidl_typesupport_introspection_cpp/vesc_msgs/msg/detail/vesc_imu__type_support.cpp.o[0m
[10.849s] [ 61%] Built target vesc_msgs__rosidl_typesupport_cpp
[10.919s] [ 63%] [32mBuilding CXX object CMakeFiles/vesc_msgs__rosidl_typesupport_introspection_cpp.dir/rosidl_typesupport_introspection_cpp/vesc_msgs/msg/detail/vesc_imu_stamped__type_support.cpp.o[0m
[12.213s] [ 65%] [32m[1mLinking CXX shared library libvesc_msgs__rosidl_typesupport_introspection_cpp.so[0m
[12.441s] [ 65%] Built target vesc_msgs__rosidl_typesupport_introspection_cpp
[12.600s] [ 67%] [32m[1mLinking CXX shared library libvesc_msgs__rosidl_typesupport_fastrtps_cpp.so[0m
[13.004s] [ 67%] Built target vesc_msgs__rosidl_typesupport_fastrtps_cpp
[13.044s] [ 69%] [34m[1mGenerating C type support for eProsima Fast-RTPS[0m
[14.312s] [35m[1mScanning dependencies of target vesc_msgs__rosidl_typesupport_fastrtps_c[0m
[14.411s] [ 70%] [32mBuilding CXX object CMakeFiles/vesc_msgs__rosidl_typesupport_fastrtps_c.dir/rosidl_typesupport_fastrtps_c/vesc_msgs/msg/detail/vesc_imu__type_support_c.cpp.o[0m
[14.417s] [ 72%] [32mBuilding CXX object CMakeFiles/vesc_msgs__rosidl_typesupport_fastrtps_c.dir/rosidl_typesupport_fastrtps_c/vesc_msgs/msg/detail/vesc_state_stamped__type_support_c.cpp.o[0m
[14.435s] [ 74%] [32mBuilding CXX object CMakeFiles/vesc_msgs__rosidl_typesupport_fastrtps_c.dir/rosidl_typesupport_fastrtps_c/vesc_msgs/msg/detail/vesc_imu_stamped__type_support_c.cpp.o[0m
[14.447s] [ 76%] [32mBuilding CXX object CMakeFiles/vesc_msgs__rosidl_typesupport_fastrtps_c.dir/rosidl_typesupport_fastrtps_c/vesc_msgs/msg/detail/vesc_state__type_support_c.cpp.o[0m
[15.634s] [ 78%] [32m[1mLinking CXX shared library libvesc_msgs__rosidl_typesupport_fastrtps_c.so[0m
[15.877s] [ 78%] Built target vesc_msgs__rosidl_typesupport_fastrtps_c
[15.912s] [35m[1mScanning dependencies of target vesc_msgs[0m
[15.946s] [ 78%] Built target vesc_msgs
[15.986s] [35m[1mScanning dependencies of target vesc_msgs__py[0m
[16.022s] [ 80%] [34m[1mGenerating Python code for ROS interfaces[0m
[17.990s] [ 80%] Built target vesc_msgs__py
[18.068s] [35m[1mScanning dependencies of target vesc_msgs__python[0m
[18.163s] [ 81%] [32mBuilding C object CMakeFiles/vesc_msgs__python.dir/rosidl_generator_py/vesc_msgs/msg/_vesc_state_s.c.o[0m
[18.185s] [ 83%] [32mBuilding C object CMakeFiles/vesc_msgs__python.dir/rosidl_generator_py/vesc_msgs/msg/_vesc_imu_s.c.o[0m
[18.200s] [ 85%] [32mBuilding C object CMakeFiles/vesc_msgs__python.dir/rosidl_generator_py/vesc_msgs/msg/_vesc_imu_stamped_s.c.o[0m
[18.219s] [ 87%] [32mBuilding C object CMakeFiles/vesc_msgs__python.dir/rosidl_generator_py/vesc_msgs/msg/_vesc_state_stamped_s.c.o[0m
[18.794s] [ 89%] [32m[1mLinking C shared library rosidl_generator_py/vesc_msgs/libvesc_msgs__python.so[0m
[19.059s] [ 89%] Built target vesc_msgs__python
[19.173s] [35m[1mScanning dependencies of target vesc_msgs__rosidl_typesupport_c__pyext[0m
[19.183s] [35m[1mScanning dependencies of target vesc_msgs__rosidl_typesupport_introspection_c__pyext[0m
[19.190s] [35m[1mScanning dependencies of target vesc_msgs__rosidl_typesupport_fastrtps_c__pyext[0m
[19.352s] [ 90%] [32mBuilding C object CMakeFiles/vesc_msgs__rosidl_typesupport_introspection_c__pyext.dir/rosidl_generator_py/vesc_msgs/_vesc_msgs_s.ep.rosidl_typesupport_introspection_c.c.o[0m
[19.361s] [ 92%] [32mBuilding C object CMakeFiles/vesc_msgs__rosidl_typesupport_fastrtps_c__pyext.dir/rosidl_generator_py/vesc_msgs/_vesc_msgs_s.ep.rosidl_typesupport_fastrtps_c.c.o[0m
[19.394s] [ 94%] [32mBuilding C object CMakeFiles/vesc_msgs__rosidl_typesupport_c__pyext.dir/rosidl_generator_py/vesc_msgs/_vesc_msgs_s.ep.rosidl_typesupport_c.c.o[0m
[19.793s] [ 96%] [32m[1mLinking CXX shared library rosidl_generator_py/vesc_msgs/vesc_msgs_s__rosidl_typesupport_fastrtps_c.cpython-38-aarch64-linux-gnu.so[0m
[19.890s] [ 98%] [32m[1mLinking C shared library rosidl_generator_py/vesc_msgs/vesc_msgs_s__rosidl_typesupport_introspection_c.cpython-38-aarch64-linux-gnu.so[0m
[19.989s] [100%] [32m[1mLinking C shared library rosidl_generator_py/vesc_msgs/vesc_msgs_s__rosidl_typesupport_c.cpython-38-aarch64-linux-gnu.so[0m
[20.245s] [100%] Built target vesc_msgs__rosidl_typesupport_introspection_c__pyext
[20.314s] [100%] Built target vesc_msgs__rosidl_typesupport_fastrtps_c__pyext
[20.370s] [100%] Built target vesc_msgs__rosidl_typesupport_c__pyext
[20.449s] Invoked command in '/home/jetson/slash_ws/build/vesc_msgs' returned '0': CMAKE_PREFIX_PATH=${CMAKE_PREFIX_PATH}:/home/jetson/slash_ws/install/f1tenth_stack:/home/jetson/slash_ws/install/twist_to_ackermann:/home/jetson/slash_ws/install/joy_teleop:/home/jetson/slash_ws/install/my_converter:/home/jetson/slash_ws/install/mouse_teleop:/home/jetson/slash_ws/install/key_teleop:/opt/ros/foxy /usr/bin/cmake --build /home/jetson/slash_ws/build/vesc_msgs -- -j8 -l8
[23.282s] Invoking command in '/home/jetson/slash_ws/build/vesc_msgs': CMAKE_PREFIX_PATH=${CMAKE_PREFIX_PATH}:/home/jetson/slash_ws/install/f1tenth_stack:/home/jetson/slash_ws/install/twist_to_ackermann:/home/jetson/slash_ws/install/joy_teleop:/home/jetson/slash_ws/install/my_converter:/home/jetson/slash_ws/install/mouse_teleop:/home/jetson/slash_ws/install/key_teleop:/opt/ros/foxy /usr/bin/cmake --install /home/jetson/slash_ws/build/vesc_msgs
[23.346s] -- Install configuration: ""
[23.347s] -- Installing: /home/jetson/slash_ws/install/vesc_msgs/share/ament_index/resource_index/rosidl_interfaces/vesc_msgs
[23.347s] -- Installing: /home/jetson/slash_ws/install/vesc_msgs/include/vesc_msgs
[23.348s] -- Installing: /home/jetson/slash_ws/install/vesc_msgs/include/vesc_msgs/msg
[23.348s] -- Installing: /home/jetson/slash_ws/install/vesc_msgs/include/vesc_msgs/msg/vesc_state.h
[23.348s] -- Installing: /home/jetson/slash_ws/install/vesc_msgs/include/vesc_msgs/msg/detail
[23.349s] -- Installing: /home/jetson/slash_ws/install/vesc_msgs/include/vesc_msgs/msg/detail/vesc_state_stamped__functions.h
[23.349s] -- Installing: /home/jetson/slash_ws/install/vesc_msgs/include/vesc_msgs/msg/detail/vesc_state__struct.h
[23.349s] -- Installing: /home/jetson/slash_ws/install/vesc_msgs/include/vesc_msgs/msg/detail/vesc_imu__functions.c
[23.350s] -- Installing: /home/jetson/slash_ws/install/vesc_msgs/include/vesc_msgs/msg/detail/vesc_imu_stamped__functions.c
[23.350s] -- Installing: /home/jetson/slash_ws/install/vesc_msgs/include/vesc_msgs/msg/detail/vesc_imu_stamped__type_support.h
[23.350s] -- Installing: /home/jetson/slash_ws/install/vesc_msgs/include/vesc_msgs/msg/detail/vesc_state_stamped__struct.h
[23.350s] -- Installing: /home/jetson/slash_ws/install/vesc_msgs/include/vesc_msgs/msg/detail/vesc_imu_stamped__struct.h
[23.351s] -- Installing: /home/jetson/slash_ws/install/vesc_msgs/include/vesc_msgs/msg/detail/vesc_imu__type_support.h
[23.351s] -- Installing: /home/jetson/slash_ws/install/vesc_msgs/include/vesc_msgs/msg/detail/vesc_state__functions.c
[23.351s] -- Installing: /home/jetson/slash_ws/install/vesc_msgs/include/vesc_msgs/msg/detail/vesc_state_stamped__functions.c
[23.352s] -- Installing: /home/jetson/slash_ws/install/vesc_msgs/include/vesc_msgs/msg/detail/vesc_imu__functions.h
[23.352s] -- Installing: /home/jetson/slash_ws/install/vesc_msgs/include/vesc_msgs/msg/detail/vesc_imu__struct.h
[23.352s] -- Installing: /home/jetson/slash_ws/install/vesc_msgs/include/vesc_msgs/msg/detail/vesc_imu_stamped__functions.h
[23.353s] -- Installing: /home/jetson/slash_ws/install/vesc_msgs/include/vesc_msgs/msg/detail/vesc_state_stamped__type_support.h
[23.353s] -- Installing: /home/jetson/slash_ws/install/vesc_msgs/include/vesc_msgs/msg/detail/vesc_state__functions.h
[23.353s] -- Installing: /home/jetson/slash_ws/install/vesc_msgs/include/vesc_msgs/msg/detail/vesc_state__type_support.h
[23.354s] -- Installing: /home/jetson/slash_ws/install/vesc_msgs/include/vesc_msgs/msg/vesc_state_stamped.h
[23.354s] -- Installing: /home/jetson/slash_ws/install/vesc_msgs/include/vesc_msgs/msg/vesc_imu.h
[23.354s] -- Installing: /home/jetson/slash_ws/install/vesc_msgs/include/vesc_msgs/msg/vesc_imu_stamped.h
[23.355s] -- Installing: /home/jetson/slash_ws/install/vesc_msgs/include/vesc_msgs/msg/rosidl_generator_c__visibility_control.h
[23.355s] -- Installing: /home/jetson/slash_ws/install/vesc_msgs/share/vesc_msgs/environment/library_path.sh
[23.356s] -- Installing: /home/jetson/slash_ws/install/vesc_msgs/share/vesc_msgs/environment/library_path.dsv
[23.356s] -- Installing: /home/jetson/slash_ws/install/vesc_msgs/lib/libvesc_msgs__rosidl_generator_c.so
[23.374s] -- Set runtime path of "/home/jetson/slash_ws/install/vesc_msgs/lib/libvesc_msgs__rosidl_generator_c.so" to ""
[23.375s] -- Up-to-date: /home/jetson/slash_ws/install/vesc_msgs/include/vesc_msgs
[23.375s] -- Up-to-date: /home/jetson/slash_ws/install/vesc_msgs/include/vesc_msgs/msg
[23.375s] -- Up-to-date: /home/jetson/slash_ws/install/vesc_msgs/include/vesc_msgs/msg/detail
[23.375s] -- Installing: /home/jetson/slash_ws/install/vesc_msgs/include/vesc_msgs/msg/detail/vesc_imu_stamped__rosidl_typesupport_fastrtps_c.h
[23.376s] -- Installing: /home/jetson/slash_ws/install/vesc_msgs/include/vesc_msgs/msg/detail/vesc_imu__rosidl_typesupport_fastrtps_c.h
[23.376s] -- Installing: /home/jetson/slash_ws/install/vesc_msgs/include/vesc_msgs/msg/detail/vesc_state__rosidl_typesupport_fastrtps_c.h
[23.376s] -- Installing: /home/jetson/slash_ws/install/vesc_msgs/include/vesc_msgs/msg/detail/vesc_state_stamped__rosidl_typesupport_fastrtps_c.h
[23.376s] -- Installing: /home/jetson/slash_ws/install/vesc_msgs/include/vesc_msgs/msg/rosidl_typesupport_fastrtps_c__visibility_control.h
[23.377s] -- Installing: /home/jetson/slash_ws/install/vesc_msgs/lib/libvesc_msgs__rosidl_typesupport_fastrtps_c.so
[23.378s] -- Set runtime path of "/home/jetson/slash_ws/install/vesc_msgs/lib/libvesc_msgs__rosidl_typesupport_fastrtps_c.so" to ""
[23.378s] -- Up-to-date: /home/jetson/slash_ws/install/vesc_msgs/include/vesc_msgs
[23.378s] -- Up-to-date: /home/jetson/slash_ws/install/vesc_msgs/include/vesc_msgs/msg
[23.379s] -- Installing: /home/jetson/slash_ws/install/vesc_msgs/include/vesc_msgs/msg/rosidl_typesupport_fastrtps_cpp__visibility_control.h
[23.379s] -- Up-to-date: /home/jetson/slash_ws/install/vesc_msgs/include/vesc_msgs/msg/detail
[23.379s] -- Installing: /home/jetson/slash_ws/install/vesc_msgs/include/vesc_msgs/msg/detail/vesc_state__rosidl_typesupport_fastrtps_cpp.hpp
[23.379s] -- Installing: /home/jetson/slash_ws/install/vesc_msgs/include/vesc_msgs/msg/detail/vesc_imu_stamped__rosidl_typesupport_fastrtps_cpp.hpp
[23.380s] -- Installing: /home/jetson/slash_ws/install/vesc_msgs/include/vesc_msgs/msg/detail/dds_fastrtps
[23.380s] -- Installing: /home/jetson/slash_ws/install/vesc_msgs/include/vesc_msgs/msg/detail/vesc_imu__rosidl_typesupport_fastrtps_cpp.hpp
[23.380s] -- Installing: /home/jetson/slash_ws/install/vesc_msgs/include/vesc_msgs/msg/detail/vesc_state_stamped__rosidl_typesupport_fastrtps_cpp.hpp
[23.381s] -- Installing: /home/jetson/slash_ws/install/vesc_msgs/lib/libvesc_msgs__rosidl_typesupport_fastrtps_cpp.so
[23.382s] -- Set runtime path of "/home/jetson/slash_ws/install/vesc_msgs/lib/libvesc_msgs__rosidl_typesupport_fastrtps_cpp.so" to ""
[23.382s] -- Up-to-date: /home/jetson/slash_ws/install/vesc_msgs/include/vesc_msgs
[23.383s] -- Up-to-date: /home/jetson/slash_ws/install/vesc_msgs/include/vesc_msgs/msg
[23.383s] -- Installing: /home/jetson/slash_ws/install/vesc_msgs/include/vesc_msgs/msg/rosidl_typesupport_introspection_c__visibility_control.h
[23.383s] -- Up-to-date: /home/jetson/slash_ws/install/vesc_msgs/include/vesc_msgs/msg/detail
[23.383s] -- Installing: /home/jetson/slash_ws/install/vesc_msgs/include/vesc_msgs/msg/detail/vesc_state_stamped__rosidl_typesupport_introspection_c.h
[23.383s] -- Installing: /home/jetson/slash_ws/install/vesc_msgs/include/vesc_msgs/msg/detail/vesc_imu__rosidl_typesupport_introspection_c.h
[23.384s] -- Installing: /home/jetson/slash_ws/install/vesc_msgs/include/vesc_msgs/msg/detail/vesc_state__type_support.c
[23.384s] -- Installing: /home/jetson/slash_ws/install/vesc_msgs/include/vesc_msgs/msg/detail/vesc_imu_stamped__type_support.c
[23.384s] -- Installing: /home/jetson/slash_ws/install/vesc_msgs/include/vesc_msgs/msg/detail/vesc_state__rosidl_typesupport_introspection_c.h
[23.385s] -- Installing: /home/jetson/slash_ws/install/vesc_msgs/include/vesc_msgs/msg/detail/vesc_state_stamped__type_support.c
[23.385s] -- Installing: /home/jetson/slash_ws/install/vesc_msgs/include/vesc_msgs/msg/detail/vesc_imu__type_support.c
[23.385s] -- Installing: /home/jetson/slash_ws/install/vesc_msgs/include/vesc_msgs/msg/detail/vesc_imu_stamped__rosidl_typesupport_introspection_c.h
[23.385s] -- Installing: /home/jetson/slash_ws/install/vesc_msgs/lib/libvesc_msgs__rosidl_typesupport_introspection_c.so
[23.386s] -- Set runtime path of "/home/jetson/slash_ws/install/vesc_msgs/lib/libvesc_msgs__rosidl_typesupport_introspection_c.so" to ""
[23.386s] -- Installing: /home/jetson/slash_ws/install/vesc_msgs/lib/libvesc_msgs__rosidl_typesupport_c.so
[23.387s] -- Set runtime path of "/home/jetson/slash_ws/install/vesc_msgs/lib/libvesc_msgs__rosidl_typesupport_c.so" to ""
[23.387s] -- Up-to-date: /home/jetson/slash_ws/install/vesc_msgs/include/vesc_msgs
[23.387s] -- Up-to-date: /home/jetson/slash_ws/install/vesc_msgs/include/vesc_msgs/msg
[23.387s] -- Installing: /home/jetson/slash_ws/install/vesc_msgs/include/vesc_msgs/msg/vesc_imu_stamped.hpp
[23.388s] -- Installing: /home/jetson/slash_ws/install/vesc_msgs/include/vesc_msgs/msg/rosidl_generator_cpp__visibility_control.hpp
[23.388s] -- Up-to-date: /home/jetson/slash_ws/install/vesc_msgs/include/vesc_msgs/msg/detail
[23.389s] -- Installing: /home/jetson/slash_ws/install/vesc_msgs/include/vesc_msgs/msg/detail/vesc_state_stamped__traits.hpp
[23.389s] -- Installing: /home/jetson/slash_ws/install/vesc_msgs/include/vesc_msgs/msg/detail/vesc_imu_stamped__traits.hpp
[23.389s] -- Installing: /home/jetson/slash_ws/install/vesc_msgs/include/vesc_msgs/msg/detail/vesc_state_stamped__type_support.hpp
[23.389s] -- Installing: /home/jetson/slash_ws/install/vesc_msgs/include/vesc_msgs/msg/detail/vesc_state_stamped__builder.hpp
[23.390s] -- Installing: /home/jetson/slash_ws/install/vesc_msgs/include/vesc_msgs/msg/detail/vesc_state__builder.hpp
[23.390s] -- Installing: /home/jetson/slash_ws/install/vesc_msgs/include/vesc_msgs/msg/detail/vesc_imu__type_support.hpp
[23.390s] -- Installing: /home/jetson/slash_ws/install/vesc_msgs/include/vesc_msgs/msg/detail/vesc_state_stamped__struct.hpp
[23.390s] -- Installing: /home/jetson/slash_ws/install/vesc_msgs/include/vesc_msgs/msg/detail/vesc_imu_stamped__builder.hpp
[23.390s] -- Installing: /home/jetson/slash_ws/install/vesc_msgs/include/vesc_msgs/msg/detail/vesc_state__traits.hpp
[23.391s] -- Installing: /home/jetson/slash_ws/install/vesc_msgs/include/vesc_msgs/msg/detail/vesc_imu__struct.hpp
[23.391s] -- Installing: /home/jetson/slash_ws/install/vesc_msgs/include/vesc_msgs/msg/detail/vesc_imu_stamped__struct.hpp
[23.391s] -- Installing: /home/jetson/slash_ws/install/vesc_msgs/include/vesc_msgs/msg/detail/vesc_state__struct.hpp
[23.391s] -- Installing: /home/jetson/slash_ws/install/vesc_msgs/include/vesc_msgs/msg/detail/vesc_imu__builder.hpp
[23.391s] -- Installing: /home/jetson/slash_ws/install/vesc_msgs/include/vesc_msgs/msg/detail/vesc_state__type_support.hpp
[23.391s] -- Installing: /home/jetson/slash_ws/install/vesc_msgs/include/vesc_msgs/msg/detail/vesc_imu__traits.hpp
[23.392s] -- Installing: /home/jetson/slash_ws/install/vesc_msgs/include/vesc_msgs/msg/detail/vesc_imu_stamped__type_support.hpp
[23.392s] -- Installing: /home/jetson/slash_ws/install/vesc_msgs/include/vesc_msgs/msg/vesc_imu.hpp
[23.392s] -- Installing: /home/jetson/slash_ws/install/vesc_msgs/include/vesc_msgs/msg/vesc_state.hpp
[23.392s] -- Installing: /home/jetson/slash_ws/install/vesc_msgs/include/vesc_msgs/msg/vesc_state_stamped.hpp
[23.392s] -- Up-to-date: /home/jetson/slash_ws/install/vesc_msgs/include/vesc_msgs
[23.392s] -- Up-to-date: /home/jetson/slash_ws/install/vesc_msgs/include/vesc_msgs/msg
[23.392s] -- Up-to-date: /home/jetson/slash_ws/install/vesc_msgs/include/vesc_msgs/msg/detail
[23.399s] -- Installing: /home/jetson/slash_ws/install/vesc_msgs/include/vesc_msgs/msg/detail/vesc_imu__type_support.cpp
[23.400s] -- Installing: /home/jetson/slash_ws/install/vesc_msgs/include/vesc_msgs/msg/detail/vesc_state__type_support.cpp
[23.400s] -- Installing: /home/jetson/slash_ws/install/vesc_msgs/include/vesc_msgs/msg/detail/vesc_imu_stamped__rosidl_typesupport_introspection_cpp.hpp
[23.400s] -- Installing: /home/jetson/slash_ws/install/vesc_msgs/include/vesc_msgs/msg/detail/vesc_state_stamped__type_support.cpp
[23.400s] -- Installing: /home/jetson/slash_ws/install/vesc_msgs/include/vesc_msgs/msg/detail/vesc_imu__rosidl_typesupport_introspection_cpp.hpp
[23.400s] -- Installing: /home/jetson/slash_ws/install/vesc_msgs/include/vesc_msgs/msg/detail/vesc_state__rosidl_typesupport_introspection_cpp.hpp
[23.401s] -- Installing: /home/jetson/slash_ws/install/vesc_msgs/include/vesc_msgs/msg/detail/vesc_state_stamped__rosidl_typesupport_introspection_cpp.hpp
[23.401s] -- Installing: /home/jetson/slash_ws/install/vesc_msgs/include/vesc_msgs/msg/detail/vesc_imu_stamped__type_support.cpp
[23.401s] -- Installing: /home/jetson/slash_ws/install/vesc_msgs/lib/libvesc_msgs__rosidl_typesupport_introspection_cpp.so
[23.401s] -- Set runtime path of "/home/jetson/slash_ws/install/vesc_msgs/lib/libvesc_msgs__rosidl_typesupport_introspection_cpp.so" to ""
[23.402s] -- Installing: /home/jetson/slash_ws/install/vesc_msgs/lib/libvesc_msgs__rosidl_typesupport_cpp.so
[23.402s] -- Set runtime path of "/home/jetson/slash_ws/install/vesc_msgs/lib/libvesc_msgs__rosidl_typesupport_cpp.so" to ""
[23.403s] -- Installing: /home/jetson/slash_ws/install/vesc_msgs/share/vesc_msgs/environment/pythonpath.sh
[23.403s] -- Installing: /home/jetson/slash_ws/install/vesc_msgs/share/vesc_msgs/environment/pythonpath.dsv
[23.404s] -- Installing: /home/jetson/slash_ws/install/vesc_msgs/lib/python3.8/site-packages/vesc_msgs/__init__.py
[23.589s] Compiling '/home/jetson/slash_ws/install/vesc_msgs/lib/python3.8/site-packages/vesc_msgs/__init__.py'...
[23.602s] -- Installing: /home/jetson/slash_ws/install/vesc_msgs/lib/python3.8/site-packages/vesc_msgs/msg
[23.603s] -- Installing: /home/jetson/slash_ws/install/vesc_msgs/lib/python3.8/site-packages/vesc_msgs/msg/_vesc_imu_stamped_s.c
[23.603s] -- Installing: /home/jetson/slash_ws/install/vesc_msgs/lib/python3.8/site-packages/vesc_msgs/msg/_vesc_state.py
[23.604s] -- Installing: /home/jetson/slash_ws/install/vesc_msgs/lib/python3.8/site-packages/vesc_msgs/msg/_vesc_imu_s.c
[23.604s] -- Installing: /home/jetson/slash_ws/install/vesc_msgs/lib/python3.8/site-packages/vesc_msgs/msg/_vesc_imu_stamped.py
[23.604s] -- Installing: /home/jetson/slash_ws/install/vesc_msgs/lib/python3.8/site-packages/vesc_msgs/msg/_vesc_state_stamped.py
[23.604s] -- Installing: /home/jetson/slash_ws/install/vesc_msgs/lib/python3.8/site-packages/vesc_msgs/msg/_vesc_state_s.c
[23.604s] -- Installing: /home/jetson/slash_ws/install/vesc_msgs/lib/python3.8/site-packages/vesc_msgs/msg/_vesc_state_stamped_s.c
[23.605s] -- Installing: /home/jetson/slash_ws/install/vesc_msgs/lib/python3.8/site-packages/vesc_msgs/msg/_vesc_imu.py
[23.605s] -- Installing: /home/jetson/slash_ws/install/vesc_msgs/lib/python3.8/site-packages/vesc_msgs/msg/__init__.py
[23.605s] -- Installing: /home/jetson/slash_ws/install/vesc_msgs/lib/python3.8/site-packages/vesc_msgs/vesc_msgs_s__rosidl_typesupport_fastrtps_c.cpython-38-aarch64-linux-gnu.so
[23.605s] -- Set runtime path of "/home/jetson/slash_ws/install/vesc_msgs/lib/python3.8/site-packages/vesc_msgs/vesc_msgs_s__rosidl_typesupport_fastrtps_c.cpython-38-aarch64-linux-gnu.so" to ""
[23.606s] -- Installing: /home/jetson/slash_ws/install/vesc_msgs/lib/python3.8/site-packages/vesc_msgs/vesc_msgs_s__rosidl_typesupport_introspection_c.cpython-38-aarch64-linux-gnu.so
[23.606s] -- Set runtime path of "/home/jetson/slash_ws/install/vesc_msgs/lib/python3.8/site-packages/vesc_msgs/vesc_msgs_s__rosidl_typesupport_introspection_c.cpython-38-aarch64-linux-gnu.so" to ""
[23.607s] -- Installing: /home/jetson/slash_ws/install/vesc_msgs/lib/python3.8/site-packages/vesc_msgs/vesc_msgs_s__rosidl_typesupport_c.cpython-38-aarch64-linux-gnu.so
[23.608s] -- Set runtime path of "/home/jetson/slash_ws/install/vesc_msgs/lib/python3.8/site-packages/vesc_msgs/vesc_msgs_s__rosidl_typesupport_c.cpython-38-aarch64-linux-gnu.so" to ""
[23.608s] -- Installing: /home/jetson/slash_ws/install/vesc_msgs/lib/libvesc_msgs__python.so
[23.608s] -- Set runtime path of "/home/jetson/slash_ws/install/vesc_msgs/lib/libvesc_msgs__python.so" to ""
[23.609s] -- Installing: /home/jetson/slash_ws/install/vesc_msgs/share/vesc_msgs/msg/VescState.idl
[23.609s] -- Installing: /home/jetson/slash_ws/install/vesc_msgs/share/vesc_msgs/msg/VescStateStamped.idl
[23.609s] -- Installing: /home/jetson/slash_ws/install/vesc_msgs/share/vesc_msgs/msg/VescImu.idl
[23.609s] -- Installing: /home/jetson/slash_ws/install/vesc_msgs/share/vesc_msgs/msg/VescImuStamped.idl
[23.610s] -- Installing: /home/jetson/slash_ws/install/vesc_msgs/share/vesc_msgs/msg/VescState.msg
[23.610s] -- Installing: /home/jetson/slash_ws/install/vesc_msgs/share/vesc_msgs/msg/VescStateStamped.msg
[23.610s] -- Installing: /home/jetson/slash_ws/install/vesc_msgs/share/vesc_msgs/msg/VescImu.msg
[23.611s] -- Installing: /home/jetson/slash_ws/install/vesc_msgs/share/vesc_msgs/msg/VescImuStamped.msg
[23.611s] -- Installing: /home/jetson/slash_ws/install/vesc_msgs/share/ament_index/resource_index/package_run_dependencies/vesc_msgs
[23.611s] -- Installing: /home/jetson/slash_ws/install/vesc_msgs/share/ament_index/resource_index/parent_prefix_path/vesc_msgs
[23.612s] -- Installing: /home/jetson/slash_ws/install/vesc_msgs/share/vesc_msgs/environment/ament_prefix_path.sh
[23.612s] -- Installing: /home/jetson/slash_ws/install/vesc_msgs/share/vesc_msgs/environment/ament_prefix_path.dsv
[23.612s] -- Installing: /home/jetson/slash_ws/install/vesc_msgs/share/vesc_msgs/environment/path.sh
[23.612s] -- Installing: /home/jetson/slash_ws/install/vesc_msgs/share/vesc_msgs/environment/path.dsv
[23.613s] -- Installing: /home/jetson/slash_ws/install/vesc_msgs/share/vesc_msgs/local_setup.bash
[23.613s] -- Installing: /home/jetson/slash_ws/install/vesc_msgs/share/vesc_msgs/local_setup.sh
[23.613s] -- Installing: /home/jetson/slash_ws/install/vesc_msgs/share/vesc_msgs/local_setup.zsh
[23.614s] -- Installing: /home/jetson/slash_ws/install/vesc_msgs/share/vesc_msgs/local_setup.dsv
[23.614s] -- Installing: /home/jetson/slash_ws/install/vesc_msgs/share/vesc_msgs/package.dsv
[23.615s] -- Installing: /home/jetson/slash_ws/install/vesc_msgs/share/ament_index/resource_index/packages/vesc_msgs
[23.615s] -- Installing: /home/jetson/slash_ws/install/vesc_msgs/share/vesc_msgs/cmake/vesc_msgs__rosidl_generator_cExport.cmake
[23.616s] -- Installing: /home/jetson/slash_ws/install/vesc_msgs/share/vesc_msgs/cmake/vesc_msgs__rosidl_generator_cExport-noconfig.cmake
[23.616s] -- Installing: /home/jetson/slash_ws/install/vesc_msgs/share/vesc_msgs/cmake/vesc_msgs__rosidl_typesupport_introspection_cExport.cmake
[23.617s] -- Installing: /home/jetson/slash_ws/install/vesc_msgs/share/vesc_msgs/cmake/vesc_msgs__rosidl_typesupport_introspection_cExport-noconfig.cmake
[23.617s] -- Installing: /home/jetson/slash_ws/install/vesc_msgs/share/vesc_msgs/cmake/vesc_msgs__rosidl_typesupport_cExport.cmake
[23.618s] -- Installing: /home/jetson/slash_ws/install/vesc_msgs/share/vesc_msgs/cmake/vesc_msgs__rosidl_typesupport_cExport-noconfig.cmake
[23.618s] -- Installing: /home/jetson/slash_ws/install/vesc_msgs/share/vesc_msgs/cmake/vesc_msgs__rosidl_generator_cppExport.cmake
[23.619s] -- Installing: /home/jetson/slash_ws/install/vesc_msgs/share/vesc_msgs/cmake/vesc_msgs__rosidl_typesupport_introspection_cppExport.cmake
[23.619s] -- Installing: /home/jetson/slash_ws/install/vesc_msgs/share/vesc_msgs/cmake/vesc_msgs__rosidl_typesupport_introspection_cppExport-noconfig.cmake
[23.620s] -- Installing: /home/jetson/slash_ws/install/vesc_msgs/share/vesc_msgs/cmake/vesc_msgs__rosidl_typesupport_cppExport.cmake
[23.620s] -- Installing: /home/jetson/slash_ws/install/vesc_msgs/share/vesc_msgs/cmake/vesc_msgs__rosidl_typesupport_cppExport-noconfig.cmake
[23.621s] -- Installing: /home/jetson/slash_ws/install/vesc_msgs/share/vesc_msgs/cmake/rosidl_cmake-extras.cmake
[23.624s] -- Installing: /home/jetson/slash_ws/install/vesc_msgs/share/vesc_msgs/cmake/ament_cmake_export_dependencies-extras.cmake
[23.624s] -- Installing: /home/jetson/slash_ws/install/vesc_msgs/share/vesc_msgs/cmake/ament_cmake_export_libraries-extras.cmake
[23.625s] -- Installing: /home/jetson/slash_ws/install/vesc_msgs/share/vesc_msgs/cmake/ament_cmake_export_targets-extras.cmake
[23.625s] -- Installing: /home/jetson/slash_ws/install/vesc_msgs/share/vesc_msgs/cmake/ament_cmake_export_include_directories-extras.cmake
[23.626s] -- Installing: /home/jetson/slash_ws/install/vesc_msgs/share/vesc_msgs/cmake/rosidl_cmake_export_typesupport_libraries-extras.cmake
[23.626s] -- Installing: /home/jetson/slash_ws/install/vesc_msgs/share/vesc_msgs/cmake/rosidl_cmake_export_typesupport_targets-extras.cmake
[23.627s] -- Installing: /home/jetson/slash_ws/install/vesc_msgs/share/vesc_msgs/cmake/vesc_msgsConfig.cmake
[23.627s] -- Installing: /home/jetson/slash_ws/install/vesc_msgs/share/vesc_msgs/cmake/vesc_msgsConfig-version.cmake
[23.627s] -- Installing: /home/jetson/slash_ws/install/vesc_msgs/share/vesc_msgs/package.xml
[23.636s] Invoked command in '/home/jetson/slash_ws/build/vesc_msgs' returned '0': CMAKE_PREFIX_PATH=${CMAKE_PREFIX_PATH}:/home/jetson/slash_ws/install/f1tenth_stack:/home/jetson/slash_ws/install/twist_to_ackermann:/home/jetson/slash_ws/install/joy_teleop:/home/jetson/slash_ws/install/my_converter:/home/jetson/slash_ws/install/mouse_teleop:/home/jetson/slash_ws/install/key_teleop:/opt/ros/foxy /usr/bin/cmake --install /home/jetson/slash_ws/build/vesc_msgs
