[0.509s] Invoking command in '/home/jetson/slash_ws/build/livox_ros_driver2': CMAKE_PREFIX_PATH=/opt/ros/foxy /usr/bin/cmake --build /home/jetson/slash_ws/build/livox_ros_driver2 -- -j8 -l8
[0.923s] [  3%] Built target livox_interfaces2__cpp
[0.923s] [  8%] Built target livox_interfaces2__rosidl_generator_c
[0.923s] [ 12%] Built target livox_ros_driver2_node
[0.925s] [ 35%] Built target livox_interfaces2__rosidl_typesupport_introspection_c
[0.926s] [ 38%] Built target livox_interfaces2__rosidl_typesupport_introspection_cpp
[0.928s] [ 38%] Built target livox_interfaces2__rosidl_typesupport_cpp
[0.929s] [ 40%] Built target livox_interfaces2__rosidl_typesupport_c
[0.929s] [ 47%] Built target livox_interfaces2__rosidl_typesupport_fastrtps_cpp
[0.929s] [ 54%] Built target livox_interfaces2__rosidl_typesupport_fastrtps_c
[0.930s] [ 54%] Built target livox_interfaces2
[0.930s] [ 56%] Built target livox_interfaces2__py
[0.930s] [ 84%] Built target livox_ros_driver2
[0.930s] [ 89%] Built target livox_interfaces2__python
[0.930s] [100%] Built target livox_ros_driver2__rosidl_typesupport_fastrtps_c__pyext
[0.930s] [100%] Built target livox_ros_driver2__rosidl_typesupport_introspection_c__pyext
[0.930s] [100%] Built target livox_ros_driver2__rosidl_typesupport_c__pyext
[0.949s] Invoked command in '/home/jetson/slash_ws/build/livox_ros_driver2' returned '0': CMAKE_PREFIX_PATH=/opt/ros/foxy /usr/bin/cmake --build /home/jetson/slash_ws/build/livox_ros_driver2 -- -j8 -l8
[1.184s] Invoking command in '/home/jetson/slash_ws/build/livox_ros_driver2': CMAKE_PREFIX_PATH=/opt/ros/foxy /usr/bin/cmake --install /home/jetson/slash_ws/build/livox_ros_driver2
[1.271s] -- Install configuration: ""
[1.271s] -- Execute custom install script
[1.272s] -- Up-to-date symlink: /home/jetson/slash_ws/install/livox_ros_driver2/share/ament_index/resource_index/rosidl_interfaces/livox_ros_driver2
[1.272s] -- Up-to-date symlink: /home/jetson/slash_ws/install/livox_ros_driver2/include/livox_ros_driver2/msg/custom_msg.h
[1.272s] -- Up-to-date symlink: /home/jetson/slash_ws/install/livox_ros_driver2/include/livox_ros_driver2/msg/custom_point.h
[1.272s] -- Up-to-date symlink: /home/jetson/slash_ws/install/livox_ros_driver2/include/livox_ros_driver2/msg/detail/custom_msg__functions.h
[1.272s] -- Up-to-date symlink: /home/jetson/slash_ws/install/livox_ros_driver2/include/livox_ros_driver2/msg/detail/custom_msg__struct.h
[1.273s] -- Up-to-date symlink: /home/jetson/slash_ws/install/livox_ros_driver2/include/livox_ros_driver2/msg/detail/custom_msg__type_support.h
[1.273s] -- Up-to-date symlink: /home/jetson/slash_ws/install/livox_ros_driver2/include/livox_ros_driver2/msg/detail/custom_point__functions.h
[1.273s] -- Up-to-date symlink: /home/jetson/slash_ws/install/livox_ros_driver2/include/livox_ros_driver2/msg/detail/custom_point__struct.h
[1.274s] -- Up-to-date symlink: /home/jetson/slash_ws/install/livox_ros_driver2/include/livox_ros_driver2/msg/detail/custom_point__type_support.h
[1.274s] -- Up-to-date symlink: /home/jetson/slash_ws/install/livox_ros_driver2/include/livox_ros_driver2/msg/rosidl_generator_c__visibility_control.h
[1.275s] -- Up-to-date symlink: /home/jetson/slash_ws/install/livox_ros_driver2/share/livox_ros_driver2/environment/library_path.sh
[1.275s] -- Up-to-date symlink: /home/jetson/slash_ws/install/livox_ros_driver2/share/livox_ros_driver2/environment/library_path.dsv
[1.275s] -- Up-to-date symlink: /home/jetson/slash_ws/install/livox_ros_driver2/include/livox_ros_driver2/msg/detail/custom_msg__rosidl_typesupport_fastrtps_c.h
[1.275s] -- Up-to-date symlink: /home/jetson/slash_ws/install/livox_ros_driver2/include/livox_ros_driver2/msg/detail/custom_point__rosidl_typesupport_fastrtps_c.h
[1.275s] -- Up-to-date symlink: /home/jetson/slash_ws/install/livox_ros_driver2/include/livox_ros_driver2/msg/rosidl_typesupport_fastrtps_c__visibility_control.h
[1.275s] -- Up-to-date symlink: /home/jetson/slash_ws/install/livox_ros_driver2/lib/liblivox_ros_driver2__rosidl_typesupport_fastrtps_c.so
[1.275s] -- Up-to-date symlink: /home/jetson/slash_ws/install/livox_ros_driver2/include/livox_ros_driver2/msg/detail/custom_msg__rosidl_typesupport_fastrtps_cpp.hpp
[1.275s] -- Up-to-date symlink: /home/jetson/slash_ws/install/livox_ros_driver2/include/livox_ros_driver2/msg/detail/custom_point__rosidl_typesupport_fastrtps_cpp.hpp
[1.275s] -- Up-to-date symlink: /home/jetson/slash_ws/install/livox_ros_driver2/include/livox_ros_driver2/msg/rosidl_typesupport_fastrtps_cpp__visibility_control.h
[1.276s] -- Up-to-date symlink: /home/jetson/slash_ws/install/livox_ros_driver2/lib/liblivox_ros_driver2__rosidl_typesupport_fastrtps_cpp.so
[1.276s] -- Up-to-date symlink: /home/jetson/slash_ws/install/livox_ros_driver2/include/livox_ros_driver2/msg/detail/custom_msg__rosidl_typesupport_introspection_c.h
[1.276s] -- Up-to-date symlink: /home/jetson/slash_ws/install/livox_ros_driver2/include/livox_ros_driver2/msg/detail/custom_point__rosidl_typesupport_introspection_c.h
[1.276s] -- Up-to-date symlink: /home/jetson/slash_ws/install/livox_ros_driver2/include/livox_ros_driver2/msg/rosidl_typesupport_introspection_c__visibility_control.h
[1.276s] -- Up-to-date symlink: /home/jetson/slash_ws/install/livox_ros_driver2/include/livox_ros_driver2/msg/custom_msg.hpp
[1.276s] -- Up-to-date symlink: /home/jetson/slash_ws/install/livox_ros_driver2/include/livox_ros_driver2/msg/custom_point.hpp
[1.276s] -- Up-to-date symlink: /home/jetson/slash_ws/install/livox_ros_driver2/include/livox_ros_driver2/msg/detail/custom_msg__builder.hpp
[1.276s] -- Up-to-date symlink: /home/jetson/slash_ws/install/livox_ros_driver2/include/livox_ros_driver2/msg/detail/custom_msg__struct.hpp
[1.276s] -- Up-to-date symlink: /home/jetson/slash_ws/install/livox_ros_driver2/include/livox_ros_driver2/msg/detail/custom_msg__traits.hpp
[1.276s] -- Up-to-date symlink: /home/jetson/slash_ws/install/livox_ros_driver2/include/livox_ros_driver2/msg/detail/custom_msg__type_support.hpp
[1.277s] -- Up-to-date symlink: /home/jetson/slash_ws/install/livox_ros_driver2/include/livox_ros_driver2/msg/detail/custom_point__builder.hpp
[1.277s] -- Up-to-date symlink: /home/jetson/slash_ws/install/livox_ros_driver2/include/livox_ros_driver2/msg/detail/custom_point__struct.hpp
[1.277s] -- Up-to-date symlink: /home/jetson/slash_ws/install/livox_ros_driver2/include/livox_ros_driver2/msg/detail/custom_point__traits.hpp
[1.277s] -- Up-to-date symlink: /home/jetson/slash_ws/install/livox_ros_driver2/include/livox_ros_driver2/msg/detail/custom_point__type_support.hpp
[1.277s] -- Up-to-date symlink: /home/jetson/slash_ws/install/livox_ros_driver2/include/livox_ros_driver2/msg/rosidl_generator_cpp__visibility_control.hpp
[1.277s] -- Up-to-date symlink: /home/jetson/slash_ws/install/livox_ros_driver2/include/livox_ros_driver2/msg/detail/custom_msg__rosidl_typesupport_introspection_cpp.hpp
[1.277s] -- Up-to-date symlink: /home/jetson/slash_ws/install/livox_ros_driver2/include/livox_ros_driver2/msg/detail/custom_point__rosidl_typesupport_introspection_cpp.hpp
[1.277s] -- Up-to-date symlink: /home/jetson/slash_ws/install/livox_ros_driver2/share/livox_ros_driver2/environment/pythonpath.sh
[1.277s] -- Up-to-date symlink: /home/jetson/slash_ws/install/livox_ros_driver2/share/livox_ros_driver2/environment/pythonpath.dsv
[1.277s] -- Up-to-date symlink: /home/jetson/slash_ws/install/livox_ros_driver2/lib/python3.8/site-packages/livox_ros_driver2/__init__.py
[1.278s] -- Up-to-date symlink: /home/jetson/slash_ws/install/livox_ros_driver2/lib/python3.8/site-packages/livox_ros_driver2/msg/__init__.py
[1.278s] -- Up-to-date symlink: /home/jetson/slash_ws/install/livox_ros_driver2/lib/python3.8/site-packages/livox_ros_driver2/msg/_custom_msg.py
[1.278s] -- Up-to-date symlink: /home/jetson/slash_ws/install/livox_ros_driver2/lib/python3.8/site-packages/livox_ros_driver2/msg/_custom_point.py
[1.278s] -- Up-to-date symlink: /home/jetson/slash_ws/install/livox_ros_driver2/lib/python3.8/site-packages/livox_ros_driver2/livox_ros_driver2_s__rosidl_typesupport_fastrtps_c.cpython-38-aarch64-linux-gnu.so
[1.278s] -- Up-to-date symlink: /home/jetson/slash_ws/install/livox_ros_driver2/lib/python3.8/site-packages/livox_ros_driver2/livox_ros_driver2_s__rosidl_typesupport_introspection_c.cpython-38-aarch64-linux-gnu.so
[1.278s] -- Up-to-date symlink: /home/jetson/slash_ws/install/livox_ros_driver2/lib/python3.8/site-packages/livox_ros_driver2/livox_ros_driver2_s__rosidl_typesupport_c.cpython-38-aarch64-linux-gnu.so
[1.278s] -- Up-to-date symlink: /home/jetson/slash_ws/install/livox_ros_driver2/lib/liblivox_interfaces2__python.so
[1.278s] -- Up-to-date symlink: /home/jetson/slash_ws/install/livox_ros_driver2/share/livox_ros_driver2/msg/CustomPoint.idl
[1.278s] -- Up-to-date symlink: /home/jetson/slash_ws/install/livox_ros_driver2/share/livox_ros_driver2/msg/CustomMsg.idl
[1.278s] -- Up-to-date symlink: /home/jetson/slash_ws/install/livox_ros_driver2/share/livox_ros_driver2/msg/CustomPoint.msg
[1.279s] -- Up-to-date symlink: /home/jetson/slash_ws/install/livox_ros_driver2/share/livox_ros_driver2/msg/CustomMsg.msg
[1.279s] -- Up-to-date symlink: /home/jetson/slash_ws/install/livox_ros_driver2/lib/livox_ros_driver2/livox_ros_driver2_node
[1.279s] -- Up-to-date symlink: /home/jetson/slash_ws/install/livox_ros_driver2/lib/liblivox_ros_driver2.so
[1.279s] -- Up-to-date symlink: /home/jetson/slash_ws/install/livox_ros_driver2/share/livox_ros_driver2/config/HAP_config.json
[1.279s] -- Up-to-date symlink: /home/jetson/slash_ws/install/livox_ros_driver2/share/livox_ros_driver2/config/MID360_config.json
[1.279s] -- Up-to-date symlink: /home/jetson/slash_ws/install/livox_ros_driver2/share/livox_ros_driver2/config/display_point_cloud.rviz
[1.279s] -- Up-to-date symlink: /home/jetson/slash_ws/install/livox_ros_driver2/share/livox_ros_driver2/config/mixed_HAP_MID360_config.json
[1.279s] -- Up-to-date symlink: /home/jetson/slash_ws/install/livox_ros_driver2/share/livox_ros_driver2/launch/msg_HAP_launch.py
[1.279s] -- Up-to-date symlink: /home/jetson/slash_ws/install/livox_ros_driver2/share/livox_ros_driver2/launch/msg_MID360_launch.py
[1.279s] -- Up-to-date symlink: /home/jetson/slash_ws/install/livox_ros_driver2/share/livox_ros_driver2/launch/rviz_HAP_launch.py
[1.279s] -- Up-to-date symlink: /home/jetson/slash_ws/install/livox_ros_driver2/share/livox_ros_driver2/launch/rviz_MID360_launch.py
[1.280s] -- Up-to-date symlink: /home/jetson/slash_ws/install/livox_ros_driver2/share/livox_ros_driver2/launch/rviz_mixed.py
[1.280s] -- Up-to-date symlink: /home/jetson/slash_ws/install/livox_ros_driver2/share/ament_index/resource_index/package_run_dependencies/livox_ros_driver2
[1.280s] -- Up-to-date symlink: /home/jetson/slash_ws/install/livox_ros_driver2/share/ament_index/resource_index/parent_prefix_path/livox_ros_driver2
[1.280s] -- Up-to-date symlink: /home/jetson/slash_ws/install/livox_ros_driver2/share/livox_ros_driver2/environment/ament_prefix_path.sh
[1.280s] -- Up-to-date symlink: /home/jetson/slash_ws/install/livox_ros_driver2/share/livox_ros_driver2/environment/ament_prefix_path.dsv
[1.280s] -- Up-to-date symlink: /home/jetson/slash_ws/install/livox_ros_driver2/share/livox_ros_driver2/environment/path.sh
[1.280s] -- Up-to-date symlink: /home/jetson/slash_ws/install/livox_ros_driver2/share/livox_ros_driver2/environment/path.dsv
[1.280s] -- Up-to-date symlink: /home/jetson/slash_ws/install/livox_ros_driver2/share/livox_ros_driver2/local_setup.bash
[1.280s] -- Up-to-date symlink: /home/jetson/slash_ws/install/livox_ros_driver2/share/livox_ros_driver2/local_setup.sh
[1.280s] -- Up-to-date symlink: /home/jetson/slash_ws/install/livox_ros_driver2/share/livox_ros_driver2/local_setup.zsh
[1.281s] -- Up-to-date symlink: /home/jetson/slash_ws/install/livox_ros_driver2/share/livox_ros_driver2/local_setup.dsv
[1.281s] -- Symlinking: /home/jetson/slash_ws/install/livox_ros_driver2/share/livox_ros_driver2/package.dsv
[1.281s] -- Up-to-date symlink: /home/jetson/slash_ws/install/livox_ros_driver2/share/ament_index/resource_index/packages/livox_ros_driver2
[1.281s] -- Up-to-date symlink: /home/jetson/slash_ws/install/livox_ros_driver2/share/ament_index/resource_index/rclcpp_components/livox_ros_driver2
[1.281s] -- Up-to-date symlink: /home/jetson/slash_ws/install/livox_ros_driver2/share/livox_ros_driver2/cmake/rosidl_cmake-extras.cmake
[1.282s] -- Up-to-date symlink: /home/jetson/slash_ws/install/livox_ros_driver2/share/livox_ros_driver2/cmake/ament_cmake_export_dependencies-extras.cmake
[1.282s] -- Up-to-date symlink: /home/jetson/slash_ws/install/livox_ros_driver2/share/livox_ros_driver2/cmake/ament_cmake_export_libraries-extras.cmake
[1.282s] -- Up-to-date symlink: /home/jetson/slash_ws/install/livox_ros_driver2/share/livox_ros_driver2/cmake/ament_cmake_export_targets-extras.cmake
[1.282s] -- Up-to-date symlink: /home/jetson/slash_ws/install/livox_ros_driver2/share/livox_ros_driver2/cmake/ament_cmake_export_include_directories-extras.cmake
[1.282s] -- Up-to-date symlink: /home/jetson/slash_ws/install/livox_ros_driver2/share/livox_ros_driver2/cmake/rosidl_cmake_export_typesupport_libraries-extras.cmake
[1.282s] -- Up-to-date symlink: /home/jetson/slash_ws/install/livox_ros_driver2/share/livox_ros_driver2/cmake/rosidl_cmake_export_typesupport_targets-extras.cmake
[1.282s] -- Up-to-date symlink: /home/jetson/slash_ws/install/livox_ros_driver2/share/livox_ros_driver2/cmake/livox_ros_driver2Config.cmake
[1.282s] -- Up-to-date symlink: /home/jetson/slash_ws/install/livox_ros_driver2/share/livox_ros_driver2/cmake/livox_ros_driver2Config-version.cmake
[1.282s] -- Up-to-date symlink: /home/jetson/slash_ws/install/livox_ros_driver2/share/livox_ros_driver2/package.xml
[1.282s] -- Up-to-date: /home/jetson/slash_ws/install/livox_ros_driver2/lib/liblivox_ros_driver2__rosidl_generator_c.so
[1.283s] -- Up-to-date: /home/jetson/slash_ws/install/livox_ros_driver2/lib/liblivox_ros_driver2__rosidl_typesupport_introspection_c.so
[1.283s] -- Up-to-date: /home/jetson/slash_ws/install/livox_ros_driver2/lib/liblivox_ros_driver2__rosidl_typesupport_c.so
[1.283s] -- Up-to-date: /home/jetson/slash_ws/install/livox_ros_driver2/lib/liblivox_ros_driver2__rosidl_typesupport_introspection_cpp.so
[1.283s] -- Up-to-date: /home/jetson/slash_ws/install/livox_ros_driver2/lib/liblivox_ros_driver2__rosidl_typesupport_cpp.so
[1.348s] -- Up-to-date: /home/jetson/slash_ws/install/livox_ros_driver2/share/livox_ros_driver2/cmake/livox_interfaces2__rosidl_generator_cExport.cmake
[1.349s] -- Up-to-date: /home/jetson/slash_ws/install/livox_ros_driver2/share/livox_ros_driver2/cmake/livox_interfaces2__rosidl_generator_cExport-noconfig.cmake
[1.349s] -- Up-to-date: /home/jetson/slash_ws/install/livox_ros_driver2/share/livox_ros_driver2/cmake/livox_interfaces2__rosidl_typesupport_introspection_cExport.cmake
[1.349s] -- Up-to-date: /home/jetson/slash_ws/install/livox_ros_driver2/share/livox_ros_driver2/cmake/livox_interfaces2__rosidl_typesupport_introspection_cExport-noconfig.cmake
[1.349s] -- Up-to-date: /home/jetson/slash_ws/install/livox_ros_driver2/share/livox_ros_driver2/cmake/livox_interfaces2__rosidl_typesupport_cExport.cmake
[1.349s] -- Up-to-date: /home/jetson/slash_ws/install/livox_ros_driver2/share/livox_ros_driver2/cmake/livox_interfaces2__rosidl_typesupport_cExport-noconfig.cmake
[1.349s] -- Up-to-date: /home/jetson/slash_ws/install/livox_ros_driver2/share/livox_ros_driver2/cmake/livox_interfaces2__rosidl_generator_cppExport.cmake
[1.351s] -- Up-to-date: /home/jetson/slash_ws/install/livox_ros_driver2/share/livox_ros_driver2/cmake/livox_interfaces2__rosidl_typesupport_introspection_cppExport.cmake
[1.353s] -- Up-to-date: /home/jetson/slash_ws/install/livox_ros_driver2/share/livox_ros_driver2/cmake/livox_interfaces2__rosidl_typesupport_introspection_cppExport-noconfig.cmake
[1.353s] -- Up-to-date: /home/jetson/slash_ws/install/livox_ros_driver2/share/livox_ros_driver2/cmake/livox_interfaces2__rosidl_typesupport_cppExport.cmake
[1.354s] -- Up-to-date: /home/jetson/slash_ws/install/livox_ros_driver2/share/livox_ros_driver2/cmake/livox_interfaces2__rosidl_typesupport_cppExport-noconfig.cmake
[1.419s] Invoked command in '/home/jetson/slash_ws/build/livox_ros_driver2' returned '0': CMAKE_PREFIX_PATH=/opt/ros/foxy /usr/bin/cmake --install /home/jetson/slash_ws/build/livox_ros_driver2
