[1.467s] Invoking command in '/home/jetson/slash_ws/build/joy_teleop': AMENT_PREFIX_PATH=/home/jetson/slash_ws/install/teleop_tools_msgs:${AMENT_PREFIX_PATH} CMAKE_PREFIX_PATH=/home/jetson/slash_ws/install/teleop_tools_msgs LD_LIBRARY_PATH=/home/jetson/slash_ws/install/teleop_tools_msgs/lib:/usr/lib/aarch64-linux-gnu/gazebo-11/plugins:/opt/ros/foxy/opt/yaml_cpp_vendor/lib:/opt/ros/foxy/opt/rviz_ogre_vendor/lib:/opt/ros/foxy/lib/aarch64-linux-gnu:/opt/ros/foxy/lib:/usr/local/cuda-11.4/lib64 PYTHONPATH=/home/jetson/slash_ws/build/joy_teleop/prefix_override:/usr/lib/python3/dist-packages/colcon_core/task/python/colcon_distutils_commands:/home/jetson/slash_ws/install/joy_teleop/lib/python3.8/site-packages:/home/jetson/slash_ws/install/teleop_tools_msgs/lib/python3.8/site-packages:${PYTHONPATH} /usr/bin/python3 -W ignore:setup.py install is deprecated setup.py develop --editable --build-directory /home/jetson/slash_ws/build/joy_teleop/build --no-deps symlink_data --force
[1.884s] running develop
[2.105s] running egg_info
[2.106s] writing joy_teleop.egg-info/PKG-INFO
[2.106s] writing dependency_links to joy_teleop.egg-info/dependency_links.txt
[2.107s] writing entry points to joy_teleop.egg-info/entry_points.txt
[2.107s] writing requirements to joy_teleop.egg-info/requires.txt
[2.108s] writing top-level names to joy_teleop.egg-info/top_level.txt
[2.162s] reading manifest file 'joy_teleop.egg-info/SOURCES.txt'
[2.164s] writing manifest file 'joy_teleop.egg-info/SOURCES.txt'
[2.226s] running build_ext
[2.227s] Creating /home/jetson/slash_ws/install/joy_teleop/lib/python3.8/site-packages/site.py
[2.231s] Creating /home/jetson/slash_ws/install/joy_teleop/lib/python3.8/site-packages/joy-teleop.egg-link (link to .)
[2.232s] Installing incrementer_server script to /home/jetson/slash_ws/install/joy_teleop/lib/joy_teleop
[2.233s] Installing joy_teleop script to /home/jetson/slash_ws/install/joy_teleop/lib/joy_teleop
[2.233s] 
[2.233s] Installed /home/jetson/slash_ws/build/joy_teleop
[2.234s] running symlink_data
[2.234s] symbolically linking /home/jetson/slash_ws/build/joy_teleop/package.xml -> /home/jetson/slash_ws/install/joy_teleop/share/joy_teleop
[2.234s] symbolically linking /home/jetson/slash_ws/build/joy_teleop/config/joy_teleop_example.yaml -> /home/jetson/slash_ws/install/joy_teleop/share/joy_teleop/config
[2.234s] symbolically linking /home/jetson/slash_ws/build/joy_teleop/launch/example.launch.py -> /home/jetson/slash_ws/install/joy_teleop/share/joy_teleop/launch
[2.234s] symbolically linking /home/jetson/slash_ws/build/joy_teleop/resource/joy_teleop -> /home/jetson/slash_ws/install/joy_teleop/share/ament_index/resource_index/packages
[2.329s] Invoked command in '/home/jetson/slash_ws/build/joy_teleop' returned '0': AMENT_PREFIX_PATH=/home/jetson/slash_ws/install/teleop_tools_msgs:${AMENT_PREFIX_PATH} CMAKE_PREFIX_PATH=/home/jetson/slash_ws/install/teleop_tools_msgs LD_LIBRARY_PATH=/home/jetson/slash_ws/install/teleop_tools_msgs/lib:/usr/lib/aarch64-linux-gnu/gazebo-11/plugins:/opt/ros/foxy/opt/yaml_cpp_vendor/lib:/opt/ros/foxy/opt/rviz_ogre_vendor/lib:/opt/ros/foxy/lib/aarch64-linux-gnu:/opt/ros/foxy/lib:/usr/local/cuda-11.4/lib64 PYTHONPATH=/home/jetson/slash_ws/build/joy_teleop/prefix_override:/usr/lib/python3/dist-packages/colcon_core/task/python/colcon_distutils_commands:/home/jetson/slash_ws/install/joy_teleop/lib/python3.8/site-packages:/home/jetson/slash_ws/install/teleop_tools_msgs/lib/python3.8/site-packages:${PYTHONPATH} /usr/bin/python3 -W ignore:setup.py install is deprecated setup.py develop --editable --build-directory /home/jetson/slash_ws/build/joy_teleop/build --no-deps symlink_data --force
