[0.075s] Invoking command in '/home/jetson/slash_ws/build/ackermann_mux': CMAKE_PREFIX_PATH=/opt/ros/foxy /usr/bin/cmake /home/jetson/slash_ws/src/slash_hardware/f1tenth_system/ackermann_mux -DAMENT_CMAKE_SYMLINK_INSTALL=1 -DCMAKE_INSTALL_PREFIX=/home/jetson/slash_ws/install/ackermann_mux
[0.957s] -- The C compiler identification is GNU 9.4.0
[0.957s] -- The CXX compiler identification is GNU 9.4.0
[0.957s] -- Check for working C compiler: /usr/bin/cc
[0.957s] -- Check for working C compiler: /usr/bin/cc -- works
[0.957s] -- Detecting C compiler ABI info
[0.958s] -- Detecting C compiler ABI info - done
[0.958s] -- Detecting C compile features
[0.958s] -- Detecting C compile features - done
[0.958s] -- Check for working CXX compiler: /usr/bin/c++
[0.958s] -- Check for working CXX compiler: /usr/bin/c++ -- works
[0.958s] -- Detecting CXX compiler ABI info
[0.979s] -- Detecting CXX compiler ABI info - done
[0.996s] -- Detecting CXX compile features
[0.996s] -- Detecting CXX compile features - done
[1.001s] -- Found ament_cmake: 0.9.12 (/opt/ros/foxy/share/ament_cmake/cmake)
[1.051s] -- Found PythonInterp: /usr/bin/python3 (found suitable version "3.8.10", minimum required is "3") 
[1.054s] -- Using PYTHON_EXECUTABLE: /usr/bin/python3
[1.384s] -- Override CMake install command with custom implementation using symlinks instead of copying resources
[1.428s] -- Found rclcpp: 2.4.3 (/opt/ros/foxy/share/rclcpp/cmake)
[1.507s] -- Using all available rosidl_typesupport_c: rosidl_typesupport_fastrtps_c;rosidl_typesupport_introspection_c
[1.519s] -- Found rosidl_adapter: 1.3.1 (/opt/ros/foxy/share/rosidl_adapter/cmake)
[1.683s] -- Found OpenSSL: /usr/lib/aarch64-linux-gnu/libcrypto.so (found version "1.1.1f")  
[1.739s] -- Found FastRTPS: /opt/ros/foxy/include  
[1.875s] -- Using all available rosidl_typesupport_cpp: rosidl_typesupport_fastrtps_cpp;rosidl_typesupport_introspection_cpp
[1.983s] -- Found rmw_implementation_cmake: 1.0.4 (/opt/ros/foxy/share/rmw_implementation_cmake/cmake)
[1.987s] -- Using RMW implementation 'rmw_fastrtps_cpp' as default
[1.989s] -- Looking for pthread.h
[2.175s] -- Looking for pthread.h - found
[2.175s] -- Performing Test CMAKE_HAVE_LIBC_PTHREAD
[2.314s] -- Performing Test CMAKE_HAVE_LIBC_PTHREAD - Failed
[2.315s] -- Looking for pthread_create in pthreads
[2.429s] -- Looking for pthread_create in pthreads - not found
[2.430s] -- Looking for pthread_create in pthread
[2.559s] -- Looking for pthread_create in pthread - found
[2.562s] -- Found Threads: TRUE  
[2.806s] -- Found ackermann_msgs: 2.0.2 (/opt/ros/foxy/share/ackermann_msgs/cmake)
[2.860s] -- Found diagnostic_updater: 3.1.2 (/opt/ros/foxy/share/diagnostic_updater/cmake)
[2.959s] -- Found ament_lint_auto: 0.9.8 (/opt/ros/foxy/share/ament_lint_auto/cmake)
[3.133s] -- Found python_cmake_module: 0.8.1 (/opt/ros/foxy/share/python_cmake_module/cmake)
[3.173s] -- Found PythonInterp: /usr/bin/python3 (found suitable version "3.8.10", minimum required is "3.5") 
[3.196s] -- Found PythonLibs: /usr/lib/aarch64-linux-gnu/libpython3.8.so (found suitable version "3.8.10", minimum required is "3.5") 
[3.197s] -- Using PYTHON_EXECUTABLE: /usr/bin/python3
[3.197s] -- Using PYTHON_INCLUDE_DIRS: /usr/include/python3.8
[3.197s] -- Using PYTHON_LIBRARIES: /usr/lib/aarch64-linux-gnu/libpython3.8.so
[3.251s] -- Found PythonExtra: .so  
[3.296s] -- Added test 'xmllint' to check XML markup files
[3.298s] -- Added test 'copyright' to check source files copyright and LICENSE
[3.302s] -- Added test 'cppcheck' to perform static code analysis on C / C++ code
[3.302s] -- Configured cppcheck include dirs: /home/jetson/slash_ws/src/slash_hardware/f1tenth_system/ackermann_mux/include
[3.302s] -- Configured cppcheck exclude dirs and/or files: 
[3.305s] -- Added test 'cpplint' to check C / C++ code against the Google style
[3.305s] -- Configured cpplint exclude dirs and/or files: 
[3.306s] -- Added test 'flake8' to check Python code syntax and style conventions
[3.308s] -- Added test 'lint_cmake' to check CMake code style
[3.309s] -- Added test 'pep257' to check Python code against some of the style conventions in PEP 257
[3.311s] -- Added test 'uncrustify' to check C / C++ code style
[3.312s] -- Configured uncrustify additional arguments: 
[3.321s] -- Configuring done
[3.335s] -- Generating done
[3.338s] -- Build files have been written to: /home/jetson/slash_ws/build/ackermann_mux
[3.366s] Invoked command in '/home/jetson/slash_ws/build/ackermann_mux' returned '0': CMAKE_PREFIX_PATH=/opt/ros/foxy /usr/bin/cmake /home/jetson/slash_ws/src/slash_hardware/f1tenth_system/ackermann_mux -DAMENT_CMAKE_SYMLINK_INSTALL=1 -DCMAKE_INSTALL_PREFIX=/home/jetson/slash_ws/install/ackermann_mux
[3.371s] Invoking command in '/home/jetson/slash_ws/build/ackermann_mux': CMAKE_PREFIX_PATH=/opt/ros/foxy /usr/bin/cmake --build /home/jetson/slash_ws/build/ackermann_mux -- -j8 -l8
[3.475s] [35m[1mScanning dependencies of target ackermann_mux[0m
[3.641s] [ 25%] [32mBuilding CXX object CMakeFiles/ackermann_mux.dir/src/ackermann_mux.cpp.o[0m
[3.660s] [ 50%] [32mBuilding CXX object CMakeFiles/ackermann_mux.dir/src/ackermann_mux_node.cpp.o[0m
[3.673s] [ 75%] [32mBuilding CXX object CMakeFiles/ackermann_mux.dir/src/ackermann_mux_diagnostics.cpp.o[0m
[33.256s] [100%] [32m[1mLinking CXX executable ackermann_mux[0m
[34.359s] [100%] Built target ackermann_mux
[34.430s] Invoked command in '/home/jetson/slash_ws/build/ackermann_mux' returned '0': CMAKE_PREFIX_PATH=/opt/ros/foxy /usr/bin/cmake --build /home/jetson/slash_ws/build/ackermann_mux -- -j8 -l8
[34.613s] Invoking command in '/home/jetson/slash_ws/build/ackermann_mux': CMAKE_PREFIX_PATH=/opt/ros/foxy /usr/bin/cmake --install /home/jetson/slash_ws/build/ackermann_mux
[39.835s] -- Install configuration: ""
[39.842s] -- Execute custom install script
[39.843s] -- Symlinking: /home/jetson/slash_ws/install/ackermann_mux/lib/ackermann_mux/ackermann_mux
[39.843s] -- Symlinking: /home/jetson/slash_ws/install/ackermann_mux/share/ackermann_mux/launch/ackermann_mux_launch.py
[39.843s] -- Symlinking: /home/jetson/slash_ws/install/ackermann_mux/share/ackermann_mux/config/ackermann_mux_locks.yaml
[39.843s] -- Symlinking: /home/jetson/slash_ws/install/ackermann_mux/share/ackermann_mux/config/ackermann_mux_topics.yaml
[39.843s] -- Symlinking: /home/jetson/slash_ws/install/ackermann_mux/share/ackermann_mux/config/joystick.yaml
[39.843s] -- Symlinking: /home/jetson/slash_ws/install/ackermann_mux/include/ackermann_mux/ackermann_mux.hpp
[39.843s] -- Symlinking: /home/jetson/slash_ws/install/ackermann_mux/include/ackermann_mux/ackermann_mux_diagnostics.hpp
[39.843s] -- Symlinking: /home/jetson/slash_ws/install/ackermann_mux/include/ackermann_mux/ackermann_mux_diagnostics_status.hpp
[39.843s] -- Symlinking: /home/jetson/slash_ws/install/ackermann_mux/include/ackermann_mux/params_helpers.hpp
[39.844s] -- Symlinking: /home/jetson/slash_ws/install/ackermann_mux/include/ackermann_mux/topic_handle.hpp
[39.844s] -- Symlinking: /home/jetson/slash_ws/install/ackermann_mux/include/ackermann_mux/utils.hpp
[39.844s] -- Symlinking: /home/jetson/slash_ws/install/ackermann_mux/share/ament_index/resource_index/package_run_dependencies/ackermann_mux
[39.844s] -- Symlinking: /home/jetson/slash_ws/install/ackermann_mux/share/ament_index/resource_index/parent_prefix_path/ackermann_mux
[39.844s] -- Symlinking: /home/jetson/slash_ws/install/ackermann_mux/share/ackermann_mux/environment/ament_prefix_path.sh
[39.844s] -- Symlinking: /home/jetson/slash_ws/install/ackermann_mux/share/ackermann_mux/environment/ament_prefix_path.dsv
[39.844s] -- Symlinking: /home/jetson/slash_ws/install/ackermann_mux/share/ackermann_mux/environment/path.sh
[39.844s] -- Symlinking: /home/jetson/slash_ws/install/ackermann_mux/share/ackermann_mux/environment/path.dsv
[39.844s] -- Symlinking: /home/jetson/slash_ws/install/ackermann_mux/share/ackermann_mux/local_setup.bash
[39.844s] -- Symlinking: /home/jetson/slash_ws/install/ackermann_mux/share/ackermann_mux/local_setup.sh
[39.845s] -- Symlinking: /home/jetson/slash_ws/install/ackermann_mux/share/ackermann_mux/local_setup.zsh
[39.845s] -- Symlinking: /home/jetson/slash_ws/install/ackermann_mux/share/ackermann_mux/local_setup.dsv
[39.845s] -- Symlinking: /home/jetson/slash_ws/install/ackermann_mux/share/ackermann_mux/package.dsv
[39.845s] -- Symlinking: /home/jetson/slash_ws/install/ackermann_mux/share/ament_index/resource_index/packages/ackermann_mux
[39.845s] -- Symlinking: /home/jetson/slash_ws/install/ackermann_mux/share/ackermann_mux/cmake/ament_cmake_export_include_directories-extras.cmake
[39.845s] -- Symlinking: /home/jetson/slash_ws/install/ackermann_mux/share/ackermann_mux/cmake/ament_cmake_export_dependencies-extras.cmake
[39.845s] -- Symlinking: /home/jetson/slash_ws/install/ackermann_mux/share/ackermann_mux/cmake/ackermann_muxConfig.cmake
[39.845s] -- Symlinking: /home/jetson/slash_ws/install/ackermann_mux/share/ackermann_mux/cmake/ackermann_muxConfig-version.cmake
[39.845s] -- Symlinking: /home/jetson/slash_ws/install/ackermann_mux/share/ackermann_mux/package.xml
[39.882s] Invoked command in '/home/jetson/slash_ws/build/ackermann_mux' returned '0': CMAKE_PREFIX_PATH=/opt/ros/foxy /usr/bin/cmake --install /home/jetson/slash_ws/build/ackermann_mux
