[0.071s] Invoking command in '/home/jetson/slash_ws/build/fast_lio': AMENT_PREFIX_PATH=/home/jetson/slash_ws/install/livox_ros_driver2:${AMENT_PREFIX_PATH} CMAKE_PREFIX_PATH=/home/jetson/slash_ws/install/livox_ros_driver2:/opt/ros/foxy LD_LIBRARY_PATH=/home/jetson/slash_ws/install/livox_ros_driver2/lib:/usr/lib/aarch64-linux-gnu/gazebo-11/plugins:/opt/ros/foxy/opt/yaml_cpp_vendor/lib:/opt/ros/foxy/opt/rviz_ogre_vendor/lib:/opt/ros/foxy/lib/aarch64-linux-gnu:/opt/ros/foxy/lib:/usr/local/cuda-11.4/lib64 PYTHONPATH=/home/jetson/slash_ws/install/livox_ros_driver2/lib/python3.8/site-packages:${PYTHONPATH} /usr/bin/cmake --build /home/jetson/slash_ws/build/fast_lio -- -j8 -l8
[0.249s] [  8%] Built target fast_lio__rosidl_generator_c
[0.257s] [ 11%] Built target fast_lio__cpp
[0.339s] [ 20%] Built target fast_lio__rosidl_typesupport_introspection_c
[0.346s] [ 28%] Built target fast_lio__rosidl_typesupport_c
[0.369s] [ 37%] Built target fast_lio__rosidl_typesupport_cpp
[0.381s] [ 45%] Built target fast_lio__rosidl_typesupport_fastrtps_cpp
[0.384s] [ 54%] Built target fast_lio__rosidl_typesupport_introspection_cpp
[0.440s] [ 62%] Built target fast_lio__rosidl_typesupport_fastrtps_c
[0.487s] [ 62%] Built target fast_lio
[0.537s] [ 65%] Built target fast_lio__py
[0.592s] [ 71%] Built target fast_lio__python
[0.652s] [ 82%] Built target fastlio_mapping
[0.689s] [ 88%] Built target fast_lio__rosidl_typesupport_c__pyext
[0.714s] [100%] Built target fast_lio__rosidl_typesupport_fastrtps_c__pyext
[0.714s] [100%] Built target fast_lio__rosidl_typesupport_introspection_c__pyext
[1.100s] Invoked command in '/home/jetson/slash_ws/build/fast_lio' returned '0': AMENT_PREFIX_PATH=/home/jetson/slash_ws/install/livox_ros_driver2:${AMENT_PREFIX_PATH} CMAKE_PREFIX_PATH=/home/jetson/slash_ws/install/livox_ros_driver2:/opt/ros/foxy LD_LIBRARY_PATH=/home/jetson/slash_ws/install/livox_ros_driver2/lib:/usr/lib/aarch64-linux-gnu/gazebo-11/plugins:/opt/ros/foxy/opt/yaml_cpp_vendor/lib:/opt/ros/foxy/opt/rviz_ogre_vendor/lib:/opt/ros/foxy/lib/aarch64-linux-gnu:/opt/ros/foxy/lib:/usr/local/cuda-11.4/lib64 PYTHONPATH=/home/jetson/slash_ws/install/livox_ros_driver2/lib/python3.8/site-packages:${PYTHONPATH} /usr/bin/cmake --build /home/jetson/slash_ws/build/fast_lio -- -j8 -l8
[1.242s] Invoking command in '/home/jetson/slash_ws/build/fast_lio': AMENT_PREFIX_PATH=/home/jetson/slash_ws/install/livox_ros_driver2:${AMENT_PREFIX_PATH} CMAKE_PREFIX_PATH=/home/jetson/slash_ws/install/livox_ros_driver2:/opt/ros/foxy LD_LIBRARY_PATH=/home/jetson/slash_ws/install/livox_ros_driver2/lib:/usr/lib/aarch64-linux-gnu/gazebo-11/plugins:/opt/ros/foxy/opt/yaml_cpp_vendor/lib:/opt/ros/foxy/opt/rviz_ogre_vendor/lib:/opt/ros/foxy/lib/aarch64-linux-gnu:/opt/ros/foxy/lib:/usr/local/cuda-11.4/lib64 PYTHONPATH=/home/jetson/slash_ws/install/livox_ros_driver2/lib/python3.8/site-packages:${PYTHONPATH} /usr/bin/cmake --install /home/jetson/slash_ws/build/fast_lio
[1.265s] -- Install configuration: "Release"
[1.266s] -- Execute custom install script
[1.267s] -- Up-to-date symlink: /home/jetson/slash_ws/install/fast_lio/share/ament_index/resource_index/rosidl_interfaces/fast_lio
[1.270s] -- Up-to-date symlink: /home/jetson/slash_ws/install/fast_lio/include/fast_lio/msg/detail/pose6_d__functions.h
[1.270s] -- Up-to-date symlink: /home/jetson/slash_ws/install/fast_lio/include/fast_lio/msg/detail/pose6_d__struct.h
[1.272s] -- Up-to-date symlink: /home/jetson/slash_ws/install/fast_lio/include/fast_lio/msg/detail/pose6_d__type_support.h
[1.272s] -- Up-to-date symlink: /home/jetson/slash_ws/install/fast_lio/include/fast_lio/msg/pose6_d.h
[1.272s] -- Up-to-date symlink: /home/jetson/slash_ws/install/fast_lio/include/fast_lio/msg/rosidl_generator_c__visibility_control.h
[1.273s] -- Up-to-date symlink: /home/jetson/slash_ws/install/fast_lio/share/fast_lio/environment/library_path.sh
[1.274s] -- Up-to-date symlink: /home/jetson/slash_ws/install/fast_lio/share/fast_lio/environment/library_path.dsv
[1.275s] -- Up-to-date symlink: /home/jetson/slash_ws/install/fast_lio/include/fast_lio/msg/detail/pose6_d__rosidl_typesupport_fastrtps_c.h
[1.275s] -- Up-to-date symlink: /home/jetson/slash_ws/install/fast_lio/include/fast_lio/msg/rosidl_typesupport_fastrtps_c__visibility_control.h
[1.276s] -- Up-to-date symlink: /home/jetson/slash_ws/install/fast_lio/lib/libfast_lio__rosidl_typesupport_fastrtps_c.so
[1.277s] -- Up-to-date symlink: /home/jetson/slash_ws/install/fast_lio/include/fast_lio/msg/detail/pose6_d__rosidl_typesupport_fastrtps_cpp.hpp
[1.278s] -- Up-to-date symlink: /home/jetson/slash_ws/install/fast_lio/include/fast_lio/msg/rosidl_typesupport_fastrtps_cpp__visibility_control.h
[1.279s] -- Up-to-date symlink: /home/jetson/slash_ws/install/fast_lio/lib/libfast_lio__rosidl_typesupport_fastrtps_cpp.so
[1.279s] -- Up-to-date symlink: /home/jetson/slash_ws/install/fast_lio/include/fast_lio/msg/detail/pose6_d__rosidl_typesupport_introspection_c.h
[1.280s] -- Up-to-date symlink: /home/jetson/slash_ws/install/fast_lio/include/fast_lio/msg/rosidl_typesupport_introspection_c__visibility_control.h
[1.281s] -- Up-to-date symlink: /home/jetson/slash_ws/install/fast_lio/include/fast_lio/msg/detail/pose6_d__builder.hpp
[1.281s] -- Up-to-date symlink: /home/jetson/slash_ws/install/fast_lio/include/fast_lio/msg/detail/pose6_d__struct.hpp
[1.286s] -- Up-to-date symlink: /home/jetson/slash_ws/install/fast_lio/include/fast_lio/msg/detail/pose6_d__traits.hpp
[1.286s] -- Up-to-date symlink: /home/jetson/slash_ws/install/fast_lio/include/fast_lio/msg/detail/pose6_d__type_support.hpp
[1.287s] -- Up-to-date symlink: /home/jetson/slash_ws/install/fast_lio/include/fast_lio/msg/pose6_d.hpp
[1.287s] -- Up-to-date symlink: /home/jetson/slash_ws/install/fast_lio/include/fast_lio/msg/rosidl_generator_cpp__visibility_control.hpp
[1.290s] -- Up-to-date symlink: /home/jetson/slash_ws/install/fast_lio/include/fast_lio/msg/detail/pose6_d__rosidl_typesupport_introspection_cpp.hpp
[1.290s] -- Up-to-date symlink: /home/jetson/slash_ws/install/fast_lio/share/fast_lio/environment/pythonpath.sh
[1.290s] -- Up-to-date symlink: /home/jetson/slash_ws/install/fast_lio/share/fast_lio/environment/pythonpath.dsv
[1.291s] -- Up-to-date symlink: /home/jetson/slash_ws/install/fast_lio/lib/python3.8/site-packages/fast_lio/__init__.py
[1.292s] -- Up-to-date symlink: /home/jetson/slash_ws/install/fast_lio/lib/python3.8/site-packages/fast_lio/msg/__init__.py
[1.292s] -- Up-to-date symlink: /home/jetson/slash_ws/install/fast_lio/lib/python3.8/site-packages/fast_lio/msg/_pose6_d.py
[1.294s] -- Up-to-date symlink: /home/jetson/slash_ws/install/fast_lio/lib/python3.8/site-packages/fast_lio/fast_lio_s__rosidl_typesupport_fastrtps_c.cpython-38-aarch64-linux-gnu.so
[1.295s] -- Up-to-date symlink: /home/jetson/slash_ws/install/fast_lio/lib/python3.8/site-packages/fast_lio/fast_lio_s__rosidl_typesupport_introspection_c.cpython-38-aarch64-linux-gnu.so
[1.296s] -- Up-to-date symlink: /home/jetson/slash_ws/install/fast_lio/lib/python3.8/site-packages/fast_lio/fast_lio_s__rosidl_typesupport_c.cpython-38-aarch64-linux-gnu.so
[1.297s] -- Up-to-date symlink: /home/jetson/slash_ws/install/fast_lio/lib/libfast_lio__python.so
[1.298s] -- Up-to-date symlink: /home/jetson/slash_ws/install/fast_lio/share/fast_lio/msg/Pose6D.idl
[1.298s] -- Up-to-date symlink: /home/jetson/slash_ws/install/fast_lio/share/fast_lio/msg/Pose6D.msg
[1.299s] -- Up-to-date symlink: /home/jetson/slash_ws/install/fast_lio/lib/fast_lio/fastlio_mapping
[1.301s] -- Up-to-date symlink: /home/jetson/slash_ws/install/fast_lio/share/fast_lio/config/avia.yaml
[1.301s] -- Up-to-date symlink: /home/jetson/slash_ws/install/fast_lio/share/fast_lio/config/horizon.yaml
[1.301s] -- Up-to-date symlink: /home/jetson/slash_ws/install/fast_lio/share/fast_lio/config/mid360.yaml
[1.302s] -- Up-to-date symlink: /home/jetson/slash_ws/install/fast_lio/share/fast_lio/config/ouster64.yaml
[1.302s] -- Up-to-date symlink: /home/jetson/slash_ws/install/fast_lio/share/fast_lio/config/velodyne.yaml
[1.306s] -- Up-to-date symlink: /home/jetson/slash_ws/install/fast_lio/share/fast_lio/launch/gdb_debug_example.launch
[1.307s] -- Up-to-date symlink: /home/jetson/slash_ws/install/fast_lio/share/fast_lio/launch/mapping.launch.py
[1.308s] -- Up-to-date symlink: /home/jetson/slash_ws/install/fast_lio/share/fast_lio/rviz/fastlio.rviz
[1.308s] -- Up-to-date symlink: /home/jetson/slash_ws/install/fast_lio/share/ament_index/resource_index/package_run_dependencies/fast_lio
[1.309s] -- Up-to-date symlink: /home/jetson/slash_ws/install/fast_lio/share/ament_index/resource_index/parent_prefix_path/fast_lio
[1.309s] -- Up-to-date symlink: /home/jetson/slash_ws/install/fast_lio/share/fast_lio/environment/ament_prefix_path.sh
[1.310s] -- Up-to-date symlink: /home/jetson/slash_ws/install/fast_lio/share/fast_lio/environment/ament_prefix_path.dsv
[1.310s] -- Up-to-date symlink: /home/jetson/slash_ws/install/fast_lio/share/fast_lio/environment/path.sh
[1.311s] -- Up-to-date symlink: /home/jetson/slash_ws/install/fast_lio/share/fast_lio/environment/path.dsv
[1.341s] -- Up-to-date symlink: /home/jetson/slash_ws/install/fast_lio/share/fast_lio/local_setup.bash
[1.342s] -- Up-to-date symlink: /home/jetson/slash_ws/install/fast_lio/share/fast_lio/local_setup.sh
[1.342s] -- Up-to-date symlink: /home/jetson/slash_ws/install/fast_lio/share/fast_lio/local_setup.zsh
[1.342s] -- Up-to-date symlink: /home/jetson/slash_ws/install/fast_lio/share/fast_lio/local_setup.dsv
[1.342s] -- Symlinking: /home/jetson/slash_ws/install/fast_lio/share/fast_lio/package.dsv
[1.345s] -- Up-to-date symlink: /home/jetson/slash_ws/install/fast_lio/share/ament_index/resource_index/packages/fast_lio
[1.345s] -- Up-to-date symlink: /home/jetson/slash_ws/install/fast_lio/share/fast_lio/cmake/rosidl_cmake-extras.cmake
[1.345s] -- Up-to-date symlink: /home/jetson/slash_ws/install/fast_lio/share/fast_lio/cmake/ament_cmake_export_dependencies-extras.cmake
[1.346s] -- Up-to-date symlink: /home/jetson/slash_ws/install/fast_lio/share/fast_lio/cmake/ament_cmake_export_libraries-extras.cmake
[1.347s] -- Up-to-date symlink: /home/jetson/slash_ws/install/fast_lio/share/fast_lio/cmake/ament_cmake_export_targets-extras.cmake
[1.348s] -- Up-to-date symlink: /home/jetson/slash_ws/install/fast_lio/share/fast_lio/cmake/ament_cmake_export_include_directories-extras.cmake
[1.348s] -- Up-to-date symlink: /home/jetson/slash_ws/install/fast_lio/share/fast_lio/cmake/rosidl_cmake_export_typesupport_libraries-extras.cmake
[1.348s] -- Up-to-date symlink: /home/jetson/slash_ws/install/fast_lio/share/fast_lio/cmake/rosidl_cmake_export_typesupport_targets-extras.cmake
[1.352s] -- Up-to-date symlink: /home/jetson/slash_ws/install/fast_lio/share/fast_lio/cmake/fast_lioConfig.cmake
[1.353s] -- Up-to-date symlink: /home/jetson/slash_ws/install/fast_lio/share/fast_lio/cmake/fast_lioConfig-version.cmake
[1.353s] -- Up-to-date symlink: /home/jetson/slash_ws/install/fast_lio/share/fast_lio/package.xml
[1.353s] -- Up-to-date: /home/jetson/slash_ws/install/fast_lio/lib/libfast_lio__rosidl_generator_c.so
[1.353s] -- Up-to-date: /home/jetson/slash_ws/install/fast_lio/lib/libfast_lio__rosidl_typesupport_introspection_c.so
[1.353s] -- Up-to-date: /home/jetson/slash_ws/install/fast_lio/lib/libfast_lio__rosidl_typesupport_c.so
[1.354s] -- Up-to-date: /home/jetson/slash_ws/install/fast_lio/lib/libfast_lio__rosidl_typesupport_introspection_cpp.so
[1.354s] -- Up-to-date: /home/jetson/slash_ws/install/fast_lio/lib/libfast_lio__rosidl_typesupport_cpp.so
[1.447s] -- Up-to-date: /home/jetson/slash_ws/install/fast_lio/share/fast_lio/cmake/fast_lio__rosidl_generator_cExport.cmake
[1.447s] -- Up-to-date: /home/jetson/slash_ws/install/fast_lio/share/fast_lio/cmake/fast_lio__rosidl_generator_cExport-release.cmake
[1.448s] -- Up-to-date: /home/jetson/slash_ws/install/fast_lio/share/fast_lio/cmake/fast_lio__rosidl_typesupport_introspection_cExport.cmake
[1.448s] -- Up-to-date: /home/jetson/slash_ws/install/fast_lio/share/fast_lio/cmake/fast_lio__rosidl_typesupport_introspection_cExport-release.cmake
[1.449s] -- Up-to-date: /home/jetson/slash_ws/install/fast_lio/share/fast_lio/cmake/fast_lio__rosidl_typesupport_cExport.cmake
[1.449s] -- Up-to-date: /home/jetson/slash_ws/install/fast_lio/share/fast_lio/cmake/fast_lio__rosidl_typesupport_cExport-release.cmake
[1.449s] -- Up-to-date: /home/jetson/slash_ws/install/fast_lio/share/fast_lio/cmake/fast_lio__rosidl_generator_cppExport.cmake
[1.450s] -- Up-to-date: /home/jetson/slash_ws/install/fast_lio/share/fast_lio/cmake/fast_lio__rosidl_typesupport_introspection_cppExport.cmake
[1.450s] -- Up-to-date: /home/jetson/slash_ws/install/fast_lio/share/fast_lio/cmake/fast_lio__rosidl_typesupport_introspection_cppExport-release.cmake
[1.458s] -- Up-to-date: /home/jetson/slash_ws/install/fast_lio/share/fast_lio/cmake/fast_lio__rosidl_typesupport_cppExport.cmake
[1.458s] -- Up-to-date: /home/jetson/slash_ws/install/fast_lio/share/fast_lio/cmake/fast_lio__rosidl_typesupport_cppExport-release.cmake
[1.485s] Invoked command in '/home/jetson/slash_ws/build/fast_lio' returned '0': AMENT_PREFIX_PATH=/home/jetson/slash_ws/install/livox_ros_driver2:${AMENT_PREFIX_PATH} CMAKE_PREFIX_PATH=/home/jetson/slash_ws/install/livox_ros_driver2:/opt/ros/foxy LD_LIBRARY_PATH=/home/jetson/slash_ws/install/livox_ros_driver2/lib:/usr/lib/aarch64-linux-gnu/gazebo-11/plugins:/opt/ros/foxy/opt/yaml_cpp_vendor/lib:/opt/ros/foxy/opt/rviz_ogre_vendor/lib:/opt/ros/foxy/lib/aarch64-linux-gnu:/opt/ros/foxy/lib:/usr/local/cuda-11.4/lib64 PYTHONPATH=/home/jetson/slash_ws/install/livox_ros_driver2/lib/python3.8/site-packages:${PYTHONPATH} /usr/bin/cmake --install /home/jetson/slash_ws/build/fast_lio
