[0.066s] Invoking command in '/home/jetson/slash_ws/build/slash_nav2': CMAKE_PREFIX_PATH=/opt/ros/foxy /usr/bin/cmake /home/jetson/slash_ws/src/slash_navigation/slash_nav2 -DAMENT_CMAKE_SYMLINK_INSTALL=1 -DCMAKE_INSTALL_PREFIX=/home/jetson/slash_ws/install/slash_nav2
[7.781s] -- The C compiler identification is GNU 9.4.0
[7.781s] -- The CXX compiler identification is GNU 9.4.0
[7.781s] -- Check for working C compiler: /usr/bin/cc
[7.781s] -- Check for working C compiler: /usr/bin/cc -- works
[7.781s] -- Detecting C compiler ABI info
[7.781s] -- Detecting C compiler ABI info - done
[7.781s] -- Detecting C compile features
[7.781s] -- Detecting C compile features - done
[7.782s] -- Check for working CXX compiler: /usr/bin/c++
[7.782s] -- Check for working CXX compiler: /usr/bin/c++ -- works
[7.782s] -- Detecting CXX compiler ABI info
[7.782s] -- Detecting CXX compiler ABI info - done
[7.782s] -- Detecting CXX compile features
[7.782s] -- Detecting CXX compile features - done
[7.782s] -- Found ament_cmake_auto: 0.9.12 (/opt/ros/foxy/share/ament_cmake_auto/cmake)
[7.782s] -- Found PythonInterp: /usr/bin/python3 (found suitable version "3.8.10", minimum required is "3") 
[7.782s] -- Using PYTHON_EXECUTABLE: /usr/bin/python3
[7.782s] -- Override CMake install command with custom implementation using symlinks instead of copying resources
[7.782s] -- Found ament_lint_auto: 0.9.8 (/opt/ros/foxy/share/ament_lint_auto/cmake)
[7.783s] -- Configuring done
[7.783s] -- Generating done
[7.783s] -- Build files have been written to: /home/jetson/slash_ws/build/slash_nav2
[7.834s] Invoked command in '/home/jetson/slash_ws/build/slash_nav2' returned '0': CMAKE_PREFIX_PATH=/opt/ros/foxy /usr/bin/cmake /home/jetson/slash_ws/src/slash_navigation/slash_nav2 -DAMENT_CMAKE_SYMLINK_INSTALL=1 -DCMAKE_INSTALL_PREFIX=/home/jetson/slash_ws/install/slash_nav2
[7.841s] Invoking command in '/home/jetson/slash_ws/build/slash_nav2': CMAKE_PREFIX_PATH=/opt/ros/foxy /usr/bin/cmake --build /home/jetson/slash_ws/build/slash_nav2 -- -j8 -l8
[8.133s] Invoked command in '/home/jetson/slash_ws/build/slash_nav2' returned '0': CMAKE_PREFIX_PATH=/opt/ros/foxy /usr/bin/cmake --build /home/jetson/slash_ws/build/slash_nav2 -- -j8 -l8
[8.495s] Invoking command in '/home/jetson/slash_ws/build/slash_nav2': CMAKE_PREFIX_PATH=/opt/ros/foxy /usr/bin/cmake --install /home/jetson/slash_ws/build/slash_nav2
[8.552s] -- Install configuration: ""
[8.567s] -- Execute custom install script
[8.569s] -- Symlinking: /home/jetson/slash_ws/install/slash_nav2/share/slash_nav2/launch/bringup_real.launch.py
[8.602s] -- Symlinking: /home/jetson/slash_ws/install/slash_nav2/share/slash_nav2/config/nav2_orin_params.yaml
[8.651s] -- Symlinking: /home/jetson/slash_ws/install/slash_nav2/share/slash_nav2/config/nav2_params.yaml
[8.704s] -- Symlinking: /home/jetson/slash_ws/install/slash_nav2/share/slash_nav2/map/RMUC.data
[8.781s] -- Symlinking: /home/jetson/slash_ws/install/slash_nav2/share/slash_nav2/map/RMUC.pgm
[8.847s] -- Symlinking: /home/jetson/slash_ws/install/slash_nav2/share/slash_nav2/map/RMUC.posegraph
[8.907s] -- Symlinking: /home/jetson/slash_ws/install/slash_nav2/share/slash_nav2/map/RMUC.yaml
[8.968s] -- Symlinking: /home/jetson/slash_ws/install/slash_nav2/share/slash_nav2/map/RMUL.data
[9.020s] -- Symlinking: /home/jetson/slash_ws/install/slash_nav2/share/slash_nav2/map/RMUL.pgm
[9.090s] -- Symlinking: /home/jetson/slash_ws/install/slash_nav2/share/slash_nav2/map/RMUL.posegraph
[9.170s] -- Symlinking: /home/jetson/slash_ws/install/slash_nav2/share/slash_nav2/map/RMUL.yaml
[9.258s] -- Symlinking: /home/jetson/slash_ws/install/slash_nav2/share/slash_nav2/PCD/RMUC.pcd
[9.315s] -- Symlinking: /home/jetson/slash_ws/install/slash_nav2/share/slash_nav2/PCD/RMUL.pcd
[9.403s] -- Symlinking: /home/jetson/slash_ws/install/slash_nav2/share/slash_nav2/rviz/fastlio.rviz
[9.470s] -- Symlinking: /home/jetson/slash_ws/install/slash_nav2/share/slash_nav2/rviz/nav2.rviz
[9.520s] -- Symlinking: /home/jetson/slash_ws/install/slash_nav2/share/slash_nav2/rviz/pointlio.rviz
[9.608s] -- Symlinking: /home/jetson/slash_ws/install/slash_nav2/share/slash_nav2/urdf/sentry_robot_real.xacro
[9.691s] -- Symlinking: /home/jetson/slash_ws/install/slash_nav2/share/slash_nav2/urdf/sentry_robot_sim.xacro
[9.767s] -- Symlinking: /home/jetson/slash_ws/install/slash_nav2/share/ament_index/resource_index/package_run_dependencies/slash_nav2
[9.831s] -- Symlinking: /home/jetson/slash_ws/install/slash_nav2/share/ament_index/resource_index/parent_prefix_path/slash_nav2
[9.884s] -- Symlinking: /home/jetson/slash_ws/install/slash_nav2/share/slash_nav2/environment/ament_prefix_path.sh
[9.911s] -- Symlinking: /home/jetson/slash_ws/install/slash_nav2/share/slash_nav2/environment/ament_prefix_path.dsv
[9.974s] -- Symlinking: /home/jetson/slash_ws/install/slash_nav2/share/slash_nav2/environment/path.sh
[10.026s] -- Symlinking: /home/jetson/slash_ws/install/slash_nav2/share/slash_nav2/environment/path.dsv
[10.083s] -- Symlinking: /home/jetson/slash_ws/install/slash_nav2/share/slash_nav2/local_setup.bash
[10.133s] -- Symlinking: /home/jetson/slash_ws/install/slash_nav2/share/slash_nav2/local_setup.sh
[10.190s] -- Symlinking: /home/jetson/slash_ws/install/slash_nav2/share/slash_nav2/local_setup.zsh
[10.271s] -- Symlinking: /home/jetson/slash_ws/install/slash_nav2/share/slash_nav2/local_setup.dsv
[10.297s] -- Symlinking: /home/jetson/slash_ws/install/slash_nav2/share/slash_nav2/package.dsv
[10.347s] -- Symlinking: /home/jetson/slash_ws/install/slash_nav2/share/ament_index/resource_index/packages/slash_nav2
[10.411s] -- Symlinking: /home/jetson/slash_ws/install/slash_nav2/share/slash_nav2/cmake/slash_nav2Config.cmake
[10.432s] -- Symlinking: /home/jetson/slash_ws/install/slash_nav2/share/slash_nav2/cmake/slash_nav2Config-version.cmake
[10.490s] -- Symlinking: /home/jetson/slash_ws/install/slash_nav2/share/slash_nav2/package.xml
[10.559s] Invoked command in '/home/jetson/slash_ws/build/slash_nav2' returned '0': CMAKE_PREFIX_PATH=/opt/ros/foxy /usr/bin/cmake --install /home/jetson/slash_ws/build/slash_nav2
