[0.057s] Invoking command in '/home/jetson/slash_ws/build/vesc_driver': AMENT_PREFIX_PATH=/home/jetson/slash_ws/install/vesc_msgs:${AMENT_PREFIX_PATH} CMAKE_PREFIX_PATH=/home/jetson/slash_ws/install/vesc_msgs:/opt/ros/foxy LD_LIBRARY_PATH=/home/jetson/slash_ws/install/vesc_msgs/lib:/usr/lib/aarch64-linux-gnu/gazebo-11/plugins:/opt/ros/foxy/opt/yaml_cpp_vendor/lib:/opt/ros/foxy/opt/rviz_ogre_vendor/lib:/opt/ros/foxy/lib/aarch64-linux-gnu:/opt/ros/foxy/lib:/usr/local/cuda-11.4/lib64 PYTHONPATH=/home/jetson/slash_ws/install/vesc_msgs/lib/python3.8/site-packages:${PYTHONPATH} /usr/bin/cmake /home/jetson/slash_ws/src/slash_hardware/f1tenth_system/vesc/vesc_driver -DAMENT_CMAKE_SYMLINK_INSTALL=1 -DCMAKE_INSTALL_PREFIX=/home/jetson/slash_ws/install/vesc_driver
[0.137s] -- Found ament_cmake_auto: 0.9.12 (/opt/ros/foxy/share/ament_cmake_auto/cmake)
[0.182s] -- Using PYTHON_EXECUTABLE: /usr/bin/python3
[0.496s] -- Override CMake install command with custom implementation using symlinks instead of copying resources
[0.666s] -- Using all available rosidl_typesupport_c: rosidl_typesupport_fastrtps_c;rosidl_typesupport_introspection_c
[0.668s] -- Found rosidl_adapter: 1.3.1 (/opt/ros/foxy/share/rosidl_adapter/cmake)
[0.859s] -- Using all available rosidl_typesupport_cpp: rosidl_typesupport_fastrtps_cpp;rosidl_typesupport_introspection_cpp
[0.932s] -- Found rmw_implementation_cmake: 1.0.4 (/opt/ros/foxy/share/rmw_implementation_cmake/cmake)
[0.933s] -- Using RMW implementation 'rmw_fastrtps_cpp' as default
[1.961s] -- Found ament_lint_auto: 0.9.8 (/opt/ros/foxy/share/ament_lint_auto/cmake)
[1.986s] -- Added test 'copyright' to check source files copyright and LICENSE
[1.990s] -- Added test 'cppcheck' to perform static code analysis on C / C++ code
[1.990s] -- Configured cppcheck include dirs: /home/jetson/slash_ws/src/slash_hardware/f1tenth_system/vesc/vesc_driver/include
[1.990s] -- Configured cppcheck exclude dirs and/or files: 
[1.992s] -- Added test 'cpplint' to check C / C++ code against the Google style
[1.992s] -- Configured cpplint exclude dirs and/or files: 
[1.993s] -- Added test 'flake8' to check Python code syntax and style conventions
[1.994s] -- Added test 'lint_cmake' to check CMake code style
[1.994s] -- Added test 'pep257' to check Python code against some of the style conventions in PEP 257
[1.997s] -- Added test 'uncrustify' to check C / C++ code style
[1.997s] -- Configured uncrustify additional arguments: 
[1.998s] -- Added test 'xmllint' to check XML markup files
[2.010s] -- Configuring done
[2.097s] -- Generating done
[2.101s] -- Build files have been written to: /home/jetson/slash_ws/build/vesc_driver
[2.135s] Invoked command in '/home/jetson/slash_ws/build/vesc_driver' returned '0': AMENT_PREFIX_PATH=/home/jetson/slash_ws/install/vesc_msgs:${AMENT_PREFIX_PATH} CMAKE_PREFIX_PATH=/home/jetson/slash_ws/install/vesc_msgs:/opt/ros/foxy LD_LIBRARY_PATH=/home/jetson/slash_ws/install/vesc_msgs/lib:/usr/lib/aarch64-linux-gnu/gazebo-11/plugins:/opt/ros/foxy/opt/yaml_cpp_vendor/lib:/opt/ros/foxy/opt/rviz_ogre_vendor/lib:/opt/ros/foxy/lib/aarch64-linux-gnu:/opt/ros/foxy/lib:/usr/local/cuda-11.4/lib64 PYTHONPATH=/home/jetson/slash_ws/install/vesc_msgs/lib/python3.8/site-packages:${PYTHONPATH} /usr/bin/cmake /home/jetson/slash_ws/src/slash_hardware/f1tenth_system/vesc/vesc_driver -DAMENT_CMAKE_SYMLINK_INSTALL=1 -DCMAKE_INSTALL_PREFIX=/home/jetson/slash_ws/install/vesc_driver
[2.137s] Invoking command in '/home/jetson/slash_ws/build/vesc_driver': AMENT_PREFIX_PATH=/home/jetson/slash_ws/install/vesc_msgs:${AMENT_PREFIX_PATH} CMAKE_PREFIX_PATH=/home/jetson/slash_ws/install/vesc_msgs:/opt/ros/foxy LD_LIBRARY_PATH=/home/jetson/slash_ws/install/vesc_msgs/lib:/usr/lib/aarch64-linux-gnu/gazebo-11/plugins:/opt/ros/foxy/opt/yaml_cpp_vendor/lib:/opt/ros/foxy/opt/rviz_ogre_vendor/lib:/opt/ros/foxy/lib/aarch64-linux-gnu:/opt/ros/foxy/lib:/usr/local/cuda-11.4/lib64 PYTHONPATH=/home/jetson/slash_ws/install/vesc_msgs/lib/python3.8/site-packages:${PYTHONPATH} /usr/bin/cmake --build /home/jetson/slash_ws/build/vesc_driver -- -j8 -l8
[2.279s] [ 10%] [32m[1mLinking CXX shared library libvesc_driver.so[0m
[2.289s] [ 20%] [32m[1mLinking CXX executable vesc_driver_node[0m
[2.564s] [ 30%] Built target vesc_driver_node
[3.283s] [ 70%] Built target vesc_driver
[3.328s] [ 80%] [32m[1mLinking CXX executable vesc_device_namer[0m
[3.794s] [100%] Built target vesc_device_namer
[3.816s] Invoked command in '/home/jetson/slash_ws/build/vesc_driver' returned '0': AMENT_PREFIX_PATH=/home/jetson/slash_ws/install/vesc_msgs:${AMENT_PREFIX_PATH} CMAKE_PREFIX_PATH=/home/jetson/slash_ws/install/vesc_msgs:/opt/ros/foxy LD_LIBRARY_PATH=/home/jetson/slash_ws/install/vesc_msgs/lib:/usr/lib/aarch64-linux-gnu/gazebo-11/plugins:/opt/ros/foxy/opt/yaml_cpp_vendor/lib:/opt/ros/foxy/opt/rviz_ogre_vendor/lib:/opt/ros/foxy/lib/aarch64-linux-gnu:/opt/ros/foxy/lib:/usr/local/cuda-11.4/lib64 PYTHONPATH=/home/jetson/slash_ws/install/vesc_msgs/lib/python3.8/site-packages:${PYTHONPATH} /usr/bin/cmake --build /home/jetson/slash_ws/build/vesc_driver -- -j8 -l8
[3.889s] Invoking command in '/home/jetson/slash_ws/build/vesc_driver': AMENT_PREFIX_PATH=/home/jetson/slash_ws/install/vesc_msgs:${AMENT_PREFIX_PATH} CMAKE_PREFIX_PATH=/home/jetson/slash_ws/install/vesc_msgs:/opt/ros/foxy LD_LIBRARY_PATH=/home/jetson/slash_ws/install/vesc_msgs/lib:/usr/lib/aarch64-linux-gnu/gazebo-11/plugins:/opt/ros/foxy/opt/yaml_cpp_vendor/lib:/opt/ros/foxy/opt/rviz_ogre_vendor/lib:/opt/ros/foxy/lib/aarch64-linux-gnu:/opt/ros/foxy/lib:/usr/local/cuda-11.4/lib64 PYTHONPATH=/home/jetson/slash_ws/install/vesc_msgs/lib/python3.8/site-packages:${PYTHONPATH} /usr/bin/cmake --install /home/jetson/slash_ws/build/vesc_driver
[3.906s] -- Install configuration: ""
[3.906s] -- Execute custom install script
[3.907s] -- Symlinking: /home/jetson/slash_ws/install/vesc_driver/lib/vesc_driver/vesc_driver_node
[3.924s] -- Symlinking: /home/jetson/slash_ws/install/vesc_driver/include/vesc_driver/crc.hpp
[3.941s] -- Symlinking: /home/jetson/slash_ws/install/vesc_driver/include/vesc_driver/datatypes.hpp
[3.957s] -- Symlinking: /home/jetson/slash_ws/install/vesc_driver/include/vesc_driver/vesc_device_uuid_lookup.hpp
[3.971s] -- Symlinking: /home/jetson/slash_ws/install/vesc_driver/include/vesc_driver/vesc_driver.hpp
[3.988s] -- Symlinking: /home/jetson/slash_ws/install/vesc_driver/include/vesc_driver/vesc_interface.hpp
[4.004s] -- Symlinking: /home/jetson/slash_ws/install/vesc_driver/include/vesc_driver/vesc_packet.hpp
[4.021s] -- Symlinking: /home/jetson/slash_ws/install/vesc_driver/include/vesc_driver/vesc_packet_factory.hpp
[4.038s] -- Symlinking: /home/jetson/slash_ws/install/vesc_driver/share/vesc_driver/environment/library_path.sh
[4.056s] -- Symlinking: /home/jetson/slash_ws/install/vesc_driver/share/vesc_driver/environment/library_path.dsv
[4.072s] -- Symlinking: /home/jetson/slash_ws/install/vesc_driver/lib/libvesc_driver.so
[4.085s] -- Symlinking: /home/jetson/slash_ws/install/vesc_driver/lib/vesc_driver/vesc_device_namer
[4.102s] -- Symlinking: /home/jetson/slash_ws/install/vesc_driver/share/vesc_driver/launch/vesc_driver_node.launch.py
[4.119s] -- Symlinking: /home/jetson/slash_ws/install/vesc_driver/share/vesc_driver/params/vesc_config.yaml
[4.136s] -- Symlinking: /home/jetson/slash_ws/install/vesc_driver/share/ament_index/resource_index/package_run_dependencies/vesc_driver
[4.152s] -- Symlinking: /home/jetson/slash_ws/install/vesc_driver/share/ament_index/resource_index/parent_prefix_path/vesc_driver
[4.167s] -- Symlinking: /home/jetson/slash_ws/install/vesc_driver/share/vesc_driver/environment/ament_prefix_path.sh
[4.182s] -- Symlinking: /home/jetson/slash_ws/install/vesc_driver/share/vesc_driver/environment/ament_prefix_path.dsv
[4.200s] -- Symlinking: /home/jetson/slash_ws/install/vesc_driver/share/vesc_driver/environment/path.sh
[4.215s] -- Symlinking: /home/jetson/slash_ws/install/vesc_driver/share/vesc_driver/environment/path.dsv
[4.229s] -- Symlinking: /home/jetson/slash_ws/install/vesc_driver/share/vesc_driver/local_setup.bash
[4.245s] -- Symlinking: /home/jetson/slash_ws/install/vesc_driver/share/vesc_driver/local_setup.sh
[4.259s] -- Symlinking: /home/jetson/slash_ws/install/vesc_driver/share/vesc_driver/local_setup.zsh
[4.274s] -- Symlinking: /home/jetson/slash_ws/install/vesc_driver/share/vesc_driver/local_setup.dsv
[4.290s] -- Symlinking: /home/jetson/slash_ws/install/vesc_driver/share/vesc_driver/package.dsv
[4.310s] -- Symlinking: /home/jetson/slash_ws/install/vesc_driver/share/ament_index/resource_index/packages/vesc_driver
[4.326s] -- Symlinking: /home/jetson/slash_ws/install/vesc_driver/share/ament_index/resource_index/rclcpp_components/vesc_driver
[4.342s] -- Symlinking: /home/jetson/slash_ws/install/vesc_driver/share/vesc_driver/cmake/ament_cmake_export_dependencies-extras.cmake
[4.358s] -- Symlinking: /home/jetson/slash_ws/install/vesc_driver/share/vesc_driver/cmake/ament_cmake_export_include_directories-extras.cmake
[4.374s] -- Symlinking: /home/jetson/slash_ws/install/vesc_driver/share/vesc_driver/cmake/ament_cmake_export_libraries-extras.cmake
[4.390s] -- Symlinking: /home/jetson/slash_ws/install/vesc_driver/share/vesc_driver/cmake/vesc_driverConfig.cmake
[4.405s] -- Symlinking: /home/jetson/slash_ws/install/vesc_driver/share/vesc_driver/cmake/vesc_driverConfig-version.cmake
[4.420s] -- Symlinking: /home/jetson/slash_ws/install/vesc_driver/share/vesc_driver/package.xml
[4.442s] Invoked command in '/home/jetson/slash_ws/build/vesc_driver' returned '0': AMENT_PREFIX_PATH=/home/jetson/slash_ws/install/vesc_msgs:${AMENT_PREFIX_PATH} CMAKE_PREFIX_PATH=/home/jetson/slash_ws/install/vesc_msgs:/opt/ros/foxy LD_LIBRARY_PATH=/home/jetson/slash_ws/install/vesc_msgs/lib:/usr/lib/aarch64-linux-gnu/gazebo-11/plugins:/opt/ros/foxy/opt/yaml_cpp_vendor/lib:/opt/ros/foxy/opt/rviz_ogre_vendor/lib:/opt/ros/foxy/lib/aarch64-linux-gnu:/opt/ros/foxy/lib:/usr/local/cuda-11.4/lib64 PYTHONPATH=/home/jetson/slash_ws/install/vesc_msgs/lib/python3.8/site-packages:${PYTHONPATH} /usr/bin/cmake --install /home/jetson/slash_ws/build/vesc_driver
