[0.218s] Invoking command in '/home/jetson/slash_ws/build/fast_lio': CMAKE_PREFIX_PATH=/home/jetson/slash_ws/install/livox_ros_driver2:/home/jetson/slash_ws/install/vesc:/home/jetson/slash_ws/install/vesc_driver:/home/jetson/slash_ws/install/vesc_ackermann:/home/jetson/slash_ws/install/vesc_msgs:/home/jetson/slash_ws/install/teleop_tools:/home/jetson/slash_ws/install/teleop_tools_msgs:/home/jetson/slash_ws/install/teb_local_planner:/home/jetson/slash_ws/install/teb_msgs:/home/jetson/slash_ws/install/slash_nav2:/home/jetson/slash_ws/install/pointcloud_to_laserscan:/home/jetson/slash_ws/install/fast_lio:/home/jetson/slash_ws/install/linefit_ground_segmentation_ros:/home/jetson/slash_ws/install/linefit_ground_segmentation:/home/jetson/slash_ws/install/costmap_converter:/home/jetson/slash_ws/install/costmap_converter_msgs:/home/jetson/slash_ws/install/ackermann_mux:/home/jetson/slash_ws/install/f1tenth_stack:/home/jetson/slash_ws/install/twist_to_ackermann:/home/jetson/slash_ws/install/joy_teleop:/home/jetson/slash_ws/install/mouse_teleop:/home/jetson/slash_ws/install/key_teleop:/opt/ros/foxy LD_LIBRARY_PATH=/home/jetson/slash_ws/install/livox_ros_driver2/lib:/usr/local/cuda-11.4/lib64:/home/jetson/slash_ws/install/vesc_driver/lib:/home/jetson/slash_ws/install/vesc_ackermann/lib:/home/jetson/slash_ws/install/vesc_msgs/lib:/home/jetson/slash_ws/install/teleop_tools_msgs/lib:/home/jetson/slash_ws/install/teb_local_planner/lib:/home/jetson/slash_ws/install/teb_msgs/lib:/home/jetson/slash_ws/install/pointcloud_to_laserscan/lib:/home/jetson/slash_ws/install/fast_lio/lib:/home/jetson/slash_ws/install/linefit_ground_segmentation/lib:/home/jetson/slash_ws/install/costmap_converter/lib:/home/jetson/slash_ws/install/costmap_converter_msgs/lib:/usr/lib/aarch64-linux-gnu/gazebo-11/plugins:/opt/ros/foxy/opt/yaml_cpp_vendor/lib:/opt/ros/foxy/opt/rviz_ogre_vendor/lib:/opt/ros/foxy/lib/aarch64-linux-gnu:/opt/ros/foxy/lib:/usr/local/cuda-11.4/lib64 PYTHONPATH=/home/jetson/slash_ws/install/livox_ros_driver2/lib/python3.8/site-packages:/home/jetson/slash_ws/build/f1tenth_stack:/home/jetson/slash_ws/install/f1tenth_stack/lib/python3.8/site-packages:/home/jetson/slash_ws/install/vesc_msgs/lib/python3.8/site-packages:/home/jetson/slash_ws/build/twist_to_ackermann:/home/jetson/slash_ws/install/twist_to_ackermann/lib/python3.8/site-packages:/home/jetson/slash_ws/build/joy_teleop:/home/jetson/slash_ws/install/joy_teleop/lib/python3.8/site-packages:/home/jetson/slash_ws/install/teleop_tools_msgs/lib/python3.8/site-packages:/home/jetson/slash_ws/install/teb_msgs/lib/python3.8/site-packages:/home/jetson/slash_ws/build/mouse_teleop:/home/jetson/slash_ws/install/mouse_teleop/lib/python3.8/site-packages:/home/jetson/slash_ws/install/fast_lio/lib/python3.8/site-packages:/home/jetson/slash_ws/build/key_teleop:/home/jetson/slash_ws/install/key_teleop/lib/python3.8/site-packages:/home/jetson/slash_ws/install/costmap_converter_msgs/lib/python3.8/site-packages:/opt/ros/foxy/lib/python3.8/site-packages /usr/bin/cmake --build /home/jetson/slash_ws/build/fast_lio -- -j8 -l8
[0.424s] [  2%] Built target fast_lio__cpp
[0.430s] [ 11%] Built target fast_lio__rosidl_generator_c
[0.550s] [ 20%] Built target fast_lio__rosidl_typesupport_introspection_cpp
[0.565s] [ 28%] Built target fast_lio__rosidl_typesupport_cpp
[0.575s] [ 37%] Built target fast_lio__rosidl_typesupport_introspection_c
[0.587s] [ 45%] Built target fast_lio__rosidl_typesupport_fastrtps_cpp
[0.641s] [ 54%] Built target fast_lio__rosidl_typesupport_c
[0.666s] [ 62%] Built target fast_lio__rosidl_typesupport_fastrtps_c
[0.731s] [ 62%] Built target fast_lio
[0.801s] [ 65%] Built target fast_lio__py
[0.868s] [ 77%] Built target fastlio_mapping
[0.869s] [ 82%] Built target fast_lio__python
[0.958s] [ 88%] Built target fast_lio__rosidl_typesupport_c__pyext
[0.962s] [ 94%] Built target fast_lio__rosidl_typesupport_fastrtps_c__pyext
[0.978s] [100%] Built target fast_lio__rosidl_typesupport_introspection_c__pyext
[1.017s] Invoked command in '/home/jetson/slash_ws/build/fast_lio' returned '0': CMAKE_PREFIX_PATH=/home/jetson/slash_ws/install/livox_ros_driver2:/home/jetson/slash_ws/install/vesc:/home/jetson/slash_ws/install/vesc_driver:/home/jetson/slash_ws/install/vesc_ackermann:/home/jetson/slash_ws/install/vesc_msgs:/home/jetson/slash_ws/install/teleop_tools:/home/jetson/slash_ws/install/teleop_tools_msgs:/home/jetson/slash_ws/install/teb_local_planner:/home/jetson/slash_ws/install/teb_msgs:/home/jetson/slash_ws/install/slash_nav2:/home/jetson/slash_ws/install/pointcloud_to_laserscan:/home/jetson/slash_ws/install/fast_lio:/home/jetson/slash_ws/install/linefit_ground_segmentation_ros:/home/jetson/slash_ws/install/linefit_ground_segmentation:/home/jetson/slash_ws/install/costmap_converter:/home/jetson/slash_ws/install/costmap_converter_msgs:/home/jetson/slash_ws/install/ackermann_mux:/home/jetson/slash_ws/install/f1tenth_stack:/home/jetson/slash_ws/install/twist_to_ackermann:/home/jetson/slash_ws/install/joy_teleop:/home/jetson/slash_ws/install/mouse_teleop:/home/jetson/slash_ws/install/key_teleop:/opt/ros/foxy LD_LIBRARY_PATH=/home/jetson/slash_ws/install/livox_ros_driver2/lib:/usr/local/cuda-11.4/lib64:/home/jetson/slash_ws/install/vesc_driver/lib:/home/jetson/slash_ws/install/vesc_ackermann/lib:/home/jetson/slash_ws/install/vesc_msgs/lib:/home/jetson/slash_ws/install/teleop_tools_msgs/lib:/home/jetson/slash_ws/install/teb_local_planner/lib:/home/jetson/slash_ws/install/teb_msgs/lib:/home/jetson/slash_ws/install/pointcloud_to_laserscan/lib:/home/jetson/slash_ws/install/fast_lio/lib:/home/jetson/slash_ws/install/linefit_ground_segmentation/lib:/home/jetson/slash_ws/install/costmap_converter/lib:/home/jetson/slash_ws/install/costmap_converter_msgs/lib:/usr/lib/aarch64-linux-gnu/gazebo-11/plugins:/opt/ros/foxy/opt/yaml_cpp_vendor/lib:/opt/ros/foxy/opt/rviz_ogre_vendor/lib:/opt/ros/foxy/lib/aarch64-linux-gnu:/opt/ros/foxy/lib:/usr/local/cuda-11.4/lib64 PYTHONPATH=/home/jetson/slash_ws/install/livox_ros_driver2/lib/python3.8/site-packages:/home/jetson/slash_ws/build/f1tenth_stack:/home/jetson/slash_ws/install/f1tenth_stack/lib/python3.8/site-packages:/home/jetson/slash_ws/install/vesc_msgs/lib/python3.8/site-packages:/home/jetson/slash_ws/build/twist_to_ackermann:/home/jetson/slash_ws/install/twist_to_ackermann/lib/python3.8/site-packages:/home/jetson/slash_ws/build/joy_teleop:/home/jetson/slash_ws/install/joy_teleop/lib/python3.8/site-packages:/home/jetson/slash_ws/install/teleop_tools_msgs/lib/python3.8/site-packages:/home/jetson/slash_ws/install/teb_msgs/lib/python3.8/site-packages:/home/jetson/slash_ws/build/mouse_teleop:/home/jetson/slash_ws/install/mouse_teleop/lib/python3.8/site-packages:/home/jetson/slash_ws/install/fast_lio/lib/python3.8/site-packages:/home/jetson/slash_ws/build/key_teleop:/home/jetson/slash_ws/install/key_teleop/lib/python3.8/site-packages:/home/jetson/slash_ws/install/costmap_converter_msgs/lib/python3.8/site-packages:/opt/ros/foxy/lib/python3.8/site-packages /usr/bin/cmake --build /home/jetson/slash_ws/build/fast_lio -- -j8 -l8
[1.669s] Invoking command in '/home/jetson/slash_ws/build/fast_lio': CMAKE_PREFIX_PATH=/home/jetson/slash_ws/install/livox_ros_driver2:/home/jetson/slash_ws/install/vesc:/home/jetson/slash_ws/install/vesc_driver:/home/jetson/slash_ws/install/vesc_ackermann:/home/jetson/slash_ws/install/vesc_msgs:/home/jetson/slash_ws/install/teleop_tools:/home/jetson/slash_ws/install/teleop_tools_msgs:/home/jetson/slash_ws/install/teb_local_planner:/home/jetson/slash_ws/install/teb_msgs:/home/jetson/slash_ws/install/slash_nav2:/home/jetson/slash_ws/install/pointcloud_to_laserscan:/home/jetson/slash_ws/install/fast_lio:/home/jetson/slash_ws/install/linefit_ground_segmentation_ros:/home/jetson/slash_ws/install/linefit_ground_segmentation:/home/jetson/slash_ws/install/costmap_converter:/home/jetson/slash_ws/install/costmap_converter_msgs:/home/jetson/slash_ws/install/ackermann_mux:/home/jetson/slash_ws/install/f1tenth_stack:/home/jetson/slash_ws/install/twist_to_ackermann:/home/jetson/slash_ws/install/joy_teleop:/home/jetson/slash_ws/install/mouse_teleop:/home/jetson/slash_ws/install/key_teleop:/opt/ros/foxy LD_LIBRARY_PATH=/home/jetson/slash_ws/install/livox_ros_driver2/lib:/usr/local/cuda-11.4/lib64:/home/jetson/slash_ws/install/vesc_driver/lib:/home/jetson/slash_ws/install/vesc_ackermann/lib:/home/jetson/slash_ws/install/vesc_msgs/lib:/home/jetson/slash_ws/install/teleop_tools_msgs/lib:/home/jetson/slash_ws/install/teb_local_planner/lib:/home/jetson/slash_ws/install/teb_msgs/lib:/home/jetson/slash_ws/install/pointcloud_to_laserscan/lib:/home/jetson/slash_ws/install/fast_lio/lib:/home/jetson/slash_ws/install/linefit_ground_segmentation/lib:/home/jetson/slash_ws/install/costmap_converter/lib:/home/jetson/slash_ws/install/costmap_converter_msgs/lib:/usr/lib/aarch64-linux-gnu/gazebo-11/plugins:/opt/ros/foxy/opt/yaml_cpp_vendor/lib:/opt/ros/foxy/opt/rviz_ogre_vendor/lib:/opt/ros/foxy/lib/aarch64-linux-gnu:/opt/ros/foxy/lib:/usr/local/cuda-11.4/lib64 PYTHONPATH=/home/jetson/slash_ws/install/livox_ros_driver2/lib/python3.8/site-packages:/home/jetson/slash_ws/build/f1tenth_stack:/home/jetson/slash_ws/install/f1tenth_stack/lib/python3.8/site-packages:/home/jetson/slash_ws/install/vesc_msgs/lib/python3.8/site-packages:/home/jetson/slash_ws/build/twist_to_ackermann:/home/jetson/slash_ws/install/twist_to_ackermann/lib/python3.8/site-packages:/home/jetson/slash_ws/build/joy_teleop:/home/jetson/slash_ws/install/joy_teleop/lib/python3.8/site-packages:/home/jetson/slash_ws/install/teleop_tools_msgs/lib/python3.8/site-packages:/home/jetson/slash_ws/install/teb_msgs/lib/python3.8/site-packages:/home/jetson/slash_ws/build/mouse_teleop:/home/jetson/slash_ws/install/mouse_teleop/lib/python3.8/site-packages:/home/jetson/slash_ws/install/fast_lio/lib/python3.8/site-packages:/home/jetson/slash_ws/build/key_teleop:/home/jetson/slash_ws/install/key_teleop/lib/python3.8/site-packages:/home/jetson/slash_ws/install/costmap_converter_msgs/lib/python3.8/site-packages:/opt/ros/foxy/lib/python3.8/site-packages /usr/bin/cmake --install /home/jetson/slash_ws/build/fast_lio
[1.690s] -- Install configuration: "Release"
[1.691s] -- Execute custom install script
[1.691s] -- Up-to-date symlink: /home/jetson/slash_ws/install/fast_lio/share/ament_index/resource_index/rosidl_interfaces/fast_lio
[1.692s] -- Up-to-date symlink: /home/jetson/slash_ws/install/fast_lio/include/fast_lio/msg/detail/pose6_d__functions.h
[1.692s] -- Up-to-date symlink: /home/jetson/slash_ws/install/fast_lio/include/fast_lio/msg/detail/pose6_d__struct.h
[1.692s] -- Up-to-date symlink: /home/jetson/slash_ws/install/fast_lio/include/fast_lio/msg/detail/pose6_d__type_support.h
[1.692s] -- Up-to-date symlink: /home/jetson/slash_ws/install/fast_lio/include/fast_lio/msg/pose6_d.h
[1.692s] -- Up-to-date symlink: /home/jetson/slash_ws/install/fast_lio/include/fast_lio/msg/rosidl_generator_c__visibility_control.h
[1.693s] -- Up-to-date symlink: /home/jetson/slash_ws/install/fast_lio/share/fast_lio/environment/library_path.sh
[1.693s] -- Up-to-date symlink: /home/jetson/slash_ws/install/fast_lio/share/fast_lio/environment/library_path.dsv
[1.694s] -- Up-to-date symlink: /home/jetson/slash_ws/install/fast_lio/include/fast_lio/msg/detail/pose6_d__rosidl_typesupport_fastrtps_c.h
[1.694s] -- Up-to-date symlink: /home/jetson/slash_ws/install/fast_lio/include/fast_lio/msg/rosidl_typesupport_fastrtps_c__visibility_control.h
[1.695s] -- Up-to-date symlink: /home/jetson/slash_ws/install/fast_lio/lib/libfast_lio__rosidl_typesupport_fastrtps_c.so
[1.696s] -- Up-to-date symlink: /home/jetson/slash_ws/install/fast_lio/include/fast_lio/msg/detail/pose6_d__rosidl_typesupport_fastrtps_cpp.hpp
[1.697s] -- Up-to-date symlink: /home/jetson/slash_ws/install/fast_lio/include/fast_lio/msg/rosidl_typesupport_fastrtps_cpp__visibility_control.h
[1.697s] -- Up-to-date symlink: /home/jetson/slash_ws/install/fast_lio/lib/libfast_lio__rosidl_typesupport_fastrtps_cpp.so
[1.697s] -- Up-to-date symlink: /home/jetson/slash_ws/install/fast_lio/include/fast_lio/msg/detail/pose6_d__rosidl_typesupport_introspection_c.h
[1.699s] -- Up-to-date symlink: /home/jetson/slash_ws/install/fast_lio/include/fast_lio/msg/rosidl_typesupport_introspection_c__visibility_control.h
[1.700s] -- Up-to-date symlink: /home/jetson/slash_ws/install/fast_lio/include/fast_lio/msg/detail/pose6_d__builder.hpp
[1.700s] -- Up-to-date symlink: /home/jetson/slash_ws/install/fast_lio/include/fast_lio/msg/detail/pose6_d__struct.hpp
[1.700s] -- Up-to-date symlink: /home/jetson/slash_ws/install/fast_lio/include/fast_lio/msg/detail/pose6_d__traits.hpp
[1.701s] -- Up-to-date symlink: /home/jetson/slash_ws/install/fast_lio/include/fast_lio/msg/detail/pose6_d__type_support.hpp
[1.701s] -- Up-to-date symlink: /home/jetson/slash_ws/install/fast_lio/include/fast_lio/msg/pose6_d.hpp
[1.701s] -- Up-to-date symlink: /home/jetson/slash_ws/install/fast_lio/include/fast_lio/msg/rosidl_generator_cpp__visibility_control.hpp
[1.701s] -- Up-to-date symlink: /home/jetson/slash_ws/install/fast_lio/include/fast_lio/msg/detail/pose6_d__rosidl_typesupport_introspection_cpp.hpp
[1.701s] -- Up-to-date symlink: /home/jetson/slash_ws/install/fast_lio/share/fast_lio/environment/pythonpath.sh
[1.702s] -- Up-to-date symlink: /home/jetson/slash_ws/install/fast_lio/share/fast_lio/environment/pythonpath.dsv
[1.702s] -- Up-to-date symlink: /home/jetson/slash_ws/install/fast_lio/lib/python3.8/site-packages/fast_lio/__init__.py
[1.702s] -- Up-to-date symlink: /home/jetson/slash_ws/install/fast_lio/lib/python3.8/site-packages/fast_lio/msg/__init__.py
[1.702s] -- Up-to-date symlink: /home/jetson/slash_ws/install/fast_lio/lib/python3.8/site-packages/fast_lio/msg/_pose6_d.py
[1.703s] -- Up-to-date symlink: /home/jetson/slash_ws/install/fast_lio/lib/python3.8/site-packages/fast_lio/fast_lio_s__rosidl_typesupport_fastrtps_c.cpython-38-aarch64-linux-gnu.so
[1.703s] -- Up-to-date symlink: /home/jetson/slash_ws/install/fast_lio/lib/python3.8/site-packages/fast_lio/fast_lio_s__rosidl_typesupport_introspection_c.cpython-38-aarch64-linux-gnu.so
[1.704s] -- Up-to-date symlink: /home/jetson/slash_ws/install/fast_lio/lib/python3.8/site-packages/fast_lio/fast_lio_s__rosidl_typesupport_c.cpython-38-aarch64-linux-gnu.so
[1.705s] -- Up-to-date symlink: /home/jetson/slash_ws/install/fast_lio/lib/libfast_lio__python.so
[1.705s] -- Up-to-date symlink: /home/jetson/slash_ws/install/fast_lio/share/fast_lio/msg/Pose6D.idl
[1.705s] -- Up-to-date symlink: /home/jetson/slash_ws/install/fast_lio/share/fast_lio/msg/Pose6D.msg
[1.706s] -- Up-to-date symlink: /home/jetson/slash_ws/install/fast_lio/lib/fast_lio/fastlio_mapping
[1.706s] -- Up-to-date symlink: /home/jetson/slash_ws/install/fast_lio/share/fast_lio/config/avia.yaml
[1.707s] -- Up-to-date symlink: /home/jetson/slash_ws/install/fast_lio/share/fast_lio/config/horizon.yaml
[1.707s] -- Up-to-date symlink: /home/jetson/slash_ws/install/fast_lio/share/fast_lio/config/mid360.yaml
[1.707s] -- Up-to-date symlink: /home/jetson/slash_ws/install/fast_lio/share/fast_lio/config/ouster64.yaml
[1.707s] -- Up-to-date symlink: /home/jetson/slash_ws/install/fast_lio/share/fast_lio/config/velodyne.yaml
[1.708s] -- Up-to-date symlink: /home/jetson/slash_ws/install/fast_lio/share/fast_lio/launch/gdb_debug_example.launch
[1.708s] -- Up-to-date symlink: /home/jetson/slash_ws/install/fast_lio/share/fast_lio/launch/mapping.launch.py
[1.709s] -- Up-to-date symlink: /home/jetson/slash_ws/install/fast_lio/share/fast_lio/rviz/fastlio.rviz
[1.709s] -- Up-to-date symlink: /home/jetson/slash_ws/install/fast_lio/share/ament_index/resource_index/package_run_dependencies/fast_lio
[1.709s] -- Up-to-date symlink: /home/jetson/slash_ws/install/fast_lio/share/ament_index/resource_index/parent_prefix_path/fast_lio
[1.710s] -- Up-to-date symlink: /home/jetson/slash_ws/install/fast_lio/share/fast_lio/environment/ament_prefix_path.sh
[1.711s] -- Up-to-date symlink: /home/jetson/slash_ws/install/fast_lio/share/fast_lio/environment/ament_prefix_path.dsv
[1.713s] -- Up-to-date symlink: /home/jetson/slash_ws/install/fast_lio/share/fast_lio/environment/path.sh
[1.713s] -- Up-to-date symlink: /home/jetson/slash_ws/install/fast_lio/share/fast_lio/environment/path.dsv
[1.714s] -- Up-to-date symlink: /home/jetson/slash_ws/install/fast_lio/share/fast_lio/local_setup.bash
[1.722s] -- Up-to-date symlink: /home/jetson/slash_ws/install/fast_lio/share/fast_lio/local_setup.sh
[1.723s] -- Up-to-date symlink: /home/jetson/slash_ws/install/fast_lio/share/fast_lio/local_setup.zsh
[1.723s] -- Up-to-date symlink: /home/jetson/slash_ws/install/fast_lio/share/fast_lio/local_setup.dsv
[1.723s] -- Symlinking: /home/jetson/slash_ws/install/fast_lio/share/fast_lio/package.dsv
[1.735s] -- Up-to-date symlink: /home/jetson/slash_ws/install/fast_lio/share/ament_index/resource_index/packages/fast_lio
[1.735s] -- Up-to-date symlink: /home/jetson/slash_ws/install/fast_lio/share/fast_lio/cmake/rosidl_cmake-extras.cmake
[1.736s] -- Up-to-date symlink: /home/jetson/slash_ws/install/fast_lio/share/fast_lio/cmake/ament_cmake_export_dependencies-extras.cmake
[1.737s] -- Up-to-date symlink: /home/jetson/slash_ws/install/fast_lio/share/fast_lio/cmake/ament_cmake_export_libraries-extras.cmake
[1.737s] -- Up-to-date symlink: /home/jetson/slash_ws/install/fast_lio/share/fast_lio/cmake/ament_cmake_export_targets-extras.cmake
[1.737s] -- Up-to-date symlink: /home/jetson/slash_ws/install/fast_lio/share/fast_lio/cmake/ament_cmake_export_include_directories-extras.cmake
[1.738s] -- Up-to-date symlink: /home/jetson/slash_ws/install/fast_lio/share/fast_lio/cmake/rosidl_cmake_export_typesupport_libraries-extras.cmake
[1.738s] -- Up-to-date symlink: /home/jetson/slash_ws/install/fast_lio/share/fast_lio/cmake/rosidl_cmake_export_typesupport_targets-extras.cmake
[1.738s] -- Up-to-date symlink: /home/jetson/slash_ws/install/fast_lio/share/fast_lio/cmake/fast_lioConfig.cmake
[1.738s] -- Up-to-date symlink: /home/jetson/slash_ws/install/fast_lio/share/fast_lio/cmake/fast_lioConfig-version.cmake
[1.738s] -- Up-to-date symlink: /home/jetson/slash_ws/install/fast_lio/share/fast_lio/package.xml
[1.739s] -- Up-to-date: /home/jetson/slash_ws/install/fast_lio/lib/libfast_lio__rosidl_generator_c.so
[1.739s] -- Up-to-date: /home/jetson/slash_ws/install/fast_lio/lib/libfast_lio__rosidl_typesupport_introspection_c.so
[1.740s] -- Up-to-date: /home/jetson/slash_ws/install/fast_lio/lib/libfast_lio__rosidl_typesupport_c.so
[1.741s] -- Up-to-date: /home/jetson/slash_ws/install/fast_lio/lib/libfast_lio__rosidl_typesupport_introspection_cpp.so
[1.741s] -- Up-to-date: /home/jetson/slash_ws/install/fast_lio/lib/libfast_lio__rosidl_typesupport_cpp.so
[1.828s] -- Up-to-date: /home/jetson/slash_ws/install/fast_lio/share/fast_lio/cmake/fast_lio__rosidl_generator_cExport.cmake
[1.830s] -- Up-to-date: /home/jetson/slash_ws/install/fast_lio/share/fast_lio/cmake/fast_lio__rosidl_generator_cExport-release.cmake
[1.830s] -- Up-to-date: /home/jetson/slash_ws/install/fast_lio/share/fast_lio/cmake/fast_lio__rosidl_typesupport_introspection_cExport.cmake
[1.830s] -- Up-to-date: /home/jetson/slash_ws/install/fast_lio/share/fast_lio/cmake/fast_lio__rosidl_typesupport_introspection_cExport-release.cmake
[1.830s] -- Up-to-date: /home/jetson/slash_ws/install/fast_lio/share/fast_lio/cmake/fast_lio__rosidl_typesupport_cExport.cmake
[1.830s] -- Up-to-date: /home/jetson/slash_ws/install/fast_lio/share/fast_lio/cmake/fast_lio__rosidl_typesupport_cExport-release.cmake
[1.831s] -- Up-to-date: /home/jetson/slash_ws/install/fast_lio/share/fast_lio/cmake/fast_lio__rosidl_generator_cppExport.cmake
[1.831s] -- Up-to-date: /home/jetson/slash_ws/install/fast_lio/share/fast_lio/cmake/fast_lio__rosidl_typesupport_introspection_cppExport.cmake
[1.831s] -- Up-to-date: /home/jetson/slash_ws/install/fast_lio/share/fast_lio/cmake/fast_lio__rosidl_typesupport_introspection_cppExport-release.cmake
[1.831s] -- Up-to-date: /home/jetson/slash_ws/install/fast_lio/share/fast_lio/cmake/fast_lio__rosidl_typesupport_cppExport.cmake
[1.831s] -- Up-to-date: /home/jetson/slash_ws/install/fast_lio/share/fast_lio/cmake/fast_lio__rosidl_typesupport_cppExport-release.cmake
[1.835s] Invoked command in '/home/jetson/slash_ws/build/fast_lio' returned '0': CMAKE_PREFIX_PATH=/home/jetson/slash_ws/install/livox_ros_driver2:/home/jetson/slash_ws/install/vesc:/home/jetson/slash_ws/install/vesc_driver:/home/jetson/slash_ws/install/vesc_ackermann:/home/jetson/slash_ws/install/vesc_msgs:/home/jetson/slash_ws/install/teleop_tools:/home/jetson/slash_ws/install/teleop_tools_msgs:/home/jetson/slash_ws/install/teb_local_planner:/home/jetson/slash_ws/install/teb_msgs:/home/jetson/slash_ws/install/slash_nav2:/home/jetson/slash_ws/install/pointcloud_to_laserscan:/home/jetson/slash_ws/install/fast_lio:/home/jetson/slash_ws/install/linefit_ground_segmentation_ros:/home/jetson/slash_ws/install/linefit_ground_segmentation:/home/jetson/slash_ws/install/costmap_converter:/home/jetson/slash_ws/install/costmap_converter_msgs:/home/jetson/slash_ws/install/ackermann_mux:/home/jetson/slash_ws/install/f1tenth_stack:/home/jetson/slash_ws/install/twist_to_ackermann:/home/jetson/slash_ws/install/joy_teleop:/home/jetson/slash_ws/install/mouse_teleop:/home/jetson/slash_ws/install/key_teleop:/opt/ros/foxy LD_LIBRARY_PATH=/home/jetson/slash_ws/install/livox_ros_driver2/lib:/usr/local/cuda-11.4/lib64:/home/jetson/slash_ws/install/vesc_driver/lib:/home/jetson/slash_ws/install/vesc_ackermann/lib:/home/jetson/slash_ws/install/vesc_msgs/lib:/home/jetson/slash_ws/install/teleop_tools_msgs/lib:/home/jetson/slash_ws/install/teb_local_planner/lib:/home/jetson/slash_ws/install/teb_msgs/lib:/home/jetson/slash_ws/install/pointcloud_to_laserscan/lib:/home/jetson/slash_ws/install/fast_lio/lib:/home/jetson/slash_ws/install/linefit_ground_segmentation/lib:/home/jetson/slash_ws/install/costmap_converter/lib:/home/jetson/slash_ws/install/costmap_converter_msgs/lib:/usr/lib/aarch64-linux-gnu/gazebo-11/plugins:/opt/ros/foxy/opt/yaml_cpp_vendor/lib:/opt/ros/foxy/opt/rviz_ogre_vendor/lib:/opt/ros/foxy/lib/aarch64-linux-gnu:/opt/ros/foxy/lib:/usr/local/cuda-11.4/lib64 PYTHONPATH=/home/jetson/slash_ws/install/livox_ros_driver2/lib/python3.8/site-packages:/home/jetson/slash_ws/build/f1tenth_stack:/home/jetson/slash_ws/install/f1tenth_stack/lib/python3.8/site-packages:/home/jetson/slash_ws/install/vesc_msgs/lib/python3.8/site-packages:/home/jetson/slash_ws/build/twist_to_ackermann:/home/jetson/slash_ws/install/twist_to_ackermann/lib/python3.8/site-packages:/home/jetson/slash_ws/build/joy_teleop:/home/jetson/slash_ws/install/joy_teleop/lib/python3.8/site-packages:/home/jetson/slash_ws/install/teleop_tools_msgs/lib/python3.8/site-packages:/home/jetson/slash_ws/install/teb_msgs/lib/python3.8/site-packages:/home/jetson/slash_ws/build/mouse_teleop:/home/jetson/slash_ws/install/mouse_teleop/lib/python3.8/site-packages:/home/jetson/slash_ws/install/fast_lio/lib/python3.8/site-packages:/home/jetson/slash_ws/build/key_teleop:/home/jetson/slash_ws/install/key_teleop/lib/python3.8/site-packages:/home/jetson/slash_ws/install/costmap_converter_msgs/lib/python3.8/site-packages:/opt/ros/foxy/lib/python3.8/site-packages /usr/bin/cmake --install /home/jetson/slash_ws/build/fast_lio
