[0.583s] Invoking command in '/home/jetson/slash_ws/build/linefit_ground_segmentation': CMAKE_PREFIX_PATH=${CMAKE_PREFIX_PATH}:/home/jetson/slash_ws/install/f1tenth_stack:/home/jetson/slash_ws/install/twist_to_ackermann:/home/jetson/slash_ws/install/joy_teleop:/home/jetson/slash_ws/install/my_converter:/home/jetson/slash_ws/install/mouse_teleop:/home/jetson/slash_ws/install/key_teleop:/opt/ros/foxy /usr/bin/cmake /home/jetson/slash_ws/src/slash_perception/linefit_ground_segementation_ros2/linefit_ground_segmentation -DCMAKE_INSTALL_PREFIX=/home/jetson/slash_ws/install/linefit_ground_segmentation
[1.148s] -- Found ament_cmake_auto: 0.9.12 (/opt/ros/foxy/share/ament_cmake_auto/cmake)
[1.148s] -- Using PYTHON_EXECUTABLE: /usr/bin/python3
[1.148s] -- Override CMake install command with custom implementation using symlinks instead of copying resources
[1.148s] -- Eigen found (include: /usr/include/eigen3, version: 3.3.7)
[1.148s] -- Found Boost: /usr/include (found suitable version "1.71.0", minimum required is "1.55.0") found components: system filesystem date_time iostreams regex 
[1.334s] -- The imported target "vtkParseOGLExt" references the file
[1.334s]    "/usr/bin/vtkParseOGLExt-7.1"
[1.334s] but this file does not exist.  Possible reasons include:
[1.335s] * The file was deleted, renamed, or moved to another location.
[1.335s] * An install or uninstall procedure did not complete successfully.
[1.335s] * The installation package was faulty and contained
[1.335s]    "/usr/lib/cmake/vtk-7.1/VTKTargets.cmake"
[1.335s] but not all the files it references.
[1.335s] 
[1.336s] -- The imported target "vtkRenderingPythonTkWidgets" references the file
[1.336s]    "/usr/lib/aarch64-linux-gnu/libvtkRenderingPythonTkWidgets.so"
[1.336s] but this file does not exist.  Possible reasons include:
[1.336s] * The file was deleted, renamed, or moved to another location.
[1.336s] * An install or uninstall procedure did not complete successfully.
[1.336s] * The installation package was faulty and contained
[1.336s]    "/usr/lib/cmake/vtk-7.1/VTKTargets.cmake"
[1.337s] but not all the files it references.
[1.337s] 
[1.337s] -- The imported target "vtk" references the file
[1.337s]    "/usr/bin/vtk"
[1.337s] but this file does not exist.  Possible reasons include:
[1.338s] * The file was deleted, renamed, or moved to another location.
[1.338s] * An install or uninstall procedure did not complete successfully.
[1.338s] * The installation package was faulty and contained
[1.338s]    "/usr/lib/cmake/vtk-7.1/VTKTargets.cmake"
[1.338s] but not all the files it references.
[1.338s] 
[1.338s] -- The imported target "pvtk" references the file
[1.339s]    "/usr/bin/pvtk"
[1.339s] but this file does not exist.  Possible reasons include:
[1.339s] * The file was deleted, renamed, or moved to another location.
[1.339s] * An install or uninstall procedure did not complete successfully.
[1.339s] * The installation package was faulty and contained
[1.339s]    "/usr/lib/cmake/vtk-7.1/VTKTargets.cmake"
[1.339s] but not all the files it references.
[1.339s] 
[1.387s] -- OpenNI found (include: /usr/include/ni, lib: /usr/lib/libOpenNI.so)
[1.403s] -- OpenNI2 found (include: /usr/include/openni2, lib: /usr/lib/libOpenNI2.so)
[1.404s] ** WARNING ** io features related to pcap will be disabled
[1.405s] ** WARNING ** io features related to png will be disabled
[1.432s] ** WARNING ** io features related to libusb-1.0 will be disabled
[1.445s] -- OpenNI found (include: /usr/include/ni, lib: /usr/lib/libOpenNI.so)
[1.465s] -- OpenNI2 found (include: /usr/include/openni2, lib: /usr/lib/libOpenNI2.so)
[1.492s] -- QHULL found (include: /usr/include, lib: optimized;/usr/lib/aarch64-linux-gnu/libqhull.so;debug;/usr/lib/aarch64-linux-gnu/libqhull.so)
[1.505s] -- OpenNI found (include: /usr/include/ni, lib: /usr/lib/libOpenNI.so)
[1.541s] -- looking for PCL_COMMON
[1.543s] -- looking for PCL_KDTREE
[1.544s] -- looking for PCL_OCTREE
[1.546s] -- looking for PCL_SEARCH
[1.548s] -- looking for PCL_SAMPLE_CONSENSUS
[1.550s] -- looking for PCL_FILTERS
[1.551s] -- looking for PCL_2D
[1.557s] -- looking for PCL_GEOMETRY
[1.559s] -- looking for PCL_IO
[1.563s] -- looking for PCL_FEATURES
[1.565s] -- looking for PCL_ML
[1.568s] -- looking for PCL_SEGMENTATION
[1.581s] -- looking for PCL_VISUALIZATION
[1.581s] -- looking for PCL_SURFACE
[1.582s] -- looking for PCL_REGISTRATION
[1.587s] -- looking for PCL_KEYPOINTS
[1.587s] -- looking for PCL_TRACKING
[1.588s] -- looking for PCL_RECOGNITION
[1.589s] -- looking for PCL_STEREO
[1.591s] -- looking for PCL_APPS
[1.592s] -- looking for PCL_IN_HAND_SCANNER
[1.593s] -- looking for PCL_POINT_CLOUD_EDITOR
[1.593s] -- looking for PCL_OUTOFCORE
[1.594s] -- looking for PCL_PEOPLE
[1.622s] -- Found Boost: /usr/include (found version "1.71.0")  
[1.880s] -- Using all available rosidl_typesupport_c: rosidl_typesupport_fastrtps_c;rosidl_typesupport_introspection_c
[1.884s] -- Found rosidl_adapter: 1.3.1 (/opt/ros/foxy/share/rosidl_adapter/cmake)
[2.141s] -- Using all available rosidl_typesupport_cpp: rosidl_typesupport_fastrtps_cpp;rosidl_typesupport_introspection_cpp
[2.781s] -- Found rmw_implementation_cmake: 1.0.4 (/opt/ros/foxy/share/rmw_implementation_cmake/cmake)
[2.784s] -- Using RMW implementation 'rmw_fastrtps_cpp' as default
[3.229s] -- Found eigen3_cmake_module: 0.1.1 (/opt/ros/foxy/share/eigen3_cmake_module/cmake)
[4.484s] -- Configuring done
[4.605s] -- Generating done
[4.613s] -- Build files have been written to: /home/jetson/slash_ws/build/linefit_ground_segmentation
[4.691s] Invoked command in '/home/jetson/slash_ws/build/linefit_ground_segmentation' returned '0': CMAKE_PREFIX_PATH=${CMAKE_PREFIX_PATH}:/home/jetson/slash_ws/install/f1tenth_stack:/home/jetson/slash_ws/install/twist_to_ackermann:/home/jetson/slash_ws/install/joy_teleop:/home/jetson/slash_ws/install/my_converter:/home/jetson/slash_ws/install/mouse_teleop:/home/jetson/slash_ws/install/key_teleop:/opt/ros/foxy /usr/bin/cmake /home/jetson/slash_ws/src/slash_perception/linefit_ground_segementation_ros2/linefit_ground_segmentation -DCMAKE_INSTALL_PREFIX=/home/jetson/slash_ws/install/linefit_ground_segmentation
[4.694s] Invoking command in '/home/jetson/slash_ws/build/linefit_ground_segmentation': CMAKE_PREFIX_PATH=${CMAKE_PREFIX_PATH}:/home/jetson/slash_ws/install/f1tenth_stack:/home/jetson/slash_ws/install/twist_to_ackermann:/home/jetson/slash_ws/install/joy_teleop:/home/jetson/slash_ws/install/my_converter:/home/jetson/slash_ws/install/mouse_teleop:/home/jetson/slash_ws/install/key_teleop:/opt/ros/foxy /usr/bin/cmake --build /home/jetson/slash_ws/build/linefit_ground_segmentation -- -j8 -l8
[5.203s] [100%] Built target linefit_ground_segmentation
[5.761s] Invoked command in '/home/jetson/slash_ws/build/linefit_ground_segmentation' returned '0': CMAKE_PREFIX_PATH=${CMAKE_PREFIX_PATH}:/home/jetson/slash_ws/install/f1tenth_stack:/home/jetson/slash_ws/install/twist_to_ackermann:/home/jetson/slash_ws/install/joy_teleop:/home/jetson/slash_ws/install/my_converter:/home/jetson/slash_ws/install/mouse_teleop:/home/jetson/slash_ws/install/key_teleop:/opt/ros/foxy /usr/bin/cmake --build /home/jetson/slash_ws/build/linefit_ground_segmentation -- -j8 -l8
[6.077s] Invoking command in '/home/jetson/slash_ws/build/linefit_ground_segmentation': CMAKE_PREFIX_PATH=${CMAKE_PREFIX_PATH}:/home/jetson/slash_ws/install/f1tenth_stack:/home/jetson/slash_ws/install/twist_to_ackermann:/home/jetson/slash_ws/install/joy_teleop:/home/jetson/slash_ws/install/my_converter:/home/jetson/slash_ws/install/mouse_teleop:/home/jetson/slash_ws/install/key_teleop:/opt/ros/foxy /usr/bin/cmake --install /home/jetson/slash_ws/build/linefit_ground_segmentation
[6.144s] -- Install configuration: ""
[6.148s] -- Execute custom install script
[6.155s] -- Up-to-date symlink: /home/jetson/slash_ws/install/linefit_ground_segmentation/include/ground_segmentation/bin.h
[6.163s] -- Up-to-date symlink: /home/jetson/slash_ws/install/linefit_ground_segmentation/include/ground_segmentation/ground_segmentation.h
[6.163s] -- Up-to-date symlink: /home/jetson/slash_ws/install/linefit_ground_segmentation/include/ground_segmentation/segment.h
[6.165s] -- Up-to-date symlink: /home/jetson/slash_ws/install/linefit_ground_segmentation/include/ground_segmentation/typedefs.h
[6.166s] -- Up-to-date symlink: /home/jetson/slash_ws/install/linefit_ground_segmentation/include/ground_segmentation/viewer.h
[6.166s] -- Up-to-date symlink: /home/jetson/slash_ws/install/linefit_ground_segmentation/share/linefit_ground_segmentation/environment/library_path.sh
[6.166s] -- Up-to-date symlink: /home/jetson/slash_ws/install/linefit_ground_segmentation/share/linefit_ground_segmentation/environment/library_path.dsv
[6.166s] -- Up-to-date symlink: /home/jetson/slash_ws/install/linefit_ground_segmentation/include/ground_segmentation/bin.h
[6.167s] -- Up-to-date symlink: /home/jetson/slash_ws/install/linefit_ground_segmentation/include/ground_segmentation/ground_segmentation.h
[6.168s] -- Up-to-date symlink: /home/jetson/slash_ws/install/linefit_ground_segmentation/include/ground_segmentation/segment.h
[6.168s] -- Up-to-date symlink: /home/jetson/slash_ws/install/linefit_ground_segmentation/include/ground_segmentation/typedefs.h
[6.168s] -- Up-to-date symlink: /home/jetson/slash_ws/install/linefit_ground_segmentation/include/ground_segmentation/viewer.h
[6.168s] -- Up-to-date symlink: /home/jetson/slash_ws/install/linefit_ground_segmentation/share/ament_index/resource_index/package_run_dependencies/linefit_ground_segmentation
[6.169s] -- Up-to-date symlink: /home/jetson/slash_ws/install/linefit_ground_segmentation/share/ament_index/resource_index/parent_prefix_path/linefit_ground_segmentation
[6.169s] -- Up-to-date symlink: /home/jetson/slash_ws/install/linefit_ground_segmentation/share/linefit_ground_segmentation/environment/ament_prefix_path.sh
[6.169s] -- Up-to-date symlink: /home/jetson/slash_ws/install/linefit_ground_segmentation/share/linefit_ground_segmentation/environment/ament_prefix_path.dsv
[6.169s] -- Up-to-date symlink: /home/jetson/slash_ws/install/linefit_ground_segmentation/share/linefit_ground_segmentation/environment/path.sh
[6.169s] -- Up-to-date symlink: /home/jetson/slash_ws/install/linefit_ground_segmentation/share/linefit_ground_segmentation/environment/path.dsv
[6.169s] -- Up-to-date symlink: /home/jetson/slash_ws/install/linefit_ground_segmentation/share/linefit_ground_segmentation/local_setup.bash
[6.169s] -- Up-to-date symlink: /home/jetson/slash_ws/install/linefit_ground_segmentation/share/linefit_ground_segmentation/local_setup.sh
[6.169s] -- Up-to-date symlink: /home/jetson/slash_ws/install/linefit_ground_segmentation/share/linefit_ground_segmentation/local_setup.zsh
[6.169s] -- Up-to-date symlink: /home/jetson/slash_ws/install/linefit_ground_segmentation/share/linefit_ground_segmentation/local_setup.dsv
[6.169s] -- Symlinking: /home/jetson/slash_ws/install/linefit_ground_segmentation/share/linefit_ground_segmentation/package.dsv
[6.228s] -- Up-to-date symlink: /home/jetson/slash_ws/install/linefit_ground_segmentation/share/ament_index/resource_index/packages/linefit_ground_segmentation
[6.230s] -- Up-to-date symlink: /home/jetson/slash_ws/install/linefit_ground_segmentation/share/linefit_ground_segmentation/cmake/ament_cmake_export_targets-extras.cmake
[6.230s] -- Up-to-date symlink: /home/jetson/slash_ws/install/linefit_ground_segmentation/share/linefit_ground_segmentation/cmake/ament_cmake_export_dependencies-extras.cmake
[6.230s] -- Up-to-date symlink: /home/jetson/slash_ws/install/linefit_ground_segmentation/share/linefit_ground_segmentation/cmake/ament_cmake_export_include_directories-extras.cmake
[6.231s] -- Up-to-date symlink: /home/jetson/slash_ws/install/linefit_ground_segmentation/share/linefit_ground_segmentation/cmake/linefit_ground_segmentationConfig.cmake
[6.232s] -- Up-to-date symlink: /home/jetson/slash_ws/install/linefit_ground_segmentation/share/linefit_ground_segmentation/cmake/linefit_ground_segmentationConfig-version.cmake
[6.233s] -- Up-to-date symlink: /home/jetson/slash_ws/install/linefit_ground_segmentation/share/linefit_ground_segmentation/package.xml
[6.235s] -- Up-to-date: /home/jetson/slash_ws/install/linefit_ground_segmentation/lib/liblinefit_ground_segmentation.so
[6.236s] -- Up-to-date: /home/jetson/slash_ws/install/linefit_ground_segmentation/share/linefit_ground_segmentation/cmake/linefit_ground_segmentationExport.cmake
[6.237s] -- Installing: /home/jetson/slash_ws/install/linefit_ground_segmentation/share/linefit_ground_segmentation/cmake/linefit_ground_segmentationExport-noconfig.cmake
[6.286s] Invoked command in '/home/jetson/slash_ws/build/linefit_ground_segmentation' returned '0': CMAKE_PREFIX_PATH=${CMAKE_PREFIX_PATH}:/home/jetson/slash_ws/install/f1tenth_stack:/home/jetson/slash_ws/install/twist_to_ackermann:/home/jetson/slash_ws/install/joy_teleop:/home/jetson/slash_ws/install/my_converter:/home/jetson/slash_ws/install/mouse_teleop:/home/jetson/slash_ws/install/key_teleop:/opt/ros/foxy /usr/bin/cmake --install /home/jetson/slash_ws/build/linefit_ground_segmentation
