[3.233s] Invoking command in '/home/jetson/slash_ws/src/slash_hardware/f1tenth_system/teleop_tools/joy_teleop': CMAKE_PREFIX_PATH=/home/jetson/slash_ws/install/teleop_tools_msgs:/home/jetson/slash_ws/install/vesc:/home/jetson/slash_ws/install/vesc_driver:/home/jetson/slash_ws/install/vesc_ackermann:/home/jetson/slash_ws/install/vesc_msgs:/home/jetson/slash_ws/install/teleop_tools:/home/jetson/slash_ws/install/teb_local_planner:/home/jetson/slash_ws/install/teb_msgs:/home/jetson/slash_ws/install/slash_nav2:/home/jetson/slash_ws/install/pointcloud_to_laserscan:/home/jetson/slash_ws/install/fast_lio:/home/jetson/slash_ws/install/livox_ros_driver2:/home/jetson/slash_ws/install/linefit_ground_segmentation_ros:/home/jetson/slash_ws/install/linefit_ground_segmentation:/home/jetson/slash_ws/install/costmap_converter:/home/jetson/slash_ws/install/costmap_converter_msgs:/home/jetson/slash_ws/install/ackermann_mux LD_LIBRARY_PATH=/home/jetson/slash_ws/install/teleop_tools_msgs/lib:/home/jetson/slash_ws/install/vesc_driver/lib:/home/jetson/slash_ws/install/vesc_ackermann/lib:/home/jetson/slash_ws/install/vesc_msgs/lib:/home/jetson/slash_ws/install/teb_local_planner/lib:/home/jetson/slash_ws/install/teb_msgs/lib:/home/jetson/slash_ws/install/pointcloud_to_laserscan/lib:/home/jetson/slash_ws/install/fast_lio/lib:/home/jetson/slash_ws/install/livox_ros_driver2/lib:/home/jetson/slash_ws/install/linefit_ground_segmentation/lib:/home/jetson/slash_ws/install/costmap_converter/lib:/home/jetson/slash_ws/install/costmap_converter_msgs/lib:/usr/lib/aarch64-linux-gnu/gazebo-11/plugins:/opt/ros/foxy/opt/yaml_cpp_vendor/lib:/opt/ros/foxy/opt/rviz_ogre_vendor/lib:/opt/ros/foxy/lib/aarch64-linux-gnu:/opt/ros/foxy/lib:/usr/local/cuda-11.4/lib64 PYTHONPATH=/home/jetson/slash_ws/build/joy_teleop/prefix_override:/usr/lib/python3/dist-packages/colcon_core/task/python/colcon_distutils_commands:/home/jetson/slash_ws/install/joy_teleop/lib/python3.8/site-packages:/home/jetson/slash_ws/install/teleop_tools_msgs/lib/python3.8/site-packages:/home/jetson/slash_ws/build/f1tenth_stack:/home/jetson/slash_ws/install/f1tenth_stack/lib/python3.8/site-packages:/home/jetson/slash_ws/install/vesc_msgs/lib/python3.8/site-packages:/home/jetson/slash_ws/build/twist_to_ackermann:/home/jetson/slash_ws/install/twist_to_ackermann/lib/python3.8/site-packages:/home/jetson/slash_ws/build/joy_teleop:/home/jetson/slash_ws/install/joy_teleop/lib/python3.8/site-packages:/home/jetson/slash_ws/install/teb_msgs/lib/python3.8/site-packages:/home/jetson/slash_ws/build/my_converter:/home/jetson/slash_ws/install/my_converter/lib/python3.8/site-packages:/home/jetson/slash_ws/build/mouse_teleop:/home/jetson/slash_ws/install/mouse_teleop/lib/python3.8/site-packages:/home/jetson/slash_ws/install/fast_lio/lib/python3.8/site-packages:/home/jetson/slash_ws/install/livox_ros_driver2/lib/python3.8/site-packages:/home/jetson/slash_ws/build/key_teleop:/home/jetson/slash_ws/install/key_teleop/lib/python3.8/site-packages:/home/jetson/slash_ws/install/costmap_converter_msgs/lib/python3.8/site-packages:/opt/ros/foxy/lib/python3.8/site-packages /usr/bin/python3 -W ignore:setup.py install is deprecated setup.py egg_info --egg-base ../../../../../build/joy_teleop build --build-base /home/jetson/slash_ws/build/joy_teleop/build install --record /home/jetson/slash_ws/build/joy_teleop/install.log --install-scripts $base/lib/joy_teleop --single-version-externally-managed install_data
[4.597s] running egg_info
[4.598s] creating ../../../../../build/joy_teleop/joy_teleop.egg-info
[4.598s] writing ../../../../../build/joy_teleop/joy_teleop.egg-info/PKG-INFO
[4.599s] writing dependency_links to ../../../../../build/joy_teleop/joy_teleop.egg-info/dependency_links.txt
[4.599s] writing entry points to ../../../../../build/joy_teleop/joy_teleop.egg-info/entry_points.txt
[4.600s] writing requirements to ../../../../../build/joy_teleop/joy_teleop.egg-info/requires.txt
[4.601s] writing top-level names to ../../../../../build/joy_teleop/joy_teleop.egg-info/top_level.txt
[4.620s] writing manifest file '../../../../../build/joy_teleop/joy_teleop.egg-info/SOURCES.txt'
[4.711s] reading manifest file '../../../../../build/joy_teleop/joy_teleop.egg-info/SOURCES.txt'
[4.715s] writing manifest file '../../../../../build/joy_teleop/joy_teleop.egg-info/SOURCES.txt'
[4.716s] running build
[4.717s] running build_py
[4.718s] creating /home/jetson/slash_ws/build/joy_teleop/build
[4.718s] creating /home/jetson/slash_ws/build/joy_teleop/build/lib
[4.718s] creating /home/jetson/slash_ws/build/joy_teleop/build/lib/joy_teleop
[4.718s] copying joy_teleop/joy_teleop.py -> /home/jetson/slash_ws/build/joy_teleop/build/lib/joy_teleop
[4.718s] copying joy_teleop/incrementer_server.py -> /home/jetson/slash_ws/build/joy_teleop/build/lib/joy_teleop
[4.718s] copying joy_teleop/__init__.py -> /home/jetson/slash_ws/build/joy_teleop/build/lib/joy_teleop
[4.720s] running install
[4.729s] running install_lib
[4.729s] creating /home/jetson/slash_ws/install/joy_teleop/lib/python3.8/site-packages/joy_teleop
[4.730s] copying /home/jetson/slash_ws/build/joy_teleop/build/lib/joy_teleop/joy_teleop.py -> /home/jetson/slash_ws/install/joy_teleop/lib/python3.8/site-packages/joy_teleop
[4.730s] copying /home/jetson/slash_ws/build/joy_teleop/build/lib/joy_teleop/incrementer_server.py -> /home/jetson/slash_ws/install/joy_teleop/lib/python3.8/site-packages/joy_teleop
[4.740s] copying /home/jetson/slash_ws/build/joy_teleop/build/lib/joy_teleop/__init__.py -> /home/jetson/slash_ws/install/joy_teleop/lib/python3.8/site-packages/joy_teleop
[4.747s] byte-compiling /home/jetson/slash_ws/install/joy_teleop/lib/python3.8/site-packages/joy_teleop/joy_teleop.py to joy_teleop.cpython-38.pyc
[4.760s] byte-compiling /home/jetson/slash_ws/install/joy_teleop/lib/python3.8/site-packages/joy_teleop/incrementer_server.py to incrementer_server.cpython-38.pyc
[4.762s] byte-compiling /home/jetson/slash_ws/install/joy_teleop/lib/python3.8/site-packages/joy_teleop/__init__.py to __init__.cpython-38.pyc
[4.765s] running install_data
[4.766s] copying package.xml -> /home/jetson/slash_ws/install/joy_teleop/share/joy_teleop
[4.766s] creating /home/jetson/slash_ws/install/joy_teleop/share/joy_teleop/config
[4.766s] copying config/joy_teleop_example.yaml -> /home/jetson/slash_ws/install/joy_teleop/share/joy_teleop/config
[4.766s] creating /home/jetson/slash_ws/install/joy_teleop/share/joy_teleop/launch
[4.767s] copying launch/example.launch.py -> /home/jetson/slash_ws/install/joy_teleop/share/joy_teleop/launch
[4.767s] creating /home/jetson/slash_ws/install/joy_teleop/share/ament_index
[4.767s] creating /home/jetson/slash_ws/install/joy_teleop/share/ament_index/resource_index
[4.767s] creating /home/jetson/slash_ws/install/joy_teleop/share/ament_index/resource_index/packages
[4.767s] copying resource/joy_teleop -> /home/jetson/slash_ws/install/joy_teleop/share/ament_index/resource_index/packages
[4.767s] running install_egg_info
[4.780s] Copying ../../../../../build/joy_teleop/joy_teleop.egg-info to /home/jetson/slash_ws/install/joy_teleop/lib/python3.8/site-packages/joy_teleop-0.3.0-py3.8.egg-info
[4.783s] running install_scripts
[4.880s] Installing incrementer_server script to /home/jetson/slash_ws/install/joy_teleop/lib/joy_teleop
[4.881s] Installing joy_teleop script to /home/jetson/slash_ws/install/joy_teleop/lib/joy_teleop
[4.882s] writing list of installed files to '/home/jetson/slash_ws/build/joy_teleop/install.log'
[5.003s] Invoked command in '/home/jetson/slash_ws/src/slash_hardware/f1tenth_system/teleop_tools/joy_teleop' returned '0': CMAKE_PREFIX_PATH=/home/jetson/slash_ws/install/teleop_tools_msgs:/home/jetson/slash_ws/install/vesc:/home/jetson/slash_ws/install/vesc_driver:/home/jetson/slash_ws/install/vesc_ackermann:/home/jetson/slash_ws/install/vesc_msgs:/home/jetson/slash_ws/install/teleop_tools:/home/jetson/slash_ws/install/teb_local_planner:/home/jetson/slash_ws/install/teb_msgs:/home/jetson/slash_ws/install/slash_nav2:/home/jetson/slash_ws/install/pointcloud_to_laserscan:/home/jetson/slash_ws/install/fast_lio:/home/jetson/slash_ws/install/livox_ros_driver2:/home/jetson/slash_ws/install/linefit_ground_segmentation_ros:/home/jetson/slash_ws/install/linefit_ground_segmentation:/home/jetson/slash_ws/install/costmap_converter:/home/jetson/slash_ws/install/costmap_converter_msgs:/home/jetson/slash_ws/install/ackermann_mux LD_LIBRARY_PATH=/home/jetson/slash_ws/install/teleop_tools_msgs/lib:/home/jetson/slash_ws/install/vesc_driver/lib:/home/jetson/slash_ws/install/vesc_ackermann/lib:/home/jetson/slash_ws/install/vesc_msgs/lib:/home/jetson/slash_ws/install/teb_local_planner/lib:/home/jetson/slash_ws/install/teb_msgs/lib:/home/jetson/slash_ws/install/pointcloud_to_laserscan/lib:/home/jetson/slash_ws/install/fast_lio/lib:/home/jetson/slash_ws/install/livox_ros_driver2/lib:/home/jetson/slash_ws/install/linefit_ground_segmentation/lib:/home/jetson/slash_ws/install/costmap_converter/lib:/home/jetson/slash_ws/install/costmap_converter_msgs/lib:/usr/lib/aarch64-linux-gnu/gazebo-11/plugins:/opt/ros/foxy/opt/yaml_cpp_vendor/lib:/opt/ros/foxy/opt/rviz_ogre_vendor/lib:/opt/ros/foxy/lib/aarch64-linux-gnu:/opt/ros/foxy/lib:/usr/local/cuda-11.4/lib64 PYTHONPATH=/home/jetson/slash_ws/build/joy_teleop/prefix_override:/usr/lib/python3/dist-packages/colcon_core/task/python/colcon_distutils_commands:/home/jetson/slash_ws/install/joy_teleop/lib/python3.8/site-packages:/home/jetson/slash_ws/install/teleop_tools_msgs/lib/python3.8/site-packages:/home/jetson/slash_ws/build/f1tenth_stack:/home/jetson/slash_ws/install/f1tenth_stack/lib/python3.8/site-packages:/home/jetson/slash_ws/install/vesc_msgs/lib/python3.8/site-packages:/home/jetson/slash_ws/build/twist_to_ackermann:/home/jetson/slash_ws/install/twist_to_ackermann/lib/python3.8/site-packages:/home/jetson/slash_ws/build/joy_teleop:/home/jetson/slash_ws/install/joy_teleop/lib/python3.8/site-packages:/home/jetson/slash_ws/install/teb_msgs/lib/python3.8/site-packages:/home/jetson/slash_ws/build/my_converter:/home/jetson/slash_ws/install/my_converter/lib/python3.8/site-packages:/home/jetson/slash_ws/build/mouse_teleop:/home/jetson/slash_ws/install/mouse_teleop/lib/python3.8/site-packages:/home/jetson/slash_ws/install/fast_lio/lib/python3.8/site-packages:/home/jetson/slash_ws/install/livox_ros_driver2/lib/python3.8/site-packages:/home/jetson/slash_ws/build/key_teleop:/home/jetson/slash_ws/install/key_teleop/lib/python3.8/site-packages:/home/jetson/slash_ws/install/costmap_converter_msgs/lib/python3.8/site-packages:/opt/ros/foxy/lib/python3.8/site-packages /usr/bin/python3 -W ignore:setup.py install is deprecated setup.py egg_info --egg-base ../../../../../build/joy_teleop build --build-base /home/jetson/slash_ws/build/joy_teleop/build install --record /home/jetson/slash_ws/build/joy_teleop/install.log --install-scripts $base/lib/joy_teleop --single-version-externally-managed install_data
