-- Found ament_cmake_auto: 0.9.12 (/opt/ros/foxy/share/ament_cmake_auto/cmake)
-- Using PYTHON_EXECUTABLE: /usr/bin/python3
-- Override CMake install command with custom implementation using symlinks instead of copying resources
-- Found ament_lint_auto: 0.9.8 (/opt/ros/foxy/share/ament_lint_auto/cmake)
-- Configuring done
-- Generating done
-- Build files have been written to: /home/jetson/slash_ws/build/slash_nav2
-- Install configuration: ""
-- Execute custom install script
-- Up-to-date symlink: /home/jetson/slash_ws/install/slash_nav2/share/slash_nav2/launch/bringup_real.launch.py
-- Up-to-date symlink: /home/jetson/slash_ws/install/slash_nav2/share/slash_nav2/config/nav2_orin_params.yaml
-- Up-to-date symlink: /home/jetson/slash_ws/install/slash_nav2/share/slash_nav2/config/nav2_params.yaml
-- Up-to-date symlink: /home/jetson/slash_ws/install/slash_nav2/share/slash_nav2/map/RMUC.data
-- Up-to-date symlink: /home/jetson/slash_ws/install/slash_nav2/share/slash_nav2/map/RMUC.pgm
-- Up-to-date symlink: /home/jetson/slash_ws/install/slash_nav2/share/slash_nav2/map/RMUC.posegraph
-- Up-to-date symlink: /home/jetson/slash_ws/install/slash_nav2/share/slash_nav2/map/RMUC.yaml
-- Up-to-date symlink: /home/jetson/slash_ws/install/slash_nav2/share/slash_nav2/map/RMUL.data
-- Up-to-date symlink: /home/jetson/slash_ws/install/slash_nav2/share/slash_nav2/map/RMUL.pgm
-- Up-to-date symlink: /home/jetson/slash_ws/install/slash_nav2/share/slash_nav2/map/RMUL.posegraph
-- Up-to-date symlink: /home/jetson/slash_ws/install/slash_nav2/share/slash_nav2/map/RMUL.yaml
-- Up-to-date symlink: /home/jetson/slash_ws/install/slash_nav2/share/slash_nav2/PCD/RMUC.pcd
-- Up-to-date symlink: /home/jetson/slash_ws/install/slash_nav2/share/slash_nav2/PCD/RMUL.pcd
-- Up-to-date symlink: /home/jetson/slash_ws/install/slash_nav2/share/slash_nav2/rviz/fastlio.rviz
-- Up-to-date symlink: /home/jetson/slash_ws/install/slash_nav2/share/slash_nav2/rviz/nav2.rviz
-- Up-to-date symlink: /home/jetson/slash_ws/install/slash_nav2/share/slash_nav2/rviz/pointlio.rviz
-- Up-to-date symlink: /home/jetson/slash_ws/install/slash_nav2/share/slash_nav2/urdf/sentry_robot_real.xacro
-- Up-to-date symlink: /home/jetson/slash_ws/install/slash_nav2/share/slash_nav2/urdf/sentry_robot_sim.xacro
-- Up-to-date symlink: /home/jetson/slash_ws/install/slash_nav2/share/ament_index/resource_index/package_run_dependencies/slash_nav2
-- Up-to-date symlink: /home/jetson/slash_ws/install/slash_nav2/share/ament_index/resource_index/parent_prefix_path/slash_nav2
-- Up-to-date symlink: /home/jetson/slash_ws/install/slash_nav2/share/slash_nav2/environment/ament_prefix_path.sh
-- Up-to-date symlink: /home/jetson/slash_ws/install/slash_nav2/share/slash_nav2/environment/ament_prefix_path.dsv
-- Up-to-date symlink: /home/jetson/slash_ws/install/slash_nav2/share/slash_nav2/environment/path.sh
-- Up-to-date symlink: /home/jetson/slash_ws/install/slash_nav2/share/slash_nav2/environment/path.dsv
-- Up-to-date symlink: /home/jetson/slash_ws/install/slash_nav2/share/slash_nav2/local_setup.bash
-- Up-to-date symlink: /home/jetson/slash_ws/install/slash_nav2/share/slash_nav2/local_setup.sh
-- Up-to-date symlink: /home/jetson/slash_ws/install/slash_nav2/share/slash_nav2/local_setup.zsh
-- Up-to-date symlink: /home/jetson/slash_ws/install/slash_nav2/share/slash_nav2/local_setup.dsv
-- Symlinking: /home/jetson/slash_ws/install/slash_nav2/share/slash_nav2/package.dsv
-- Up-to-date symlink: /home/jetson/slash_ws/install/slash_nav2/share/ament_index/resource_index/packages/slash_nav2
-- Up-to-date symlink: /home/jetson/slash_ws/install/slash_nav2/share/slash_nav2/cmake/slash_nav2Config.cmake
-- Up-to-date symlink: /home/jetson/slash_ws/install/slash_nav2/share/slash_nav2/cmake/slash_nav2Config-version.cmake
-- Up-to-date symlink: /home/jetson/slash_ws/install/slash_nav2/share/slash_nav2/package.xml
