[0.128s] Invoking command in '/home/jetson/slash_ws/build/slash_nav2': CMAKE_PREFIX_PATH=${CMAKE_PREFIX_PATH}:/home/jetson/slash_ws/install/f1tenth_stack:/home/jetson/slash_ws/install/twist_to_ackermann:/home/jetson/slash_ws/install/joy_teleop:/home/jetson/slash_ws/install/my_converter:/home/jetson/slash_ws/install/mouse_teleop:/home/jetson/slash_ws/install/key_teleop:/opt/ros/foxy /usr/bin/cmake /home/jetson/slash_ws/src/slash_navigation/slash_nav2 -DCMAKE_INSTALL_PREFIX=/home/jetson/slash_ws/install/slash_nav2
[0.212s] -- Found ament_cmake_auto: 0.9.12 (/opt/ros/foxy/share/ament_cmake_auto/cmake)
[0.314s] -- Using PYTHON_EXECUTABLE: /usr/bin/python3
[0.850s] -- Override CMake install command with custom implementation using symlinks instead of copying resources
[0.876s] -- Found ament_lint_auto: 0.9.8 (/opt/ros/foxy/share/ament_lint_auto/cmake)
[1.191s] -- Configuring done
[1.201s] -- Generating done
[1.206s] -- Build files have been written to: /home/jetson/slash_ws/build/slash_nav2
[1.540s] Invoked command in '/home/jetson/slash_ws/build/slash_nav2' returned '0': CMAKE_PREFIX_PATH=${CMAKE_PREFIX_PATH}:/home/jetson/slash_ws/install/f1tenth_stack:/home/jetson/slash_ws/install/twist_to_ackermann:/home/jetson/slash_ws/install/joy_teleop:/home/jetson/slash_ws/install/my_converter:/home/jetson/slash_ws/install/mouse_teleop:/home/jetson/slash_ws/install/key_teleop:/opt/ros/foxy /usr/bin/cmake /home/jetson/slash_ws/src/slash_navigation/slash_nav2 -DCMAKE_INSTALL_PREFIX=/home/jetson/slash_ws/install/slash_nav2
[1.548s] Invoking command in '/home/jetson/slash_ws/build/slash_nav2': CMAKE_PREFIX_PATH=${CMAKE_PREFIX_PATH}:/home/jetson/slash_ws/install/f1tenth_stack:/home/jetson/slash_ws/install/twist_to_ackermann:/home/jetson/slash_ws/install/joy_teleop:/home/jetson/slash_ws/install/my_converter:/home/jetson/slash_ws/install/mouse_teleop:/home/jetson/slash_ws/install/key_teleop:/opt/ros/foxy /usr/bin/cmake --build /home/jetson/slash_ws/build/slash_nav2 -- -j8 -l8
[1.745s] Invoked command in '/home/jetson/slash_ws/build/slash_nav2' returned '0': CMAKE_PREFIX_PATH=${CMAKE_PREFIX_PATH}:/home/jetson/slash_ws/install/f1tenth_stack:/home/jetson/slash_ws/install/twist_to_ackermann:/home/jetson/slash_ws/install/joy_teleop:/home/jetson/slash_ws/install/my_converter:/home/jetson/slash_ws/install/mouse_teleop:/home/jetson/slash_ws/install/key_teleop:/opt/ros/foxy /usr/bin/cmake --build /home/jetson/slash_ws/build/slash_nav2 -- -j8 -l8
[2.006s] Invoking command in '/home/jetson/slash_ws/build/slash_nav2': CMAKE_PREFIX_PATH=${CMAKE_PREFIX_PATH}:/home/jetson/slash_ws/install/f1tenth_stack:/home/jetson/slash_ws/install/twist_to_ackermann:/home/jetson/slash_ws/install/joy_teleop:/home/jetson/slash_ws/install/my_converter:/home/jetson/slash_ws/install/mouse_teleop:/home/jetson/slash_ws/install/key_teleop:/opt/ros/foxy /usr/bin/cmake --install /home/jetson/slash_ws/build/slash_nav2
[2.066s] -- Install configuration: ""
[2.076s] -- Execute custom install script
[2.078s] -- Up-to-date symlink: /home/jetson/slash_ws/install/slash_nav2/share/slash_nav2/launch/bringup_real.launch.py
[2.079s] -- Up-to-date symlink: /home/jetson/slash_ws/install/slash_nav2/share/slash_nav2/config/nav2_orin_params.yaml
[2.080s] -- Up-to-date symlink: /home/jetson/slash_ws/install/slash_nav2/share/slash_nav2/config/nav2_params.yaml
[2.082s] -- Up-to-date symlink: /home/jetson/slash_ws/install/slash_nav2/share/slash_nav2/map/RMUC.data
[2.084s] -- Up-to-date symlink: /home/jetson/slash_ws/install/slash_nav2/share/slash_nav2/map/RMUC.pgm
[2.085s] -- Up-to-date symlink: /home/jetson/slash_ws/install/slash_nav2/share/slash_nav2/map/RMUC.posegraph
[2.086s] -- Up-to-date symlink: /home/jetson/slash_ws/install/slash_nav2/share/slash_nav2/map/RMUC.yaml
[2.087s] -- Up-to-date symlink: /home/jetson/slash_ws/install/slash_nav2/share/slash_nav2/map/RMUL.data
[2.088s] -- Up-to-date symlink: /home/jetson/slash_ws/install/slash_nav2/share/slash_nav2/map/RMUL.pgm
[2.089s] -- Up-to-date symlink: /home/jetson/slash_ws/install/slash_nav2/share/slash_nav2/map/RMUL.posegraph
[2.090s] -- Up-to-date symlink: /home/jetson/slash_ws/install/slash_nav2/share/slash_nav2/map/RMUL.yaml
[2.093s] -- Up-to-date symlink: /home/jetson/slash_ws/install/slash_nav2/share/slash_nav2/PCD/RMUC.pcd
[2.094s] -- Up-to-date symlink: /home/jetson/slash_ws/install/slash_nav2/share/slash_nav2/PCD/RMUL.pcd
[2.096s] -- Up-to-date symlink: /home/jetson/slash_ws/install/slash_nav2/share/slash_nav2/rviz/fastlio.rviz
[2.097s] -- Up-to-date symlink: /home/jetson/slash_ws/install/slash_nav2/share/slash_nav2/rviz/nav2.rviz
[2.098s] -- Up-to-date symlink: /home/jetson/slash_ws/install/slash_nav2/share/slash_nav2/rviz/pointlio.rviz
[2.100s] -- Up-to-date symlink: /home/jetson/slash_ws/install/slash_nav2/share/slash_nav2/urdf/sentry_robot_real.xacro
[2.101s] -- Up-to-date symlink: /home/jetson/slash_ws/install/slash_nav2/share/slash_nav2/urdf/sentry_robot_sim.xacro
[2.102s] -- Up-to-date symlink: /home/jetson/slash_ws/install/slash_nav2/share/ament_index/resource_index/package_run_dependencies/slash_nav2
[2.105s] -- Up-to-date symlink: /home/jetson/slash_ws/install/slash_nav2/share/ament_index/resource_index/parent_prefix_path/slash_nav2
[2.108s] -- Up-to-date symlink: /home/jetson/slash_ws/install/slash_nav2/share/slash_nav2/environment/ament_prefix_path.sh
[2.110s] -- Up-to-date symlink: /home/jetson/slash_ws/install/slash_nav2/share/slash_nav2/environment/ament_prefix_path.dsv
[2.111s] -- Up-to-date symlink: /home/jetson/slash_ws/install/slash_nav2/share/slash_nav2/environment/path.sh
[2.113s] -- Up-to-date symlink: /home/jetson/slash_ws/install/slash_nav2/share/slash_nav2/environment/path.dsv
[2.114s] -- Up-to-date symlink: /home/jetson/slash_ws/install/slash_nav2/share/slash_nav2/local_setup.bash
[2.118s] -- Up-to-date symlink: /home/jetson/slash_ws/install/slash_nav2/share/slash_nav2/local_setup.sh
[2.118s] -- Up-to-date symlink: /home/jetson/slash_ws/install/slash_nav2/share/slash_nav2/local_setup.zsh
[2.120s] -- Up-to-date symlink: /home/jetson/slash_ws/install/slash_nav2/share/slash_nav2/local_setup.dsv
[2.120s] -- Symlinking: /home/jetson/slash_ws/install/slash_nav2/share/slash_nav2/package.dsv
[2.187s] -- Up-to-date symlink: /home/jetson/slash_ws/install/slash_nav2/share/ament_index/resource_index/packages/slash_nav2
[2.187s] -- Up-to-date symlink: /home/jetson/slash_ws/install/slash_nav2/share/slash_nav2/cmake/slash_nav2Config.cmake
[2.188s] -- Up-to-date symlink: /home/jetson/slash_ws/install/slash_nav2/share/slash_nav2/cmake/slash_nav2Config-version.cmake
[2.188s] -- Up-to-date symlink: /home/jetson/slash_ws/install/slash_nav2/share/slash_nav2/package.xml
[2.201s] Invoked command in '/home/jetson/slash_ws/build/slash_nav2' returned '0': CMAKE_PREFIX_PATH=${CMAKE_PREFIX_PATH}:/home/jetson/slash_ws/install/f1tenth_stack:/home/jetson/slash_ws/install/twist_to_ackermann:/home/jetson/slash_ws/install/joy_teleop:/home/jetson/slash_ws/install/my_converter:/home/jetson/slash_ws/install/mouse_teleop:/home/jetson/slash_ws/install/key_teleop:/opt/ros/foxy /usr/bin/cmake --install /home/jetson/slash_ws/build/slash_nav2
